Archive member included because of file (symbol)

/usr/bin/../lib/gcc/arm-none-eabi/4.8.4/armv7e-m/fpu/libgcc.a(_arm_addsubdf3.o)
                              /tmp/ccvotLH3.ltrans6.ltrans.o (__aeabi_dsub)
/usr/bin/../lib/gcc/arm-none-eabi/4.8.4/armv7e-m/fpu/libgcc.a(_arm_muldivdf3.o)
                              /tmp/ccvotLH3.ltrans6.ltrans.o (__aeabi_dmul)
/usr/bin/../lib/gcc/arm-none-eabi/4.8.4/armv7e-m/fpu/libgcc.a(_arm_fixdfsi.o)
                              /tmp/ccvotLH3.ltrans6.ltrans.o (__aeabi_d2iz)
/usr/bin/../lib/gcc/arm-none-eabi/4.8.4/armv7e-m/fpu/libgcc.a(_arm_truncdfsf2.o)
                              /tmp/ccvotLH3.ltrans6.ltrans.o (__aeabi_d2f)
/usr/bin/../lib/gcc/arm-none-eabi/4.8.4/../../../../arm-none-eabi/lib/armv7e-m/fpu/libc.a(lib_a-memcpy.o)
                              /tmp/ccvotLH3.ltrans6.ltrans.o (memcpy)
/usr/bin/../lib/gcc/arm-none-eabi/4.8.4/../../../../arm-none-eabi/lib/armv7e-m/fpu/libc.a(lib_a-strcpy.o)
                              /tmp/ccvotLH3.ltrans0.ltrans.o (strcpy)
/usr/bin/../lib/gcc/arm-none-eabi/4.8.4/../../../../arm-none-eabi/lib/armv7e-m/fpu/libc.a(lib_a-strlen.o)
                              /tmp/ccvotLH3.ltrans3.ltrans.o (strlen)
/usr/bin/../lib/gcc/arm-none-eabi/4.8.4/../../../../arm-none-eabi/lib/armv7e-m/fpu/libc.a(lib_a-strncmp.o)
                              /tmp/ccvotLH3.ltrans3.ltrans.o (strncmp)

Discarded input sections

 .data          0x0000000000000000        0x0 build/obj/chcoreasm_v7m.o
 .bss           0x0000000000000000        0x0 build/obj/chcoreasm_v7m.o
 .text          0x0000000000000000        0x0 build/obj/crt0.o (symbol from plugin)
 .text          0x0000000000000000        0x0 /tmp/ccvotLH3.ltrans0.ltrans.o
 .data          0x0000000000000000        0x0 /tmp/ccvotLH3.ltrans0.ltrans.o
 .bss           0x0000000000000000        0x0 /tmp/ccvotLH3.ltrans0.ltrans.o
 .text          0x0000000000000000        0x0 /tmp/ccvotLH3.ltrans1.ltrans.o
 .data          0x0000000000000000        0x0 /tmp/ccvotLH3.ltrans1.ltrans.o
 .bss           0x0000000000000000        0x0 /tmp/ccvotLH3.ltrans1.ltrans.o
 .text          0x0000000000000000        0x0 /tmp/ccvotLH3.ltrans2.ltrans.o
 .data          0x0000000000000000        0x0 /tmp/ccvotLH3.ltrans2.ltrans.o
 .bss           0x0000000000000000        0x0 /tmp/ccvotLH3.ltrans2.ltrans.o
 .text          0x0000000000000000        0x0 /tmp/ccvotLH3.ltrans3.ltrans.o
 .data          0x0000000000000000        0x0 /tmp/ccvotLH3.ltrans3.ltrans.o
 .bss           0x0000000000000000        0x0 /tmp/ccvotLH3.ltrans3.ltrans.o
 .text          0x0000000000000000        0x0 /tmp/ccvotLH3.ltrans4.ltrans.o
 .data          0x0000000000000000        0x0 /tmp/ccvotLH3.ltrans4.ltrans.o
 .bss           0x0000000000000000        0x0 /tmp/ccvotLH3.ltrans4.ltrans.o
 .text          0x0000000000000000        0x0 /tmp/ccvotLH3.ltrans5.ltrans.o
 .data          0x0000000000000000        0x0 /tmp/ccvotLH3.ltrans5.ltrans.o
 .bss           0x0000000000000000        0x0 /tmp/ccvotLH3.ltrans5.ltrans.o
 .text          0x0000000000000000        0x0 /tmp/ccvotLH3.ltrans6.ltrans.o
 .data          0x0000000000000000        0x0 /tmp/ccvotLH3.ltrans6.ltrans.o
 .bss           0x0000000000000000        0x0 /tmp/ccvotLH3.ltrans6.ltrans.o
 .text          0x0000000000000000        0x0 /tmp/ccvotLH3.ltrans7.ltrans.o
 .data          0x0000000000000000        0x0 /tmp/ccvotLH3.ltrans7.ltrans.o
 .bss           0x0000000000000000        0x0 /tmp/ccvotLH3.ltrans7.ltrans.o
 .text.unlikely.logfileOpenAppend.constprop.57
                0x0000000000000000      0x164 /tmp/ccvotLH3.ltrans7.ltrans.o
 .text          0x0000000000000000        0x0 /tmp/ccvotLH3.ltrans8.ltrans.o
 .data          0x0000000000000000        0x0 /tmp/ccvotLH3.ltrans8.ltrans.o
 .bss           0x0000000000000000        0x0 /tmp/ccvotLH3.ltrans8.ltrans.o
 .data          0x0000000000000000        0x0 /usr/bin/../lib/gcc/arm-none-eabi/4.8.4/armv7e-m/fpu/libgcc.a(_arm_addsubdf3.o)
 .bss           0x0000000000000000        0x0 /usr/bin/../lib/gcc/arm-none-eabi/4.8.4/armv7e-m/fpu/libgcc.a(_arm_addsubdf3.o)
 .data          0x0000000000000000        0x0 /usr/bin/../lib/gcc/arm-none-eabi/4.8.4/armv7e-m/fpu/libgcc.a(_arm_muldivdf3.o)
 .bss           0x0000000000000000        0x0 /usr/bin/../lib/gcc/arm-none-eabi/4.8.4/armv7e-m/fpu/libgcc.a(_arm_muldivdf3.o)
 .data          0x0000000000000000        0x0 /usr/bin/../lib/gcc/arm-none-eabi/4.8.4/armv7e-m/fpu/libgcc.a(_arm_fixdfsi.o)
 .bss           0x0000000000000000        0x0 /usr/bin/../lib/gcc/arm-none-eabi/4.8.4/armv7e-m/fpu/libgcc.a(_arm_fixdfsi.o)
 .data          0x0000000000000000        0x0 /usr/bin/../lib/gcc/arm-none-eabi/4.8.4/armv7e-m/fpu/libgcc.a(_arm_truncdfsf2.o)
 .bss           0x0000000000000000        0x0 /usr/bin/../lib/gcc/arm-none-eabi/4.8.4/armv7e-m/fpu/libgcc.a(_arm_truncdfsf2.o)
 .data          0x0000000000000000        0x0 /usr/bin/../lib/gcc/arm-none-eabi/4.8.4/../../../../arm-none-eabi/lib/armv7e-m/fpu/libc.a(lib_a-memcpy.o)
[...]
Memory Configuration

Name             Origin             Length             Attributes
flash            0x0000000008000000 0x0000000000040000
ram              0x0000000020000000 0x0000000000010000
*default*        0x0000000000000000 0xffffffffffffffff

Linker script and memory map

LOAD build/obj/chcoreasm_v7m.o
LOAD build/obj/crt0.o
LOAD /tmp/ccvotLH3.ltrans0.ltrans.o
LOAD /tmp/ccvotLH3.ltrans1.ltrans.o
LOAD /tmp/ccvotLH3.ltrans2.ltrans.o
LOAD /tmp/ccvotLH3.ltrans3.ltrans.o
LOAD /tmp/ccvotLH3.ltrans4.ltrans.o
LOAD /tmp/ccvotLH3.ltrans5.ltrans.o
LOAD /tmp/ccvotLH3.ltrans6.ltrans.o
LOAD /tmp/ccvotLH3.ltrans7.ltrans.o
LOAD /tmp/ccvotLH3.ltrans8.ltrans.o
LOAD /usr/bin/../lib/gcc/arm-none-eabi/4.8.4/armv7e-m/fpu/libgcc.a
LOAD /usr/bin/../lib/gcc/arm-none-eabi/4.8.4/../../../../arm-none-eabi/lib/armv7e-m/fpu/libc.a
LOAD build/obj/vectors.o
LOAD build/obj/chcore.o
LOAD build/obj/chcore_v7m.o
LOAD build/obj/chsys.o
LOAD build/obj/chdebug.o
LOAD build/obj/chtm.o
LOAD build/obj/chstats.o
LOAD build/obj/chschd.o
LOAD build/obj/chvt.o
LOAD build/obj/chthreads.o
LOAD build/obj/chdynamic.o
LOAD build/obj/chregistry.o
LOAD build/obj/chsem.o
LOAD build/obj/chmtx.o
LOAD build/obj/chcond.o
LOAD build/obj/chevents.o
LOAD build/obj/chmsg.o
LOAD build/obj/chmboxes.o
LOAD build/obj/chqueues.o
LOAD build/obj/chmemcore.o
LOAD build/obj/chheap.o
LOAD build/obj/chmempools.o
LOAD build/obj/test.o
LOAD build/obj/testthd.o
LOAD build/obj/testsem.o
LOAD build/obj/testmtx.o
LOAD build/obj/testmsg.o
LOAD build/obj/testmbox.o
LOAD build/obj/testevt.o
LOAD build/obj/testheap.o
LOAD build/obj/testpools.o
LOAD build/obj/testdyn.o
LOAD build/obj/testqueues.o
LOAD build/obj/testbmk.o
LOAD build/obj/hal.o
LOAD build/obj/hal_queues.o
LOAD build/obj/hal_mmcsd.o
LOAD build/obj/adc.o
LOAD build/obj/can.o
LOAD build/obj/dac.o
LOAD build/obj/ext.o
LOAD build/obj/gpt.o
LOAD build/obj/i2c.o
LOAD build/obj/i2s.o
LOAD build/obj/icu.o
LOAD build/obj/mac.o
LOAD build/obj/mmc_spi.o
LOAD build/obj/pal.o
LOAD build/obj/pwm.o
LOAD build/obj/rtc.o
LOAD build/obj/sdc.o
LOAD build/obj/serial.o
LOAD build/obj/serial_usb.o
LOAD build/obj/spi.o
LOAD build/obj/st.o
LOAD build/obj/uart.o
LOAD build/obj/usb.o
LOAD build/obj/osal.o
LOAD build/obj/nvic.o
LOAD build/obj/stm32_dma.o
LOAD build/obj/hal_lld.o
LOAD build/obj/adc_lld.o
LOAD build/obj/ext_lld_isr.o
LOAD build/obj/can_lld.o
LOAD build/obj/ext_lld.o
LOAD build/obj/mac_lld.o
LOAD build/obj/sdc_lld.o
LOAD build/obj/dac_lld.o
LOAD build/obj/pal_lld.o
LOAD build/obj/i2c_lld.o
LOAD build/obj/usb_lld.o
LOAD build/obj/rtc_lld.o
LOAD build/obj/i2s_lld.o
LOAD build/obj/spi_lld.o
LOAD build/obj/gpt_lld.o
LOAD build/obj/icu_lld.o
LOAD build/obj/pwm_lld.o
LOAD build/obj/st_lld.o
LOAD build/obj/serial_lld.o
LOAD build/obj/uart_lld.o
LOAD build/obj/board.o
LOAD build/obj/fatfs_diskio.o
LOAD build/obj/fatfs_syscall.o
LOAD build/obj/ff.o
LOAD build/obj/unicode.o
LOAD build/obj/chprintf.o
LOAD build/obj/memstreams.o
LOAD build/obj/i2c_sensor.o
LOAD build/obj/bmp280.o
LOAD build/obj/si70x0.o
LOAD build/obj/ms5607.o
LOAD build/obj/hih6030.o
LOAD build/obj/lsm303.o
LOAD build/obj/rfm23bp.o
LOAD build/obj/rtd.o
LOAD build/obj/tmp275.o
LOAD build/obj/mpxm2102.o
LOAD build/obj/xbeepro.o
LOAD build/obj/datasample.o
LOAD build/obj/sensor_thread.o
LOAD build/obj/ustr.o
LOAD build/obj/umath.o
LOAD build/obj/gps.o
LOAD build/obj/sdmmcsimple.o
LOAD build/obj/datalogger.o
LOAD build/obj/watchdog.o
LOAD build/obj/main.o
                0x0000000020000000                __ram_start__ = ORIGIN (ram)
                0x0000000000010000                __ram_size__ = 0x10000
                0x0000000020010000                __ram_end__ = (__ram_start__ + __ram_size__)
                0x0000000000000000                . = 0x0
                0x0000000000000000                _text = .

startup         0x0000000008000000      0x1c0
 *(vectors)
 vectors        0x0000000008000000      0x1c0 /tmp/ccvotLH3.ltrans8.ltrans.o
                0x0000000008000000                _vectors

constructors    0x00000000080001c0        0x0
                0x00000000080001c0                PROVIDE (__init_array_start, .)
 *(SORT(.init_array.*))
 *(.init_array)
                0x00000000080001c0                PROVIDE (__init_array_end, .)

destructors     0x00000000080001c0        0x0
                0x00000000080001c0                PROVIDE (__fini_array_start, .)
 *(.fini_array)
 *(SORT(.fini_array.*))
                0x00000000080001c0                PROVIDE (__fini_array_end, .)

.text           0x00000000080001c0     0x7a10
 *(.text.startup.*)
 .text.startup.main
                0x00000000080001c0     0x1140 /tmp/ccvotLH3.ltrans0.ltrans.o
                0x00000000080001c0                main
 *(.text)
 .text          0x0000000008001300       0x2e build/obj/chcoreasm_v7m.o
                0x0000000008001300                _port_switch
                0x0000000008001318                _port_thread_start
                0x0000000008001326                _port_switch_from_isr
                0x000000000800132a                _port_exit_from_isr
 *fill*         0x000000000800132e        0x2 
 .text          0x0000000008001330      0x370 /usr/bin/../lib/gcc/arm-none-eabi/4.8.4/armv7e-m/fpu/libgcc.a(_arm_addsubdf3.o)
                0x0000000008001330                __aeabi_drsub
                0x0000000008001338                __aeabi_dsub
                0x0000000008001338                __subdf3
                0x000000000800133c                __adddf3
                0x000000000800133c                __aeabi_dadd
                0x00000000080015b4                __aeabi_ui2d
                0x00000000080015b4                __floatunsidf
                0x00000000080015d4                __floatsidf
                0x00000000080015d4                __aeabi_i2d
                0x00000000080015f8                __extendsfdf2
                0x00000000080015f8                __aeabi_f2d
                0x0000000008001634                __aeabi_ul2d
                0x0000000008001634                __floatundidf
                0x0000000008001644                __floatdidf
                0x0000000008001644                __aeabi_l2d
 .text          0x00000000080016a0      0x424 /usr/bin/../lib/gcc/arm-none-eabi/4.8.4/armv7e-m/fpu/libgcc.a(_arm_muldivdf3.o)
                0x00000000080016a0                __aeabi_dmul
                0x00000000080016a0                __muldf3
                0x00000000080018f4                __aeabi_ddiv
                0x00000000080018f4                __divdf3
 *fill*         0x0000000008001ac4        0xc 
 .text          0x0000000008001ad0       0x50 /usr/bin/../lib/gcc/arm-none-eabi/4.8.4/armv7e-m/fpu/libgcc.a(_arm_fixdfsi.o)
                0x0000000008001ad0                __fixdfsi
                0x0000000008001ad0                __aeabi_d2iz
 .text          0x0000000008001b20       0xa0 /usr/bin/../lib/gcc/arm-none-eabi/4.8.4/armv7e-m/fpu/libgcc.a(_arm_truncdfsf2.o)
                0x0000000008001b20                __aeabi_d2f
                0x0000000008001b20                __truncdfsf2
 .text          0x0000000008001bc0      0x134 /usr/bin/../lib/gcc/arm-none-eabi/4.8.4/../../../../arm-none-eabi/lib/armv7e-m/fpu/libc.a(lib_a-memcpy.o)
                0x0000000008001bc0                memcpy
 *(.text.*)
 *fill*         0x0000000008001cf4        0xc 
 .text.VectorB0
                0x0000000008001d00       0x90 /tmp/ccvotLH3.ltrans1.ltrans.o
                0x0000000008001d00                VectorB0
 .text.spiReceive.4505
                0x0000000008001d90       0x50 /tmp/ccvotLH3.ltrans1.ltrans.o
 .text.recvr1.isra.0.9868.4495
                0x0000000008001de0       0x30 /tmp/ccvotLH3.ltrans1.ltrans.o
 .text.chSchGoSleepTimeoutS
                0x0000000008001e10       0xe0 /tmp/ccvotLH3.ltrans1.ltrans.o
                0x0000000008001e10                chSchGoSleepTimeoutS
 .text.chThdSleep
                0x0000000008001ef0       0x20 /tmp/ccvotLH3.ltrans1.ltrans.o
                0x0000000008001ef0                chThdSleep
 .text.wait.isra.1.9875.4325
                0x0000000008001f10       0x40 /tmp/ccvotLH3.ltrans1.ltrans.o
 .text.sync.isra.2.9902.4340
                0x0000000008001f50       0x40 /tmp/ccvotLH3.ltrans1.ltrans.o
 .text.mmcSync  0x0000000008001f90       0x30 /tmp/ccvotLH3.ltrans1.ltrans.o
                0x0000000008001f90                mmcSync
 .text.mmcDisconnect
                0x0000000008001fc0       0x50 /tmp/ccvotLH3.ltrans1.ltrans.o
                0x0000000008001fc0                mmcDisconnect
 .text.chThdSleepUntil
                0x0000000008002010       0x20 /tmp/ccvotLH3.ltrans1.ltrans.o
                0x0000000008002010                chThdSleepUntil
 .text.chThdEnqueueTimeoutS.4427
                0x0000000008002030       0x30 /tmp/ccvotLH3.ltrans1.ltrans.o
 .text.chIQGetTimeout.4359
                0x0000000008002060       0x50 /tmp/ccvotLH3.ltrans1.ltrans.o
 .text.gett.10196
                0x00000000080020b0       0x10 /tmp/ccvotLH3.ltrans1.ltrans.o
                0x00000000080020b0                gett.10196
 .text.get.10200
                0x00000000080020c0       0x10 /tmp/ccvotLH3.ltrans1.ltrans.o
                0x00000000080020c0                get.10200
 .text.chIQReadTimeout.4386
                0x00000000080020d0       0x80 /tmp/ccvotLH3.ltrans1.ltrans.o
 .text.readt.10173
                0x0000000008002150       0x10 /tmp/ccvotLH3.ltrans1.ltrans.o
                0x0000000008002150                readt.10173
 .text.read.10180
                0x0000000008002160       0x10 /tmp/ccvotLH3.ltrans1.ltrans.o
                0x0000000008002160                read.10180
 .text.chOQPutTimeout.4401
                0x0000000008002170       0x50 /tmp/ccvotLH3.ltrans1.ltrans.o
 .text.putt.10203
                0x00000000080021c0       0x10 /tmp/ccvotLH3.ltrans1.ltrans.o
                0x00000000080021c0                putt.10203
 .text.put.10208
                0x00000000080021d0       0x10 /tmp/ccvotLH3.ltrans1.ltrans.o
                0x00000000080021d0                put.10208
 .text.chOQWriteTimeout.4421
                0x00000000080021e0       0x80 /tmp/ccvotLH3.ltrans1.ltrans.o
 .text.writet.10185
                0x0000000008002260       0x10 /tmp/ccvotLH3.ltrans1.ltrans.o
                0x0000000008002260                writet.10185
 .text.write.10191
                0x0000000008002270       0x10 /tmp/ccvotLH3.ltrans1.ltrans.o
                0x0000000008002270                write.10191
 .text.disk_status
                0x0000000008002280       0x20 /tmp/ccvotLH3.ltrans1.ltrans.o
                0x0000000008002280                disk_status
 .text.validate.12787
                0x00000000080022a0       0x30 /tmp/ccvotLH3.ltrans1.ltrans.o
                0x00000000080022a0                validate.12787
 .text.spiSend  0x00000000080022d0       0x50 /tmp/ccvotLH3.ltrans1.ltrans.o
                0x00000000080022d0                spiSend
 .text.send_hdr.9878.4320
                0x0000000008002320       0x70 /tmp/ccvotLH3.ltrans1.ltrans.o
 .text.mmcStartSequentialWrite
                0x0000000008002390       0x60 /tmp/ccvotLH3.ltrans1.ltrans.o
                0x0000000008002390                mmcStartSequentialWrite
 .text.mmcStartSequentialRead.4293
                0x00000000080023f0       0x60 /tmp/ccvotLH3.ltrans1.ltrans.o
 .text.send_command_R1.9889
                0x0000000008002450       0x30 /tmp/ccvotLH3.ltrans1.ltrans.o
                0x0000000008002450                send_command_R1.9889
 .text.send_command_R3.9883
                0x0000000008002480       0x40 /tmp/ccvotLH3.ltrans1.ltrans.o
                0x0000000008002480                send_command_R3.9883
 .text.mmcStopSequentialRead.part.7.9923.4479
                0x00000000080024c0       0x30 /tmp/ccvotLH3.ltrans1.ltrans.o
 .text.spiIgnore
                0x00000000080024f0       0x60 /tmp/ccvotLH3.ltrans1.ltrans.o
                0x00000000080024f0                spiIgnore
 .text.mmcSequentialWrite
                0x0000000008002550       0x80 /tmp/ccvotLH3.ltrans1.ltrans.o
                0x0000000008002550                mmcSequentialWrite
 .text.disk_write
                0x00000000080025d0       0x80 /tmp/ccvotLH3.ltrans1.ltrans.o
                0x00000000080025d0                disk_write
 .text.sync_window.part.3.12801
                0x0000000008002650       0x60 /tmp/ccvotLH3.ltrans1.ltrans.o
                0x0000000008002650                sync_window.part.3.12801
 .text.read_CxD.9894
                0x00000000080026b0       0xb0 /tmp/ccvotLH3.ltrans1.ltrans.o
                0x00000000080026b0                read_CxD.9894
 .text.mmcSequentialRead.4498
                0x0000000008002760       0x60 /tmp/ccvotLH3.ltrans1.ltrans.o
 .text.disk_read.constprop.61
                0x00000000080027c0       0x50 /tmp/ccvotLH3.ltrans1.ltrans.o
                0x00000000080027c0                disk_read.constprop.61
 .text.mmc_read.9961
                0x0000000008002810       0x40 /tmp/ccvotLH3.ltrans1.ltrans.o
                0x0000000008002810                mmc_read.9961
 .text.chsnprintf
                0x0000000008002850       0x60 /tmp/ccvotLH3.ltrans1.ltrans.o
                0x0000000008002850                chsnprintf
 .text.chThdCreateStatic
                0x00000000080028b0       0x80 /tmp/ccvotLH3.ltrans1.ltrans.o
                0x00000000080028b0                chThdCreateStatic
 .text.move_window.12811
                0x0000000008002930       0x40 /tmp/ccvotLH3.ltrans2.ltrans.o
                0x0000000008002930                move_window.12811
 .text.f_close  0x0000000008002970      0x170 /tmp/ccvotLH3.ltrans2.ltrans.o
                0x0000000008002970                f_close
 .text.put_fat.part.8.12841
                0x0000000008002ae0      0x100 /tmp/ccvotLH3.ltrans2.ltrans.o
                0x0000000008002ae0                put_fat.part.8.12841
 .text.get_fat.part.6.12827
                0x0000000008002be0       0xd0 /tmp/ccvotLH3.ltrans2.ltrans.o
                0x0000000008002be0                get_fat.part.6.12827
 .text.create_chain.12846
                0x0000000008002cb0       0xd0 /tmp/ccvotLH3.ltrans2.ltrans.o
                0x0000000008002cb0                create_chain.12846
 .text.dir_next.12850
                0x0000000008002d80      0x140 /tmp/ccvotLH3.ltrans2.ltrans.o
                0x0000000008002d80                dir_next.12850
 .text.f_write  0x0000000008002ec0      0x1d0 /tmp/ccvotLH3.ltrans2.ltrans.o
                0x0000000008002ec0                f_write
 .text.dir_sdi.12831.constprop.59
                0x0000000008003090       0x80 /tmp/ccvotLH3.ltrans2.ltrans.o
                0x0000000008003090                dir_sdi.12831.constprop.59
 .text.check_fs.12818.4335
                0x0000000008003110       0x90 /tmp/ccvotLH3.ltrans2.ltrans.o
 .text.find_volume.12822
                0x00000000080031a0      0x320 /tmp/ccvotLH3.ltrans2.ltrans.o
                0x00000000080031a0                find_volume.12822
 .text.f_mount  0x00000000080034c0       0x60 /tmp/ccvotLH3.ltrans2.ltrans.o
                0x00000000080034c0                f_mount
 .text.i2c_lld_serve_tx_end_irq.11398
                0x0000000008003520       0x50 /tmp/ccvotLH3.ltrans3.ltrans.o
                0x0000000008003520                i2c_lld_serve_tx_end_irq.11398
 .text.spi_lld_serve_tx_interrupt.11700
                0x0000000008003570       0x20 /tmp/ccvotLH3.ltrans3.ltrans.o
                0x0000000008003570                spi_lld_serve_tx_interrupt.11700
 .text.uart_lld_serve_rx_end_irq.12164
                0x0000000008003590       0x90 /tmp/ccvotLH3.ltrans3.ltrans.o
                0x0000000008003590                uart_lld_serve_rx_end_irq.12164
 .text.uart_lld_serve_tx_end_irq.12160
                0x0000000008003620       0x60 /tmp/ccvotLH3.ltrans3.ltrans.o
                0x0000000008003620                uart_lld_serve_tx_end_irq.12160
 .text.mmcConnect
                0x0000000008003680      0x170 /tmp/ccvotLH3.ltrans3.ltrans.o
                0x0000000008003680                mmcConnect
 .text.spi_lld_serve_rx_interrupt.11704
                0x00000000080037f0       0x90 /tmp/ccvotLH3.ltrans3.ltrans.o
                0x00000000080037f0                spi_lld_serve_rx_interrupt.11704
 .text.gpsThread
                0x0000000008003880      0x3e0 /tmp/ccvotLH3.ltrans3.ltrans.o
                0x0000000008003880                gpsThread
 .text.I2CSensor_transact
                0x0000000008003c60      0x130 /tmp/ccvotLH3.ltrans3.ltrans.o
                0x0000000008003c60                I2CSensor_transact
 .text.I2CSensor_transact_buf
                0x0000000008003d90       0x20 /tmp/ccvotLH3.ltrans3.ltrans.o
                0x0000000008003d90                I2CSensor_transact_buf
 .text.si70x0_heaterEnable
                0x0000000008003db0       0x50 /tmp/ccvotLH3.ltrans3.ltrans.o
                0x0000000008003db0                si70x0_heaterEnable
 .text.si70x0_readTemperature
                0x0000000008003e00       0x60 /tmp/ccvotLH3.ltrans3.ltrans.o
                0x0000000008003e00                si70x0_readTemperature
 .text.si70x0_readHumidity
                0x0000000008003e60       0x70 /tmp/ccvotLH3.ltrans3.ltrans.o
                0x0000000008003e60                si70x0_readHumidity
 .text.sd_lld_start
                0x0000000008003ed0       0xd0 /tmp/ccvotLH3.ltrans3.ltrans.o
                0x0000000008003ed0                sd_lld_start
 .text.si70x0_init.4700
                0x0000000008003fa0       0x90 /tmp/ccvotLH3.ltrans4.ltrans.o
 .text.sensorThread
                0x0000000008004030      0xad0 /tmp/ccvotLH3.ltrans4.ltrans.o
                0x0000000008004030                sensorThread
 .text.mmc_write.9978
                0x0000000008004b00       0x60 /tmp/ccvotLH3.ltrans4.ltrans.o
                0x0000000008004b00                mmc_write.9978
 .text.serve_interrupt.12020.4676
                0x0000000008004b60      0x1a0 /tmp/ccvotLH3.ltrans4.ltrans.o
 .text.Vector15C
                0x0000000008004d00       0x20 /tmp/ccvotLH3.ltrans4.ltrans.o
                0x0000000008004d00                Vector15C
 .text.VectorD8
                0x0000000008004d20       0x20 /tmp/ccvotLH3.ltrans4.ltrans.o
                0x0000000008004d20                VectorD8
 .text.writeHeader
                0x0000000008004d40       0x50 /tmp/ccvotLH3.ltrans4.ltrans.o
                0x0000000008004d40                writeHeader
 .text.adc_lld_stop_conversion.4231
                0x0000000008004d90       0x40 /tmp/ccvotLH3.ltrans5.ltrans.o
 .text.mmcGetInfo
                0x0000000008004dd0       0x20 /tmp/ccvotLH3.ltrans5.ltrans.o
                0x0000000008004dd0                mmcGetInfo
 .text.chCoreAlloc
                0x0000000008004df0       0x40 /tmp/ccvotLH3.ltrans5.ltrans.o
                0x0000000008004df0                chCoreAlloc
 .text.wakeup.4718
                0x0000000008004e30       0x70 /tmp/ccvotLH3.ltrans5.ltrans.o
                0x0000000008004e30                wakeup.4718
 .text._idle_thread.4338
                0x0000000008004ea0       0x20 /tmp/ccvotLH3.ltrans5.ltrans.o
                0x0000000008004ea0                _idle_thread.4338
 .text.SVC_Handler
                0x0000000008004ec0       0x20 /tmp/ccvotLH3.ltrans5.ltrans.o
                0x0000000008004ec0                SVC_Handler
 .text.dmaStreamRelease
                0x0000000008004ee0       0x70 /tmp/ccvotLH3.ltrans5.ltrans.o
                0x0000000008004ee0                dmaStreamRelease
 .text.dmaStreamAllocate
                0x0000000008004f50       0xc0 /tmp/ccvotLH3.ltrans5.ltrans.o
                0x0000000008004f50                dmaStreamAllocate
 .text.chSchDoRescheduleAhead
                0x0000000008005010       0x40 /tmp/ccvotLH3.ltrans5.ltrans.o
                0x0000000008005010                chSchDoRescheduleAhead
 .text.chSchRescheduleS
                0x0000000008005050       0x20 /tmp/ccvotLH3.ltrans5.ltrans.o
                0x0000000008005050                chSchRescheduleS
 .text.chSchGoSleepS
                0x0000000008005070       0x30 /tmp/ccvotLH3.ltrans5.ltrans.o
                0x0000000008005070                chSchGoSleepS
 .text.chThdSuspendS
                0x00000000080050a0       0x30 /tmp/ccvotLH3.ltrans5.ltrans.o
                0x00000000080050a0                chThdSuspendS
 .text._port_irq_epilogue
                0x00000000080050d0       0x70 /tmp/ccvotLH3.ltrans5.ltrans.o
                0x00000000080050d0                _port_irq_epilogue
 .text.Vector158
                0x0000000008005140       0x30 /tmp/ccvotLH3.ltrans5.ltrans.o
                0x0000000008005140                Vector158
 .text.Vector154
                0x0000000008005170       0x30 /tmp/ccvotLH3.ltrans5.ltrans.o
                0x0000000008005170                Vector154
 .text.Vector150
                0x00000000080051a0       0x30 /tmp/ccvotLH3.ltrans5.ltrans.o
                0x00000000080051a0                Vector150
 .text.Vector130
                0x00000000080051d0       0x30 /tmp/ccvotLH3.ltrans5.ltrans.o
                0x00000000080051d0                Vector130
 .text.Vector12C
                0x0000000008005200       0x30 /tmp/ccvotLH3.ltrans5.ltrans.o
                0x0000000008005200                Vector12C
 .text.Vector128
                0x0000000008005230       0x30 /tmp/ccvotLH3.ltrans5.ltrans.o
                0x0000000008005230                Vector128
 .text.Vector124
                0x0000000008005260       0x30 /tmp/ccvotLH3.ltrans5.ltrans.o
                0x0000000008005260                Vector124
 .text.Vector120
                0x0000000008005290       0x30 /tmp/ccvotLH3.ltrans5.ltrans.o
                0x0000000008005290                Vector120
 .text.VectorFC
                0x00000000080052c0       0x30 /tmp/ccvotLH3.ltrans5.ltrans.o
                0x00000000080052c0                VectorFC
 .text.Vector84
                0x00000000080052f0       0x30 /tmp/ccvotLH3.ltrans5.ltrans.o
                0x00000000080052f0                Vector84
 .text.Vector80
                0x0000000008005320       0x30 /tmp/ccvotLH3.ltrans5.ltrans.o
                0x0000000008005320                Vector80
 .text.Vector7C
                0x0000000008005350       0x30 /tmp/ccvotLH3.ltrans5.ltrans.o
                0x0000000008005350                Vector7C
 .text.Vector78
                0x0000000008005380       0x30 /tmp/ccvotLH3.ltrans5.ltrans.o
                0x0000000008005380                Vector78
 .text.Vector74
                0x00000000080053b0       0x30 /tmp/ccvotLH3.ltrans5.ltrans.o
                0x00000000080053b0                Vector74
 .text.Vector70
                0x00000000080053e0       0x30 /tmp/ccvotLH3.ltrans5.ltrans.o
                0x00000000080053e0                Vector70
 .text.Vector6C
                0x0000000008005410       0x30 /tmp/ccvotLH3.ltrans5.ltrans.o
                0x0000000008005410                Vector6C
 .text.chSchReadyI
                0x0000000008005440       0x30 /tmp/ccvotLH3.ltrans5.ltrans.o
                0x0000000008005440                chSchReadyI
 .text.chEvtBroadcastFlagsI
                0x0000000008005470       0x60 /tmp/ccvotLH3.ltrans5.ltrans.o
                0x0000000008005470                chEvtBroadcastFlagsI
 .text.chMtxLockS
                0x00000000080054d0       0xd0 /tmp/ccvotLH3.ltrans5.ltrans.o
                0x00000000080054d0                chMtxLockS
 .text.chThdResumeI
                0x00000000080055a0       0x20 /tmp/ccvotLH3.ltrans5.ltrans.o
                0x00000000080055a0                chThdResumeI
 .text.i2c_lld_serve_error_interrupt.11412
                0x00000000080055c0       0xb0 /tmp/ccvotLH3.ltrans5.ltrans.o
                0x00000000080055c0                i2c_lld_serve_error_interrupt.11412
 .text.i2c_lld_serve_event_interrupt.11409
                0x0000000008005670      0x100 /tmp/ccvotLH3.ltrans5.ltrans.o
                0x0000000008005670                i2c_lld_serve_event_interrupt.11409
 .text.Vector88
                0x0000000008005770       0x70 /tmp/ccvotLH3.ltrans5.ltrans.o
                0x0000000008005770                Vector88
 .text.adc_lld_serve_rx_interrupt.11091
                0x00000000080057e0       0xd0 /tmp/ccvotLH3.ltrans5.ltrans.o
                0x00000000080057e0                adc_lld_serve_rx_interrupt.11091
 .text.chTMStopMeasurementX
                0x00000000080058b0       0x50 /tmp/ccvotLH3.ltrans5.ltrans.o
                0x00000000080058b0                chTMStopMeasurementX
 .text._unhandled_exception.4457
                0x0000000008005900       0x10 /tmp/ccvotLH3.ltrans5.ltrans.o
                0x0000000008005900                Vector58
                0x0000000008005900                VectorE8
                0x0000000008005900                Vector9C
                0x0000000008005900                VectorAC
                0x0000000008005900                DebugMon_Handler
                0x0000000008005900                Vector1A0
                0x0000000008005900                Vector5C
                0x0000000008005900                Vector11C
                0x0000000008005900                HardFault_Handler
                0x0000000008005900                Vector1B8
                0x0000000008005900                Vector19C
                0x0000000008005900                Vector8C
                0x0000000008005900                SysTick_Handler
                0x0000000008005900                VectorDC
                0x0000000008005900                PendSV_Handler
                0x0000000008005900                Vector168
                0x0000000008005900                NMI_Handler
                0x0000000008005900                Vector110
                0x0000000008005900                VectorC8
                0x0000000008005900                Vector94
                0x0000000008005900                VectorA8
                0x0000000008005900                VectorB4
                0x0000000008005900                Vector1B0
                0x0000000008005900                UsageFault_Handler
                0x0000000008005900                VectorEC
                0x0000000008005900                Vector40
                0x0000000008005900                VectorF8
                0x0000000008005900                Vector108
                0x0000000008005900                Vector190
                0x0000000008005900                Vector148
                0x0000000008005900                Vector188
                0x0000000008005900                Vector198
                0x0000000008005900                Vector118
                0x0000000008005900                Vector64
                0x0000000008005900                VectorCC
                0x0000000008005900                Vector54
                0x0000000008005900                Vector98
                0x0000000008005900                Vector138
                0x0000000008005900                Vector24
                0x0000000008005900                Vector1AC
                0x0000000008005900                Vector178
                0x0000000008005900                Vector1A4
                0x0000000008005900                VectorD0
                0x0000000008005900                Vector1B4
                0x0000000008005900                Vector140
                0x0000000008005900                VectorE4
                0x0000000008005900                Vector134
                0x0000000008005900                VectorF0
                0x0000000008005900                Vector13C
                0x0000000008005900                Vector100
                0x0000000008005900                VectorE0
                0x0000000008005900                VectorF4
                0x0000000008005900                MemManage_Handler
                0x0000000008005900                VectorA0
                0x0000000008005900                VectorC4
                0x0000000008005900                Vector180
                0x0000000008005900                Vector90
                0x0000000008005900                Vector114
                0x0000000008005900                Vector60
                0x0000000008005900                Vector1C
                0x0000000008005900                Vector1BC
                0x0000000008005900                Vector17C
                0x0000000008005900                Vector48
                0x0000000008005900                Vector1A8
                0x0000000008005900                Vector16C
                0x0000000008005900                Vector4C
                0x0000000008005900                Vector144
                0x0000000008005900                Vector68
                0x0000000008005900                Vector170
                0x0000000008005900                Vector104
                0x0000000008005900                Vector184
                0x0000000008005900                Vector10C
                0x0000000008005900                Vector14C
                0x0000000008005900                BusFault_Handler
                0x0000000008005900                Vector50
                0x0000000008005900                Vector194
                0x0000000008005900                Vector44
                0x0000000008005900                Vector28
                0x0000000008005900                VectorB8
                0x0000000008005900                Vector34
                0x0000000008005900                VectorA4
                0x0000000008005900                Vector20
                0x0000000008005900                Vector18C
                0x0000000008005900                Vector174
 .text.gpsRxErr.16085
                0x0000000008005910       0x10 /tmp/ccvotLH3.ltrans6.ltrans.o
                0x0000000008005910                gpsRxErr.16085
 .text.gpsRxEnd.16082
                0x0000000008005920       0x10 /tmp/ccvotLH3.ltrans6.ltrans.o
                0x0000000008005920                gpsRxEnd.16082
 .text.gpsTxC.16079
                0x0000000008005930       0x10 /tmp/ccvotLH3.ltrans6.ltrans.o
                0x0000000008005930                gpsTxC.16079
 .text.gpsTxbufEnd.16076
                0x0000000008005940       0x10 /tmp/ccvotLH3.ltrans6.ltrans.o
                0x0000000008005940                gpsTxbufEnd.16076
 .text.get.13121
                0x0000000008005950       0x20 /tmp/ccvotLH3.ltrans6.ltrans.o
                0x0000000008005950                get.13121
 .text.put.13111
                0x0000000008005970       0x20 /tmp/ccvotLH3.ltrans6.ltrans.o
                0x0000000008005970                put.13111
 .text.long_to_string_with_divisor.13045.4471
                0x0000000008005990       0x50 /tmp/ccvotLH3.ltrans6.ltrans.o
 .text.mmc_lld_is_write_protected
                0x00000000080059e0       0x10 /tmp/ccvotLH3.ltrans6.ltrans.o
                0x00000000080059e0                mmc_lld_is_write_protected
 .text.mmc_lld_is_card_inserted
                0x00000000080059f0       0x10 /tmp/ccvotLH3.ltrans6.ltrans.o
                0x00000000080059f0                mmc_lld_is_card_inserted
 .text.notify6.12010
                0x0000000008005a00       0x10 /tmp/ccvotLH3.ltrans6.ltrans.o
                0x0000000008005a00                notify6.12010
 .text.notify2.12013
                0x0000000008005a10       0x10 /tmp/ccvotLH3.ltrans6.ltrans.o
                0x0000000008005a10                notify2.12013
 .text.i2c_lld_serve_rx_end_irq.11402
                0x0000000008005a20       0x70 /tmp/ccvotLH3.ltrans6.ltrans.o
                0x0000000008005a20                i2c_lld_serve_rx_end_irq.11402
 .text.VectorD4
                0x0000000008005a90       0x70 /tmp/ccvotLH3.ltrans6.ltrans.o
                0x0000000008005a90                VectorD4
 .text.gpsRxChar.16106
                0x0000000008005b00       0x90 /tmp/ccvotLH3.ltrans6.ltrans.o
                0x0000000008005b00                gpsRxChar.16106
 .text.writes.13130
                0x0000000008005b90       0x30 /tmp/ccvotLH3.ltrans6.ltrans.o
                0x0000000008005b90                writes.13130
 .text.reads.13124
                0x0000000008005bc0       0x30 /tmp/ccvotLH3.ltrans6.ltrans.o
                0x0000000008005bc0                reads.13124
 .text.Vector164
                0x0000000008005bf0       0x30 /tmp/ccvotLH3.ltrans6.ltrans.o
                0x0000000008005bf0                Vector164
 .text.VectorC0
                0x0000000008005c20       0x30 /tmp/ccvotLH3.ltrans6.ltrans.o
                0x0000000008005c20                VectorC0
 .text.Vector160
                0x0000000008005c50       0x20 /tmp/ccvotLH3.ltrans6.ltrans.o
                0x0000000008005c50                Vector160
 .text.VectorBC
                0x0000000008005c70       0x20 /tmp/ccvotLH3.ltrans6.ltrans.o
                0x0000000008005c70                VectorBC
 .text.chSchWakeupS.constprop.48
                0x0000000008005c90       0x60 /tmp/ccvotLH3.ltrans6.ltrans.o
                0x0000000008005c90                chSchWakeupS.constprop.48
 .text.chMtxUnlock
                0x0000000008005cf0       0x60 /tmp/ccvotLH3.ltrans6.ltrans.o
                0x0000000008005cf0                chMtxUnlock
 .text.chTMStartMeasurementX.constprop.31
                0x0000000008005d50       0x10 /tmp/ccvotLH3.ltrans6.ltrans.o
                0x0000000008005d50                chTMStartMeasurementX.constprop.31
 .text.sdObjectInit.constprop.26
                0x0000000008005d60       0x70 /tmp/ccvotLH3.ltrans6.ltrans.o
                0x0000000008005d60                sdObjectInit.constprop.26
 .text.uStrInsertChar.constprop.3
                0x0000000008005dd0       0x40 /tmp/ccvotLH3.ltrans6.ltrans.o
                0x0000000008005dd0                uStrInsertChar.constprop.3
 .text.uStrPrependChar
                0x0000000008005e10       0x30 /tmp/ccvotLH3.ltrans6.ltrans.o
                0x0000000008005e10                uStrPrependChar
 .text.uStrCpy  0x0000000008005e40       0x30 /tmp/ccvotLH3.ltrans6.ltrans.o
                0x0000000008005e40                uStrCpy
 .text.chvprintf
                0x0000000008005e70      0x3a0 /tmp/ccvotLH3.ltrans6.ltrans.o
                0x0000000008005e70                chvprintf
 .text.chprintf.13294.constprop.13
                0x0000000008006210       0x30 /tmp/ccvotLH3.ltrans6.ltrans.o
                0x0000000008006210                chprintf.13294.constprop.13
 .text.I2CSensor_init
                0x0000000008006240       0x60 /tmp/ccvotLH3.ltrans6.ltrans.o
                0x0000000008006240                I2CSensor_init
 .text.chprintf.13613.constprop.12
                0x00000000080062a0       0x30 /tmp/ccvotLH3.ltrans6.ltrans.o
                0x00000000080062a0                chprintf.13613.constprop.12
 .text.chprintf.16092.constprop.1
                0x00000000080062d0       0x30 /tmp/ccvotLH3.ltrans6.ltrans.o
                0x00000000080062d0                chprintf.16092.constprop.1
 .text.chprintf.17387
                0x0000000008006300       0x20 /tmp/ccvotLH3.ltrans6.ltrans.o
                0x0000000008006300                chprintf.17387
 .text.chprintf.16751
                0x0000000008006320       0x20 /tmp/ccvotLH3.ltrans6.ltrans.o
                0x0000000008006320                chprintf.16751
 .text.chprintf.16393
                0x0000000008006340       0x20 /tmp/ccvotLH3.ltrans6.ltrans.o
                0x0000000008006340                chprintf.16393
 .text.chprintf.15658
                0x0000000008006360       0x20 /tmp/ccvotLH3.ltrans6.ltrans.o
                0x0000000008006360                chprintf.15658
 .text.get_ldnumber.12784
                0x0000000008006380       0x50 /tmp/ccvotLH3.ltrans6.ltrans.o
                0x0000000008006380                get_ldnumber.12784
 .text.usart_stop.12171
                0x00000000080063d0       0x50 /tmp/ccvotLH3.ltrans6.ltrans.o
                0x00000000080063d0                usart_stop.12171
 .text.spiUnselect
                0x0000000008006420       0x20 /tmp/ccvotLH3.ltrans6.ltrans.o
                0x0000000008006420                spiUnselect
 .text.spiSelect
                0x0000000008006440       0x20 /tmp/ccvotLH3.ltrans6.ltrans.o
                0x0000000008006440                spiSelect
 .text.spiStop  0x0000000008006460       0x50 /tmp/ccvotLH3.ltrans6.ltrans.o
                0x0000000008006460                spiStop
 .text.spiStart
                0x00000000080064b0       0xb0 /tmp/ccvotLH3.ltrans6.ltrans.o
                0x00000000080064b0                spiStart
 .text.beaconThread
                0x0000000008006560       0x40 /tmp/ccvotLH3.ltrans7.ltrans.o
                0x0000000008006560                beaconThread
 .text.i2cStart
                0x00000000080065a0      0x220 /tmp/ccvotLH3.ltrans7.ltrans.o
                0x00000000080065a0                i2cStart
 .text.follow_path.12857
                0x00000000080067c0      0x200 /tmp/ccvotLH3.ltrans7.ltrans.o
                0x00000000080067c0                follow_path.12857
 .text.f_open.4361
                0x00000000080069c0      0x230 /tmp/ccvotLH3.ltrans7.ltrans.o
 .text.openNewLogfile.part.0.17399
                0x0000000008006bf0       0xd0 /tmp/ccvotLH3.ltrans7.ltrans.o
                0x0000000008006bf0                openNewLogfile.part.0.17399
 .text.Reset_Handler
                0x0000000008006cc0      0x1c0 /tmp/ccvotLH3.ltrans8.ltrans.o
                0x0000000008006cc0                Reset_Handler
 .text.chThdExit
                0x0000000008006e80       0x50 /tmp/ccvotLH3.ltrans8.ltrans.o
                0x0000000008006e80                chThdExit
 .text.chSchDoReschedule
                0x0000000008006ed0       0x10 /tmp/ccvotLH3.ltrans8.ltrans.o
                0x0000000008006ed0                chSchDoReschedule
 .text.strcpy   0x0000000008006ee0       0xbc /usr/bin/../lib/gcc/arm-none-eabi/4.8.4/../../../../arm-none-eabi/lib/armv7e-m/fpu/libc.a(lib_a-strcpy.o)
                0x0000000008006ee0                strcpy
 *fill*         0x0000000008006f9c        0x4 
 .text.strlen   0x0000000008006fa0       0x60 /usr/bin/../lib/gcc/arm-none-eabi/4.8.4/../../../../arm-none-eabi/lib/armv7e-m/fpu/libc.a(lib_a-strlen.o)
                0x0000000008006fa0                strlen
 .text.strncmp  0x0000000008007000       0xb4 /usr/bin/../lib/gcc/arm-none-eabi/4.8.4/../../../../arm-none-eabi/lib/armv7e-m/fpu/libc.a(lib_a-strncmp.o)
                0x0000000008007000                strncmp
 *(.rodata)
 *fill*         0x00000000080070b4        0xc 
 .rodata        0x00000000080070c0       0x24 /tmp/ccvotLH3.ltrans4.ltrans.o
 *(.rodata.*)
 *fill*         0x00000000080070e4        0xc 
 .rodata._stm32_dma_streams
                0x00000000080070f0       0xc0 /tmp/ccvotLH3.ltrans0.ltrans.o
 .rodata.ch_debug
                0x00000000080071b0       0x18 /tmp/ccvotLH3.ltrans0.ltrans.o
 *fill*         0x00000000080071c8        0x8 
 .rodata.str1.4
                0x00000000080071d0      0x3a9 /tmp/ccvotLH3.ltrans0.ltrans.o
                                        0x3b4 (size before relaxing)
 *fill*         0x0000000008007579        0x7 
 .rodata.mmc_vmt.10007.5187
                0x0000000008007580       0x20 /tmp/ccvotLH3.ltrans0.ltrans.o
 .rodata.stopcmd.7715.10003.4653
                0x00000000080075a0        0x8 /tmp/ccvotLH3.ltrans1.ltrans.o
 *fill*         0x00000000080075a8        0x8 
 .rodata.vmt.10284
                0x00000000080075b0       0x20 /tmp/ccvotLH3.ltrans1.ltrans.o
                0x00000000080075b0                vmt.10284
 .rodata.crc7_lookup_table.10006.4624
                0x00000000080075d0      0x100 /tmp/ccvotLH3.ltrans1.ltrans.o
 .rodata.vmt.13154.4656
                0x00000000080076d0       0x10 /tmp/ccvotLH3.ltrans1.ltrans.o
 .rodata.start.7726.10005.4623
                0x00000000080076e0        0x4 /tmp/ccvotLH3.ltrans1.ltrans.o
 *fill*         0x00000000080076e4        0xc 
 .rodata.default_config.12051.4721
                0x00000000080076f0        0xc /tmp/ccvotLH3.ltrans3.ltrans.o
 *fill*         0x00000000080076fc        0x4 
 .rodata.str1.4
                0x0000000008007700       0x49 /tmp/ccvotLH3.ltrans3.ltrans.o
                                         0x4c (size before relaxing)
 *fill*         0x0000000008007749        0x7 
 .rodata.str1.4
                0x0000000008007750      0x241 /tmp/ccvotLH3.ltrans4.ltrans.o
                                        0x244 (size before relaxing)
 *fill*         0x0000000008007991        0xf 
 .rodata.analogGrp.15781.4821
                0x00000000080079a0       0x28 /tmp/ccvotLH3.ltrans4.ltrans.o
 *fill*         0x00000000080079c8        0x8 
 .rodata.ii2cCfg.15785.4826
                0x00000000080079d0        0xc /tmp/ccvotLH3.ltrans4.ltrans.o
 *fill*         0x00000000080079dc        0x4 
 .rodata.ei2cCfg.15784.4827
                0x00000000080079e0        0xc /tmp/ccvotLH3.ltrans4.ltrans.o
 *fill*         0x00000000080079ec        0x4 
 .rodata.stop.7732.10004
                0x00000000080079f0        0x4 /tmp/ccvotLH3.ltrans4.ltrans.o
                0x00000000080079f0                stop.7732.10004
 *fill*         0x00000000080079f4        0xc 
 .rodata.str1.4
                0x0000000008007a00        0x5 /tmp/ccvotLH3.ltrans5.ltrans.o
                                          0x8 (size before relaxing)
 *fill*         0x0000000008007a05        0xb 
 .rodata.pow10.13096.4752
                0x0000000008007a10       0x24 /tmp/ccvotLH3.ltrans6.ltrans.o
 *fill*         0x0000000008007a34        0xc 
 .rodata.str1.4
                0x0000000008007a40       0x1f /tmp/ccvotLH3.ltrans6.ltrans.o
                                         0x38 (size before relaxing)
 *fill*         0x0000000008007a5f        0x1 
 .rodata.str1.4
                0x0000000008007a60       0xec /tmp/ccvotLH3.ltrans7.ltrans.o
 *fill*         0x0000000008007b4c        0x4 
 .rodata.ExCvt.12997.4559
                0x0000000008007b50       0x80 /tmp/ccvotLH3.ltrans7.ltrans.o
 *(.glue_7t)
 .glue_7t       0x0000000000000000        0x0 linker stubs
 *(.glue_7)
 .glue_7        0x0000000000000000        0x0 linker stubs
 *(.gcc*)

.vfp11_veneer   0x0000000008007bd0        0x0
 .vfp11_veneer  0x0000000000000000        0x0 linker stubs

.v4_bx          0x0000000008007bd0        0x0
 .v4_bx         0x0000000000000000        0x0 linker stubs

.iplt           0x0000000008007bd0        0x0
 .iplt          0x0000000000000000        0x0 build/obj/chcoreasm_v7m.o

.rel.dyn        0x0000000008007bd0        0x0
 .rel.iplt      0x0000000000000000        0x0 build/obj/chcoreasm_v7m.o

.ARM.extab
 *(.ARM.extab* .gnu.linkonce.armextab.*)

.ARM.exidx      0x0000000008007bd0        0x0
                0x0000000008007bd0                PROVIDE (__exidx_start, .)
 *(.ARM.exidx* .gnu.linkonce.armexidx.*)
                0x0000000008007bd0                PROVIDE (__exidx_end, .)

.eh_frame_hdr
 *(.eh_frame_hdr)

.eh_frame
 *(.eh_frame)

.textalign      0x0000000008007bd0        0x0
                0x0000000008007bd0                . = ALIGN (0x8)
                0x0000000008007bd0                . = ALIGN (0x4)
                0x0000000008007bd0                _etext = .
                0x0000000008007bd0                _textdata = _etext

.stacks         0x0000000020000000     0x1400
                0x0000000020000000                . = ALIGN (0x8)
                0x0000000020000000                __main_stack_base__ = .
                0x0000000020000400                . = (. + __main_stack_size__)
 *fill*         0x0000000020000000      0x400 
                0x0000000020000400                . = ALIGN (0x8)
                0x0000000020000400                __main_stack_end__ = .
                0x0000000020000400                __process_stack_base__ = .
                0x0000000020000400                __main_thread_stack_base__ = .
                0x0000000020001400                . = (. + __process_stack_size__)
 *fill*         0x0000000020000400     0x1000 
                0x0000000020001400                . = ALIGN (0x8)
                0x0000000020001400                __process_stack_end__ = .
                0x0000000020001400                __main_thread_stack_end__ = .

.data           0x0000000020001400       0x60 load address 0x0000000008007bd0
                0x0000000020001400                . = ALIGN (0x4)
                0x0000000020001400                PROVIDE (_data, .)
 *(.data)
 *(.data.*)
 .data.serCfg.17599.5185
                0x0000000020001400        0xc /tmp/ccvotLH3.ltrans0.ltrans.o
 .data.xbeeSerCfg.15028.5188
                0x000000002000140c        0xc /tmp/ccvotLH3.ltrans0.ltrans.o
 .data.serGpsCfg.16178.5155
                0x0000000020001418       0x20 /tmp/ccvotLH3.ltrans0.ltrans.o
 .data.hsCfg.16531.5152
                0x0000000020001438        0xc /tmp/ccvotLH3.ltrans0.ltrans.o
 .data.lsCfg.16530.5151
                0x0000000020001444        0xc /tmp/ccvotLH3.ltrans0.ltrans.o
 .data.mmcCfg.16528.5149
                0x0000000020001450        0xc /tmp/ccvotLH3.ltrans0.ltrans.o
 .data.adcVperC.15786.4817
                0x000000002000145c        0x4 /tmp/ccvotLH3.ltrans4.ltrans.o
 *(.ramtext)
                0x0000000020001460                . = ALIGN (0x4)
                0x0000000020001460                PROVIDE (_edata, .)

.igot.plt       0x0000000020001460        0x0 load address 0x0000000008007c30
 .igot.plt      0x0000000000000000        0x0 build/obj/chcoreasm_v7m.o

.bss            0x0000000020001460     0x3150
                0x0000000020001460                . = ALIGN (0x4)
                0x0000000020001460                PROVIDE (_bss_start, .)
 *(.bss)
 *(.bss.*)
 .bss.serialPort.16532.5137
                0x0000000020001460        0x4 /tmp/ccvotLH3.ltrans0.ltrans.o
 .bss.nextmem.6820
                0x0000000020001464        0x4 /tmp/ccvotLH3.ltrans0.ltrans.o
                0x0000000020001464                nextmem.6820
 .bss.FS.16527.5186
                0x0000000020001468      0x230 /tmp/ccvotLH3.ltrans0.ltrans.o
 .bss.sd.17596.5146
                0x0000000020001698       0x10 /tmp/ccvotLH3.ltrans0.ltrans.o
 .bss.default_heap.6947.5265
                0x00000000200016a8       0x20 /tmp/ccvotLH3.ltrans0.ltrans.o
 .bss.SD2       0x00000000200016c8      0x458 /tmp/ccvotLH3.ltrans0.ltrans.o
                0x00000000200016c8                SD2
 .bss.waBeacon.17602.5174
                0x0000000020001b20      0x190 /tmp/ccvotLH3.ltrans0.ltrans.o
 .bss.dummytx.11757
                0x0000000020001cb0        0x2 /tmp/ccvotLH3.ltrans0.ltrans.o
                0x0000000020001cb0                dummytx.11757
 *fill*         0x0000000020001cb2        0x2 
 .bss.SD6       0x0000000020001cb4      0x458 /tmp/ccvotLH3.ltrans0.ltrans.o
                0x0000000020001cb4                SD6
 .bss.I2CD1     0x000000002000210c       0x38 /tmp/ccvotLH3.ltrans0.ltrans.o
                0x000000002000210c                I2CD1
 .bss.endmem.6822
                0x0000000020002144        0x4 /tmp/ccvotLH3.ltrans0.ltrans.o
                0x0000000020002144                endmem.6822
 .bss.SD.16533.5138
                0x0000000020002148        0x4 /tmp/ccvotLH3.ltrans0.ltrans.o
 *fill*         0x000000002000214c        0x4 
 .bss._idle_thread_wa.4385.5264
                0x0000000020002150      0x160 /tmp/ccvotLH3.ltrans0.ltrans.o
 .bss.masterSample.17601.5141
                0x00000000200022b0       0x98 /tmp/ccvotLH3.ltrans0.ltrans.o
 .bss.dma_isr_redir.10833
                0x0000000020002348       0x80 /tmp/ccvotLH3.ltrans0.ltrans.o
                0x0000000020002348                dma_isr_redir.10833
 .bss.dma_streams_mask.10838
                0x00000000200023c8        0x4 /tmp/ccvotLH3.ltrans0.ltrans.o
                0x00000000200023c8                dma_streams_mask.10838
 .bss.GPS.16179
                0x00000000200023cc      0x140 /tmp/ccvotLH3.ltrans0.ltrans.o
                0x00000000200023cc                GPS.16179
 .bss.SPID3     0x000000002000250c       0x30 /tmp/ccvotLH3.ltrans0.ltrans.o
                0x000000002000250c                SPID3
 .bss.ADCD1     0x000000002000253c       0x34 /tmp/ccvotLH3.ltrans0.ltrans.o
                0x000000002000253c                ADCD1
 .bss.dataPrintBuf.15346.5175
                0x0000000020002570      0x300 /tmp/ccvotLH3.ltrans0.ltrans.o
 .bss.waSensor.17603.5173
                0x0000000020002870     0x1150 /tmp/ccvotLH3.ltrans0.ltrans.o
 .bss.sensorLog.17590
                0x00000000200039c0       0x18 /tmp/ccvotLH3.ltrans0.ltrans.o
                0x00000000200039c0                sensorLog.17590
 .bss.waGps.17604.5171
                0x00000000200039d8      0x658 /tmp/ccvotLH3.ltrans0.ltrans.o
 .bss.logger.17591
                0x0000000020004030       0x10 /tmp/ccvotLH3.ltrans0.ltrans.o
                0x0000000020004030                logger.17591
 .bss.lfNum.17605
                0x0000000020004040        0x2 /tmp/ccvotLH3.ltrans0.ltrans.o
                0x0000000020004040                lfNum.17605
 *fill*         0x0000000020004042        0x2 
 .bss.MMCD1     0x0000000020004044       0x34 /tmp/ccvotLH3.ltrans0.ltrans.o
                0x0000000020004044                MMCD1
 .bss.xbee.17598.5153
                0x0000000020004078        0x8 /tmp/ccvotLH3.ltrans0.ltrans.o
 .bss.mainthread.6320.4386.5156
                0x0000000020004080       0x44 /tmp/ccvotLH3.ltrans0.ltrans.o
 .bss.I2CD3     0x00000000200040c4       0x38 /tmp/ccvotLH3.ltrans0.ltrans.o
                0x00000000200040c4                I2CD3
 .bss.DEBUG.16924
                0x00000000200040fc        0x4 /tmp/ccvotLH3.ltrans0.ltrans.o
                0x00000000200040fc                DEBUG.16924
 .bss.UARTD1    0x0000000020004100       0x1c /tmp/ccvotLH3.ltrans0.ltrans.o
                0x0000000020004100                UARTD1
 .bss.dummyrx.11759.4654
                0x000000002000411c        0x2 /tmp/ccvotLH3.ltrans1.ltrans.o
 *fill*         0x000000002000411e        0x2 
 .bss.FatFs.12998.4375
                0x0000000020004120        0x4 /tmp/ccvotLH3.ltrans2.ltrans.o
 .bss.Fsid.12999.4376
                0x0000000020004124        0x2 /tmp/ccvotLH3.ltrans2.ltrans.o
 *fill*         0x0000000020004126        0x2 
 .bss.gpsSem    0x0000000020004128        0xc /tmp/ccvotLH3.ltrans3.ltrans.o
                0x0000000020004128                gpsSem
 .bss.errors.13409.4677
                0x0000000020004134        0x4 /tmp/ccvotLH3.ltrans3.ltrans.o
 .bss.tokBuf.16180
                0x0000000020004138       0x14 /tmp/ccvotLH3.ltrans3.ltrans.o
                0x0000000020004138                tokBuf.16180
 .bss.sensCount.13672.4812
                0x000000002000414c        0x1 /tmp/ccvotLH3.ltrans4.ltrans.o
 *fill*         0x000000002000414d        0x3 
 .bss.analogSamples.15788.4828
                0x0000000020004150      0x200 /tmp/ccvotLH3.ltrans4.ltrans.o
 .bss.sensCount.14060.4814
                0x0000000020004350        0x1 /tmp/ccvotLH3.ltrans4.ltrans.o
 .bss.sensCount.14818.4816
                0x0000000020004351        0x1 /tmp/ccvotLH3.ltrans4.ltrans.o
 .bss.sensCount.14416.4815
                0x0000000020004352        0x1 /tmp/ccvotLH3.ltrans4.ltrans.o
 .bss.activeAnalogCh.15787.4818
                0x0000000020004353        0x1 /tmp/ccvotLH3.ltrans4.ltrans.o
 .bss.sensCount.13874.4813
                0x0000000020004354        0x1 /tmp/ccvotLH3.ltrans4.ltrans.o
 *fill*         0x0000000020004355        0x3 
 .bss.lFile.4554
                0x0000000020004358      0x224 /tmp/ccvotLH3.ltrans7.ltrans.o
 .bss.ch        0x000000002000457c       0x34 /tmp/ccvotLH3.ltrans8.ltrans.o
                0x000000002000457c                ch
 *(COMMON)
                0x00000000200045b0                . = ALIGN (0x4)
                0x00000000200045b0                PROVIDE (_bss_end, .)
                0x00000000200045b0                PROVIDE (end, .)
                0x00000000200045b0                _end = .
                0x00000000200045b0                __heap_base__ = _end
                0x0000000020010000                __heap_end__ = __ram_end__
                0x0000000000001000                __process_stack_size__ = 0x1000
                0x0000000000000400                __main_stack_size__ = 0x400
START GROUP
LOAD /usr/bin/../lib/gcc/arm-none-eabi/4.8.4/armv7e-m/fpu/libgcc.a
LOAD /usr/bin/../lib/gcc/arm-none-eabi/4.8.4/../../../../arm-none-eabi/lib/armv7e-m/fpu/libc.a
END GROUP
OUTPUT(build/stribog.elf elf32-littlearm)

.ARM.attributes
                0x0000000000000000       0x35
 .ARM.attributes
                0x0000000000000000       0x25 build/obj/chcoreasm_v7m.o
 .ARM.attributes
                0x0000000000000025       0x37 /tmp/ccvotLH3.ltrans0.ltrans.o
 .ARM.attributes
                0x000000000000005c       0x37 /tmp/ccvotLH3.ltrans1.ltrans.o
 .ARM.attributes
                0x0000000000000093       0x37 /tmp/ccvotLH3.ltrans2.ltrans.o
 .ARM.attributes
                0x00000000000000ca       0x37 /tmp/ccvotLH3.ltrans3.ltrans.o
 .ARM.attributes
                0x0000000000000101       0x37 /tmp/ccvotLH3.ltrans4.ltrans.o
 .ARM.attributes
                0x0000000000000138       0x37 /tmp/ccvotLH3.ltrans5.ltrans.o
 .ARM.attributes
                0x000000000000016f       0x37 /tmp/ccvotLH3.ltrans6.ltrans.o
 .ARM.attributes
                0x00000000000001a6       0x37 /tmp/ccvotLH3.ltrans7.ltrans.o
 .ARM.attributes
                0x00000000000001dd       0x37 /tmp/ccvotLH3.ltrans8.ltrans.o
 .ARM.attributes
                0x0000000000000214       0x22 /usr/bin/../lib/gcc/arm-none-eabi/4.8.4/armv7e-m/fpu/libgcc.a(_arm_addsubdf3.o)
 .ARM.attributes
                0x0000000000000236       0x22 /usr/bin/../lib/gcc/arm-none-eabi/4.8.4/armv7e-m/fpu/libgcc.a(_arm_muldivdf3.o)
 .ARM.attributes
                0x0000000000000258       0x22 /usr/bin/../lib/gcc/arm-none-eabi/4.8.4/armv7e-m/fpu/libgcc.a(_arm_fixdfsi.o)
 .ARM.attributes
                0x000000000000027a       0x22 /usr/bin/../lib/gcc/arm-none-eabi/4.8.4/armv7e-m/fpu/libgcc.a(_arm_truncdfsf2.o)
 .ARM.attributes
                0x000000000000029c       0x20 /usr/bin/../lib/gcc/arm-none-eabi/4.8.4/../../../../arm-none-eabi/lib/armv7e-m/fpu/libc.a(lib_a-memcpy.o)
 .ARM.attributes
                0x00000000000002bc       0x34 /usr/bin/../lib/gcc/arm-none-eabi/4.8.4/../../../../arm-none-eabi/lib/armv7e-m/fpu/libc.a(lib_a-strcpy.o)
 .ARM.attributes
                0x00000000000002f0       0x34 /usr/bin/../lib/gcc/arm-none-eabi/4.8.4/../../../../arm-none-eabi/lib/armv7e-m/fpu/libc.a(lib_a-strlen.o)
 .ARM.attributes
                0x0000000000000324       0x34 /usr/bin/../lib/gcc/arm-none-eabi/4.8.4/../../../../arm-none-eabi/lib/armv7e-m/fpu/libc.a(lib_a-strncmp.o)

.comment        0x0000000000000000       0x70
 .comment       0x0000000000000000       0x70 /tmp/ccvotLH3.ltrans0.ltrans.o
                                         0x71 (size before relaxing)
 .comment       0x0000000000000000       0x71 /tmp/ccvotLH3.ltrans1.ltrans.o
 .comment       0x0000000000000000       0x71 /tmp/ccvotLH3.ltrans2.ltrans.o
 .comment       0x0000000000000000       0x71 /tmp/ccvotLH3.ltrans3.ltrans.o
 .comment       0x0000000000000000       0x71 /tmp/ccvotLH3.ltrans4.ltrans.o
 .comment       0x0000000000000000       0x71 /tmp/ccvotLH3.ltrans5.ltrans.o
 .comment       0x0000000000000000       0x71 /tmp/ccvotLH3.ltrans6.ltrans.o
 .comment       0x0000000000000000       0x71 /tmp/ccvotLH3.ltrans7.ltrans.o
 .comment       0x0000000000000000       0x71 /tmp/ccvotLH3.ltrans8.ltrans.o

.debug_frame    0x0000000000000000       0x68
 .debug_frame   0x0000000000000000       0x20 /usr/bin/../lib/gcc/arm-none-eabi/4.8.4/../../../../arm-none-eabi/lib/armv7e-m/fpu/libc.a(lib_a-strcpy.o)
 .debug_frame   0x0000000000000020       0x20 /usr/bin/../lib/gcc/arm-none-eabi/4.8.4/../../../../arm-none-eabi/lib/armv7e-m/fpu/libc.a(lib_a-strlen.o)
 .debug_frame   0x0000000000000040       0x28 /usr/bin/../lib/gcc/arm-none-eabi/4.8.4/../../../../arm-none-eabi/lib/armv7e-m/fpu/libc.a(lib_a-strncmp.o)

Cross Reference Table

Symbol                                            File
ADCD1                                             /tmp/ccvotLH3.ltrans0.ltrans.o
                                                  /tmp/ccvotLH3.ltrans5.ltrans.o
                                                  /tmp/ccvotLH3.ltrans4.ltrans.o
BusFault_Handler                                  /tmp/ccvotLH3.ltrans5.ltrans.o
                                                  /tmp/ccvotLH3.ltrans8.ltrans.o
DEBUG.16924                                       /tmp/ccvotLH3.ltrans0.ltrans.o
                                                  /tmp/ccvotLH3.ltrans7.ltrans.o
DebugMon_Handler                                  /tmp/ccvotLH3.ltrans5.ltrans.o
                                                  /tmp/ccvotLH3.ltrans8.ltrans.o
GPS.16179                                         /tmp/ccvotLH3.ltrans0.ltrans.o
                                                  /tmp/ccvotLH3.ltrans6.ltrans.o
                                                  /tmp/ccvotLH3.ltrans3.ltrans.o
HardFault_Handler                                 /tmp/ccvotLH3.ltrans5.ltrans.o
                                                  /tmp/ccvotLH3.ltrans8.ltrans.o
I2CD1                                             /tmp/ccvotLH3.ltrans0.ltrans.o
                                                  /tmp/ccvotLH3.ltrans7.ltrans.o
                                                  /tmp/ccvotLH3.ltrans6.ltrans.o
                                                  /tmp/ccvotLH3.ltrans4.ltrans.o
I2CD3                                             /tmp/ccvotLH3.ltrans0.ltrans.o
                                                  /tmp/ccvotLH3.ltrans7.ltrans.o
                                                  /tmp/ccvotLH3.ltrans6.ltrans.o
                                                  /tmp/ccvotLH3.ltrans4.ltrans.o
I2CSensor_init                                    /tmp/ccvotLH3.ltrans6.ltrans.o
                                                  /tmp/ccvotLH3.ltrans4.ltrans.o
I2CSensor_transact                                /tmp/ccvotLH3.ltrans3.ltrans.o
                                                  /tmp/ccvotLH3.ltrans4.ltrans.o
I2CSensor_transact_buf                            /tmp/ccvotLH3.ltrans3.ltrans.o
                                                  /tmp/ccvotLH3.ltrans4.ltrans.o
MMCD1                                             /tmp/ccvotLH3.ltrans0.ltrans.o
                                                  /tmp/ccvotLH3.ltrans2.ltrans.o
                                                  /tmp/ccvotLH3.ltrans1.ltrans.o
MemManage_Handler                                 /tmp/ccvotLH3.ltrans5.ltrans.o
                                                  /tmp/ccvotLH3.ltrans8.ltrans.o
NMI_Handler                                       /tmp/ccvotLH3.ltrans5.ltrans.o
                                                  /tmp/ccvotLH3.ltrans8.ltrans.o
PendSV_Handler                                    /tmp/ccvotLH3.ltrans5.ltrans.o
                                                  /tmp/ccvotLH3.ltrans8.ltrans.o
Reset_Handler                                     /tmp/ccvotLH3.ltrans8.ltrans.o
SD2                                               /tmp/ccvotLH3.ltrans0.ltrans.o
                                                  /tmp/ccvotLH3.ltrans4.ltrans.o
                                                  /tmp/ccvotLH3.ltrans3.ltrans.o
SD6                                               /tmp/ccvotLH3.ltrans0.ltrans.o
                                                  /tmp/ccvotLH3.ltrans7.ltrans.o
                                                  /tmp/ccvotLH3.ltrans6.ltrans.o
                                                  /tmp/ccvotLH3.ltrans4.ltrans.o
                                                  /tmp/ccvotLH3.ltrans3.ltrans.o
SPID3                                             /tmp/ccvotLH3.ltrans0.ltrans.o
                                                  /tmp/ccvotLH3.ltrans6.ltrans.o
SVC_Handler                                       /tmp/ccvotLH3.ltrans5.ltrans.o
                                                  /tmp/ccvotLH3.ltrans8.ltrans.o
SysTick_Handler                                   /tmp/ccvotLH3.ltrans5.ltrans.o
                                                  /tmp/ccvotLH3.ltrans8.ltrans.o
UARTD1                                            /tmp/ccvotLH3.ltrans0.ltrans.o
                                                  /tmp/ccvotLH3.ltrans6.ltrans.o
                                                  /tmp/ccvotLH3.ltrans3.ltrans.o
UsageFault_Handler                                /tmp/ccvotLH3.ltrans5.ltrans.o
                                                  /tmp/ccvotLH3.ltrans8.ltrans.o
Vector100                                         /tmp/ccvotLH3.ltrans5.ltrans.o
                                                  /tmp/ccvotLH3.ltrans8.ltrans.o
Vector104                                         /tmp/ccvotLH3.ltrans5.ltrans.o
                                                  /tmp/ccvotLH3.ltrans8.ltrans.o
Vector108                                         /tmp/ccvotLH3.ltrans5.ltrans.o
                                                  /tmp/ccvotLH3.ltrans8.ltrans.o
Vector10C                                         /tmp/ccvotLH3.ltrans5.ltrans.o
                                                  /tmp/ccvotLH3.ltrans8.ltrans.o
Vector110                                         /tmp/ccvotLH3.ltrans5.ltrans.o
                                                  /tmp/ccvotLH3.ltrans8.ltrans.o
Vector114                                         /tmp/ccvotLH3.ltrans5.ltrans.o
                                                  /tmp/ccvotLH3.ltrans8.ltrans.o
Vector118                                         /tmp/ccvotLH3.ltrans5.ltrans.o
                                                  /tmp/ccvotLH3.ltrans8.ltrans.o
Vector11C                                         /tmp/ccvotLH3.ltrans5.ltrans.o
                                                  /tmp/ccvotLH3.ltrans8.ltrans.o
Vector120                                         /tmp/ccvotLH3.ltrans5.ltrans.o
                                                  /tmp/ccvotLH3.ltrans8.ltrans.o
Vector124                                         /tmp/ccvotLH3.ltrans5.ltrans.o
                                                  /tmp/ccvotLH3.ltrans8.ltrans.o
Vector128                                         /tmp/ccvotLH3.ltrans5.ltrans.o
                                                  /tmp/ccvotLH3.ltrans8.ltrans.o
Vector12C                                         /tmp/ccvotLH3.ltrans5.ltrans.o
                                                  /tmp/ccvotLH3.ltrans8.ltrans.o
Vector130                                         /tmp/ccvotLH3.ltrans5.ltrans.o
                                                  /tmp/ccvotLH3.ltrans8.ltrans.o
Vector134                                         /tmp/ccvotLH3.ltrans5.ltrans.o
                                                  /tmp/ccvotLH3.ltrans8.ltrans.o
Vector138                                         /tmp/ccvotLH3.ltrans5.ltrans.o
                                                  /tmp/ccvotLH3.ltrans8.ltrans.o
Vector13C                                         /tmp/ccvotLH3.ltrans5.ltrans.o
                                                  /tmp/ccvotLH3.ltrans8.ltrans.o
Vector140                                         /tmp/ccvotLH3.ltrans5.ltrans.o
                                                  /tmp/ccvotLH3.ltrans8.ltrans.o
Vector144                                         /tmp/ccvotLH3.ltrans5.ltrans.o
                                                  /tmp/ccvotLH3.ltrans8.ltrans.o
Vector148                                         /tmp/ccvotLH3.ltrans5.ltrans.o
                                                  /tmp/ccvotLH3.ltrans8.ltrans.o
Vector14C                                         /tmp/ccvotLH3.ltrans5.ltrans.o
                                                  /tmp/ccvotLH3.ltrans8.ltrans.o
Vector150                                         /tmp/ccvotLH3.ltrans5.ltrans.o
                                                  /tmp/ccvotLH3.ltrans8.ltrans.o
Vector154                                         /tmp/ccvotLH3.ltrans5.ltrans.o
                                                  /tmp/ccvotLH3.ltrans8.ltrans.o
Vector158                                         /tmp/ccvotLH3.ltrans5.ltrans.o
                                                  /tmp/ccvotLH3.ltrans8.ltrans.o
Vector15C                                         /tmp/ccvotLH3.ltrans4.ltrans.o
                                                  /tmp/ccvotLH3.ltrans8.ltrans.o
Vector160                                         /tmp/ccvotLH3.ltrans6.ltrans.o
                                                  /tmp/ccvotLH3.ltrans8.ltrans.o
Vector164                                         /tmp/ccvotLH3.ltrans6.ltrans.o
                                                  /tmp/ccvotLH3.ltrans8.ltrans.o
Vector168                                         /tmp/ccvotLH3.ltrans5.ltrans.o
                                                  /tmp/ccvotLH3.ltrans8.ltrans.o
Vector16C                                         /tmp/ccvotLH3.ltrans5.ltrans.o
                                                  /tmp/ccvotLH3.ltrans8.ltrans.o
Vector170                                         /tmp/ccvotLH3.ltrans5.ltrans.o
                                                  /tmp/ccvotLH3.ltrans8.ltrans.o
Vector174                                         /tmp/ccvotLH3.ltrans5.ltrans.o
                                                  /tmp/ccvotLH3.ltrans8.ltrans.o
Vector178                                         /tmp/ccvotLH3.ltrans5.ltrans.o
                                                  /tmp/ccvotLH3.ltrans8.ltrans.o
Vector17C                                         /tmp/ccvotLH3.ltrans5.ltrans.o
                                                  /tmp/ccvotLH3.ltrans8.ltrans.o
Vector180                                         /tmp/ccvotLH3.ltrans5.ltrans.o
                                                  /tmp/ccvotLH3.ltrans8.ltrans.o
Vector184                                         /tmp/ccvotLH3.ltrans5.ltrans.o
                                                  /tmp/ccvotLH3.ltrans8.ltrans.o
Vector188                                         /tmp/ccvotLH3.ltrans5.ltrans.o
                                                  /tmp/ccvotLH3.ltrans8.ltrans.o
Vector18C                                         /tmp/ccvotLH3.ltrans5.ltrans.o
                                                  /tmp/ccvotLH3.ltrans8.ltrans.o
Vector190                                         /tmp/ccvotLH3.ltrans5.ltrans.o
                                                  /tmp/ccvotLH3.ltrans8.ltrans.o
Vector194                                         /tmp/ccvotLH3.ltrans5.ltrans.o
                                                  /tmp/ccvotLH3.ltrans8.ltrans.o
Vector198                                         /tmp/ccvotLH3.ltrans5.ltrans.o
                                                  /tmp/ccvotLH3.ltrans8.ltrans.o
Vector19C                                         /tmp/ccvotLH3.ltrans5.ltrans.o
                                                  /tmp/ccvotLH3.ltrans8.ltrans.o
Vector1A0                                         /tmp/ccvotLH3.ltrans5.ltrans.o
                                                  /tmp/ccvotLH3.ltrans8.ltrans.o
Vector1A4                                         /tmp/ccvotLH3.ltrans5.ltrans.o
                                                  /tmp/ccvotLH3.ltrans8.ltrans.o
Vector1A8                                         /tmp/ccvotLH3.ltrans5.ltrans.o
                                                  /tmp/ccvotLH3.ltrans8.ltrans.o
Vector1AC                                         /tmp/ccvotLH3.ltrans5.ltrans.o
                                                  /tmp/ccvotLH3.ltrans8.ltrans.o
Vector1B0                                         /tmp/ccvotLH3.ltrans5.ltrans.o
                                                  /tmp/ccvotLH3.ltrans8.ltrans.o
Vector1B4                                         /tmp/ccvotLH3.ltrans5.ltrans.o
                                                  /tmp/ccvotLH3.ltrans8.ltrans.o
Vector1B8                                         /tmp/ccvotLH3.ltrans5.ltrans.o
                                                  /tmp/ccvotLH3.ltrans8.ltrans.o
Vector1BC                                         /tmp/ccvotLH3.ltrans5.ltrans.o
                                                  /tmp/ccvotLH3.ltrans8.ltrans.o
Vector1C                                          /tmp/ccvotLH3.ltrans5.ltrans.o
                                                  /tmp/ccvotLH3.ltrans8.ltrans.o
Vector20                                          /tmp/ccvotLH3.ltrans5.ltrans.o
                                                  /tmp/ccvotLH3.ltrans8.ltrans.o
Vector24                                          /tmp/ccvotLH3.ltrans5.ltrans.o
                                                  /tmp/ccvotLH3.ltrans8.ltrans.o
Vector28                                          /tmp/ccvotLH3.ltrans5.ltrans.o
                                                  /tmp/ccvotLH3.ltrans8.ltrans.o
Vector34                                          /tmp/ccvotLH3.ltrans5.ltrans.o
                                                  /tmp/ccvotLH3.ltrans8.ltrans.o
Vector40                                          /tmp/ccvotLH3.ltrans5.ltrans.o
                                                  /tmp/ccvotLH3.ltrans8.ltrans.o
Vector44                                          /tmp/ccvotLH3.ltrans5.ltrans.o
                                                  /tmp/ccvotLH3.ltrans8.ltrans.o
Vector48                                          /tmp/ccvotLH3.ltrans5.ltrans.o
                                                  /tmp/ccvotLH3.ltrans8.ltrans.o
Vector4C                                          /tmp/ccvotLH3.ltrans5.ltrans.o
                                                  /tmp/ccvotLH3.ltrans8.ltrans.o
Vector50                                          /tmp/ccvotLH3.ltrans5.ltrans.o
                                                  /tmp/ccvotLH3.ltrans8.ltrans.o
Vector54                                          /tmp/ccvotLH3.ltrans5.ltrans.o
                                                  /tmp/ccvotLH3.ltrans8.ltrans.o
Vector58                                          /tmp/ccvotLH3.ltrans5.ltrans.o
                                                  /tmp/ccvotLH3.ltrans8.ltrans.o
Vector5C                                          /tmp/ccvotLH3.ltrans5.ltrans.o
                                                  /tmp/ccvotLH3.ltrans8.ltrans.o
Vector60                                          /tmp/ccvotLH3.ltrans5.ltrans.o
                                                  /tmp/ccvotLH3.ltrans8.ltrans.o
Vector64                                          /tmp/ccvotLH3.ltrans5.ltrans.o
                                                  /tmp/ccvotLH3.ltrans8.ltrans.o
Vector68                                          /tmp/ccvotLH3.ltrans5.ltrans.o
                                                  /tmp/ccvotLH3.ltrans8.ltrans.o
Vector6C                                          /tmp/ccvotLH3.ltrans5.ltrans.o
                                                  /tmp/ccvotLH3.ltrans8.ltrans.o
Vector70                                          /tmp/ccvotLH3.ltrans5.ltrans.o
                                                  /tmp/ccvotLH3.ltrans8.ltrans.o
Vector74                                          /tmp/ccvotLH3.ltrans5.ltrans.o
                                                  /tmp/ccvotLH3.ltrans8.ltrans.o
Vector78                                          /tmp/ccvotLH3.ltrans5.ltrans.o
                                                  /tmp/ccvotLH3.ltrans8.ltrans.o
Vector7C                                          /tmp/ccvotLH3.ltrans5.ltrans.o
                                                  /tmp/ccvotLH3.ltrans8.ltrans.o
Vector80                                          /tmp/ccvotLH3.ltrans5.ltrans.o
                                                  /tmp/ccvotLH3.ltrans8.ltrans.o
Vector84                                          /tmp/ccvotLH3.ltrans5.ltrans.o
                                                  /tmp/ccvotLH3.ltrans8.ltrans.o
Vector88                                          /tmp/ccvotLH3.ltrans5.ltrans.o
                                                  /tmp/ccvotLH3.ltrans8.ltrans.o
Vector8C                                          /tmp/ccvotLH3.ltrans5.ltrans.o
                                                  /tmp/ccvotLH3.ltrans8.ltrans.o
Vector90                                          /tmp/ccvotLH3.ltrans5.ltrans.o
                                                  /tmp/ccvotLH3.ltrans8.ltrans.o
Vector94                                          /tmp/ccvotLH3.ltrans5.ltrans.o
                                                  /tmp/ccvotLH3.ltrans8.ltrans.o
Vector98                                          /tmp/ccvotLH3.ltrans5.ltrans.o
                                                  /tmp/ccvotLH3.ltrans8.ltrans.o
Vector9C                                          /tmp/ccvotLH3.ltrans5.ltrans.o
                                                  /tmp/ccvotLH3.ltrans8.ltrans.o
VectorA0                                          /tmp/ccvotLH3.ltrans5.ltrans.o
                                                  /tmp/ccvotLH3.ltrans8.ltrans.o
VectorA4                                          /tmp/ccvotLH3.ltrans5.ltrans.o
                                                  /tmp/ccvotLH3.ltrans8.ltrans.o
VectorA8                                          /tmp/ccvotLH3.ltrans5.ltrans.o
                                                  /tmp/ccvotLH3.ltrans8.ltrans.o
VectorAC                                          /tmp/ccvotLH3.ltrans5.ltrans.o
                                                  /tmp/ccvotLH3.ltrans8.ltrans.o
VectorB0                                          /tmp/ccvotLH3.ltrans1.ltrans.o
                                                  /tmp/ccvotLH3.ltrans8.ltrans.o
VectorB4                                          /tmp/ccvotLH3.ltrans5.ltrans.o
                                                  /tmp/ccvotLH3.ltrans8.ltrans.o
VectorB8                                          /tmp/ccvotLH3.ltrans5.ltrans.o
                                                  /tmp/ccvotLH3.ltrans8.ltrans.o
VectorBC                                          /tmp/ccvotLH3.ltrans6.ltrans.o
                                                  /tmp/ccvotLH3.ltrans8.ltrans.o
VectorC0                                          /tmp/ccvotLH3.ltrans6.ltrans.o
                                                  /tmp/ccvotLH3.ltrans8.ltrans.o
VectorC4                                          /tmp/ccvotLH3.ltrans5.ltrans.o
                                                  /tmp/ccvotLH3.ltrans8.ltrans.o
VectorC8                                          /tmp/ccvotLH3.ltrans5.ltrans.o
                                                  /tmp/ccvotLH3.ltrans8.ltrans.o
VectorCC                                          /tmp/ccvotLH3.ltrans5.ltrans.o
                                                  /tmp/ccvotLH3.ltrans8.ltrans.o
VectorD0                                          /tmp/ccvotLH3.ltrans5.ltrans.o
                                                  /tmp/ccvotLH3.ltrans8.ltrans.o
VectorD4                                          /tmp/ccvotLH3.ltrans6.ltrans.o
                                                  /tmp/ccvotLH3.ltrans8.ltrans.o
VectorD8                                          /tmp/ccvotLH3.ltrans4.ltrans.o
                                                  /tmp/ccvotLH3.ltrans8.ltrans.o
VectorDC                                          /tmp/ccvotLH3.ltrans5.ltrans.o
                                                  /tmp/ccvotLH3.ltrans8.ltrans.o
VectorE0                                          /tmp/ccvotLH3.ltrans5.ltrans.o
                                                  /tmp/ccvotLH3.ltrans8.ltrans.o
VectorE4                                          /tmp/ccvotLH3.ltrans5.ltrans.o
                                                  /tmp/ccvotLH3.ltrans8.ltrans.o
VectorE8                                          /tmp/ccvotLH3.ltrans5.ltrans.o
                                                  /tmp/ccvotLH3.ltrans8.ltrans.o
VectorEC                                          /tmp/ccvotLH3.ltrans5.ltrans.o
                                                  /tmp/ccvotLH3.ltrans8.ltrans.o
VectorF0                                          /tmp/ccvotLH3.ltrans5.ltrans.o
                                                  /tmp/ccvotLH3.ltrans8.ltrans.o
VectorF4                                          /tmp/ccvotLH3.ltrans5.ltrans.o
                                                  /tmp/ccvotLH3.ltrans8.ltrans.o
VectorF8                                          /tmp/ccvotLH3.ltrans5.ltrans.o
                                                  /tmp/ccvotLH3.ltrans8.ltrans.o
VectorFC                                          /tmp/ccvotLH3.ltrans5.ltrans.o
                                                  /tmp/ccvotLH3.ltrans8.ltrans.o
__adddf3                                          /usr/bin/../lib/gcc/arm-none-eabi/4.8.4/armv7e-m/fpu/libgcc.a(_arm_addsubdf3.o)
__aeabi_d2f                                       /usr/bin/../lib/gcc/arm-none-eabi/4.8.4/armv7e-m/fpu/libgcc.a(_arm_truncdfsf2.o)
                                                  /tmp/ccvotLH3.ltrans6.ltrans.o
__aeabi_d2iz                                      /usr/bin/../lib/gcc/arm-none-eabi/4.8.4/armv7e-m/fpu/libgcc.a(_arm_fixdfsi.o)
                                                  /tmp/ccvotLH3.ltrans6.ltrans.o
__aeabi_dadd                                      /usr/bin/../lib/gcc/arm-none-eabi/4.8.4/armv7e-m/fpu/libgcc.a(_arm_addsubdf3.o)
__aeabi_ddiv                                      /usr/bin/../lib/gcc/arm-none-eabi/4.8.4/armv7e-m/fpu/libgcc.a(_arm_muldivdf3.o)
__aeabi_dmul                                      /usr/bin/../lib/gcc/arm-none-eabi/4.8.4/armv7e-m/fpu/libgcc.a(_arm_muldivdf3.o)
                                                  /tmp/ccvotLH3.ltrans6.ltrans.o
__aeabi_drsub                                     /usr/bin/../lib/gcc/arm-none-eabi/4.8.4/armv7e-m/fpu/libgcc.a(_arm_addsubdf3.o)
__aeabi_dsub                                      /usr/bin/../lib/gcc/arm-none-eabi/4.8.4/armv7e-m/fpu/libgcc.a(_arm_addsubdf3.o)
                                                  /tmp/ccvotLH3.ltrans6.ltrans.o
__aeabi_f2d                                       /usr/bin/../lib/gcc/arm-none-eabi/4.8.4/armv7e-m/fpu/libgcc.a(_arm_addsubdf3.o)
                                                  /tmp/ccvotLH3.ltrans6.ltrans.o
                                                  /tmp/ccvotLH3.ltrans4.ltrans.o
                                                  /tmp/ccvotLH3.ltrans0.ltrans.o
__aeabi_i2d                                       /usr/bin/../lib/gcc/arm-none-eabi/4.8.4/armv7e-m/fpu/libgcc.a(_arm_addsubdf3.o)
                                                  /tmp/ccvotLH3.ltrans6.ltrans.o
__aeabi_l2d                                       /usr/bin/../lib/gcc/arm-none-eabi/4.8.4/armv7e-m/fpu/libgcc.a(_arm_addsubdf3.o)
__aeabi_ui2d                                      /usr/bin/../lib/gcc/arm-none-eabi/4.8.4/armv7e-m/fpu/libgcc.a(_arm_addsubdf3.o)
                                                  /tmp/ccvotLH3.ltrans6.ltrans.o
__aeabi_ul2d                                      /usr/bin/../lib/gcc/arm-none-eabi/4.8.4/armv7e-m/fpu/libgcc.a(_arm_addsubdf3.o)
__divdf3                                          /usr/bin/../lib/gcc/arm-none-eabi/4.8.4/armv7e-m/fpu/libgcc.a(_arm_muldivdf3.o)
__extendsfdf2                                     /usr/bin/../lib/gcc/arm-none-eabi/4.8.4/armv7e-m/fpu/libgcc.a(_arm_addsubdf3.o)
__fixdfsi                                         /usr/bin/../lib/gcc/arm-none-eabi/4.8.4/armv7e-m/fpu/libgcc.a(_arm_fixdfsi.o)
__floatdidf                                       /usr/bin/../lib/gcc/arm-none-eabi/4.8.4/armv7e-m/fpu/libgcc.a(_arm_addsubdf3.o)
__floatsidf                                       /usr/bin/../lib/gcc/arm-none-eabi/4.8.4/armv7e-m/fpu/libgcc.a(_arm_addsubdf3.o)
__floatundidf                                     /usr/bin/../lib/gcc/arm-none-eabi/4.8.4/armv7e-m/fpu/libgcc.a(_arm_addsubdf3.o)
__floatunsidf                                     /usr/bin/../lib/gcc/arm-none-eabi/4.8.4/armv7e-m/fpu/libgcc.a(_arm_addsubdf3.o)
__heap_base__                                     /tmp/ccvotLH3.ltrans0.ltrans.o
__heap_end__                                      /tmp/ccvotLH3.ltrans0.ltrans.o
__init_array_end                                  /tmp/ccvotLH3.ltrans8.ltrans.o
__init_array_start                                /tmp/ccvotLH3.ltrans8.ltrans.o
__main_stack_base__                               /tmp/ccvotLH3.ltrans8.ltrans.o
__main_stack_end__                                /tmp/ccvotLH3.ltrans8.ltrans.o
__muldf3                                          /usr/bin/../lib/gcc/arm-none-eabi/4.8.4/armv7e-m/fpu/libgcc.a(_arm_muldivdf3.o)
__process_stack_base__                            /tmp/ccvotLH3.ltrans8.ltrans.o
__process_stack_end__                             /tmp/ccvotLH3.ltrans8.ltrans.o
__subdf3                                          /usr/bin/../lib/gcc/arm-none-eabi/4.8.4/armv7e-m/fpu/libgcc.a(_arm_addsubdf3.o)
__truncdfsf2                                      /usr/bin/../lib/gcc/arm-none-eabi/4.8.4/armv7e-m/fpu/libgcc.a(_arm_truncdfsf2.o)
_bss_end                                          /tmp/ccvotLH3.ltrans8.ltrans.o
_bss_start                                        /tmp/ccvotLH3.ltrans8.ltrans.o
_data                                             /tmp/ccvotLH3.ltrans8.ltrans.o
_edata                                            /tmp/ccvotLH3.ltrans8.ltrans.o
_idle_thread.4338                                 /tmp/ccvotLH3.ltrans5.ltrans.o
                                                  /tmp/ccvotLH3.ltrans0.ltrans.o
_port_exit_from_isr                               build/obj/chcoreasm_v7m.o
                                                  /tmp/ccvotLH3.ltrans5.ltrans.o
_port_irq_epilogue                                /tmp/ccvotLH3.ltrans5.ltrans.o
                                                  /tmp/ccvotLH3.ltrans6.ltrans.o
                                                  /tmp/ccvotLH3.ltrans4.ltrans.o
                                                  /tmp/ccvotLH3.ltrans1.ltrans.o
_port_switch                                      build/obj/chcoreasm_v7m.o
                                                  /tmp/ccvotLH3.ltrans6.ltrans.o
                                                  /tmp/ccvotLH3.ltrans5.ltrans.o
                                                  /tmp/ccvotLH3.ltrans3.ltrans.o
_port_switch_from_isr                             build/obj/chcoreasm_v7m.o
                                                  /tmp/ccvotLH3.ltrans5.ltrans.o
_port_thread_start                                build/obj/chcoreasm_v7m.o
                                                  /tmp/ccvotLH3.ltrans1.ltrans.o
_textdata                                         /tmp/ccvotLH3.ltrans8.ltrans.o
_vectors                                          /tmp/ccvotLH3.ltrans8.ltrans.o
adc_lld_serve_rx_interrupt.11091                  /tmp/ccvotLH3.ltrans5.ltrans.o
                                                  /tmp/ccvotLH3.ltrans0.ltrans.o
beaconThread                                      /tmp/ccvotLH3.ltrans7.ltrans.o
                                                  /tmp/ccvotLH3.ltrans0.ltrans.o
ch                                                /tmp/ccvotLH3.ltrans8.ltrans.o
                                                  /tmp/ccvotLH3.ltrans6.ltrans.o
                                                  /tmp/ccvotLH3.ltrans5.ltrans.o
                                                  /tmp/ccvotLH3.ltrans3.ltrans.o
                                                  /tmp/ccvotLH3.ltrans1.ltrans.o
                                                  /tmp/ccvotLH3.ltrans0.ltrans.o
chCoreAlloc                                       /tmp/ccvotLH3.ltrans5.ltrans.o
                                                  /tmp/ccvotLH3.ltrans0.ltrans.o
chEvtBroadcastFlagsI                              /tmp/ccvotLH3.ltrans5.ltrans.o
                                                  /tmp/ccvotLH3.ltrans4.ltrans.o
chMtxLockS                                        /tmp/ccvotLH3.ltrans5.ltrans.o
                                                  /tmp/ccvotLH3.ltrans3.ltrans.o
                                                  /tmp/ccvotLH3.ltrans0.ltrans.o
chMtxUnlock                                       /tmp/ccvotLH3.ltrans6.ltrans.o
                                                  /tmp/ccvotLH3.ltrans3.ltrans.o
                                                  /tmp/ccvotLH3.ltrans0.ltrans.o
chSchDoReschedule                                 /tmp/ccvotLH3.ltrans8.ltrans.o
                                                  build/obj/chcoreasm_v7m.o
chSchDoRescheduleAhead                            /tmp/ccvotLH3.ltrans5.ltrans.o
                                                  /tmp/ccvotLH3.ltrans8.ltrans.o
chSchGoSleepS                                     /tmp/ccvotLH3.ltrans5.ltrans.o
                                                  /tmp/ccvotLH3.ltrans8.ltrans.o
                                                  /tmp/ccvotLH3.ltrans3.ltrans.o
                                                  /tmp/ccvotLH3.ltrans1.ltrans.o
chSchGoSleepTimeoutS                              /tmp/ccvotLH3.ltrans1.ltrans.o
                                                  /tmp/ccvotLH3.ltrans3.ltrans.o
chSchReadyI                                       /tmp/ccvotLH3.ltrans5.ltrans.o
                                                  /tmp/ccvotLH3.ltrans8.ltrans.o
                                                  /tmp/ccvotLH3.ltrans6.ltrans.o
                                                  /tmp/ccvotLH3.ltrans4.ltrans.o
                                                  /tmp/ccvotLH3.ltrans3.ltrans.o
chSchRescheduleS                                  /tmp/ccvotLH3.ltrans5.ltrans.o
                                                  /tmp/ccvotLH3.ltrans6.ltrans.o
                                                  /tmp/ccvotLH3.ltrans3.ltrans.o
chSchWakeupS.constprop.48                         /tmp/ccvotLH3.ltrans6.ltrans.o
                                                  /tmp/ccvotLH3.ltrans1.ltrans.o
chTMStartMeasurementX.constprop.31                /tmp/ccvotLH3.ltrans6.ltrans.o
                                                  /tmp/ccvotLH3.ltrans0.ltrans.o
chTMStopMeasurementX                              /tmp/ccvotLH3.ltrans5.ltrans.o
                                                  /tmp/ccvotLH3.ltrans0.ltrans.o
chThdCreateStatic                                 /tmp/ccvotLH3.ltrans1.ltrans.o
                                                  /tmp/ccvotLH3.ltrans0.ltrans.o
chThdExit                                         /tmp/ccvotLH3.ltrans8.ltrans.o
                                                  build/obj/chcoreasm_v7m.o
chThdResumeI                                      /tmp/ccvotLH3.ltrans5.ltrans.o
                                                  /tmp/ccvotLH3.ltrans6.ltrans.o
                                                  /tmp/ccvotLH3.ltrans3.ltrans.o
chThdSleep                                        /tmp/ccvotLH3.ltrans1.ltrans.o
                                                  /tmp/ccvotLH3.ltrans7.ltrans.o
                                                  /tmp/ccvotLH3.ltrans4.ltrans.o
                                                  /tmp/ccvotLH3.ltrans3.ltrans.o
                                                  /tmp/ccvotLH3.ltrans0.ltrans.o
chThdSleepUntil                                   /tmp/ccvotLH3.ltrans1.ltrans.o
                                                  /tmp/ccvotLH3.ltrans4.ltrans.o
                                                  /tmp/ccvotLH3.ltrans0.ltrans.o
chThdSuspendS                                     /tmp/ccvotLH3.ltrans5.ltrans.o
                                                  /tmp/ccvotLH3.ltrans4.ltrans.o
                                                  /tmp/ccvotLH3.ltrans1.ltrans.o
chprintf.13294.constprop.13                       /tmp/ccvotLH3.ltrans6.ltrans.o
                                                  /tmp/ccvotLH3.ltrans3.ltrans.o
chprintf.13613.constprop.12                       /tmp/ccvotLH3.ltrans6.ltrans.o
                                                  /tmp/ccvotLH3.ltrans4.ltrans.o
chprintf.15658                                    /tmp/ccvotLH3.ltrans6.ltrans.o
                                                  /tmp/ccvotLH3.ltrans4.ltrans.o
                                                  /tmp/ccvotLH3.ltrans0.ltrans.o
chprintf.16092.constprop.1                        /tmp/ccvotLH3.ltrans6.ltrans.o
                                                  /tmp/ccvotLH3.ltrans3.ltrans.o
chprintf.16393                                    /tmp/ccvotLH3.ltrans6.ltrans.o
                                                  /tmp/ccvotLH3.ltrans0.ltrans.o
chprintf.16751                                    /tmp/ccvotLH3.ltrans6.ltrans.o
                                                  /tmp/ccvotLH3.ltrans7.ltrans.o
                                                  /tmp/ccvotLH3.ltrans0.ltrans.o
chprintf.17387                                    /tmp/ccvotLH3.ltrans6.ltrans.o
                                                  /tmp/ccvotLH3.ltrans7.ltrans.o
                                                  /tmp/ccvotLH3.ltrans0.ltrans.o
chsnprintf                                        /tmp/ccvotLH3.ltrans1.ltrans.o
                                                  /tmp/ccvotLH3.ltrans7.ltrans.o
                                                  /tmp/ccvotLH3.ltrans4.ltrans.o
                                                  /tmp/ccvotLH3.ltrans0.ltrans.o
chvprintf                                         /tmp/ccvotLH3.ltrans6.ltrans.o
                                                  /tmp/ccvotLH3.ltrans1.ltrans.o
create_chain.12846                                /tmp/ccvotLH3.ltrans2.ltrans.o
                                                  /tmp/ccvotLH3.ltrans7.ltrans.o
dir_next.12850                                    /tmp/ccvotLH3.ltrans2.ltrans.o
                                                  /tmp/ccvotLH3.ltrans7.ltrans.o
                                                  /tmp/ccvotLH3.ltrans0.ltrans.o
dir_sdi.12831.constprop.59                        /tmp/ccvotLH3.ltrans2.ltrans.o
                                                  /tmp/ccvotLH3.ltrans7.ltrans.o
                                                  /tmp/ccvotLH3.ltrans0.ltrans.o
disk_read.constprop.61                            /tmp/ccvotLH3.ltrans1.ltrans.o
                                                  /tmp/ccvotLH3.ltrans7.ltrans.o
                                                  /tmp/ccvotLH3.ltrans2.ltrans.o
disk_status                                       /tmp/ccvotLH3.ltrans1.ltrans.o
                                                  /tmp/ccvotLH3.ltrans2.ltrans.o
disk_write                                        /tmp/ccvotLH3.ltrans1.ltrans.o
                                                  /tmp/ccvotLH3.ltrans7.ltrans.o
                                                  /tmp/ccvotLH3.ltrans2.ltrans.o
dmaStreamAllocate                                 /tmp/ccvotLH3.ltrans5.ltrans.o
                                                  /tmp/ccvotLH3.ltrans7.ltrans.o
                                                  /tmp/ccvotLH3.ltrans6.ltrans.o
                                                  /tmp/ccvotLH3.ltrans0.ltrans.o
dmaStreamRelease                                  /tmp/ccvotLH3.ltrans5.ltrans.o
                                                  /tmp/ccvotLH3.ltrans6.ltrans.o
                                                  /tmp/ccvotLH3.ltrans3.ltrans.o
dma_isr_redir.10833                               /tmp/ccvotLH3.ltrans0.ltrans.o
                                                  /tmp/ccvotLH3.ltrans5.ltrans.o
dma_streams_mask.10838                            /tmp/ccvotLH3.ltrans0.ltrans.o
                                                  /tmp/ccvotLH3.ltrans5.ltrans.o
dummytx.11757                                     /tmp/ccvotLH3.ltrans0.ltrans.o
                                                  /tmp/ccvotLH3.ltrans1.ltrans.o
endmem.6822                                       /tmp/ccvotLH3.ltrans0.ltrans.o
                                                  /tmp/ccvotLH3.ltrans5.ltrans.o
f_close                                           /tmp/ccvotLH3.ltrans2.ltrans.o
                                                  /tmp/ccvotLH3.ltrans7.ltrans.o
                                                  /tmp/ccvotLH3.ltrans0.ltrans.o
f_mount                                           /tmp/ccvotLH3.ltrans2.ltrans.o
                                                  /tmp/ccvotLH3.ltrans0.ltrans.o
f_write                                           /tmp/ccvotLH3.ltrans2.ltrans.o
                                                  /tmp/ccvotLH3.ltrans4.ltrans.o
                                                  /tmp/ccvotLH3.ltrans0.ltrans.o
find_volume.12822                                 /tmp/ccvotLH3.ltrans2.ltrans.o
                                                  /tmp/ccvotLH3.ltrans7.ltrans.o
                                                  /tmp/ccvotLH3.ltrans0.ltrans.o
follow_path.12857                                 /tmp/ccvotLH3.ltrans7.ltrans.o
                                                  /tmp/ccvotLH3.ltrans0.ltrans.o
get.10200                                         /tmp/ccvotLH3.ltrans1.ltrans.o
get.13121                                         /tmp/ccvotLH3.ltrans6.ltrans.o
                                                  /tmp/ccvotLH3.ltrans1.ltrans.o
get_fat.part.6.12827                              /tmp/ccvotLH3.ltrans2.ltrans.o
                                                  /tmp/ccvotLH3.ltrans7.ltrans.o
get_ldnumber.12784                                /tmp/ccvotLH3.ltrans6.ltrans.o
                                                  /tmp/ccvotLH3.ltrans2.ltrans.o
gett.10196                                        /tmp/ccvotLH3.ltrans1.ltrans.o
gpsRxChar.16106                                   /tmp/ccvotLH3.ltrans6.ltrans.o
                                                  /tmp/ccvotLH3.ltrans0.ltrans.o
gpsRxEnd.16082                                    /tmp/ccvotLH3.ltrans6.ltrans.o
                                                  /tmp/ccvotLH3.ltrans0.ltrans.o
gpsRxErr.16085                                    /tmp/ccvotLH3.ltrans6.ltrans.o