Archive member included because of file (symbol)

/usr/bin/../lib/gcc/arm-none-eabi/4.8.4/armv7e-m/fpu/libgcc.a(_arm_addsubdf3.o)
                              /tmp/cc1G1iwv.ltrans6.ltrans.o (__aeabi_dsub)
/usr/bin/../lib/gcc/arm-none-eabi/4.8.4/armv7e-m/fpu/libgcc.a(_arm_muldivdf3.o)
                              /tmp/cc1G1iwv.ltrans6.ltrans.o (__aeabi_dmul)
/usr/bin/../lib/gcc/arm-none-eabi/4.8.4/armv7e-m/fpu/libgcc.a(_arm_fixdfsi.o)
                              /tmp/cc1G1iwv.ltrans6.ltrans.o (__aeabi_d2iz)
/usr/bin/../lib/gcc/arm-none-eabi/4.8.4/armv7e-m/fpu/libgcc.a(_arm_truncdfsf2.o)
                              /tmp/cc1G1iwv.ltrans6.ltrans.o (__aeabi_d2f)
/usr/bin/../lib/gcc/arm-none-eabi/4.8.4/../../../../arm-none-eabi/lib/armv7e-m/fpu/libc.a(lib_a-memcpy.o)
                              /tmp/cc1G1iwv.ltrans6.ltrans.o (memcpy)
/usr/bin/../lib/gcc/arm-none-eabi/4.8.4/../../../../arm-none-eabi/lib/armv7e-m/fpu/libc.a(lib_a-strcpy.o)
                              /tmp/cc1G1iwv.ltrans0.ltrans.o (strcpy)
/usr/bin/../lib/gcc/arm-none-eabi/4.8.4/../../../../arm-none-eabi/lib/armv7e-m/fpu/libc.a(lib_a-strlen.o)
                              /tmp/cc1G1iwv.ltrans3.ltrans.o (strlen)
/usr/bin/../lib/gcc/arm-none-eabi/4.8.4/../../../../arm-none-eabi/lib/armv7e-m/fpu/libc.a(lib_a-strncmp.o)
                              /tmp/cc1G1iwv.ltrans3.ltrans.o (strncmp)

Discarded input sections

 .data          0x0000000000000000        0x0 build/obj/chcoreasm_v7m.o
 .bss           0x0000000000000000        0x0 build/obj/chcoreasm_v7m.o
 .text          0x0000000000000000        0x0 build/obj/crt0.o (symbol from plugin)
 .text          0x0000000000000000        0x0 /tmp/cc1G1iwv.ltrans0.ltrans.o
 .data          0x0000000000000000        0x0 /tmp/cc1G1iwv.ltrans0.ltrans.o
 .bss           0x0000000000000000        0x0 /tmp/cc1G1iwv.ltrans0.ltrans.o
 .text          0x0000000000000000        0x0 /tmp/cc1G1iwv.ltrans1.ltrans.o
 .data          0x0000000000000000        0x0 /tmp/cc1G1iwv.ltrans1.ltrans.o
 .bss           0x0000000000000000        0x0 /tmp/cc1G1iwv.ltrans1.ltrans.o
 .text          0x0000000000000000        0x0 /tmp/cc1G1iwv.ltrans2.ltrans.o
 .data          0x0000000000000000        0x0 /tmp/cc1G1iwv.ltrans2.ltrans.o
 .bss           0x0000000000000000        0x0 /tmp/cc1G1iwv.ltrans2.ltrans.o
 .text          0x0000000000000000        0x0 /tmp/cc1G1iwv.ltrans3.ltrans.o
 .data          0x0000000000000000        0x0 /tmp/cc1G1iwv.ltrans3.ltrans.o
 .bss           0x0000000000000000        0x0 /tmp/cc1G1iwv.ltrans3.ltrans.o
 .text          0x0000000000000000        0x0 /tmp/cc1G1iwv.ltrans4.ltrans.o
 .data          0x0000000000000000        0x0 /tmp/cc1G1iwv.ltrans4.ltrans.o
 .bss           0x0000000000000000        0x0 /tmp/cc1G1iwv.ltrans4.ltrans.o
 .text          0x0000000000000000        0x0 /tmp/cc1G1iwv.ltrans5.ltrans.o
 .data          0x0000000000000000        0x0 /tmp/cc1G1iwv.ltrans5.ltrans.o
 .bss           0x0000000000000000        0x0 /tmp/cc1G1iwv.ltrans5.ltrans.o
 .text          0x0000000000000000        0x0 /tmp/cc1G1iwv.ltrans6.ltrans.o
 .data          0x0000000000000000        0x0 /tmp/cc1G1iwv.ltrans6.ltrans.o
 .bss           0x0000000000000000        0x0 /tmp/cc1G1iwv.ltrans6.ltrans.o
 .text          0x0000000000000000        0x0 /tmp/cc1G1iwv.ltrans7.ltrans.o
 .data          0x0000000000000000        0x0 /tmp/cc1G1iwv.ltrans7.ltrans.o
 .bss           0x0000000000000000        0x0 /tmp/cc1G1iwv.ltrans7.ltrans.o
 .text.unlikely.logfileOpenAppend.constprop.54
                0x0000000000000000      0x164 /tmp/cc1G1iwv.ltrans7.ltrans.o
 .text          0x0000000000000000        0x0 /tmp/cc1G1iwv.ltrans8.ltrans.o
 .data          0x0000000000000000        0x0 /tmp/cc1G1iwv.ltrans8.ltrans.o
 .bss           0x0000000000000000        0x0 /tmp/cc1G1iwv.ltrans8.ltrans.o
 .data          0x0000000000000000        0x0 /usr/bin/../lib/gcc/arm-none-eabi/4.8.4/armv7e-m/fpu/libgcc.a(_arm_addsubdf3.o)
 .bss           0x0000000000000000        0x0 /usr/bin/../lib/gcc/arm-none-eabi/4.8.4/armv7e-m/fpu/libgcc.a(_arm_addsubdf3.o)
 .data          0x0000000000000000        0x0 /usr/bin/../lib/gcc/arm-none-eabi/4.8.4/armv7e-m/fpu/libgcc.a(_arm_muldivdf3.o)
 .bss           0x0000000000000000        0x0 /usr/bin/../lib/gcc/arm-none-eabi/4.8.4/armv7e-m/fpu/libgcc.a(_arm_muldivdf3.o)
 .data          0x0000000000000000        0x0 /usr/bin/../lib/gcc/arm-none-eabi/4.8.4/armv7e-m/fpu/libgcc.a(_arm_fixdfsi.o)
 .bss           0x0000000000000000        0x0 /usr/bin/../lib/gcc/arm-none-eabi/4.8.4/armv7e-m/fpu/libgcc.a(_arm_fixdfsi.o)
 .data          0x0000000000000000        0x0 /usr/bin/../lib/gcc/arm-none-eabi/4.8.4/armv7e-m/fpu/libgcc.a(_arm_truncdfsf2.o)
 .bss           0x0000000000000000        0x0 /usr/bin/../lib/gcc/arm-none-eabi/4.8.4/armv7e-m/fpu/libgcc.a(_arm_truncdfsf2.o)
 .data          0x0000000000000000        0x0 /usr/bin/../lib/gcc/arm-none-eabi/4.8.4/../../../../arm-none-eabi/lib/armv7e-m/fpu/libc.a(lib_a-memcpy.o)
[...]
Memory Configuration

Name             Origin             Length             Attributes
flash            0x0000000008000000 0x0000000000040000
ram              0x0000000020000000 0x0000000000010000
*default*        0x0000000000000000 0xffffffffffffffff

Linker script and memory map

LOAD build/obj/chcoreasm_v7m.o
LOAD build/obj/crt0.o
LOAD /tmp/cc1G1iwv.ltrans0.ltrans.o
LOAD /tmp/cc1G1iwv.ltrans1.ltrans.o
LOAD /tmp/cc1G1iwv.ltrans2.ltrans.o
LOAD /tmp/cc1G1iwv.ltrans3.ltrans.o
LOAD /tmp/cc1G1iwv.ltrans4.ltrans.o
LOAD /tmp/cc1G1iwv.ltrans5.ltrans.o
LOAD /tmp/cc1G1iwv.ltrans6.ltrans.o
LOAD /tmp/cc1G1iwv.ltrans7.ltrans.o
LOAD /tmp/cc1G1iwv.ltrans8.ltrans.o
LOAD /usr/bin/../lib/gcc/arm-none-eabi/4.8.4/armv7e-m/fpu/libgcc.a
LOAD /usr/bin/../lib/gcc/arm-none-eabi/4.8.4/../../../../arm-none-eabi/lib/armv7e-m/fpu/libc.a
LOAD build/obj/vectors.o
LOAD build/obj/chcore.o
LOAD build/obj/chcore_v7m.o
LOAD build/obj/chsys.o
LOAD build/obj/chdebug.o
LOAD build/obj/chtm.o
LOAD build/obj/chstats.o
LOAD build/obj/chschd.o
LOAD build/obj/chvt.o
LOAD build/obj/chthreads.o
LOAD build/obj/chdynamic.o
LOAD build/obj/chregistry.o
LOAD build/obj/chsem.o
LOAD build/obj/chmtx.o
LOAD build/obj/chcond.o
LOAD build/obj/chevents.o
LOAD build/obj/chmsg.o
LOAD build/obj/chmboxes.o
LOAD build/obj/chqueues.o
LOAD build/obj/chmemcore.o
LOAD build/obj/chheap.o
LOAD build/obj/chmempools.o
LOAD build/obj/test.o
LOAD build/obj/testthd.o
LOAD build/obj/testsem.o
LOAD build/obj/testmtx.o
LOAD build/obj/testmsg.o
LOAD build/obj/testmbox.o
LOAD build/obj/testevt.o
LOAD build/obj/testheap.o
LOAD build/obj/testpools.o
LOAD build/obj/testdyn.o
LOAD build/obj/testqueues.o
LOAD build/obj/testbmk.o
LOAD build/obj/hal.o
LOAD build/obj/hal_queues.o
LOAD build/obj/hal_mmcsd.o
LOAD build/obj/adc.o
LOAD build/obj/can.o
LOAD build/obj/dac.o
LOAD build/obj/ext.o
LOAD build/obj/gpt.o
LOAD build/obj/i2c.o
LOAD build/obj/i2s.o
LOAD build/obj/icu.o
LOAD build/obj/mac.o
LOAD build/obj/mmc_spi.o
LOAD build/obj/pal.o
LOAD build/obj/pwm.o
LOAD build/obj/rtc.o
LOAD build/obj/sdc.o
LOAD build/obj/serial.o
LOAD build/obj/serial_usb.o
LOAD build/obj/spi.o
LOAD build/obj/st.o
LOAD build/obj/uart.o
LOAD build/obj/usb.o
LOAD build/obj/osal.o
LOAD build/obj/nvic.o
LOAD build/obj/stm32_dma.o
LOAD build/obj/hal_lld.o
LOAD build/obj/adc_lld.o
LOAD build/obj/ext_lld_isr.o
LOAD build/obj/can_lld.o
LOAD build/obj/ext_lld.o
LOAD build/obj/mac_lld.o
LOAD build/obj/sdc_lld.o
LOAD build/obj/dac_lld.o
LOAD build/obj/pal_lld.o
LOAD build/obj/i2c_lld.o
LOAD build/obj/usb_lld.o
LOAD build/obj/rtc_lld.o
LOAD build/obj/i2s_lld.o
LOAD build/obj/spi_lld.o
LOAD build/obj/gpt_lld.o
LOAD build/obj/icu_lld.o
LOAD build/obj/pwm_lld.o
LOAD build/obj/st_lld.o
LOAD build/obj/serial_lld.o
LOAD build/obj/uart_lld.o
LOAD build/obj/board.o
LOAD build/obj/fatfs_diskio.o
LOAD build/obj/fatfs_syscall.o
LOAD build/obj/ff.o
LOAD build/obj/unicode.o
LOAD build/obj/chprintf.o
LOAD build/obj/memstreams.o
LOAD build/obj/i2c_sensor.o
LOAD build/obj/bmp280.o
LOAD build/obj/si70x0.o
LOAD build/obj/ms5607.o
LOAD build/obj/hih6030.o
LOAD build/obj/lsm303.o
LOAD build/obj/rfm23bp.o
LOAD build/obj/rtd.o
LOAD build/obj/tmp275.o
LOAD build/obj/mpxm2102.o
LOAD build/obj/xbeepro.o
LOAD build/obj/datasample.o
LOAD build/obj/sensor_thread.o
LOAD build/obj/ustr.o
LOAD build/obj/umath.o
LOAD build/obj/gps.o
LOAD build/obj/sdmmcsimple.o
LOAD build/obj/datalogger.o
LOAD build/obj/watchdog.o
LOAD build/obj/main.o
                0x0000000020000000                __ram_start__ = ORIGIN (ram)
                0x0000000000010000                __ram_size__ = 0x10000
                0x0000000020010000                __ram_end__ = (__ram_start__ + __ram_size__)
                0x0000000000000000                . = 0x0
                0x0000000000000000                _text = .

startup         0x0000000008000000      0x1c0
 *(vectors)
 vectors        0x0000000008000000      0x1c0 /tmp/cc1G1iwv.ltrans8.ltrans.o
                0x0000000008000000                _vectors

constructors    0x00000000080001c0        0x0
                0x00000000080001c0                PROVIDE (__init_array_start, .)
 *(SORT(.init_array.*))
 *(.init_array)
                0x00000000080001c0                PROVIDE (__init_array_end, .)

destructors     0x00000000080001c0        0x0
                0x00000000080001c0                PROVIDE (__fini_array_start, .)
 *(.fini_array)
 *(SORT(.fini_array.*))
                0x00000000080001c0                PROVIDE (__fini_array_end, .)

.text           0x00000000080001c0     0x7790
 *(.text.startup.*)
 .text.startup.main
                0x00000000080001c0      0xf50 /tmp/cc1G1iwv.ltrans0.ltrans.o
                0x00000000080001c0                main
 *(.text)
 .text          0x0000000008001110       0x2e build/obj/chcoreasm_v7m.o
                0x0000000008001110                _port_switch
                0x0000000008001128                _port_thread_start
                0x0000000008001136                _port_switch_from_isr
                0x000000000800113a                _port_exit_from_isr
 *fill*         0x000000000800113e        0x2 
 .text          0x0000000008001140      0x370 /usr/bin/../lib/gcc/arm-none-eabi/4.8.4/armv7e-m/fpu/libgcc.a(_arm_addsubdf3.o)
                0x0000000008001140                __aeabi_drsub
                0x0000000008001148                __aeabi_dsub
                0x0000000008001148                __subdf3
                0x000000000800114c                __adddf3
                0x000000000800114c                __aeabi_dadd
                0x00000000080013c4                __aeabi_ui2d
                0x00000000080013c4                __floatunsidf
                0x00000000080013e4                __floatsidf
                0x00000000080013e4                __aeabi_i2d
                0x0000000008001408                __extendsfdf2
                0x0000000008001408                __aeabi_f2d
                0x0000000008001444                __aeabi_ul2d
                0x0000000008001444                __floatundidf
                0x0000000008001454                __floatdidf
                0x0000000008001454                __aeabi_l2d
 .text          0x00000000080014b0      0x424 /usr/bin/../lib/gcc/arm-none-eabi/4.8.4/armv7e-m/fpu/libgcc.a(_arm_muldivdf3.o)
                0x00000000080014b0                __aeabi_dmul
                0x00000000080014b0                __muldf3
                0x0000000008001704                __aeabi_ddiv
                0x0000000008001704                __divdf3
 *fill*         0x00000000080018d4        0xc 
 .text          0x00000000080018e0       0x50 /usr/bin/../lib/gcc/arm-none-eabi/4.8.4/armv7e-m/fpu/libgcc.a(_arm_fixdfsi.o)
                0x00000000080018e0                __fixdfsi
                0x00000000080018e0                __aeabi_d2iz
 .text          0x0000000008001930       0xa0 /usr/bin/../lib/gcc/arm-none-eabi/4.8.4/armv7e-m/fpu/libgcc.a(_arm_truncdfsf2.o)
                0x0000000008001930                __aeabi_d2f
                0x0000000008001930                __truncdfsf2
 .text          0x00000000080019d0      0x134 /usr/bin/../lib/gcc/arm-none-eabi/4.8.4/../../../../arm-none-eabi/lib/armv7e-m/fpu/libc.a(lib_a-memcpy.o)
                0x00000000080019d0                memcpy
 *(.text.*)
 *fill*         0x0000000008001b04        0xc 
 .text.VectorB0
                0x0000000008001b10       0x90 /tmp/cc1G1iwv.ltrans1.ltrans.o
                0x0000000008001b10                VectorB0
 .text.spiReceive.4505
                0x0000000008001ba0       0x50 /tmp/cc1G1iwv.ltrans1.ltrans.o
 .text.recvr1.isra.0.9868.4495
                0x0000000008001bf0       0x30 /tmp/cc1G1iwv.ltrans1.ltrans.o
 .text.chSchGoSleepTimeoutS
                0x0000000008001c20       0xe0 /tmp/cc1G1iwv.ltrans1.ltrans.o
                0x0000000008001c20                chSchGoSleepTimeoutS
 .text.chThdSleep
                0x0000000008001d00       0x20 /tmp/cc1G1iwv.ltrans1.ltrans.o
                0x0000000008001d00                chThdSleep
 .text.wait.isra.1.9875.4325
                0x0000000008001d20       0x40 /tmp/cc1G1iwv.ltrans1.ltrans.o
 .text.sync.isra.2.9902.4340
                0x0000000008001d60       0x40 /tmp/cc1G1iwv.ltrans1.ltrans.o
 .text.mmcSync  0x0000000008001da0       0x30 /tmp/cc1G1iwv.ltrans1.ltrans.o
                0x0000000008001da0                mmcSync
 .text.mmcDisconnect
                0x0000000008001dd0       0x50 /tmp/cc1G1iwv.ltrans1.ltrans.o
                0x0000000008001dd0                mmcDisconnect
 .text.chThdSleepUntil
                0x0000000008001e20       0x20 /tmp/cc1G1iwv.ltrans1.ltrans.o
                0x0000000008001e20                chThdSleepUntil
 .text.chThdEnqueueTimeoutS.4427
                0x0000000008001e40       0x30 /tmp/cc1G1iwv.ltrans1.ltrans.o
 .text.chIQGetTimeout.4359
                0x0000000008001e70       0x50 /tmp/cc1G1iwv.ltrans1.ltrans.o
 .text.gett.10196
                0x0000000008001ec0       0x10 /tmp/cc1G1iwv.ltrans1.ltrans.o
                0x0000000008001ec0                gett.10196
 .text.get.10200
                0x0000000008001ed0       0x10 /tmp/cc1G1iwv.ltrans1.ltrans.o
                0x0000000008001ed0                get.10200
 .text.chIQReadTimeout.4386
                0x0000000008001ee0       0x80 /tmp/cc1G1iwv.ltrans1.ltrans.o
 .text.readt.10173
                0x0000000008001f60       0x10 /tmp/cc1G1iwv.ltrans1.ltrans.o
                0x0000000008001f60                readt.10173
 .text.read.10180
                0x0000000008001f70       0x10 /tmp/cc1G1iwv.ltrans1.ltrans.o
                0x0000000008001f70                read.10180
 .text.chOQPutTimeout.4401
                0x0000000008001f80       0x50 /tmp/cc1G1iwv.ltrans1.ltrans.o
 .text.putt.10203
                0x0000000008001fd0       0x10 /tmp/cc1G1iwv.ltrans1.ltrans.o
                0x0000000008001fd0                putt.10203
 .text.put.10208
                0x0000000008001fe0       0x10 /tmp/cc1G1iwv.ltrans1.ltrans.o
                0x0000000008001fe0                put.10208
 .text.chOQWriteTimeout.4421
                0x0000000008001ff0       0x80 /tmp/cc1G1iwv.ltrans1.ltrans.o
 .text.writet.10185
                0x0000000008002070       0x10 /tmp/cc1G1iwv.ltrans1.ltrans.o
                0x0000000008002070                writet.10185
 .text.write.10191
                0x0000000008002080       0x10 /tmp/cc1G1iwv.ltrans1.ltrans.o
                0x0000000008002080                write.10191
 .text.disk_status
                0x0000000008002090       0x20 /tmp/cc1G1iwv.ltrans1.ltrans.o
                0x0000000008002090                disk_status
 .text.validate.12787
                0x00000000080020b0       0x30 /tmp/cc1G1iwv.ltrans1.ltrans.o
                0x00000000080020b0                validate.12787
 .text.spiSend  0x00000000080020e0       0x50 /tmp/cc1G1iwv.ltrans1.ltrans.o
                0x00000000080020e0                spiSend
 .text.send_hdr.9878.4320
                0x0000000008002130       0x70 /tmp/cc1G1iwv.ltrans1.ltrans.o
 .text.mmcStartSequentialWrite
                0x00000000080021a0       0x60 /tmp/cc1G1iwv.ltrans1.ltrans.o
                0x00000000080021a0                mmcStartSequentialWrite
 .text.mmcStartSequentialRead.4293
                0x0000000008002200       0x60 /tmp/cc1G1iwv.ltrans1.ltrans.o
 .text.send_command_R1.9889
                0x0000000008002260       0x30 /tmp/cc1G1iwv.ltrans1.ltrans.o
                0x0000000008002260                send_command_R1.9889
 .text.send_command_R3.9883
                0x0000000008002290       0x40 /tmp/cc1G1iwv.ltrans1.ltrans.o
                0x0000000008002290                send_command_R3.9883
 .text.mmcStopSequentialRead.part.7.9923.4479
                0x00000000080022d0       0x30 /tmp/cc1G1iwv.ltrans1.ltrans.o
 .text.spiIgnore
                0x0000000008002300       0x60 /tmp/cc1G1iwv.ltrans1.ltrans.o
                0x0000000008002300                spiIgnore
 .text.mmcSequentialWrite
                0x0000000008002360       0x80 /tmp/cc1G1iwv.ltrans1.ltrans.o
                0x0000000008002360                mmcSequentialWrite
 .text.disk_write
                0x00000000080023e0       0x80 /tmp/cc1G1iwv.ltrans1.ltrans.o
                0x00000000080023e0                disk_write
 .text.sync_window.part.3.12801
                0x0000000008002460       0x60 /tmp/cc1G1iwv.ltrans1.ltrans.o
                0x0000000008002460                sync_window.part.3.12801
 .text.read_CxD.9894
                0x00000000080024c0       0xb0 /tmp/cc1G1iwv.ltrans1.ltrans.o
                0x00000000080024c0                read_CxD.9894
 .text.mmcSequentialRead.4498
                0x0000000008002570       0x60 /tmp/cc1G1iwv.ltrans1.ltrans.o
 .text.disk_read.constprop.58
                0x00000000080025d0       0x50 /tmp/cc1G1iwv.ltrans1.ltrans.o
                0x00000000080025d0                disk_read.constprop.58
 .text.mmc_read.9961
                0x0000000008002620       0x40 /tmp/cc1G1iwv.ltrans1.ltrans.o
                0x0000000008002620                mmc_read.9961
 .text.chsnprintf
                0x0000000008002660       0x60 /tmp/cc1G1iwv.ltrans1.ltrans.o
                0x0000000008002660                chsnprintf
 .text.chThdCreateStatic
                0x00000000080026c0       0x80 /tmp/cc1G1iwv.ltrans1.ltrans.o
                0x00000000080026c0                chThdCreateStatic
 .text.move_window.12811
                0x0000000008002740       0x40 /tmp/cc1G1iwv.ltrans2.ltrans.o
                0x0000000008002740                move_window.12811
 .text.f_close  0x0000000008002780      0x170 /tmp/cc1G1iwv.ltrans2.ltrans.o
                0x0000000008002780                f_close
 .text.put_fat.part.8.12841
                0x00000000080028f0      0x100 /tmp/cc1G1iwv.ltrans2.ltrans.o
                0x00000000080028f0                put_fat.part.8.12841
 .text.get_fat.part.6.12827
                0x00000000080029f0       0xd0 /tmp/cc1G1iwv.ltrans2.ltrans.o
                0x00000000080029f0                get_fat.part.6.12827
 .text.create_chain.12846
                0x0000000008002ac0       0xd0 /tmp/cc1G1iwv.ltrans2.ltrans.o
                0x0000000008002ac0                create_chain.12846
 .text.dir_next.12850
                0x0000000008002b90      0x140 /tmp/cc1G1iwv.ltrans2.ltrans.o
                0x0000000008002b90                dir_next.12850
 .text.f_write  0x0000000008002cd0      0x1d0 /tmp/cc1G1iwv.ltrans2.ltrans.o
                0x0000000008002cd0                f_write
 .text.dir_sdi.12831.constprop.56
                0x0000000008002ea0       0x80 /tmp/cc1G1iwv.ltrans2.ltrans.o
                0x0000000008002ea0                dir_sdi.12831.constprop.56
 .text.check_fs.12818.4335
                0x0000000008002f20       0x90 /tmp/cc1G1iwv.ltrans2.ltrans.o
 .text.find_volume.12822
                0x0000000008002fb0      0x320 /tmp/cc1G1iwv.ltrans2.ltrans.o
                0x0000000008002fb0                find_volume.12822
 .text.f_mount  0x00000000080032d0       0x60 /tmp/cc1G1iwv.ltrans2.ltrans.o
                0x00000000080032d0                f_mount
 .text.i2c_lld_serve_tx_end_irq.11398
                0x0000000008003330       0x50 /tmp/cc1G1iwv.ltrans3.ltrans.o
                0x0000000008003330                i2c_lld_serve_tx_end_irq.11398
 .text.spi_lld_serve_tx_interrupt.11700
                0x0000000008003380       0x20 /tmp/cc1G1iwv.ltrans3.ltrans.o
                0x0000000008003380                spi_lld_serve_tx_interrupt.11700
 .text.uart_lld_serve_rx_end_irq.12164
                0x00000000080033a0       0x90 /tmp/cc1G1iwv.ltrans3.ltrans.o
                0x00000000080033a0                uart_lld_serve_rx_end_irq.12164
 .text.uart_lld_serve_tx_end_irq.12160
                0x0000000008003430       0x60 /tmp/cc1G1iwv.ltrans3.ltrans.o
                0x0000000008003430                uart_lld_serve_tx_end_irq.12160
 .text.mmcConnect
                0x0000000008003490      0x170 /tmp/cc1G1iwv.ltrans3.ltrans.o
                0x0000000008003490                mmcConnect
 .text.spi_lld_serve_rx_interrupt.11704
                0x0000000008003600       0x90 /tmp/cc1G1iwv.ltrans3.ltrans.o
                0x0000000008003600                spi_lld_serve_rx_interrupt.11704
 .text.gpsThread
                0x0000000008003690      0x3e0 /tmp/cc1G1iwv.ltrans3.ltrans.o
                0x0000000008003690                gpsThread
 .text.I2CSensor_transact
                0x0000000008003a70      0x130 /tmp/cc1G1iwv.ltrans3.ltrans.o
                0x0000000008003a70                I2CSensor_transact
 .text.I2CSensor_transact_buf
                0x0000000008003ba0       0x20 /tmp/cc1G1iwv.ltrans3.ltrans.o
                0x0000000008003ba0                I2CSensor_transact_buf
 .text.si70x0_heaterEnable
                0x0000000008003bc0       0x50 /tmp/cc1G1iwv.ltrans3.ltrans.o
                0x0000000008003bc0                si70x0_heaterEnable
 .text.si70x0_readTemperature
                0x0000000008003c10       0x60 /tmp/cc1G1iwv.ltrans3.ltrans.o
                0x0000000008003c10                si70x0_readTemperature
 .text.si70x0_readHumidity
                0x0000000008003c70       0x70 /tmp/cc1G1iwv.ltrans3.ltrans.o
                0x0000000008003c70                si70x0_readHumidity
 .text.sd_lld_start
                0x0000000008003ce0       0xd0 /tmp/cc1G1iwv.ltrans3.ltrans.o
                0x0000000008003ce0                sd_lld_start
 .text.si70x0_init.4697
                0x0000000008003db0       0x90 /tmp/cc1G1iwv.ltrans4.ltrans.o
 .text.sensorThread
                0x0000000008003e40      0xa30 /tmp/cc1G1iwv.ltrans4.ltrans.o
                0x0000000008003e40                sensorThread
 .text.mmc_write.9978
                0x0000000008004870       0x60 /tmp/cc1G1iwv.ltrans4.ltrans.o
                0x0000000008004870                mmc_write.9978
 .text.serve_interrupt.12020.4673
                0x00000000080048d0      0x1a0 /tmp/cc1G1iwv.ltrans4.ltrans.o
 .text.Vector15C
                0x0000000008004a70       0x20 /tmp/cc1G1iwv.ltrans4.ltrans.o
                0x0000000008004a70                Vector15C
 .text.VectorD8
                0x0000000008004a90       0x20 /tmp/cc1G1iwv.ltrans4.ltrans.o
                0x0000000008004a90                VectorD8
 .text.writeHeader
                0x0000000008004ab0       0x50 /tmp/cc1G1iwv.ltrans4.ltrans.o
                0x0000000008004ab0                writeHeader
 .text.adc_lld_stop_conversion.4231
                0x0000000008004b00       0x40 /tmp/cc1G1iwv.ltrans5.ltrans.o
 .text.mmcGetInfo
                0x0000000008004b40       0x20 /tmp/cc1G1iwv.ltrans5.ltrans.o
                0x0000000008004b40                mmcGetInfo
 .text.chCoreAlloc
                0x0000000008004b60       0x40 /tmp/cc1G1iwv.ltrans5.ltrans.o
                0x0000000008004b60                chCoreAlloc
 .text.wakeup.4718
                0x0000000008004ba0       0x70 /tmp/cc1G1iwv.ltrans5.ltrans.o
                0x0000000008004ba0                wakeup.4718
 .text._idle_thread.4338
                0x0000000008004c10       0x20 /tmp/cc1G1iwv.ltrans5.ltrans.o
                0x0000000008004c10                _idle_thread.4338
 .text.SVC_Handler
                0x0000000008004c30       0x20 /tmp/cc1G1iwv.ltrans5.ltrans.o
                0x0000000008004c30                SVC_Handler
 .text.dmaStreamRelease
                0x0000000008004c50       0x70 /tmp/cc1G1iwv.ltrans5.ltrans.o
                0x0000000008004c50                dmaStreamRelease
 .text.dmaStreamAllocate
                0x0000000008004cc0       0xc0 /tmp/cc1G1iwv.ltrans5.ltrans.o
                0x0000000008004cc0                dmaStreamAllocate
 .text.chSchDoRescheduleAhead
                0x0000000008004d80       0x40 /tmp/cc1G1iwv.ltrans5.ltrans.o
                0x0000000008004d80                chSchDoRescheduleAhead
 .text.chSchRescheduleS
                0x0000000008004dc0       0x20 /tmp/cc1G1iwv.ltrans5.ltrans.o
                0x0000000008004dc0                chSchRescheduleS
 .text.chSchGoSleepS
                0x0000000008004de0       0x30 /tmp/cc1G1iwv.ltrans5.ltrans.o
                0x0000000008004de0                chSchGoSleepS
 .text.chThdSuspendS
                0x0000000008004e10       0x30 /tmp/cc1G1iwv.ltrans5.ltrans.o
                0x0000000008004e10                chThdSuspendS
 .text._port_irq_epilogue
                0x0000000008004e40       0x70 /tmp/cc1G1iwv.ltrans5.ltrans.o
                0x0000000008004e40                _port_irq_epilogue
 .text.Vector158
                0x0000000008004eb0       0x30 /tmp/cc1G1iwv.ltrans5.ltrans.o
                0x0000000008004eb0                Vector158
 .text.Vector154
                0x0000000008004ee0       0x30 /tmp/cc1G1iwv.ltrans5.ltrans.o
                0x0000000008004ee0                Vector154
 .text.Vector150
                0x0000000008004f10       0x30 /tmp/cc1G1iwv.ltrans5.ltrans.o
                0x0000000008004f10                Vector150
 .text.Vector130
                0x0000000008004f40       0x30 /tmp/cc1G1iwv.ltrans5.ltrans.o
                0x0000000008004f40                Vector130
 .text.Vector12C
                0x0000000008004f70       0x30 /tmp/cc1G1iwv.ltrans5.ltrans.o
                0x0000000008004f70                Vector12C
 .text.Vector128
                0x0000000008004fa0       0x30 /tmp/cc1G1iwv.ltrans5.ltrans.o
                0x0000000008004fa0                Vector128
 .text.Vector124
                0x0000000008004fd0       0x30 /tmp/cc1G1iwv.ltrans5.ltrans.o
                0x0000000008004fd0                Vector124
 .text.Vector120
                0x0000000008005000       0x30 /tmp/cc1G1iwv.ltrans5.ltrans.o
                0x0000000008005000                Vector120
 .text.VectorFC
                0x0000000008005030       0x30 /tmp/cc1G1iwv.ltrans5.ltrans.o
                0x0000000008005030                VectorFC
 .text.Vector84
                0x0000000008005060       0x30 /tmp/cc1G1iwv.ltrans5.ltrans.o
                0x0000000008005060                Vector84
 .text.Vector80
                0x0000000008005090       0x30 /tmp/cc1G1iwv.ltrans5.ltrans.o
                0x0000000008005090                Vector80
 .text.Vector7C
                0x00000000080050c0       0x30 /tmp/cc1G1iwv.ltrans5.ltrans.o
                0x00000000080050c0                Vector7C
 .text.Vector78
                0x00000000080050f0       0x30 /tmp/cc1G1iwv.ltrans5.ltrans.o
                0x00000000080050f0                Vector78
 .text.Vector74
                0x0000000008005120       0x30 /tmp/cc1G1iwv.ltrans5.ltrans.o
                0x0000000008005120                Vector74
 .text.Vector70
                0x0000000008005150       0x30 /tmp/cc1G1iwv.ltrans5.ltrans.o
                0x0000000008005150                Vector70
 .text.Vector6C
                0x0000000008005180       0x30 /tmp/cc1G1iwv.ltrans5.ltrans.o
                0x0000000008005180                Vector6C
 .text.chSchReadyI
                0x00000000080051b0       0x30 /tmp/cc1G1iwv.ltrans5.ltrans.o
                0x00000000080051b0                chSchReadyI
 .text.chEvtBroadcastFlagsI
                0x00000000080051e0       0x60 /tmp/cc1G1iwv.ltrans5.ltrans.o
                0x00000000080051e0                chEvtBroadcastFlagsI
 .text.chMtxLockS
                0x0000000008005240       0xd0 /tmp/cc1G1iwv.ltrans5.ltrans.o
                0x0000000008005240                chMtxLockS
 .text.chThdResumeI
                0x0000000008005310       0x20 /tmp/cc1G1iwv.ltrans5.ltrans.o
                0x0000000008005310                chThdResumeI
 .text.i2c_lld_serve_error_interrupt.11412
                0x0000000008005330       0xb0 /tmp/cc1G1iwv.ltrans5.ltrans.o
                0x0000000008005330                i2c_lld_serve_error_interrupt.11412
 .text.i2c_lld_serve_event_interrupt.11409
                0x00000000080053e0      0x100 /tmp/cc1G1iwv.ltrans5.ltrans.o
                0x00000000080053e0                i2c_lld_serve_event_interrupt.11409
 .text.Vector88
                0x00000000080054e0       0x70 /tmp/cc1G1iwv.ltrans5.ltrans.o
                0x00000000080054e0                Vector88
 .text.adc_lld_serve_rx_interrupt.11091
                0x0000000008005550       0xd0 /tmp/cc1G1iwv.ltrans5.ltrans.o
                0x0000000008005550                adc_lld_serve_rx_interrupt.11091
 .text.chTMStopMeasurementX
                0x0000000008005620       0x50 /tmp/cc1G1iwv.ltrans5.ltrans.o
                0x0000000008005620                chTMStopMeasurementX
 .text._unhandled_exception.4457
                0x0000000008005670       0x10 /tmp/cc1G1iwv.ltrans5.ltrans.o
                0x0000000008005670                Vector58
                0x0000000008005670                VectorE8
                0x0000000008005670                Vector9C
                0x0000000008005670                VectorAC
                0x0000000008005670                DebugMon_Handler
                0x0000000008005670                Vector1A0
                0x0000000008005670                Vector5C
                0x0000000008005670                Vector11C
                0x0000000008005670                HardFault_Handler
                0x0000000008005670                Vector1B8
                0x0000000008005670                Vector19C
                0x0000000008005670                Vector8C
                0x0000000008005670                SysTick_Handler
                0x0000000008005670                VectorDC
                0x0000000008005670                PendSV_Handler
                0x0000000008005670                Vector168
                0x0000000008005670                NMI_Handler
                0x0000000008005670                Vector110
                0x0000000008005670                VectorC8
                0x0000000008005670                Vector94
                0x0000000008005670                VectorA8
                0x0000000008005670                VectorB4
                0x0000000008005670                Vector1B0
                0x0000000008005670                UsageFault_Handler
                0x0000000008005670                VectorEC
                0x0000000008005670                Vector40
                0x0000000008005670                VectorF8
                0x0000000008005670                Vector108
                0x0000000008005670                Vector190
                0x0000000008005670                Vector148
                0x0000000008005670                Vector188
                0x0000000008005670                Vector198
                0x0000000008005670                Vector118
                0x0000000008005670                Vector64
                0x0000000008005670                VectorCC
                0x0000000008005670                Vector54
                0x0000000008005670                Vector98
                0x0000000008005670                Vector138
                0x0000000008005670                Vector24
                0x0000000008005670                Vector1AC
                0x0000000008005670                Vector178
                0x0000000008005670                Vector1A4
                0x0000000008005670                VectorD0
                0x0000000008005670                Vector1B4
                0x0000000008005670                Vector140
                0x0000000008005670                VectorE4
                0x0000000008005670                Vector134
                0x0000000008005670                VectorF0
                0x0000000008005670                Vector13C
                0x0000000008005670                Vector100
                0x0000000008005670                VectorE0
                0x0000000008005670                VectorF4
                0x0000000008005670                MemManage_Handler
                0x0000000008005670                VectorA0
                0x0000000008005670                VectorC4
                0x0000000008005670                Vector180
                0x0000000008005670                Vector90
                0x0000000008005670                Vector114
                0x0000000008005670                Vector60
                0x0000000008005670                Vector1C
                0x0000000008005670                Vector1BC
                0x0000000008005670                Vector17C
                0x0000000008005670                Vector48
                0x0000000008005670                Vector1A8
                0x0000000008005670                Vector16C
                0x0000000008005670                Vector4C
                0x0000000008005670                Vector144
                0x0000000008005670                Vector68
                0x0000000008005670                Vector170
                0x0000000008005670                Vector104
                0x0000000008005670                Vector184
                0x0000000008005670                Vector10C
                0x0000000008005670                Vector14C
                0x0000000008005670                BusFault_Handler
                0x0000000008005670                Vector50
                0x0000000008005670                Vector194
                0x0000000008005670                Vector44
                0x0000000008005670                Vector28
                0x0000000008005670                VectorB8
                0x0000000008005670                Vector34
                0x0000000008005670                VectorA4
                0x0000000008005670                Vector20
                0x0000000008005670                Vector18C
                0x0000000008005670                Vector174
 .text.gpsRxErr.16075
                0x0000000008005680       0x10 /tmp/cc1G1iwv.ltrans6.ltrans.o
                0x0000000008005680                gpsRxErr.16075
 .text.gpsRxEnd.16072
                0x0000000008005690       0x10 /tmp/cc1G1iwv.ltrans6.ltrans.o
                0x0000000008005690                gpsRxEnd.16072
 .text.gpsTxC.16069
                0x00000000080056a0       0x10 /tmp/cc1G1iwv.ltrans6.ltrans.o
                0x00000000080056a0                gpsTxC.16069
 .text.gpsTxbufEnd.16066
                0x00000000080056b0       0x10 /tmp/cc1G1iwv.ltrans6.ltrans.o
                0x00000000080056b0                gpsTxbufEnd.16066
 .text.get.13121
                0x00000000080056c0       0x20 /tmp/cc1G1iwv.ltrans6.ltrans.o
                0x00000000080056c0                get.13121
 .text.put.13111
                0x00000000080056e0       0x20 /tmp/cc1G1iwv.ltrans6.ltrans.o
                0x00000000080056e0                put.13111
 .text.long_to_string_with_divisor.13045.4471
                0x0000000008005700       0x50 /tmp/cc1G1iwv.ltrans6.ltrans.o
 .text.mmc_lld_is_write_protected
                0x0000000008005750       0x10 /tmp/cc1G1iwv.ltrans6.ltrans.o
                0x0000000008005750                mmc_lld_is_write_protected
 .text.mmc_lld_is_card_inserted
                0x0000000008005760       0x10 /tmp/cc1G1iwv.ltrans6.ltrans.o
                0x0000000008005760                mmc_lld_is_card_inserted
 .text.notify6.12010
                0x0000000008005770       0x10 /tmp/cc1G1iwv.ltrans6.ltrans.o
                0x0000000008005770                notify6.12010
 .text.notify2.12013
                0x0000000008005780       0x10 /tmp/cc1G1iwv.ltrans6.ltrans.o
                0x0000000008005780                notify2.12013
 .text.i2c_lld_serve_rx_end_irq.11402
                0x0000000008005790       0x70 /tmp/cc1G1iwv.ltrans6.ltrans.o
                0x0000000008005790                i2c_lld_serve_rx_end_irq.11402
 .text.VectorD4
                0x0000000008005800       0x70 /tmp/cc1G1iwv.ltrans6.ltrans.o
                0x0000000008005800                VectorD4
 .text.gpsRxChar.16096
                0x0000000008005870       0x90 /tmp/cc1G1iwv.ltrans6.ltrans.o
                0x0000000008005870                gpsRxChar.16096
 .text.writes.13130
                0x0000000008005900       0x30 /tmp/cc1G1iwv.ltrans6.ltrans.o
                0x0000000008005900                writes.13130
 .text.reads.13124
                0x0000000008005930       0x30 /tmp/cc1G1iwv.ltrans6.ltrans.o
                0x0000000008005930                reads.13124
 .text.Vector164
                0x0000000008005960       0x30 /tmp/cc1G1iwv.ltrans6.ltrans.o
                0x0000000008005960                Vector164
 .text.VectorC0
                0x0000000008005990       0x30 /tmp/cc1G1iwv.ltrans6.ltrans.o
                0x0000000008005990                VectorC0
 .text.Vector160
                0x00000000080059c0       0x20 /tmp/cc1G1iwv.ltrans6.ltrans.o
                0x00000000080059c0                Vector160
 .text.VectorBC
                0x00000000080059e0       0x20 /tmp/cc1G1iwv.ltrans6.ltrans.o
                0x00000000080059e0                VectorBC
 .text.chSchWakeupS.constprop.45
                0x0000000008005a00       0x60 /tmp/cc1G1iwv.ltrans6.ltrans.o
                0x0000000008005a00                chSchWakeupS.constprop.45
 .text.chMtxUnlock
                0x0000000008005a60       0x60 /tmp/cc1G1iwv.ltrans6.ltrans.o
                0x0000000008005a60                chMtxUnlock
 .text.chTMStartMeasurementX.constprop.31
                0x0000000008005ac0       0x10 /tmp/cc1G1iwv.ltrans6.ltrans.o
                0x0000000008005ac0                chTMStartMeasurementX.constprop.31
 .text.sdObjectInit.constprop.26
                0x0000000008005ad0       0x70 /tmp/cc1G1iwv.ltrans6.ltrans.o
                0x0000000008005ad0                sdObjectInit.constprop.26
 .text.uStrInsertChar.constprop.3
                0x0000000008005b40       0x40 /tmp/cc1G1iwv.ltrans6.ltrans.o
                0x0000000008005b40                uStrInsertChar.constprop.3
 .text.uStrPrependChar
                0x0000000008005b80       0x30 /tmp/cc1G1iwv.ltrans6.ltrans.o
                0x0000000008005b80                uStrPrependChar
 .text.uStrCpy  0x0000000008005bb0       0x30 /tmp/cc1G1iwv.ltrans6.ltrans.o
                0x0000000008005bb0                uStrCpy
 .text.chvprintf
                0x0000000008005be0      0x3a0 /tmp/cc1G1iwv.ltrans6.ltrans.o
                0x0000000008005be0                chvprintf
 .text.chprintf.13294.constprop.13
                0x0000000008005f80       0x30 /tmp/cc1G1iwv.ltrans6.ltrans.o
                0x0000000008005f80                chprintf.13294.constprop.13
 .text.I2CSensor_init
                0x0000000008005fb0       0x60 /tmp/cc1G1iwv.ltrans6.ltrans.o
                0x0000000008005fb0                I2CSensor_init
 .text.chprintf.13613.constprop.12
                0x0000000008006010       0x30 /tmp/cc1G1iwv.ltrans6.ltrans.o
                0x0000000008006010                chprintf.13613.constprop.12
 .text.chprintf.16082.constprop.1
                0x0000000008006040       0x30 /tmp/cc1G1iwv.ltrans6.ltrans.o
                0x0000000008006040                chprintf.16082.constprop.1
 .text.chprintf.17351
                0x0000000008006070       0x20 /tmp/cc1G1iwv.ltrans6.ltrans.o
                0x0000000008006070                chprintf.17351
 .text.chprintf.16741
                0x0000000008006090       0x20 /tmp/cc1G1iwv.ltrans6.ltrans.o
                0x0000000008006090                chprintf.16741
 .text.chprintf.16383
                0x00000000080060b0       0x20 /tmp/cc1G1iwv.ltrans6.ltrans.o
                0x00000000080060b0                chprintf.16383
 .text.chprintf.15657
                0x00000000080060d0       0x20 /tmp/cc1G1iwv.ltrans6.ltrans.o
                0x00000000080060d0                chprintf.15657
 .text.get_ldnumber.12784
                0x00000000080060f0       0x50 /tmp/cc1G1iwv.ltrans6.ltrans.o
                0x00000000080060f0                get_ldnumber.12784
 .text.usart_stop.12171
                0x0000000008006140       0x50 /tmp/cc1G1iwv.ltrans6.ltrans.o
                0x0000000008006140                usart_stop.12171
 .text.spiUnselect
                0x0000000008006190       0x20 /tmp/cc1G1iwv.ltrans6.ltrans.o
                0x0000000008006190                spiUnselect
 .text.spiSelect
                0x00000000080061b0       0x20 /tmp/cc1G1iwv.ltrans6.ltrans.o
                0x00000000080061b0                spiSelect
 .text.spiStop  0x00000000080061d0       0x50 /tmp/cc1G1iwv.ltrans6.ltrans.o
                0x00000000080061d0                spiStop
 .text.spiStart
                0x0000000008006220       0xb0 /tmp/cc1G1iwv.ltrans6.ltrans.o
                0x0000000008006220                spiStart
 .text.beaconThread
                0x00000000080062d0       0x40 /tmp/cc1G1iwv.ltrans7.ltrans.o
                0x00000000080062d0                beaconThread
 .text.f_open.4361
                0x0000000008006310      0x470 /tmp/cc1G1iwv.ltrans7.ltrans.o
 .text.i2cStart
                0x0000000008006780      0x220 /tmp/cc1G1iwv.ltrans7.ltrans.o
                0x0000000008006780                i2cStart
 .text.openNewLogfile.part.0.17363
                0x00000000080069a0       0xd0 /tmp/cc1G1iwv.ltrans7.ltrans.o
                0x00000000080069a0                openNewLogfile.part.0.17363
 .text.Reset_Handler
                0x0000000008006a70      0x1c0 /tmp/cc1G1iwv.ltrans8.ltrans.o
                0x0000000008006a70                Reset_Handler
 .text.chThdExit
                0x0000000008006c30       0x50 /tmp/cc1G1iwv.ltrans8.ltrans.o
                0x0000000008006c30                chThdExit
 .text.chSchDoReschedule
                0x0000000008006c80       0x10 /tmp/cc1G1iwv.ltrans8.ltrans.o
                0x0000000008006c80                chSchDoReschedule
 .text.strcpy   0x0000000008006c90       0xbc /usr/bin/../lib/gcc/arm-none-eabi/4.8.4/../../../../arm-none-eabi/lib/armv7e-m/fpu/libc.a(lib_a-strcpy.o)
                0x0000000008006c90                strcpy
 *fill*         0x0000000008006d4c        0x4 
 .text.strlen   0x0000000008006d50       0x60 /usr/bin/../lib/gcc/arm-none-eabi/4.8.4/../../../../arm-none-eabi/lib/armv7e-m/fpu/libc.a(lib_a-strlen.o)
                0x0000000008006d50                strlen
 .text.strncmp  0x0000000008006db0       0xb4 /usr/bin/../lib/gcc/arm-none-eabi/4.8.4/../../../../arm-none-eabi/lib/armv7e-m/fpu/libc.a(lib_a-strncmp.o)
                0x0000000008006db0                strncmp
 *(.rodata)
 *fill*         0x0000000008006e64        0xc 
 .rodata        0x0000000008006e70       0x24 /tmp/cc1G1iwv.ltrans4.ltrans.o
 *(.rodata.*)
 *fill*         0x0000000008006e94        0xc 
 .rodata._stm32_dma_streams
                0x0000000008006ea0       0xc0 /tmp/cc1G1iwv.ltrans0.ltrans.o
 .rodata.str1.4
                0x0000000008006f60      0x371 /tmp/cc1G1iwv.ltrans0.ltrans.o
                                        0x37c (size before relaxing)
 *fill*         0x00000000080072d1        0xf 
 .rodata.ch_debug
                0x00000000080072e0       0x18 /tmp/cc1G1iwv.ltrans0.ltrans.o
 *fill*         0x00000000080072f8        0x8 
 .rodata.mmc_vmt.10007.5113
                0x0000000008007300       0x20 /tmp/cc1G1iwv.ltrans0.ltrans.o
 .rodata.stopcmd.7715.10003.4653
                0x0000000008007320        0x8 /tmp/cc1G1iwv.ltrans1.ltrans.o
 *fill*         0x0000000008007328        0x8 
 .rodata.vmt.10284
                0x0000000008007330       0x20 /tmp/cc1G1iwv.ltrans1.ltrans.o
                0x0000000008007330                vmt.10284
 .rodata.crc7_lookup_table.10006.4624
                0x0000000008007350      0x100 /tmp/cc1G1iwv.ltrans1.ltrans.o
 .rodata.vmt.13154.4656
                0x0000000008007450       0x10 /tmp/cc1G1iwv.ltrans1.ltrans.o
 .rodata.start.7726.10005.4623
                0x0000000008007460        0x4 /tmp/cc1G1iwv.ltrans1.ltrans.o
 *fill*         0x0000000008007464        0xc 
 .rodata.default_config.12051.4721
                0x0000000008007470        0xc /tmp/cc1G1iwv.ltrans3.ltrans.o
 *fill*         0x000000000800747c        0x4 
 .rodata.str1.4
                0x0000000008007480       0x49 /tmp/cc1G1iwv.ltrans3.ltrans.o
                                         0x4c (size before relaxing)
 *fill*         0x00000000080074c9        0x7 
 .rodata.ii2cCfg.15776.4823
                0x00000000080074d0        0xc /tmp/cc1G1iwv.ltrans4.ltrans.o
 *fill*         0x00000000080074dc        0x4 
 .rodata.ei2cCfg.15775.4824
                0x00000000080074e0        0xc /tmp/cc1G1iwv.ltrans4.ltrans.o
 *fill*         0x00000000080074ec        0x4 
 .rodata.analogGrp.15772.4818
                0x00000000080074f0       0x28 /tmp/cc1G1iwv.ltrans4.ltrans.o
 *fill*         0x0000000008007518        0x8 
 .rodata.str1.4
                0x0000000008007520      0x241 /tmp/cc1G1iwv.ltrans4.ltrans.o
                                        0x244 (size before relaxing)
 *fill*         0x0000000008007761        0xf 
 .rodata.stop.7732.10004
                0x0000000008007770        0x4 /tmp/cc1G1iwv.ltrans4.ltrans.o
                0x0000000008007770                stop.7732.10004
 *fill*         0x0000000008007774        0xc 
 .rodata.str1.4
                0x0000000008007780        0x5 /tmp/cc1G1iwv.ltrans5.ltrans.o
                                          0x8 (size before relaxing)
 *fill*         0x0000000008007785        0xb 
 .rodata.pow10.13096.4752
                0x0000000008007790       0x24 /tmp/cc1G1iwv.ltrans6.ltrans.o
 *fill*         0x00000000080077b4        0xc 
 .rodata.str1.4
                0x00000000080077c0       0x1f /tmp/cc1G1iwv.ltrans6.ltrans.o
                                         0x38 (size before relaxing)
 *fill*         0x00000000080077df        0x1 
 .rodata.str1.4
                0x00000000080077e0       0xec /tmp/cc1G1iwv.ltrans7.ltrans.o
 *fill*         0x00000000080078cc        0x4 
 .rodata.ExCvt.12997.4559
                0x00000000080078d0       0x80 /tmp/cc1G1iwv.ltrans7.ltrans.o
 *(.glue_7t)
 .glue_7t       0x0000000000000000        0x0 linker stubs
 *(.glue_7)
 .glue_7        0x0000000000000000        0x0 linker stubs
 *(.gcc*)

.vfp11_veneer   0x0000000008007950        0x0
 .vfp11_veneer  0x0000000000000000        0x0 linker stubs

.v4_bx          0x0000000008007950        0x0
 .v4_bx         0x0000000000000000        0x0 linker stubs

.iplt           0x0000000008007950        0x0
 .iplt          0x0000000000000000        0x0 build/obj/chcoreasm_v7m.o

.rel.dyn        0x0000000008007950        0x0
 .rel.iplt      0x0000000000000000        0x0 build/obj/chcoreasm_v7m.o

.ARM.extab
 *(.ARM.extab* .gnu.linkonce.armextab.*)

.ARM.exidx      0x0000000008007950        0x0
                0x0000000008007950                PROVIDE (__exidx_start, .)
 *(.ARM.exidx* .gnu.linkonce.armexidx.*)
                0x0000000008007950                PROVIDE (__exidx_end, .)

.eh_frame_hdr
 *(.eh_frame_hdr)

.eh_frame
 *(.eh_frame)

.textalign      0x0000000008007950        0x0
                0x0000000008007950                . = ALIGN (0x8)
                0x0000000008007950                . = ALIGN (0x4)
                0x0000000008007950                _etext = .
                0x0000000008007950                _textdata = _etext

.stacks         0x0000000020000000     0x1400
                0x0000000020000000                . = ALIGN (0x8)
                0x0000000020000000                __main_stack_base__ = .
                0x0000000020000400                . = (. + __main_stack_size__)
 *fill*         0x0000000020000000      0x400 
                0x0000000020000400                . = ALIGN (0x8)
                0x0000000020000400                __main_stack_end__ = .
                0x0000000020000400                __process_stack_base__ = .
                0x0000000020000400                __main_thread_stack_base__ = .
                0x0000000020001400                . = (. + __process_stack_size__)
 *fill*         0x0000000020000400     0x1000 
                0x0000000020001400                . = ALIGN (0x8)
                0x0000000020001400                __process_stack_end__ = .
                0x0000000020001400                __main_thread_stack_end__ = .

.data           0x0000000020001400       0x5c load address 0x0000000008007950
                0x0000000020001400                . = ALIGN (0x4)
                0x0000000020001400                PROVIDE (_data, .)
 *(.data)
 *(.data.*)
 .data.hsCfg.16521.5078
                0x0000000020001400        0xc /tmp/cc1G1iwv.ltrans0.ltrans.o
 .data.serGpsCfg.16168.5081
                0x000000002000140c       0x20 /tmp/cc1G1iwv.ltrans0.ltrans.o
 .data.xbeeSerCfg.15028.5114
                0x000000002000142c        0xc /tmp/cc1G1iwv.ltrans0.ltrans.o
 .data.serCfg.17559.5111
                0x0000000020001438        0xc /tmp/cc1G1iwv.ltrans0.ltrans.o
 .data.lsCfg.16520.5077
                0x0000000020001444        0xc /tmp/cc1G1iwv.ltrans0.ltrans.o
 .data.mmcCfg.16518.5075
                0x0000000020001450        0xc /tmp/cc1G1iwv.ltrans0.ltrans.o
 *(.ramtext)
                0x000000002000145c                . = ALIGN (0x4)
                0x000000002000145c                PROVIDE (_edata, .)

.igot.plt       0x000000002000145c        0x0 load address 0x00000000080079ac
 .igot.plt      0x0000000000000000        0x0 build/obj/chcoreasm_v7m.o

.bss            0x000000002000145c     0x2f60
                0x000000002000145c                . = ALIGN (0x4)
                0x000000002000145c                PROVIDE (_bss_start, .)
 *(.bss)
 *(.bss.*)
 .bss.DEBUG.16890
                0x000000002000145c        0x4 /tmp/cc1G1iwv.ltrans0.ltrans.o
                0x000000002000145c                DEBUG.16890
 .bss.SD.16523.5065
                0x0000000020001460        0x4 /tmp/cc1G1iwv.ltrans0.ltrans.o
 .bss.nextmem.6820
                0x0000000020001464        0x4 /tmp/cc1G1iwv.ltrans0.ltrans.o
                0x0000000020001464                nextmem.6820
 .bss.dummytx.11757
                0x0000000020001468        0x2 /tmp/cc1G1iwv.ltrans0.ltrans.o
                0x0000000020001468                dummytx.11757
 *fill*         0x000000002000146a        0x2 
 .bss.SD2       0x000000002000146c      0x458 /tmp/cc1G1iwv.ltrans0.ltrans.o
                0x000000002000146c                SD2
 *fill*         0x00000000200018c4        0x4 
 .bss.waBeacon.17562.5100
                0x00000000200018c8      0x190 /tmp/cc1G1iwv.ltrans0.ltrans.o
 .bss.xbee.17557.5079
                0x0000000020001a58        0x8 /tmp/cc1G1iwv.ltrans0.ltrans.o
 .bss.SD6       0x0000000020001a60      0x458 /tmp/cc1G1iwv.ltrans0.ltrans.o
                0x0000000020001a60                SD6
 .bss.endmem.6822
                0x0000000020001eb8        0x4 /tmp/cc1G1iwv.ltrans0.ltrans.o
                0x0000000020001eb8                endmem.6822
 .bss.masterSample.17561.5067
                0x0000000020001ebc       0x98 /tmp/cc1G1iwv.ltrans0.ltrans.o
 .bss.dataPrintBuf.15345.5101
                0x0000000020001f54      0x300 /tmp/cc1G1iwv.ltrans0.ltrans.o
 .bss.FS.16517.5112
                0x0000000020002254      0x230 /tmp/cc1G1iwv.ltrans0.ltrans.o
 .bss.serialPort.16522.5064
                0x0000000020002484        0x4 /tmp/cc1G1iwv.ltrans0.ltrans.o
 .bss.GPS.16169
                0x0000000020002488      0x140 /tmp/cc1G1iwv.ltrans0.ltrans.o
                0x0000000020002488                GPS.16169
 .bss.waSensor.17563.5099
                0x00000000200025c8     0x1150 /tmp/cc1G1iwv.ltrans0.ltrans.o
 .bss.dma_isr_redir.10833
                0x0000000020003718       0x80 /tmp/cc1G1iwv.ltrans0.ltrans.o
                0x0000000020003718                dma_isr_redir.10833
 .bss.mainthread.6320.4386.5082
                0x0000000020003798       0x44 /tmp/cc1G1iwv.ltrans0.ltrans.o
 .bss.dma_streams_mask.10838
                0x00000000200037dc        0x4 /tmp/cc1G1iwv.ltrans0.ltrans.o
                0x00000000200037dc                dma_streams_mask.10838
 .bss.SPID3     0x00000000200037e0       0x30 /tmp/cc1G1iwv.ltrans0.ltrans.o
                0x00000000200037e0                SPID3
 .bss.logger.17551
                0x0000000020003810       0x10 /tmp/cc1G1iwv.ltrans0.ltrans.o
                0x0000000020003810                logger.17551
 .bss.ADCD1     0x0000000020003820       0x34 /tmp/cc1G1iwv.ltrans0.ltrans.o
                0x0000000020003820                ADCD1
 *fill*         0x0000000020003854        0x4 
 .bss._idle_thread_wa.4385.5190
                0x0000000020003858      0x160 /tmp/cc1G1iwv.ltrans0.ltrans.o
 .bss.sd.17555.5072
                0x00000000200039b8       0x10 /tmp/cc1G1iwv.ltrans0.ltrans.o
 .bss.default_heap.6947.5191
                0x00000000200039c8       0x20 /tmp/cc1G1iwv.ltrans0.ltrans.o
 .bss.sensorLog.17550
                0x00000000200039e8       0x18 /tmp/cc1G1iwv.ltrans0.ltrans.o
                0x00000000200039e8                sensorLog.17550
 .bss.MMCD1     0x0000000020003a00       0x34 /tmp/cc1G1iwv.ltrans0.ltrans.o
                0x0000000020003a00                MMCD1
 *fill*         0x0000000020003a34        0x4 
 .bss.waGps.17564.5097
                0x0000000020003a38      0x658 /tmp/cc1G1iwv.ltrans0.ltrans.o
 .bss.I2CD1     0x0000000020004090       0x38 /tmp/cc1G1iwv.ltrans0.ltrans.o
                0x0000000020004090                I2CD1
 .bss.I2CD3     0x00000000200040c8       0x38 /tmp/cc1G1iwv.ltrans0.ltrans.o
                0x00000000200040c8                I2CD3
 .bss.UARTD1    0x0000000020004100       0x1c /tmp/cc1G1iwv.ltrans0.ltrans.o
                0x0000000020004100                UARTD1
 .bss.dummyrx.11759.4654
                0x000000002000411c        0x2 /tmp/cc1G1iwv.ltrans1.ltrans.o
 *fill*         0x000000002000411e        0x2 
 .bss.FatFs.12998.4375
                0x0000000020004120        0x4 /tmp/cc1G1iwv.ltrans2.ltrans.o
 .bss.Fsid.12999.4376
                0x0000000020004124        0x2 /tmp/cc1G1iwv.ltrans2.ltrans.o
 *fill*         0x0000000020004126        0x2 
 .bss.tokBuf.16170
                0x0000000020004128       0x14 /tmp/cc1G1iwv.ltrans3.ltrans.o
                0x0000000020004128                tokBuf.16170
 .bss.gpsSem    0x000000002000413c        0xc /tmp/cc1G1iwv.ltrans3.ltrans.o
                0x000000002000413c                gpsSem
 .bss.errors.13409.4677
                0x0000000020004148        0x4 /tmp/cc1G1iwv.ltrans3.ltrans.o
 .bss.sensCount.14060.4811
                0x000000002000414c        0x1 /tmp/cc1G1iwv.ltrans4.ltrans.o
 .bss.sensCount.13672.4809
                0x000000002000414d        0x1 /tmp/cc1G1iwv.ltrans4.ltrans.o
 .bss.sensCount.14818.4813
                0x000000002000414e        0x1 /tmp/cc1G1iwv.ltrans4.ltrans.o
 *fill*         0x000000002000414f        0x1 
 .bss.analogSamples.15778.4825
                0x0000000020004150        0xc /tmp/cc1G1iwv.ltrans4.ltrans.o
 .bss.activeAnalogCh.15777.4814
                0x000000002000415c        0x1 /tmp/cc1G1iwv.ltrans4.ltrans.o
 .bss.sensCount.14416.4812
                0x000000002000415d        0x1 /tmp/cc1G1iwv.ltrans4.ltrans.o
 .bss.sensCount.13874.4810
                0x000000002000415e        0x1 /tmp/cc1G1iwv.ltrans4.ltrans.o
 *fill*         0x000000002000415f        0x1 
 .bss.lFile.4554
                0x0000000020004160      0x224 /tmp/cc1G1iwv.ltrans7.ltrans.o
 .bss.lfNum.17565.4551
                0x0000000020004384        0x2 /tmp/cc1G1iwv.ltrans7.ltrans.o
 *fill*         0x0000000020004386        0x2 
 .bss.ch        0x0000000020004388       0x34 /tmp/cc1G1iwv.ltrans8.ltrans.o
                0x0000000020004388                ch
 *(COMMON)
                0x00000000200043bc                . = ALIGN (0x4)
                0x00000000200043bc                PROVIDE (_bss_end, .)
                0x00000000200043bc                PROVIDE (end, .)
                0x00000000200043bc                _end = .
                0x00000000200043bc                __heap_base__ = _end
                0x0000000020010000                __heap_end__ = __ram_end__
                0x0000000000001000                __process_stack_size__ = 0x1000
                0x0000000000000400                __main_stack_size__ = 0x400
START GROUP
LOAD /usr/bin/../lib/gcc/arm-none-eabi/4.8.4/armv7e-m/fpu/libgcc.a
LOAD /usr/bin/../lib/gcc/arm-none-eabi/4.8.4/../../../../arm-none-eabi/lib/armv7e-m/fpu/libc.a
END GROUP
OUTPUT(build/stribog.elf elf32-littlearm)

.ARM.attributes
                0x0000000000000000       0x35
 .ARM.attributes
                0x0000000000000000       0x25 build/obj/chcoreasm_v7m.o
 .ARM.attributes
                0x0000000000000025       0x37 /tmp/cc1G1iwv.ltrans0.ltrans.o
 .ARM.attributes
                0x000000000000005c       0x37 /tmp/cc1G1iwv.ltrans1.ltrans.o
 .ARM.attributes
                0x0000000000000093       0x37 /tmp/cc1G1iwv.ltrans2.ltrans.o
 .ARM.attributes
                0x00000000000000ca       0x37 /tmp/cc1G1iwv.ltrans3.ltrans.o
 .ARM.attributes
                0x0000000000000101       0x37 /tmp/cc1G1iwv.ltrans4.ltrans.o
 .ARM.attributes
                0x0000000000000138       0x37 /tmp/cc1G1iwv.ltrans5.ltrans.o
 .ARM.attributes
                0x000000000000016f       0x37 /tmp/cc1G1iwv.ltrans6.ltrans.o
 .ARM.attributes
                0x00000000000001a6       0x37 /tmp/cc1G1iwv.ltrans7.ltrans.o
 .ARM.attributes
                0x00000000000001dd       0x37 /tmp/cc1G1iwv.ltrans8.ltrans.o
 .ARM.attributes
                0x0000000000000214       0x22 /usr/bin/../lib/gcc/arm-none-eabi/4.8.4/armv7e-m/fpu/libgcc.a(_arm_addsubdf3.o)
 .ARM.attributes
                0x0000000000000236       0x22 /usr/bin/../lib/gcc/arm-none-eabi/4.8.4/armv7e-m/fpu/libgcc.a(_arm_muldivdf3.o)
 .ARM.attributes
                0x0000000000000258       0x22 /usr/bin/../lib/gcc/arm-none-eabi/4.8.4/armv7e-m/fpu/libgcc.a(_arm_fixdfsi.o)
 .ARM.attributes
                0x000000000000027a       0x22 /usr/bin/../lib/gcc/arm-none-eabi/4.8.4/armv7e-m/fpu/libgcc.a(_arm_truncdfsf2.o)
 .ARM.attributes
                0x000000000000029c       0x20 /usr/bin/../lib/gcc/arm-none-eabi/4.8.4/../../../../arm-none-eabi/lib/armv7e-m/fpu/libc.a(lib_a-memcpy.o)
 .ARM.attributes
                0x00000000000002bc       0x34 /usr/bin/../lib/gcc/arm-none-eabi/4.8.4/../../../../arm-none-eabi/lib/armv7e-m/fpu/libc.a(lib_a-strcpy.o)
 .ARM.attributes
                0x00000000000002f0       0x34 /usr/bin/../lib/gcc/arm-none-eabi/4.8.4/../../../../arm-none-eabi/lib/armv7e-m/fpu/libc.a(lib_a-strlen.o)
 .ARM.attributes
                0x0000000000000324       0x34 /usr/bin/../lib/gcc/arm-none-eabi/4.8.4/../../../../arm-none-eabi/lib/armv7e-m/fpu/libc.a(lib_a-strncmp.o)

.comment        0x0000000000000000       0x70
 .comment       0x0000000000000000       0x70 /tmp/cc1G1iwv.ltrans0.ltrans.o
                                         0x71 (size before relaxing)
 .comment       0x0000000000000000       0x71 /tmp/cc1G1iwv.ltrans1.ltrans.o
 .comment       0x0000000000000000       0x71 /tmp/cc1G1iwv.ltrans2.ltrans.o
 .comment       0x0000000000000000       0x71 /tmp/cc1G1iwv.ltrans3.ltrans.o
 .comment       0x0000000000000000       0x71 /tmp/cc1G1iwv.ltrans4.ltrans.o
 .comment       0x0000000000000000       0x71 /tmp/cc1G1iwv.ltrans5.ltrans.o
 .comment       0x0000000000000000       0x71 /tmp/cc1G1iwv.ltrans6.ltrans.o
 .comment       0x0000000000000000       0x71 /tmp/cc1G1iwv.ltrans7.ltrans.o
 .comment       0x0000000000000000       0x71 /tmp/cc1G1iwv.ltrans8.ltrans.o

.debug_frame    0x0000000000000000       0x68
 .debug_frame   0x0000000000000000       0x20 /usr/bin/../lib/gcc/arm-none-eabi/4.8.4/../../../../arm-none-eabi/lib/armv7e-m/fpu/libc.a(lib_a-strcpy.o)
 .debug_frame   0x0000000000000020       0x20 /usr/bin/../lib/gcc/arm-none-eabi/4.8.4/../../../../arm-none-eabi/lib/armv7e-m/fpu/libc.a(lib_a-strlen.o)
 .debug_frame   0x0000000000000040       0x28 /usr/bin/../lib/gcc/arm-none-eabi/4.8.4/../../../../arm-none-eabi/lib/armv7e-m/fpu/libc.a(lib_a-strncmp.o)

Cross Reference Table

Symbol                                            File
ADCD1                                             /tmp/cc1G1iwv.ltrans0.ltrans.o
                                                  /tmp/cc1G1iwv.ltrans5.ltrans.o
                                                  /tmp/cc1G1iwv.ltrans4.ltrans.o
BusFault_Handler                                  /tmp/cc1G1iwv.ltrans5.ltrans.o
                                                  /tmp/cc1G1iwv.ltrans8.ltrans.o
DEBUG.16890                                       /tmp/cc1G1iwv.ltrans0.ltrans.o
                                                  /tmp/cc1G1iwv.ltrans7.ltrans.o
DebugMon_Handler                                  /tmp/cc1G1iwv.ltrans5.ltrans.o
                                                  /tmp/cc1G1iwv.ltrans8.ltrans.o
GPS.16169                                         /tmp/cc1G1iwv.ltrans0.ltrans.o
                                                  /tmp/cc1G1iwv.ltrans6.ltrans.o
                                                  /tmp/cc1G1iwv.ltrans3.ltrans.o
HardFault_Handler                                 /tmp/cc1G1iwv.ltrans5.ltrans.o
                                                  /tmp/cc1G1iwv.ltrans8.ltrans.o
I2CD1                                             /tmp/cc1G1iwv.ltrans0.ltrans.o
                                                  /tmp/cc1G1iwv.ltrans7.ltrans.o
                                                  /tmp/cc1G1iwv.ltrans6.ltrans.o
                                                  /tmp/cc1G1iwv.ltrans4.ltrans.o
I2CD3                                             /tmp/cc1G1iwv.ltrans0.ltrans.o
                                                  /tmp/cc1G1iwv.ltrans7.ltrans.o
                                                  /tmp/cc1G1iwv.ltrans6.ltrans.o
                                                  /tmp/cc1G1iwv.ltrans4.ltrans.o
I2CSensor_init                                    /tmp/cc1G1iwv.ltrans6.ltrans.o
                                                  /tmp/cc1G1iwv.ltrans4.ltrans.o
I2CSensor_transact                                /tmp/cc1G1iwv.ltrans3.ltrans.o
                                                  /tmp/cc1G1iwv.ltrans4.ltrans.o
I2CSensor_transact_buf                            /tmp/cc1G1iwv.ltrans3.ltrans.o
                                                  /tmp/cc1G1iwv.ltrans4.ltrans.o
MMCD1                                             /tmp/cc1G1iwv.ltrans0.ltrans.o
                                                  /tmp/cc1G1iwv.ltrans2.ltrans.o
                                                  /tmp/cc1G1iwv.ltrans1.ltrans.o
MemManage_Handler                                 /tmp/cc1G1iwv.ltrans5.ltrans.o
                                                  /tmp/cc1G1iwv.ltrans8.ltrans.o
NMI_Handler                                       /tmp/cc1G1iwv.ltrans5.ltrans.o
                                                  /tmp/cc1G1iwv.ltrans8.ltrans.o
PendSV_Handler                                    /tmp/cc1G1iwv.ltrans5.ltrans.o
                                                  /tmp/cc1G1iwv.ltrans8.ltrans.o
Reset_Handler                                     /tmp/cc1G1iwv.ltrans8.ltrans.o
SD2                                               /tmp/cc1G1iwv.ltrans0.ltrans.o
                                                  /tmp/cc1G1iwv.ltrans4.ltrans.o
                                                  /tmp/cc1G1iwv.ltrans3.ltrans.o
SD6                                               /tmp/cc1G1iwv.ltrans0.ltrans.o
                                                  /tmp/cc1G1iwv.ltrans7.ltrans.o
                                                  /tmp/cc1G1iwv.ltrans6.ltrans.o
                                                  /tmp/cc1G1iwv.ltrans4.ltrans.o
                                                  /tmp/cc1G1iwv.ltrans3.ltrans.o
SPID3                                             /tmp/cc1G1iwv.ltrans0.ltrans.o
                                                  /tmp/cc1G1iwv.ltrans6.ltrans.o
SVC_Handler                                       /tmp/cc1G1iwv.ltrans5.ltrans.o
                                                  /tmp/cc1G1iwv.ltrans8.ltrans.o
SysTick_Handler                                   /tmp/cc1G1iwv.ltrans5.ltrans.o
                                                  /tmp/cc1G1iwv.ltrans8.ltrans.o
UARTD1                                            /tmp/cc1G1iwv.ltrans0.ltrans.o
                                                  /tmp/cc1G1iwv.ltrans6.ltrans.o
                                                  /tmp/cc1G1iwv.ltrans3.ltrans.o
UsageFault_Handler                                /tmp/cc1G1iwv.ltrans5.ltrans.o
                                                  /tmp/cc1G1iwv.ltrans8.ltrans.o
Vector100                                         /tmp/cc1G1iwv.ltrans5.ltrans.o
                                                  /tmp/cc1G1iwv.ltrans8.ltrans.o
Vector104                                         /tmp/cc1G1iwv.ltrans5.ltrans.o
                                                  /tmp/cc1G1iwv.ltrans8.ltrans.o
Vector108                                         /tmp/cc1G1iwv.ltrans5.ltrans.o
                                                  /tmp/cc1G1iwv.ltrans8.ltrans.o
Vector10C                                         /tmp/cc1G1iwv.ltrans5.ltrans.o
                                                  /tmp/cc1G1iwv.ltrans8.ltrans.o
Vector110                                         /tmp/cc1G1iwv.ltrans5.ltrans.o
                                                  /tmp/cc1G1iwv.ltrans8.ltrans.o
Vector114                                         /tmp/cc1G1iwv.ltrans5.ltrans.o
                                                  /tmp/cc1G1iwv.ltrans8.ltrans.o
Vector118                                         /tmp/cc1G1iwv.ltrans5.ltrans.o
                                                  /tmp/cc1G1iwv.ltrans8.ltrans.o
Vector11C                                         /tmp/cc1G1iwv.ltrans5.ltrans.o
                                                  /tmp/cc1G1iwv.ltrans8.ltrans.o
Vector120                                         /tmp/cc1G1iwv.ltrans5.ltrans.o
                                                  /tmp/cc1G1iwv.ltrans8.ltrans.o
Vector124                                         /tmp/cc1G1iwv.ltrans5.ltrans.o
                                                  /tmp/cc1G1iwv.ltrans8.ltrans.o
Vector128                                         /tmp/cc1G1iwv.ltrans5.ltrans.o
                                                  /tmp/cc1G1iwv.ltrans8.ltrans.o
Vector12C                                         /tmp/cc1G1iwv.ltrans5.ltrans.o
                                                  /tmp/cc1G1iwv.ltrans8.ltrans.o
Vector130                                         /tmp/cc1G1iwv.ltrans5.ltrans.o
                                                  /tmp/cc1G1iwv.ltrans8.ltrans.o
Vector134                                         /tmp/cc1G1iwv.ltrans5.ltrans.o
                                                  /tmp/cc1G1iwv.ltrans8.ltrans.o
Vector138                                         /tmp/cc1G1iwv.ltrans5.ltrans.o
                                                  /tmp/cc1G1iwv.ltrans8.ltrans.o
Vector13C                                         /tmp/cc1G1iwv.ltrans5.ltrans.o
                                                  /tmp/cc1G1iwv.ltrans8.ltrans.o
Vector140                                         /tmp/cc1G1iwv.ltrans5.ltrans.o
                                                  /tmp/cc1G1iwv.ltrans8.ltrans.o
Vector144                                         /tmp/cc1G1iwv.ltrans5.ltrans.o
                                                  /tmp/cc1G1iwv.ltrans8.ltrans.o
Vector148                                         /tmp/cc1G1iwv.ltrans5.ltrans.o
                                                  /tmp/cc1G1iwv.ltrans8.ltrans.o
Vector14C                                         /tmp/cc1G1iwv.ltrans5.ltrans.o
                                                  /tmp/cc1G1iwv.ltrans8.ltrans.o
Vector150                                         /tmp/cc1G1iwv.ltrans5.ltrans.o
                                                  /tmp/cc1G1iwv.ltrans8.ltrans.o
Vector154                                         /tmp/cc1G1iwv.ltrans5.ltrans.o
                                                  /tmp/cc1G1iwv.ltrans8.ltrans.o
Vector158                                         /tmp/cc1G1iwv.ltrans5.ltrans.o
                                                  /tmp/cc1G1iwv.ltrans8.ltrans.o
Vector15C                                         /tmp/cc1G1iwv.ltrans4.ltrans.o
                                                  /tmp/cc1G1iwv.ltrans8.ltrans.o
Vector160                                         /tmp/cc1G1iwv.ltrans6.ltrans.o
                                                  /tmp/cc1G1iwv.ltrans8.ltrans.o
Vector164                                         /tmp/cc1G1iwv.ltrans6.ltrans.o
                                                  /tmp/cc1G1iwv.ltrans8.ltrans.o
Vector168                                         /tmp/cc1G1iwv.ltrans5.ltrans.o
                                                  /tmp/cc1G1iwv.ltrans8.ltrans.o
Vector16C                                         /tmp/cc1G1iwv.ltrans5.ltrans.o
                                                  /tmp/cc1G1iwv.ltrans8.ltrans.o
Vector170                                         /tmp/cc1G1iwv.ltrans5.ltrans.o
                                                  /tmp/cc1G1iwv.ltrans8.ltrans.o
Vector174                                         /tmp/cc1G1iwv.ltrans5.ltrans.o
                                                  /tmp/cc1G1iwv.ltrans8.ltrans.o
Vector178                                         /tmp/cc1G1iwv.ltrans5.ltrans.o
                                                  /tmp/cc1G1iwv.ltrans8.ltrans.o
Vector17C                                         /tmp/cc1G1iwv.ltrans5.ltrans.o
                                                  /tmp/cc1G1iwv.ltrans8.ltrans.o
Vector180                                         /tmp/cc1G1iwv.ltrans5.ltrans.o
                                                  /tmp/cc1G1iwv.ltrans8.ltrans.o
Vector184                                         /tmp/cc1G1iwv.ltrans5.ltrans.o
                                                  /tmp/cc1G1iwv.ltrans8.ltrans.o
Vector188                                         /tmp/cc1G1iwv.ltrans5.ltrans.o
                                                  /tmp/cc1G1iwv.ltrans8.ltrans.o
Vector18C                                         /tmp/cc1G1iwv.ltrans5.ltrans.o
                                                  /tmp/cc1G1iwv.ltrans8.ltrans.o
Vector190                                         /tmp/cc1G1iwv.ltrans5.ltrans.o
                                                  /tmp/cc1G1iwv.ltrans8.ltrans.o
Vector194                                         /tmp/cc1G1iwv.ltrans5.ltrans.o
                                                  /tmp/cc1G1iwv.ltrans8.ltrans.o
Vector198                                         /tmp/cc1G1iwv.ltrans5.ltrans.o
                                                  /tmp/cc1G1iwv.ltrans8.ltrans.o
Vector19C                                         /tmp/cc1G1iwv.ltrans5.ltrans.o
                                                  /tmp/cc1G1iwv.ltrans8.ltrans.o
Vector1A0                                         /tmp/cc1G1iwv.ltrans5.ltrans.o
                                                  /tmp/cc1G1iwv.ltrans8.ltrans.o
Vector1A4                                         /tmp/cc1G1iwv.ltrans5.ltrans.o
                                                  /tmp/cc1G1iwv.ltrans8.ltrans.o
Vector1A8                                         /tmp/cc1G1iwv.ltrans5.ltrans.o
                                                  /tmp/cc1G1iwv.ltrans8.ltrans.o
Vector1AC                                         /tmp/cc1G1iwv.ltrans5.ltrans.o
                                                  /tmp/cc1G1iwv.ltrans8.ltrans.o
Vector1B0                                         /tmp/cc1G1iwv.ltrans5.ltrans.o
                                                  /tmp/cc1G1iwv.ltrans8.ltrans.o
Vector1B4                                         /tmp/cc1G1iwv.ltrans5.ltrans.o
                                                  /tmp/cc1G1iwv.ltrans8.ltrans.o
Vector1B8                                         /tmp/cc1G1iwv.ltrans5.ltrans.o
                                                  /tmp/cc1G1iwv.ltrans8.ltrans.o
Vector1BC                                         /tmp/cc1G1iwv.ltrans5.ltrans.o
                                                  /tmp/cc1G1iwv.ltrans8.ltrans.o
Vector1C                                          /tmp/cc1G1iwv.ltrans5.ltrans.o
                                                  /tmp/cc1G1iwv.ltrans8.ltrans.o
Vector20                                          /tmp/cc1G1iwv.ltrans5.ltrans.o
                                                  /tmp/cc1G1iwv.ltrans8.ltrans.o
Vector24                                          /tmp/cc1G1iwv.ltrans5.ltrans.o
                                                  /tmp/cc1G1iwv.ltrans8.ltrans.o
Vector28                                          /tmp/cc1G1iwv.ltrans5.ltrans.o
                                                  /tmp/cc1G1iwv.ltrans8.ltrans.o
Vector34                                          /tmp/cc1G1iwv.ltrans5.ltrans.o
                                                  /tmp/cc1G1iwv.ltrans8.ltrans.o
Vector40                                          /tmp/cc1G1iwv.ltrans5.ltrans.o
                                                  /tmp/cc1G1iwv.ltrans8.ltrans.o
Vector44                                          /tmp/cc1G1iwv.ltrans5.ltrans.o
                                                  /tmp/cc1G1iwv.ltrans8.ltrans.o
Vector48                                          /tmp/cc1G1iwv.ltrans5.ltrans.o
                                                  /tmp/cc1G1iwv.ltrans8.ltrans.o
Vector4C                                          /tmp/cc1G1iwv.ltrans5.ltrans.o
                                                  /tmp/cc1G1iwv.ltrans8.ltrans.o
Vector50                                          /tmp/cc1G1iwv.ltrans5.ltrans.o
                                                  /tmp/cc1G1iwv.ltrans8.ltrans.o
Vector54                                          /tmp/cc1G1iwv.ltrans5.ltrans.o
                                                  /tmp/cc1G1iwv.ltrans8.ltrans.o
Vector58                                          /tmp/cc1G1iwv.ltrans5.ltrans.o
                                                  /tmp/cc1G1iwv.ltrans8.ltrans.o
Vector5C                                          /tmp/cc1G1iwv.ltrans5.ltrans.o
                                                  /tmp/cc1G1iwv.ltrans8.ltrans.o
Vector60                                          /tmp/cc1G1iwv.ltrans5.ltrans.o
                                                  /tmp/cc1G1iwv.ltrans8.ltrans.o
Vector64                                          /tmp/cc1G1iwv.ltrans5.ltrans.o
                                                  /tmp/cc1G1iwv.ltrans8.ltrans.o
Vector68                                          /tmp/cc1G1iwv.ltrans5.ltrans.o
                                                  /tmp/cc1G1iwv.ltrans8.ltrans.o
Vector6C                                          /tmp/cc1G1iwv.ltrans5.ltrans.o
                                                  /tmp/cc1G1iwv.ltrans8.ltrans.o
Vector70                                          /tmp/cc1G1iwv.ltrans5.ltrans.o
                                                  /tmp/cc1G1iwv.ltrans8.ltrans.o
Vector74                                          /tmp/cc1G1iwv.ltrans5.ltrans.o
                                                  /tmp/cc1G1iwv.ltrans8.ltrans.o
Vector78                                          /tmp/cc1G1iwv.ltrans5.ltrans.o
                                                  /tmp/cc1G1iwv.ltrans8.ltrans.o
Vector7C                                          /tmp/cc1G1iwv.ltrans5.ltrans.o
                                                  /tmp/cc1G1iwv.ltrans8.ltrans.o
Vector80                                          /tmp/cc1G1iwv.ltrans5.ltrans.o
                                                  /tmp/cc1G1iwv.ltrans8.ltrans.o
Vector84                                          /tmp/cc1G1iwv.ltrans5.ltrans.o
                                                  /tmp/cc1G1iwv.ltrans8.ltrans.o
Vector88                                          /tmp/cc1G1iwv.ltrans5.ltrans.o
                                                  /tmp/cc1G1iwv.ltrans8.ltrans.o
Vector8C                                          /tmp/cc1G1iwv.ltrans5.ltrans.o
                                                  /tmp/cc1G1iwv.ltrans8.ltrans.o
Vector90                                          /tmp/cc1G1iwv.ltrans5.ltrans.o
                                                  /tmp/cc1G1iwv.ltrans8.ltrans.o
Vector94                                          /tmp/cc1G1iwv.ltrans5.ltrans.o
                                                  /tmp/cc1G1iwv.ltrans8.ltrans.o
Vector98                                          /tmp/cc1G1iwv.ltrans5.ltrans.o
                                                  /tmp/cc1G1iwv.ltrans8.ltrans.o
Vector9C                                          /tmp/cc1G1iwv.ltrans5.ltrans.o
                                                  /tmp/cc1G1iwv.ltrans8.ltrans.o
VectorA0                                          /tmp/cc1G1iwv.ltrans5.ltrans.o
                                                  /tmp/cc1G1iwv.ltrans8.ltrans.o
VectorA4                                          /tmp/cc1G1iwv.ltrans5.ltrans.o
                                                  /tmp/cc1G1iwv.ltrans8.ltrans.o
VectorA8                                          /tmp/cc1G1iwv.ltrans5.ltrans.o
                                                  /tmp/cc1G1iwv.ltrans8.ltrans.o
VectorAC                                          /tmp/cc1G1iwv.ltrans5.ltrans.o
                                                  /tmp/cc1G1iwv.ltrans8.ltrans.o
VectorB0                                          /tmp/cc1G1iwv.ltrans1.ltrans.o
                                                  /tmp/cc1G1iwv.ltrans8.ltrans.o
VectorB4                                          /tmp/cc1G1iwv.ltrans5.ltrans.o
                                                  /tmp/cc1G1iwv.ltrans8.ltrans.o
VectorB8                                          /tmp/cc1G1iwv.ltrans5.ltrans.o
                                                  /tmp/cc1G1iwv.ltrans8.ltrans.o
VectorBC                                          /tmp/cc1G1iwv.ltrans6.ltrans.o
                                                  /tmp/cc1G1iwv.ltrans8.ltrans.o
VectorC0                                          /tmp/cc1G1iwv.ltrans6.ltrans.o
                                                  /tmp/cc1G1iwv.ltrans8.ltrans.o
VectorC4                                          /tmp/cc1G1iwv.ltrans5.ltrans.o
                                                  /tmp/cc1G1iwv.ltrans8.ltrans.o
VectorC8                                          /tmp/cc1G1iwv.ltrans5.ltrans.o
                                                  /tmp/cc1G1iwv.ltrans8.ltrans.o
VectorCC                                          /tmp/cc1G1iwv.ltrans5.ltrans.o
                                                  /tmp/cc1G1iwv.ltrans8.ltrans.o
VectorD0                                          /tmp/cc1G1iwv.ltrans5.ltrans.o
                                                  /tmp/cc1G1iwv.ltrans8.ltrans.o
VectorD4                                          /tmp/cc1G1iwv.ltrans6.ltrans.o
                                                  /tmp/cc1G1iwv.ltrans8.ltrans.o
VectorD8                                          /tmp/cc1G1iwv.ltrans4.ltrans.o
                                                  /tmp/cc1G1iwv.ltrans8.ltrans.o
VectorDC                                          /tmp/cc1G1iwv.ltrans5.ltrans.o
                                                  /tmp/cc1G1iwv.ltrans8.ltrans.o
VectorE0                                          /tmp/cc1G1iwv.ltrans5.ltrans.o
                                                  /tmp/cc1G1iwv.ltrans8.ltrans.o
VectorE4                                          /tmp/cc1G1iwv.ltrans5.ltrans.o
                                                  /tmp/cc1G1iwv.ltrans8.ltrans.o
VectorE8                                          /tmp/cc1G1iwv.ltrans5.ltrans.o
                                                  /tmp/cc1G1iwv.ltrans8.ltrans.o
VectorEC                                          /tmp/cc1G1iwv.ltrans5.ltrans.o
                                                  /tmp/cc1G1iwv.ltrans8.ltrans.o
VectorF0                                          /tmp/cc1G1iwv.ltrans5.ltrans.o
                                                  /tmp/cc1G1iwv.ltrans8.ltrans.o
VectorF4                                          /tmp/cc1G1iwv.ltrans5.ltrans.o
                                                  /tmp/cc1G1iwv.ltrans8.ltrans.o
VectorF8                                          /tmp/cc1G1iwv.ltrans5.ltrans.o
                                                  /tmp/cc1G1iwv.ltrans8.ltrans.o
VectorFC                                          /tmp/cc1G1iwv.ltrans5.ltrans.o
                                                  /tmp/cc1G1iwv.ltrans8.ltrans.o
__adddf3                                          /usr/bin/../lib/gcc/arm-none-eabi/4.8.4/armv7e-m/fpu/libgcc.a(_arm_addsubdf3.o)
__aeabi_d2f                                       /usr/bin/../lib/gcc/arm-none-eabi/4.8.4/armv7e-m/fpu/libgcc.a(_arm_truncdfsf2.o)
                                                  /tmp/cc1G1iwv.ltrans6.ltrans.o
__aeabi_d2iz                                      /usr/bin/../lib/gcc/arm-none-eabi/4.8.4/armv7e-m/fpu/libgcc.a(_arm_fixdfsi.o)
                                                  /tmp/cc1G1iwv.ltrans6.ltrans.o
__aeabi_dadd                                      /usr/bin/../lib/gcc/arm-none-eabi/4.8.4/armv7e-m/fpu/libgcc.a(_arm_addsubdf3.o)
__aeabi_ddiv                                      /usr/bin/../lib/gcc/arm-none-eabi/4.8.4/armv7e-m/fpu/libgcc.a(_arm_muldivdf3.o)
__aeabi_dmul                                      /usr/bin/../lib/gcc/arm-none-eabi/4.8.4/armv7e-m/fpu/libgcc.a(_arm_muldivdf3.o)
                                                  /tmp/cc1G1iwv.ltrans6.ltrans.o
__aeabi_drsub                                     /usr/bin/../lib/gcc/arm-none-eabi/4.8.4/armv7e-m/fpu/libgcc.a(_arm_addsubdf3.o)
__aeabi_dsub                                      /usr/bin/../lib/gcc/arm-none-eabi/4.8.4/armv7e-m/fpu/libgcc.a(_arm_addsubdf3.o)
                                                  /tmp/cc1G1iwv.ltrans6.ltrans.o
__aeabi_f2d                                       /usr/bin/../lib/gcc/arm-none-eabi/4.8.4/armv7e-m/fpu/libgcc.a(_arm_addsubdf3.o)
                                                  /tmp/cc1G1iwv.ltrans6.ltrans.o
                                                  /tmp/cc1G1iwv.ltrans4.ltrans.o
                                                  /tmp/cc1G1iwv.ltrans0.ltrans.o
__aeabi_i2d                                       /usr/bin/../lib/gcc/arm-none-eabi/4.8.4/armv7e-m/fpu/libgcc.a(_arm_addsubdf3.o)
                                                  /tmp/cc1G1iwv.ltrans6.ltrans.o
__aeabi_l2d                                       /usr/bin/../lib/gcc/arm-none-eabi/4.8.4/armv7e-m/fpu/libgcc.a(_arm_addsubdf3.o)
__aeabi_ui2d                                      /usr/bin/../lib/gcc/arm-none-eabi/4.8.4/armv7e-m/fpu/libgcc.a(_arm_addsubdf3.o)
                                                  /tmp/cc1G1iwv.ltrans6.ltrans.o
__aeabi_ul2d                                      /usr/bin/../lib/gcc/arm-none-eabi/4.8.4/armv7e-m/fpu/libgcc.a(_arm_addsubdf3.o)
__divdf3                                          /usr/bin/../lib/gcc/arm-none-eabi/4.8.4/armv7e-m/fpu/libgcc.a(_arm_muldivdf3.o)
__extendsfdf2                                     /usr/bin/../lib/gcc/arm-none-eabi/4.8.4/armv7e-m/fpu/libgcc.a(_arm_addsubdf3.o)
__fixdfsi                                         /usr/bin/../lib/gcc/arm-none-eabi/4.8.4/armv7e-m/fpu/libgcc.a(_arm_fixdfsi.o)
__floatdidf                                       /usr/bin/../lib/gcc/arm-none-eabi/4.8.4/armv7e-m/fpu/libgcc.a(_arm_addsubdf3.o)
__floatsidf                                       /usr/bin/../lib/gcc/arm-none-eabi/4.8.4/armv7e-m/fpu/libgcc.a(_arm_addsubdf3.o)
__floatundidf                                     /usr/bin/../lib/gcc/arm-none-eabi/4.8.4/armv7e-m/fpu/libgcc.a(_arm_addsubdf3.o)
__floatunsidf                                     /usr/bin/../lib/gcc/arm-none-eabi/4.8.4/armv7e-m/fpu/libgcc.a(_arm_addsubdf3.o)
__heap_base__                                     /tmp/cc1G1iwv.ltrans0.ltrans.o
__heap_end__                                      /tmp/cc1G1iwv.ltrans0.ltrans.o
__init_array_end                                  /tmp/cc1G1iwv.ltrans8.ltrans.o
__init_array_start                                /tmp/cc1G1iwv.ltrans8.ltrans.o
__main_stack_base__                               /tmp/cc1G1iwv.ltrans8.ltrans.o
__main_stack_end__                                /tmp/cc1G1iwv.ltrans8.ltrans.o
__muldf3                                          /usr/bin/../lib/gcc/arm-none-eabi/4.8.4/armv7e-m/fpu/libgcc.a(_arm_muldivdf3.o)
__process_stack_base__                            /tmp/cc1G1iwv.ltrans8.ltrans.o
__process_stack_end__                             /tmp/cc1G1iwv.ltrans8.ltrans.o
__subdf3                                          /usr/bin/../lib/gcc/arm-none-eabi/4.8.4/armv7e-m/fpu/libgcc.a(_arm_addsubdf3.o)
__truncdfsf2                                      /usr/bin/../lib/gcc/arm-none-eabi/4.8.4/armv7e-m/fpu/libgcc.a(_arm_truncdfsf2.o)
_bss_end                                          /tmp/cc1G1iwv.ltrans8.ltrans.o
_bss_start                                        /tmp/cc1G1iwv.ltrans8.ltrans.o
_data                                             /tmp/cc1G1iwv.ltrans8.ltrans.o
_edata                                            /tmp/cc1G1iwv.ltrans8.ltrans.o
_idle_thread.4338                                 /tmp/cc1G1iwv.ltrans5.ltrans.o
                                                  /tmp/cc1G1iwv.ltrans0.ltrans.o
_port_exit_from_isr                               build/obj/chcoreasm_v7m.o
                                                  /tmp/cc1G1iwv.ltrans5.ltrans.o
_port_irq_epilogue                                /tmp/cc1G1iwv.ltrans5.ltrans.o
                                                  /tmp/cc1G1iwv.ltrans6.ltrans.o
                                                  /tmp/cc1G1iwv.ltrans4.ltrans.o
                                                  /tmp/cc1G1iwv.ltrans1.ltrans.o
_port_switch                                      build/obj/chcoreasm_v7m.o
                                                  /tmp/cc1G1iwv.ltrans6.ltrans.o
                                                  /tmp/cc1G1iwv.ltrans5.ltrans.o
                                                  /tmp/cc1G1iwv.ltrans3.ltrans.o
_port_switch_from_isr                             build/obj/chcoreasm_v7m.o
                                                  /tmp/cc1G1iwv.ltrans5.ltrans.o
_port_thread_start                                build/obj/chcoreasm_v7m.o
                                                  /tmp/cc1G1iwv.ltrans1.ltrans.o
_textdata                                         /tmp/cc1G1iwv.ltrans8.ltrans.o
_vectors                                          /tmp/cc1G1iwv.ltrans8.ltrans.o
adc_lld_serve_rx_interrupt.11091                  /tmp/cc1G1iwv.ltrans5.ltrans.o
                                                  /tmp/cc1G1iwv.ltrans0.ltrans.o
beaconThread                                      /tmp/cc1G1iwv.ltrans7.ltrans.o
                                                  /tmp/cc1G1iwv.ltrans0.ltrans.o
ch                                                /tmp/cc1G1iwv.ltrans8.ltrans.o
                                                  /tmp/cc1G1iwv.ltrans6.ltrans.o
                                                  /tmp/cc1G1iwv.ltrans5.ltrans.o
                                                  /tmp/cc1G1iwv.ltrans3.ltrans.o
                                                  /tmp/cc1G1iwv.ltrans1.ltrans.o
                                                  /tmp/cc1G1iwv.ltrans0.ltrans.o
chCoreAlloc                                       /tmp/cc1G1iwv.ltrans5.ltrans.o
                                                  /tmp/cc1G1iwv.ltrans0.ltrans.o
chEvtBroadcastFlagsI                              /tmp/cc1G1iwv.ltrans5.ltrans.o
                                                  /tmp/cc1G1iwv.ltrans4.ltrans.o
chMtxLockS                                        /tmp/cc1G1iwv.ltrans5.ltrans.o
                                                  /tmp/cc1G1iwv.ltrans3.ltrans.o
                                                  /tmp/cc1G1iwv.ltrans0.ltrans.o
chMtxUnlock                                       /tmp/cc1G1iwv.ltrans6.ltrans.o
                                                  /tmp/cc1G1iwv.ltrans3.ltrans.o
                                                  /tmp/cc1G1iwv.ltrans0.ltrans.o
chSchDoReschedule                                 /tmp/cc1G1iwv.ltrans8.ltrans.o
                                                  build/obj/chcoreasm_v7m.o
chSchDoRescheduleAhead                            /tmp/cc1G1iwv.ltrans5.ltrans.o
                                                  /tmp/cc1G1iwv.ltrans8.ltrans.o
chSchGoSleepS                                     /tmp/cc1G1iwv.ltrans5.ltrans.o
                                                  /tmp/cc1G1iwv.ltrans8.ltrans.o
                                                  /tmp/cc1G1iwv.ltrans3.ltrans.o
                                                  /tmp/cc1G1iwv.ltrans1.ltrans.o
chSchGoSleepTimeoutS                              /tmp/cc1G1iwv.ltrans1.ltrans.o
                                                  /tmp/cc1G1iwv.ltrans3.ltrans.o
chSchReadyI                                       /tmp/cc1G1iwv.ltrans5.ltrans.o
                                                  /tmp/cc1G1iwv.ltrans8.ltrans.o
                                                  /tmp/cc1G1iwv.ltrans6.ltrans.o
                                                  /tmp/cc1G1iwv.ltrans4.ltrans.o
                                                  /tmp/cc1G1iwv.ltrans3.ltrans.o
chSchRescheduleS                                  /tmp/cc1G1iwv.ltrans5.ltrans.o
                                                  /tmp/cc1G1iwv.ltrans6.ltrans.o
                                                  /tmp/cc1G1iwv.ltrans3.ltrans.o
chSchWakeupS.constprop.45                         /tmp/cc1G1iwv.ltrans6.ltrans.o
                                                  /tmp/cc1G1iwv.ltrans1.ltrans.o
chTMStartMeasurementX.constprop.31                /tmp/cc1G1iwv.ltrans6.ltrans.o
                                                  /tmp/cc1G1iwv.ltrans0.ltrans.o
chTMStopMeasurementX                              /tmp/cc1G1iwv.ltrans5.ltrans.o
                                                  /tmp/cc1G1iwv.ltrans0.ltrans.o
chThdCreateStatic                                 /tmp/cc1G1iwv.ltrans1.ltrans.o
                                                  /tmp/cc1G1iwv.ltrans0.ltrans.o
chThdExit                                         /tmp/cc1G1iwv.ltrans8.ltrans.o
                                                  build/obj/chcoreasm_v7m.o
chThdResumeI                                      /tmp/cc1G1iwv.ltrans5.ltrans.o
                                                  /tmp/cc1G1iwv.ltrans6.ltrans.o
                                                  /tmp/cc1G1iwv.ltrans3.ltrans.o
chThdSleep                                        /tmp/cc1G1iwv.ltrans1.ltrans.o
                                                  /tmp/cc1G1iwv.ltrans7.ltrans.o
                                                  /tmp/cc1G1iwv.ltrans4.ltrans.o
                                                  /tmp/cc1G1iwv.ltrans3.ltrans.o
                                                  /tmp/cc1G1iwv.ltrans0.ltrans.o
chThdSleepUntil                                   /tmp/cc1G1iwv.ltrans1.ltrans.o
                                                  /tmp/cc1G1iwv.ltrans4.ltrans.o
                                                  /tmp/cc1G1iwv.ltrans0.ltrans.o
chThdSuspendS                                     /tmp/cc1G1iwv.ltrans5.ltrans.o
                                                  /tmp/cc1G1iwv.ltrans4.ltrans.o
                                                  /tmp/cc1G1iwv.ltrans1.ltrans.o
chprintf.13294.constprop.13                       /tmp/cc1G1iwv.ltrans6.ltrans.o
                                                  /tmp/cc1G1iwv.ltrans3.ltrans.o
chprintf.13613.constprop.12                       /tmp/cc1G1iwv.ltrans6.ltrans.o
                                                  /tmp/cc1G1iwv.ltrans4.ltrans.o
chprintf.15657                                    /tmp/cc1G1iwv.ltrans6.ltrans.o
                                                  /tmp/cc1G1iwv.ltrans4.ltrans.o
                                                  /tmp/cc1G1iwv.ltrans0.ltrans.o
chprintf.16082.constprop.1                        /tmp/cc1G1iwv.ltrans6.ltrans.o
                                                  /tmp/cc1G1iwv.ltrans3.ltrans.o
chprintf.16383                                    /tmp/cc1G1iwv.ltrans6.ltrans.o
                                                  /tmp/cc1G1iwv.ltrans0.ltrans.o
chprintf.16741                                    /tmp/cc1G1iwv.ltrans6.ltrans.o
                                                  /tmp/cc1G1iwv.ltrans7.ltrans.o
                                                  /tmp/cc1G1iwv.ltrans0.ltrans.o
chprintf.17351                                    /tmp/cc1G1iwv.ltrans6.ltrans.o
                                                  /tmp/cc1G1iwv.ltrans7.ltrans.o
                                                  /tmp/cc1G1iwv.ltrans0.ltrans.o
chsnprintf                                        /tmp/cc1G1iwv.ltrans1.ltrans.o
                                                  /tmp/cc1G1iwv.ltrans7.ltrans.o
                                                  /tmp/cc1G1iwv.ltrans4.ltrans.o
                                                  /tmp/cc1G1iwv.ltrans0.ltrans.o
chvprintf                                         /tmp/cc1G1iwv.ltrans6.ltrans.o
                                                  /tmp/cc1G1iwv.ltrans1.ltrans.o
create_chain.12846                                /tmp/cc1G1iwv.ltrans2.ltrans.o
                                                  /tmp/cc1G1iwv.ltrans7.ltrans.o
dir_next.12850                                    /tmp/cc1G1iwv.ltrans2.ltrans.o
                                                  /tmp/cc1G1iwv.ltrans7.ltrans.o
dir_sdi.12831.constprop.56                        /tmp/cc1G1iwv.ltrans2.ltrans.o
                                                  /tmp/cc1G1iwv.ltrans7.ltrans.o
disk_read.constprop.58                            /tmp/cc1G1iwv.ltrans1.ltrans.o
                                                  /tmp/cc1G1iwv.ltrans7.ltrans.o
                                                  /tmp/cc1G1iwv.ltrans2.ltrans.o
disk_status                                       /tmp/cc1G1iwv.ltrans1.ltrans.o
                                                  /tmp/cc1G1iwv.ltrans2.ltrans.o
disk_write                                        /tmp/cc1G1iwv.ltrans1.ltrans.o
                                                  /tmp/cc1G1iwv.ltrans7.ltrans.o
                                                  /tmp/cc1G1iwv.ltrans2.ltrans.o
dmaStreamAllocate                                 /tmp/cc1G1iwv.ltrans5.ltrans.o
                                                  /tmp/cc1G1iwv.ltrans7.ltrans.o
                                                  /tmp/cc1G1iwv.ltrans6.ltrans.o
                                                  /tmp/cc1G1iwv.ltrans0.ltrans.o
dmaStreamRelease                                  /tmp/cc1G1iwv.ltrans5.ltrans.o
                                                  /tmp/cc1G1iwv.ltrans6.ltrans.o
                                                  /tmp/cc1G1iwv.ltrans3.ltrans.o
dma_isr_redir.10833                               /tmp/cc1G1iwv.ltrans0.ltrans.o
                                                  /tmp/cc1G1iwv.ltrans5.ltrans.o
dma_streams_mask.10838                            /tmp/cc1G1iwv.ltrans0.ltrans.o
                                                  /tmp/cc1G1iwv.ltrans5.ltrans.o
dummytx.11757                                     /tmp/cc1G1iwv.ltrans0.ltrans.o
                                                  /tmp/cc1G1iwv.ltrans1.ltrans.o
endmem.6822                                       /tmp/cc1G1iwv.ltrans0.ltrans.o
                                                  /tmp/cc1G1iwv.ltrans5.ltrans.o
f_close                                           /tmp/cc1G1iwv.ltrans2.ltrans.o
                                                  /tmp/cc1G1iwv.ltrans7.ltrans.o
                                                  /tmp/cc1G1iwv.ltrans0.ltrans.o
f_mount                                           /tmp/cc1G1iwv.ltrans2.ltrans.o
                                                  /tmp/cc1G1iwv.ltrans0.ltrans.o
f_write                                           /tmp/cc1G1iwv.ltrans2.ltrans.o
                                                  /tmp/cc1G1iwv.ltrans4.ltrans.o
                                                  /tmp/cc1G1iwv.ltrans0.ltrans.o
find_volume.12822                                 /tmp/cc1G1iwv.ltrans2.ltrans.o
                                                  /tmp/cc1G1iwv.ltrans7.ltrans.o
get.10200                                         /tmp/cc1G1iwv.ltrans1.ltrans.o
get.13121                                         /tmp/cc1G1iwv.ltrans6.ltrans.o
                                                  /tmp/cc1G1iwv.ltrans1.ltrans.o
get_fat.part.6.12827                              /tmp/cc1G1iwv.ltrans2.ltrans.o
                                                  /tmp/cc1G1iwv.ltrans7.ltrans.o
get_ldnumber.12784                                /tmp/cc1G1iwv.ltrans6.ltrans.o
                                                  /tmp/cc1G1iwv.ltrans2.ltrans.o
gett.10196                                        /tmp/cc1G1iwv.ltrans1.ltrans.o
gpsRxChar.16096                                   /tmp/cc1G1iwv.ltrans6.ltrans.o
                                                  /tmp/cc1G1iwv.ltrans0.ltrans.o
gpsRxEnd.16072                                    /tmp/cc1G1iwv.ltrans6.ltrans.o
                                                  /tmp/cc1G1iwv.ltrans0.ltrans.o
gpsRxErr.16075                                    /tmp/cc1G1iwv.ltrans6.ltrans.o
                                                  /tmp/cc1G1iwv.ltrans0.ltrans.o
gpsSem                                            /tmp/cc1G1iwv.ltrans3.ltrans.o
                                                  /tmp/cc1G1iwv.ltrans6.ltrans.o
gpsThread                                         /tmp/cc1G1iwv.ltrans3.ltrans.o
                                                  /tmp/cc1G1iwv.ltrans0.ltrans.o
gpsTxC.16069                                      /tmp/cc1G1iwv.ltrans6.ltrans.o
                                                  /tmp/cc1G1iwv.ltrans0.ltrans.o
gpsTxbufEnd.16066                                 /tmp/cc1G1iwv.ltrans6.ltrans.o