Archive member included because of file (symbol)

/usr/bin/../lib/gcc/arm-none-eabi/4.8.4/armv7e-m/fpu/libgcc.a(_arm_addsubdf3.o)
                              /tmp/ccb92EAx.ltrans0.ltrans.o (__aeabi_dsub)
/usr/bin/../lib/gcc/arm-none-eabi/4.8.4/armv7e-m/fpu/libgcc.a(_arm_muldivdf3.o)
                              /tmp/ccb92EAx.ltrans0.ltrans.o (__aeabi_dmul)
/usr/bin/../lib/gcc/arm-none-eabi/4.8.4/armv7e-m/fpu/libgcc.a(_arm_fixdfsi.o)
                              /tmp/ccb92EAx.ltrans0.ltrans.o (__aeabi_d2iz)
/usr/bin/../lib/gcc/arm-none-eabi/4.8.4/armv7e-m/fpu/libgcc.a(_arm_truncdfsf2.o)
                              /tmp/ccb92EAx.ltrans0.ltrans.o (__aeabi_d2f)
/usr/bin/../lib/gcc/arm-none-eabi/4.8.4/../../../../arm-none-eabi/lib/armv7e-m/fpu/libc.a(lib_a-strcpy.o)
                              /tmp/ccb92EAx.ltrans1.ltrans.o (strcpy)
/usr/bin/../lib/gcc/arm-none-eabi/4.8.4/../../../../arm-none-eabi/lib/armv7e-m/fpu/libc.a(lib_a-strlen.o)
                              /tmp/ccb92EAx.ltrans4.ltrans.o (strlen)
/usr/bin/../lib/gcc/arm-none-eabi/4.8.4/../../../../arm-none-eabi/lib/armv7e-m/fpu/libc.a(lib_a-strncmp.o)
                              /tmp/ccb92EAx.ltrans4.ltrans.o (strncmp)

Discarded input sections

 .data          0x0000000000000000        0x0 build/obj/chcoreasm_v7m.o
 .bss           0x0000000000000000        0x0 build/obj/chcoreasm_v7m.o
 .text          0x0000000000000000        0x0 build/obj/crt0.o (symbol from plugin)
 .text          0x0000000000000000        0x0 /tmp/ccb92EAx.ltrans0.ltrans.o
 .data          0x0000000000000000        0x0 /tmp/ccb92EAx.ltrans0.ltrans.o
 .bss           0x0000000000000000        0x0 /tmp/ccb92EAx.ltrans0.ltrans.o
 .text          0x0000000000000000        0x0 /tmp/ccb92EAx.ltrans1.ltrans.o
 .data          0x0000000000000000        0x0 /tmp/ccb92EAx.ltrans1.ltrans.o
 .bss           0x0000000000000000        0x0 /tmp/ccb92EAx.ltrans1.ltrans.o
 .text          0x0000000000000000        0x0 /tmp/ccb92EAx.ltrans2.ltrans.o
 .data          0x0000000000000000        0x0 /tmp/ccb92EAx.ltrans2.ltrans.o
 .bss           0x0000000000000000        0x0 /tmp/ccb92EAx.ltrans2.ltrans.o
 .text          0x0000000000000000        0x0 /tmp/ccb92EAx.ltrans3.ltrans.o
 .data          0x0000000000000000        0x0 /tmp/ccb92EAx.ltrans3.ltrans.o
 .bss           0x0000000000000000        0x0 /tmp/ccb92EAx.ltrans3.ltrans.o
 .text          0x0000000000000000        0x0 /tmp/ccb92EAx.ltrans4.ltrans.o
 .data          0x0000000000000000        0x0 /tmp/ccb92EAx.ltrans4.ltrans.o
 .bss           0x0000000000000000        0x0 /tmp/ccb92EAx.ltrans4.ltrans.o
 .data          0x0000000000000000        0x0 /usr/bin/../lib/gcc/arm-none-eabi/4.8.4/armv7e-m/fpu/libgcc.a(_arm_addsubdf3.o)
 .bss           0x0000000000000000        0x0 /usr/bin/../lib/gcc/arm-none-eabi/4.8.4/armv7e-m/fpu/libgcc.a(_arm_addsubdf3.o)
 .data          0x0000000000000000        0x0 /usr/bin/../lib/gcc/arm-none-eabi/4.8.4/armv7e-m/fpu/libgcc.a(_arm_muldivdf3.o)
 .bss           0x0000000000000000        0x0 /usr/bin/../lib/gcc/arm-none-eabi/4.8.4/armv7e-m/fpu/libgcc.a(_arm_muldivdf3.o)
 .data          0x0000000000000000        0x0 /usr/bin/../lib/gcc/arm-none-eabi/4.8.4/armv7e-m/fpu/libgcc.a(_arm_fixdfsi.o)
 .bss           0x0000000000000000        0x0 /usr/bin/../lib/gcc/arm-none-eabi/4.8.4/armv7e-m/fpu/libgcc.a(_arm_fixdfsi.o)
 .data          0x0000000000000000        0x0 /usr/bin/../lib/gcc/arm-none-eabi/4.8.4/armv7e-m/fpu/libgcc.a(_arm_truncdfsf2.o)
 .bss           0x0000000000000000        0x0 /usr/bin/../lib/gcc/arm-none-eabi/4.8.4/armv7e-m/fpu/libgcc.a(_arm_truncdfsf2.o)
 .text          0x0000000000000000        0x0 /usr/bin/../lib/gcc/arm-none-eabi/4.8.4/../../../../arm-none-eabi/lib/armv7e-m/fpu/libc.a(lib_a-strcpy.o)
 .data          0x0000000000000000        0x0 /usr/bin/../lib/gcc/arm-none-eabi/4.8.4/../../../../arm-none-eabi/lib/armv7e-m/fpu/libc.a(lib_a-strcpy.o)
 .bss           0x0000000000000000        0x0 /usr/bin/../lib/gcc/arm-none-eabi/4.8.4/../../../../arm-none-eabi/lib/armv7e-m/fpu/libc.a(lib_a-strcpy.o)
 .text          0x0000000000000000        0x0 /usr/bin/../lib/gcc/arm-none-eabi/4.8.4/../../../../arm-none-eabi/lib/armv7e-m/fpu/libc.a(lib_a-strlen.o)
 .data          0x0000000000000000        0x0 /usr/bin/../lib/gcc/arm-none-eabi/4.8.4/../../../../arm-none-eabi/lib/armv7e-m/fpu/libc.a(lib_a-strlen.o)
 .bss           0x0000000000000000        0x0 /usr/bin/../lib/gcc/arm-none-eabi/4.8.4/../../../../arm-none-eabi/lib/armv7e-m/fpu/libc.a(lib_a-strlen.o)
 .text          0x0000000000000000        0x0 /usr/bin/../lib/gcc/arm-none-eabi/4.8.4/../../../../arm-none-eabi/lib/armv7e-m/fpu/libc.a(lib_a-strncmp.o)
 .data          0x0000000000000000        0x0 /usr/bin/../lib/gcc/arm-none-eabi/4.8.4/../../../../arm-none-eabi/lib/armv7e-m/fpu/libc.a(lib_a-strncmp.o)
 .bss           0x0000000000000000        0x0 /usr/bin/../lib/gcc/arm-none-eabi/4.8.4/../../../../arm-none-eabi/lib/armv7e-m/fpu/libc.a(lib_a-strncmp.o)
 .text          0x0000000000000000        0x0 build/obj/vectors.o (symbol from plugin)
 .text          0x0000000000000000        0x0 build/obj/chcore.o (symbol from plugin)
 .text          0x0000000000000000        0x0 build/obj/chcore_v7m.o (symbol from plugin)
 .text          0x0000000000000000        0x0 build/obj/chsys.o (symbol from plugin)
 .text          0x0000000000000000        0x0 build/obj/chdebug.o (symbol from plugin)
 .text          0x0000000000000000        0x0 build/obj/chtm.o (symbol from plugin)
 .text          0x0000000000000000        0x0 build/obj/chstats.o (symbol from plugin)
 .text          0x0000000000000000        0x0 build/obj/chschd.o (symbol from plugin)
 .text          0x0000000000000000        0x0 build/obj/chvt.o (symbol from plugin)
 .text          0x0000000000000000        0x0 build/obj/chthreads.o (symbol from plugin)
 .text          0x0000000000000000        0x0 build/obj/chdynamic.o (symbol from plugin)
 .text          0x0000000000000000        0x0 build/obj/chregistry.o (symbol from plugin)
 .text          0x0000000000000000        0x0 build/obj/chsem.o (symbol from plugin)
 .text          0x0000000000000000        0x0 build/obj/chmtx.o (symbol from plugin)
 .text          0x0000000000000000        0x0 build/obj/chcond.o (symbol from plugin)
 .text          0x0000000000000000        0x0 build/obj/chevents.o (symbol from plugin)
 .text          0x0000000000000000        0x0 build/obj/chmsg.o (symbol from plugin)
 .text          0x0000000000000000        0x0 build/obj/chmboxes.o (symbol from plugin)
 .text          0x0000000000000000        0x0 build/obj/chqueues.o (symbol from plugin)
 .text          0x0000000000000000        0x0 build/obj/chmemcore.o (symbol from plugin)
 .text          0x0000000000000000        0x0 build/obj/chheap.o (symbol from plugin)
 .text          0x0000000000000000        0x0 build/obj/chmempools.o (symbol from plugin)
 .text          0x0000000000000000        0x0 build/obj/test.o (symbol from plugin)
 .text          0x0000000000000000        0x0 build/obj/testthd.o (symbol from plugin)
 .text          0x0000000000000000        0x0 build/obj/testsem.o (symbol from plugin)
 .text          0x0000000000000000        0x0 build/obj/testmtx.o (symbol from plugin)
 .text          0x0000000000000000        0x0 build/obj/testmsg.o (symbol from plugin)
 .text          0x0000000000000000        0x0 build/obj/testmbox.o (symbol from plugin)
 .text          0x0000000000000000        0x0 build/obj/testevt.o (symbol from plugin)
 .text          0x0000000000000000        0x0 build/obj/testheap.o (symbol from plugin)
 .text          0x0000000000000000        0x0 build/obj/testpools.o (symbol from plugin)
 .text          0x0000000000000000        0x0 build/obj/testdyn.o (symbol from plugin)
 .text          0x0000000000000000        0x0 build/obj/testqueues.o (symbol from plugin)
 .text          0x0000000000000000        0x0 build/obj/testbmk.o (symbol from plugin)
 .text          0x0000000000000000        0x0 build/obj/hal.o (symbol from plugin)
 .text          0x0000000000000000        0x0 build/obj/hal_queues.o (symbol from plugin)
 .text          0x0000000000000000        0x0 build/obj/hal_mmcsd.o (symbol from plugin)
 .text          0x0000000000000000        0x0 build/obj/adc.o (symbol from plugin)
 .text          0x0000000000000000        0x0 build/obj/can.o (symbol from plugin)
 .text          0x0000000000000000        0x0 build/obj/dac.o (symbol from plugin)
 .text          0x0000000000000000        0x0 build/obj/ext.o (symbol from plugin)
 .text          0x0000000000000000        0x0 build/obj/gpt.o (symbol from plugin)
 .text          0x0000000000000000        0x0 build/obj/i2c.o (symbol from plugin)
 .text          0x0000000000000000        0x0 build/obj/i2s.o (symbol from plugin)
 .text          0x0000000000000000        0x0 build/obj/icu.o (symbol from plugin)
 .text          0x0000000000000000        0x0 build/obj/mac.o (symbol from plugin)
 .text          0x0000000000000000        0x0 build/obj/mmc_spi.o (symbol from plugin)
 .text          0x0000000000000000        0x0 build/obj/pal.o (symbol from plugin)
 .text          0x0000000000000000        0x0 build/obj/pwm.o (symbol from plugin)
 .text          0x0000000000000000        0x0 build/obj/rtc.o (symbol from plugin)
 .text          0x0000000000000000        0x0 build/obj/sdc.o (symbol from plugin)
 .text          0x0000000000000000        0x0 build/obj/serial.o (symbol from plugin)
 .text          0x0000000000000000        0x0 build/obj/serial_usb.o (symbol from plugin)
 .text          0x0000000000000000        0x0 build/obj/spi.o (symbol from plugin)
 .text          0x0000000000000000        0x0 build/obj/st.o (symbol from plugin)
 .text          0x0000000000000000        0x0 build/obj/uart.o (symbol from plugin)
 .text          0x0000000000000000        0x0 build/obj/usb.o (symbol from plugin)
 .text          0x0000000000000000        0x0 build/obj/osal.o (symbol from plugin)
 .text          0x0000000000000000        0x0 build/obj/nvic.o (symbol from plugin)
 .text          0x0000000000000000        0x0 build/obj/stm32_dma.o (symbol from plugin)
 .text          0x0000000000000000        0x0 build/obj/hal_lld.o (symbol from plugin)
 .text          0x0000000000000000        0x0 build/obj/adc_lld.o (symbol from plugin)
 .text          0x0000000000000000        0x0 build/obj/ext_lld_isr.o (symbol from plugin)
 .text          0x0000000000000000        0x0 build/obj/can_lld.o (symbol from plugin)
 .text          0x0000000000000000        0x0 build/obj/ext_lld.o (symbol from plugin)
 .text          0x0000000000000000        0x0 build/obj/mac_lld.o (symbol from plugin)
 .text          0x0000000000000000        0x0 build/obj/sdc_lld.o (symbol from plugin)
 .text          0x0000000000000000        0x0 build/obj/dac_lld.o (symbol from plugin)
 .text          0x0000000000000000        0x0 build/obj/pal_lld.o (symbol from plugin)
 .text          0x0000000000000000        0x0 build/obj/i2c_lld.o (symbol from plugin)
 .text          0x0000000000000000        0x0 build/obj/usb_lld.o (symbol from plugin)
 .text          0x0000000000000000        0x0 build/obj/rtc_lld.o (symbol from plugin)
 .text          0x0000000000000000        0x0 build/obj/i2s_lld.o (symbol from plugin)
 .text          0x0000000000000000        0x0 build/obj/spi_lld.o (symbol from plugin)
 .text          0x0000000000000000        0x0 build/obj/gpt_lld.o (symbol from plugin)
 .text          0x0000000000000000        0x0 build/obj/icu_lld.o (symbol from plugin)
 .text          0x0000000000000000        0x0 build/obj/pwm_lld.o (symbol from plugin)
 .text          0x0000000000000000        0x0 build/obj/st_lld.o (symbol from plugin)
 .text          0x0000000000000000        0x0 build/obj/serial_lld.o (symbol from plugin)
 .text          0x0000000000000000        0x0 build/obj/uart_lld.o (symbol from plugin)
 .text          0x0000000000000000        0x0 build/obj/board.o (symbol from plugin)
 .text          0x0000000000000000        0x0 build/obj/fatfs_diskio.o (symbol from plugin)
 .text          0x0000000000000000        0x0 build/obj/fatfs_syscall.o (symbol from plugin)
 .text          0x0000000000000000        0x0 build/obj/ff.o (symbol from plugin)
 .text          0x0000000000000000        0x0 build/obj/unicode.o (symbol from plugin)
 .text          0x0000000000000000        0x0 build/obj/chprintf.o (symbol from plugin)
 .text          0x0000000000000000        0x0 build/obj/memstreams.o (symbol from plugin)
 .text          0x0000000000000000        0x0 build/obj/i2c_sensor.o (symbol from plugin)
 .text          0x0000000000000000        0x0 build/obj/bmp280.o (symbol from plugin)
 .text          0x0000000000000000        0x0 build/obj/si70x0.o (symbol from plugin)
 .text          0x0000000000000000        0x0 build/obj/ms5607.o (symbol from plugin)
 .text          0x0000000000000000        0x0 build/obj/hih6030.o (symbol from plugin)
 .text          0x0000000000000000        0x0 build/obj/lsm303.o (symbol from plugin)
 .text          0x0000000000000000        0x0 build/obj/rfm23bp.o (symbol from plugin)
 .text          0x0000000000000000        0x0 build/obj/rtd.o (symbol from plugin)
 .text          0x0000000000000000        0x0 build/obj/tmp275.o (symbol from plugin)
 .text          0x0000000000000000        0x0 build/obj/mpxm2102.o (symbol from plugin)
 .text          0x0000000000000000        0x0 build/obj/xbeepro.o (symbol from plugin)
 .text          0x0000000000000000        0x0 build/obj/datasample.o (symbol from plugin)
 .text          0x0000000000000000        0x0 build/obj/sensor_thread.o (symbol from plugin)
 .text          0x0000000000000000        0x0 build/obj/ustr.o (symbol from plugin)
 .text          0x0000000000000000        0x0 build/obj/umath.o (symbol from plugin)
 .text          0x0000000000000000        0x0 build/obj/gps.o (symbol from plugin)
 .text          0x0000000000000000        0x0 build/obj/sdmmcsimple.o (symbol from plugin)
 .text          0x0000000000000000        0x0 build/obj/datalogger.o (symbol from plugin)
 .text          0x0000000000000000        0x0 build/obj/main.o (symbol from plugin)

Memory Configuration

Name             Origin             Length             Attributes
flash            0x0000000008000000 0x0000000000040000
ram              0x0000000020000000 0x0000000000010000
*default*        0x0000000000000000 0xffffffffffffffff

Linker script and memory map

LOAD build/obj/chcoreasm_v7m.o
LOAD build/obj/crt0.o
LOAD /tmp/ccb92EAx.ltrans0.ltrans.o
LOAD /tmp/ccb92EAx.ltrans1.ltrans.o
LOAD /tmp/ccb92EAx.ltrans2.ltrans.o
LOAD /tmp/ccb92EAx.ltrans3.ltrans.o
LOAD /tmp/ccb92EAx.ltrans4.ltrans.o
LOAD /usr/bin/../lib/gcc/arm-none-eabi/4.8.4/armv7e-m/fpu/libgcc.a
LOAD /usr/bin/../lib/gcc/arm-none-eabi/4.8.4/../../../../arm-none-eabi/lib/armv7e-m/fpu/libc.a
LOAD build/obj/vectors.o
LOAD build/obj/chcore.o
LOAD build/obj/chcore_v7m.o
LOAD build/obj/chsys.o
LOAD build/obj/chdebug.o
LOAD build/obj/chtm.o
LOAD build/obj/chstats.o
LOAD build/obj/chschd.o
LOAD build/obj/chvt.o
LOAD build/obj/chthreads.o
LOAD build/obj/chdynamic.o
LOAD build/obj/chregistry.o
LOAD build/obj/chsem.o
LOAD build/obj/chmtx.o
LOAD build/obj/chcond.o
LOAD build/obj/chevents.o
LOAD build/obj/chmsg.o
LOAD build/obj/chmboxes.o
LOAD build/obj/chqueues.o
LOAD build/obj/chmemcore.o
LOAD build/obj/chheap.o
LOAD build/obj/chmempools.o
LOAD build/obj/test.o
LOAD build/obj/testthd.o
LOAD build/obj/testsem.o
LOAD build/obj/testmtx.o
LOAD build/obj/testmsg.o
LOAD build/obj/testmbox.o
LOAD build/obj/testevt.o
LOAD build/obj/testheap.o
LOAD build/obj/testpools.o
LOAD build/obj/testdyn.o
LOAD build/obj/testqueues.o
LOAD build/obj/testbmk.o
LOAD build/obj/hal.o
LOAD build/obj/hal_queues.o
LOAD build/obj/hal_mmcsd.o
LOAD build/obj/adc.o
LOAD build/obj/can.o
LOAD build/obj/dac.o
LOAD build/obj/ext.o
LOAD build/obj/gpt.o
LOAD build/obj/i2c.o
LOAD build/obj/i2s.o
LOAD build/obj/icu.o
LOAD build/obj/mac.o
LOAD build/obj/mmc_spi.o
LOAD build/obj/pal.o
LOAD build/obj/pwm.o
LOAD build/obj/rtc.o
LOAD build/obj/sdc.o
LOAD build/obj/serial.o
LOAD build/obj/serial_usb.o
LOAD build/obj/spi.o
LOAD build/obj/st.o
LOAD build/obj/uart.o
LOAD build/obj/usb.o
LOAD build/obj/osal.o
LOAD build/obj/nvic.o
LOAD build/obj/stm32_dma.o
LOAD build/obj/hal_lld.o
LOAD build/obj/adc_lld.o
LOAD build/obj/ext_lld_isr.o
LOAD build/obj/can_lld.o
LOAD build/obj/ext_lld.o
LOAD build/obj/mac_lld.o
LOAD build/obj/sdc_lld.o
LOAD build/obj/dac_lld.o
LOAD build/obj/pal_lld.o
LOAD build/obj/i2c_lld.o
LOAD build/obj/usb_lld.o
LOAD build/obj/rtc_lld.o
LOAD build/obj/i2s_lld.o
LOAD build/obj/spi_lld.o
LOAD build/obj/gpt_lld.o
LOAD build/obj/icu_lld.o
LOAD build/obj/pwm_lld.o
LOAD build/obj/st_lld.o
LOAD build/obj/serial_lld.o
LOAD build/obj/uart_lld.o
LOAD build/obj/board.o
LOAD build/obj/fatfs_diskio.o
LOAD build/obj/fatfs_syscall.o
LOAD build/obj/ff.o
LOAD build/obj/unicode.o
LOAD build/obj/chprintf.o
LOAD build/obj/memstreams.o
LOAD build/obj/i2c_sensor.o
LOAD build/obj/bmp280.o
LOAD build/obj/si70x0.o
LOAD build/obj/ms5607.o
LOAD build/obj/hih6030.o
LOAD build/obj/lsm303.o
LOAD build/obj/rfm23bp.o
LOAD build/obj/rtd.o
LOAD build/obj/tmp275.o
LOAD build/obj/mpxm2102.o
LOAD build/obj/xbeepro.o
LOAD build/obj/datasample.o
LOAD build/obj/sensor_thread.o
LOAD build/obj/ustr.o
LOAD build/obj/umath.o
LOAD build/obj/gps.o
LOAD build/obj/sdmmcsimple.o
LOAD build/obj/datalogger.o
LOAD build/obj/main.o
                0x0000000020000000                __ram_start__ = ORIGIN (ram)
                0x0000000000010000                __ram_size__ = 0x10000
                0x0000000020010000                __ram_end__ = (__ram_start__ + __ram_size__)
                0x0000000000000000                . = 0x0
                0x0000000000000000                _text = .

startup         0x0000000008000000      0x1c0
 *(vectors)
 vectors        0x0000000008000000      0x1c0 /tmp/ccb92EAx.ltrans3.ltrans.o
                0x0000000008000000                _vectors

constructors    0x00000000080001c0        0x0
                0x00000000080001c0                PROVIDE (__init_array_start, .)
 *(SORT(.init_array.*))
 *(.init_array)
                0x00000000080001c0                PROVIDE (__init_array_end, .)

destructors     0x00000000080001c0        0x0
                0x00000000080001c0                PROVIDE (__fini_array_start, .)
 *(.fini_array)
 *(SORT(.fini_array.*))
                0x00000000080001c0                PROVIDE (__fini_array_end, .)

.text           0x00000000080001c0     0x45ac
 *(.text.startup.*)
 .text.startup.main
                0x00000000080001c0      0x890 /tmp/ccb92EAx.ltrans1.ltrans.o
                0x00000000080001c0                main
 *(.text)
 .text          0x0000000008000a50       0x2e build/obj/chcoreasm_v7m.o
                0x0000000008000a50                _port_switch
                0x0000000008000a68                _port_thread_start
                0x0000000008000a76                _port_switch_from_isr
                0x0000000008000a7a                _port_exit_from_isr
 *fill*         0x0000000008000a7e        0x2 
 .text          0x0000000008000a80      0x370 /usr/bin/../lib/gcc/arm-none-eabi/4.8.4/armv7e-m/fpu/libgcc.a(_arm_addsubdf3.o)
                0x0000000008000a80                __aeabi_drsub
                0x0000000008000a88                __aeabi_dsub
                0x0000000008000a88                __subdf3
                0x0000000008000a8c                __adddf3
                0x0000000008000a8c                __aeabi_dadd
                0x0000000008000d04                __aeabi_ui2d
                0x0000000008000d04                __floatunsidf
                0x0000000008000d24                __floatsidf
                0x0000000008000d24                __aeabi_i2d
                0x0000000008000d48                __extendsfdf2
                0x0000000008000d48                __aeabi_f2d
                0x0000000008000d84                __aeabi_ul2d
                0x0000000008000d84                __floatundidf
                0x0000000008000d94                __floatdidf
                0x0000000008000d94                __aeabi_l2d
 .text          0x0000000008000df0      0x424 /usr/bin/../lib/gcc/arm-none-eabi/4.8.4/armv7e-m/fpu/libgcc.a(_arm_muldivdf3.o)
                0x0000000008000df0                __aeabi_dmul
                0x0000000008000df0                __muldf3
                0x0000000008001044                __aeabi_ddiv
                0x0000000008001044                __divdf3
 *fill*         0x0000000008001214        0xc 
 .text          0x0000000008001220       0x50 /usr/bin/../lib/gcc/arm-none-eabi/4.8.4/armv7e-m/fpu/libgcc.a(_arm_fixdfsi.o)
                0x0000000008001220                __fixdfsi
                0x0000000008001220                __aeabi_d2iz
 .text          0x0000000008001270       0xa0 /usr/bin/../lib/gcc/arm-none-eabi/4.8.4/armv7e-m/fpu/libgcc.a(_arm_truncdfsf2.o)
                0x0000000008001270                __aeabi_d2f
                0x0000000008001270                __truncdfsf2
 *(.text.*)
 .text.gpsRxErr.15990
                0x0000000008001310       0x10 /tmp/ccb92EAx.ltrans0.ltrans.o
                0x0000000008001310                gpsRxErr.15990
 .text.gpsRxEnd.15987
                0x0000000008001320       0x10 /tmp/ccb92EAx.ltrans0.ltrans.o
                0x0000000008001320                gpsRxEnd.15987
 .text.gpsTxC.15984
                0x0000000008001330       0x10 /tmp/ccb92EAx.ltrans0.ltrans.o
                0x0000000008001330                gpsTxC.15984
 .text.gpsTxbufEnd.15981
                0x0000000008001340       0x10 /tmp/ccb92EAx.ltrans0.ltrans.o
                0x0000000008001340                gpsTxbufEnd.15981
 .text.long_to_string_with_divisor.13045.4556
                0x0000000008001350       0x50 /tmp/ccb92EAx.ltrans0.ltrans.o
 .text.chvprintf.4542
                0x00000000080013a0      0x3a0 /tmp/ccb92EAx.ltrans0.ltrans.o
 .text.notify6.12010
                0x0000000008001740       0x10 /tmp/ccb92EAx.ltrans0.ltrans.o
                0x0000000008001740                notify6.12010
 .text.notify2.12013
                0x0000000008001750       0x10 /tmp/ccb92EAx.ltrans0.ltrans.o
                0x0000000008001750                notify2.12013
 .text.chSchWakeupS.constprop.36.4346
                0x0000000008001760       0x60 /tmp/ccb92EAx.ltrans0.ltrans.o
 .text.i2c_lld_serve_rx_end_irq.11402
                0x00000000080017c0       0x70 /tmp/ccb92EAx.ltrans0.ltrans.o
                0x00000000080017c0                i2c_lld_serve_rx_end_irq.11402
 .text.VectorD4
                0x0000000008001830       0x70 /tmp/ccb92EAx.ltrans0.ltrans.o
                0x0000000008001830                VectorD4
 .text.gpsRxChar.16011
                0x00000000080018a0       0x90 /tmp/ccb92EAx.ltrans0.ltrans.o
                0x00000000080018a0                gpsRxChar.16011
 .text.Vector164
                0x0000000008001930       0x30 /tmp/ccb92EAx.ltrans0.ltrans.o
                0x0000000008001930                Vector164
 .text.VectorC0
                0x0000000008001960       0x30 /tmp/ccb92EAx.ltrans0.ltrans.o
                0x0000000008001960                VectorC0
 .text.Vector160
                0x0000000008001990       0x20 /tmp/ccb92EAx.ltrans0.ltrans.o
                0x0000000008001990                Vector160
 .text.VectorBC
                0x00000000080019b0       0x20 /tmp/ccb92EAx.ltrans0.ltrans.o
                0x00000000080019b0                VectorBC
 .text.chSchGoSleepTimeoutS
                0x00000000080019d0       0xe0 /tmp/ccb92EAx.ltrans0.ltrans.o
                0x00000000080019d0                chSchGoSleepTimeoutS
 .text.chThdSleep
                0x0000000008001ab0       0x20 /tmp/ccb92EAx.ltrans0.ltrans.o
                0x0000000008001ab0                chThdSleep
 .text.chThdSleepUntil
                0x0000000008001ad0       0x20 /tmp/ccb92EAx.ltrans0.ltrans.o
                0x0000000008001ad0                chThdSleepUntil
 .text.chThdEnqueueTimeoutS.4293
                0x0000000008001af0       0x30 /tmp/ccb92EAx.ltrans0.ltrans.o
 .text.chIQGetTimeout.4238
                0x0000000008001b20       0x50 /tmp/ccb92EAx.ltrans0.ltrans.o
 .text.gett.10196.4231
                0x0000000008001b70       0x10 /tmp/ccb92EAx.ltrans0.ltrans.o
 .text.get.10200.4235
                0x0000000008001b80       0x10 /tmp/ccb92EAx.ltrans0.ltrans.o
 .text.chIQReadTimeout.4253
                0x0000000008001b90       0x80 /tmp/ccb92EAx.ltrans0.ltrans.o
 .text.readt.10173.4242
                0x0000000008001c10       0x10 /tmp/ccb92EAx.ltrans0.ltrans.o
 .text.read.10180.4248
                0x0000000008001c20       0x10 /tmp/ccb92EAx.ltrans0.ltrans.o
 .text.chOQPutTimeout.4268
                0x0000000008001c30       0x50 /tmp/ccb92EAx.ltrans0.ltrans.o
 .text.putt.10203.4259
                0x0000000008001c80       0x10 /tmp/ccb92EAx.ltrans0.ltrans.o
 .text.put.10208.4264
                0x0000000008001c90       0x10 /tmp/ccb92EAx.ltrans0.ltrans.o
 .text.chOQWriteTimeout.4287
                0x0000000008001ca0       0x80 /tmp/ccb92EAx.ltrans0.ltrans.o
 .text.writet.10185.4276
                0x0000000008001d20       0x10 /tmp/ccb92EAx.ltrans0.ltrans.o
 .text.write.10191.4282
                0x0000000008001d30       0x10 /tmp/ccb92EAx.ltrans0.ltrans.o
 .text.chThdCreateStatic
                0x0000000008001d40       0x80 /tmp/ccb92EAx.ltrans0.ltrans.o
                0x0000000008001d40                chThdCreateStatic
 .text.chMtxUnlock
                0x0000000008001dc0       0x60 /tmp/ccb92EAx.ltrans0.ltrans.o
                0x0000000008001dc0                chMtxUnlock
 .text.chTMStartMeasurementX.constprop.30
                0x0000000008001e20       0x10 /tmp/ccb92EAx.ltrans0.ltrans.o
                0x0000000008001e20                chTMStartMeasurementX.constprop.30
 .text.sdObjectInit.constprop.25
                0x0000000008001e30       0x70 /tmp/ccb92EAx.ltrans0.ltrans.o
                0x0000000008001e30                sdObjectInit.constprop.25
 .text.chprintf.13294.constprop.12
                0x0000000008001ea0       0x30 /tmp/ccb92EAx.ltrans0.ltrans.o
                0x0000000008001ea0                chprintf.13294.constprop.12
 .text.I2CSensor_init
                0x0000000008001ed0       0x60 /tmp/ccb92EAx.ltrans0.ltrans.o
                0x0000000008001ed0                I2CSensor_init
 .text.chprintf.15614.constprop.5
                0x0000000008001f30       0x30 /tmp/ccb92EAx.ltrans0.ltrans.o
                0x0000000008001f30                chprintf.15614.constprop.5
 .text.uStrCpy.constprop.4
                0x0000000008001f60       0x40 /tmp/ccb92EAx.ltrans0.ltrans.o
                0x0000000008001f60                uStrCpy.constprop.4
 .text.uStrInsertChar.constprop.3
                0x0000000008001fa0       0x40 /tmp/ccb92EAx.ltrans0.ltrans.o
                0x0000000008001fa0                uStrInsertChar.constprop.3
 .text.chprintf.15997.constprop.1
                0x0000000008001fe0       0x30 /tmp/ccb92EAx.ltrans0.ltrans.o
                0x0000000008001fe0                chprintf.15997.constprop.1
 .text.chprintf.17227
                0x0000000008002010       0x20 /tmp/ccb92EAx.ltrans0.ltrans.o
                0x0000000008002010                chprintf.17227
 .text.uStrPrependChar
                0x0000000008002030       0x30 /tmp/ccb92EAx.ltrans0.ltrans.o
                0x0000000008002030                uStrPrependChar
 .text.usart_stop.12171
                0x0000000008002060       0x50 /tmp/ccb92EAx.ltrans0.ltrans.o
                0x0000000008002060                usart_stop.12171
 .text.i2c_lld_serve_tx_end_irq.11398
                0x00000000080020b0       0x50 /tmp/ccb92EAx.ltrans1.ltrans.o
                0x00000000080020b0                i2c_lld_serve_tx_end_irq.11398
 .text.VectorB0
                0x0000000008002100       0x90 /tmp/ccb92EAx.ltrans1.ltrans.o
                0x0000000008002100                VectorB0
 .text.I2CSensor_transact
                0x0000000008002190      0x130 /tmp/ccb92EAx.ltrans1.ltrans.o
                0x0000000008002190                I2CSensor_transact
 .text.I2CSensor_transact_buf
                0x00000000080022c0       0x20 /tmp/ccb92EAx.ltrans1.ltrans.o
                0x00000000080022c0                I2CSensor_transact_buf
 .text.si70x0_init
                0x00000000080022e0       0x90 /tmp/ccb92EAx.ltrans1.ltrans.o
                0x00000000080022e0                si70x0_init
 .text.si70x0_heaterEnable
                0x0000000008002370       0x50 /tmp/ccb92EAx.ltrans1.ltrans.o
                0x0000000008002370                si70x0_heaterEnable
 .text.si70x0_readTemperature
                0x00000000080023c0       0x60 /tmp/ccb92EAx.ltrans1.ltrans.o
                0x00000000080023c0                si70x0_readTemperature
 .text.si70x0_readHumidity
                0x0000000008002420       0x70 /tmp/ccb92EAx.ltrans1.ltrans.o
                0x0000000008002420                si70x0_readHumidity
 .text.adc_lld_stop_conversion.4231
                0x0000000008002490       0x40 /tmp/ccb92EAx.ltrans2.ltrans.o
 .text.chCoreAlloc
                0x00000000080024d0       0x40 /tmp/ccb92EAx.ltrans2.ltrans.o
                0x00000000080024d0                chCoreAlloc
 .text.wakeup.4718
                0x0000000008002510       0x70 /tmp/ccb92EAx.ltrans2.ltrans.o
                0x0000000008002510                wakeup.4718
 .text._idle_thread.4338
                0x0000000008002580       0x20 /tmp/ccb92EAx.ltrans2.ltrans.o
                0x0000000008002580                _idle_thread.4338
 .text.SVC_Handler
                0x00000000080025a0       0x20 /tmp/ccb92EAx.ltrans2.ltrans.o
                0x00000000080025a0                SVC_Handler
 .text.dmaStreamRelease
                0x00000000080025c0       0x70 /tmp/ccb92EAx.ltrans2.ltrans.o
                0x00000000080025c0                dmaStreamRelease
 .text.dmaStreamAllocate
                0x0000000008002630       0xc0 /tmp/ccb92EAx.ltrans2.ltrans.o
                0x0000000008002630                dmaStreamAllocate
 .text.chSchDoRescheduleAhead
                0x00000000080026f0       0x40 /tmp/ccb92EAx.ltrans2.ltrans.o
                0x00000000080026f0                chSchDoRescheduleAhead
 .text.chSchRescheduleS
                0x0000000008002730       0x20 /tmp/ccb92EAx.ltrans2.ltrans.o
                0x0000000008002730                chSchRescheduleS
 .text.chSchGoSleepS
                0x0000000008002750       0x30 /tmp/ccb92EAx.ltrans2.ltrans.o
                0x0000000008002750                chSchGoSleepS
 .text._port_irq_epilogue
                0x0000000008002780       0x70 /tmp/ccb92EAx.ltrans2.ltrans.o
                0x0000000008002780                _port_irq_epilogue
 .text.Vector158
                0x00000000080027f0       0x30 /tmp/ccb92EAx.ltrans2.ltrans.o
                0x00000000080027f0                Vector158
 .text.Vector154
                0x0000000008002820       0x30 /tmp/ccb92EAx.ltrans2.ltrans.o
                0x0000000008002820                Vector154
 .text.Vector150
                0x0000000008002850       0x30 /tmp/ccb92EAx.ltrans2.ltrans.o
                0x0000000008002850                Vector150
 .text.Vector130
                0x0000000008002880       0x30 /tmp/ccb92EAx.ltrans2.ltrans.o
                0x0000000008002880                Vector130
 .text.Vector12C
                0x00000000080028b0       0x30 /tmp/ccb92EAx.ltrans2.ltrans.o
                0x00000000080028b0                Vector12C
 .text.Vector128
                0x00000000080028e0       0x30 /tmp/ccb92EAx.ltrans2.ltrans.o
                0x00000000080028e0                Vector128
 .text.Vector124
                0x0000000008002910       0x30 /tmp/ccb92EAx.ltrans2.ltrans.o
                0x0000000008002910                Vector124
 .text.Vector120
                0x0000000008002940       0x30 /tmp/ccb92EAx.ltrans2.ltrans.o
                0x0000000008002940                Vector120
 .text.VectorFC
                0x0000000008002970       0x30 /tmp/ccb92EAx.ltrans2.ltrans.o
                0x0000000008002970                VectorFC
 .text.Vector84
                0x00000000080029a0       0x30 /tmp/ccb92EAx.ltrans2.ltrans.o
                0x00000000080029a0                Vector84
 .text.Vector80
                0x00000000080029d0       0x30 /tmp/ccb92EAx.ltrans2.ltrans.o
                0x00000000080029d0                Vector80
 .text.Vector7C
                0x0000000008002a00       0x30 /tmp/ccb92EAx.ltrans2.ltrans.o
                0x0000000008002a00                Vector7C
 .text.Vector78
                0x0000000008002a30       0x30 /tmp/ccb92EAx.ltrans2.ltrans.o
                0x0000000008002a30                Vector78
 .text.Vector74
                0x0000000008002a60       0x30 /tmp/ccb92EAx.ltrans2.ltrans.o
                0x0000000008002a60                Vector74
 .text.Vector70
                0x0000000008002a90       0x30 /tmp/ccb92EAx.ltrans2.ltrans.o
                0x0000000008002a90                Vector70
 .text.Vector6C
                0x0000000008002ac0       0x30 /tmp/ccb92EAx.ltrans2.ltrans.o
                0x0000000008002ac0                Vector6C
 .text.chSchReadyI
                0x0000000008002af0       0x30 /tmp/ccb92EAx.ltrans2.ltrans.o
                0x0000000008002af0                chSchReadyI
 .text.chEvtBroadcastFlagsI
                0x0000000008002b20       0x60 /tmp/ccb92EAx.ltrans2.ltrans.o
                0x0000000008002b20                chEvtBroadcastFlagsI
 .text.chMtxLockS
                0x0000000008002b80       0xd0 /tmp/ccb92EAx.ltrans2.ltrans.o
                0x0000000008002b80                chMtxLockS
 .text.chThdResumeI
                0x0000000008002c50       0x20 /tmp/ccb92EAx.ltrans2.ltrans.o
                0x0000000008002c50                chThdResumeI
 .text.i2c_lld_serve_error_interrupt.11412
                0x0000000008002c70       0xb0 /tmp/ccb92EAx.ltrans2.ltrans.o
                0x0000000008002c70                i2c_lld_serve_error_interrupt.11412
 .text.i2c_lld_serve_event_interrupt.11409
                0x0000000008002d20      0x100 /tmp/ccb92EAx.ltrans2.ltrans.o
                0x0000000008002d20                i2c_lld_serve_event_interrupt.11409
 .text.Vector88
                0x0000000008002e20       0x70 /tmp/ccb92EAx.ltrans2.ltrans.o
                0x0000000008002e20                Vector88
 .text.adc_lld_serve_rx_interrupt.11091
                0x0000000008002e90       0xd0 /tmp/ccb92EAx.ltrans2.ltrans.o
                0x0000000008002e90                adc_lld_serve_rx_interrupt.11091
 .text.chTMStopMeasurementX
                0x0000000008002f60       0x50 /tmp/ccb92EAx.ltrans2.ltrans.o
                0x0000000008002f60                chTMStopMeasurementX
 .text._unhandled_exception.4367
                0x0000000008002fb0       0x10 /tmp/ccb92EAx.ltrans2.ltrans.o
                0x0000000008002fb0                Vector58
                0x0000000008002fb0                VectorE8
                0x0000000008002fb0                Vector9C
                0x0000000008002fb0                VectorAC
                0x0000000008002fb0                DebugMon_Handler
                0x0000000008002fb0                Vector1A0
                0x0000000008002fb0                Vector5C
                0x0000000008002fb0                Vector11C
                0x0000000008002fb0                HardFault_Handler
                0x0000000008002fb0                Vector1B8
                0x0000000008002fb0                Vector19C
                0x0000000008002fb0                Vector8C
                0x0000000008002fb0                SysTick_Handler
                0x0000000008002fb0                VectorDC
                0x0000000008002fb0                PendSV_Handler
                0x0000000008002fb0                Vector168
                0x0000000008002fb0                NMI_Handler
                0x0000000008002fb0                Vector110
                0x0000000008002fb0                VectorC8
                0x0000000008002fb0                Vector94
                0x0000000008002fb0                VectorA8
                0x0000000008002fb0                VectorB4
                0x0000000008002fb0                Vector1B0
                0x0000000008002fb0                UsageFault_Handler
                0x0000000008002fb0                VectorEC
                0x0000000008002fb0                Vector40
                0x0000000008002fb0                VectorF8
                0x0000000008002fb0                Vector108
                0x0000000008002fb0                Vector190
                0x0000000008002fb0                Vector148
                0x0000000008002fb0                Vector188
                0x0000000008002fb0                Vector198
                0x0000000008002fb0                Vector118
                0x0000000008002fb0                Vector64
                0x0000000008002fb0                VectorCC
                0x0000000008002fb0                Vector54
                0x0000000008002fb0                Vector98
                0x0000000008002fb0                Vector138
                0x0000000008002fb0                Vector24
                0x0000000008002fb0                Vector1AC
                0x0000000008002fb0                Vector178
                0x0000000008002fb0                Vector1A4
                0x0000000008002fb0                VectorD0
                0x0000000008002fb0                Vector1B4
                0x0000000008002fb0                Vector140
                0x0000000008002fb0                VectorE4
                0x0000000008002fb0                Vector134
                0x0000000008002fb0                VectorF0
                0x0000000008002fb0                Vector13C
                0x0000000008002fb0                Vector100
                0x0000000008002fb0                VectorE0
                0x0000000008002fb0                VectorF4
                0x0000000008002fb0                MemManage_Handler
                0x0000000008002fb0                VectorA0
                0x0000000008002fb0                VectorC4
                0x0000000008002fb0                Vector180
                0x0000000008002fb0                Vector90
                0x0000000008002fb0                Vector114
                0x0000000008002fb0                Vector60
                0x0000000008002fb0                Vector1C
                0x0000000008002fb0                Vector1BC
                0x0000000008002fb0                Vector17C
                0x0000000008002fb0                Vector48
                0x0000000008002fb0                Vector1A8
                0x0000000008002fb0                Vector16C
                0x0000000008002fb0                Vector4C
                0x0000000008002fb0                Vector144
                0x0000000008002fb0                Vector68
                0x0000000008002fb0                Vector170
                0x0000000008002fb0                Vector104
                0x0000000008002fb0                Vector184
                0x0000000008002fb0                Vector10C
                0x0000000008002fb0                Vector14C
                0x0000000008002fb0                BusFault_Handler
                0x0000000008002fb0                Vector50
                0x0000000008002fb0                Vector194
                0x0000000008002fb0                Vector44
                0x0000000008002fb0                Vector28
                0x0000000008002fb0                VectorB8
                0x0000000008002fb0                Vector34
                0x0000000008002fb0                VectorA4
                0x0000000008002fb0                Vector20
                0x0000000008002fb0                Vector18C
                0x0000000008002fb0                Vector174
 .text.sensorThread
                0x0000000008002fc0      0x6c0 /tmp/ccb92EAx.ltrans3.ltrans.o
                0x0000000008002fc0                sensorThread
 .text.serve_interrupt.12020.4423
                0x0000000008003680      0x1a0 /tmp/ccb92EAx.ltrans3.ltrans.o
 .text.Vector15C.4418
                0x0000000008003820       0x20 /tmp/ccb92EAx.ltrans3.ltrans.o
 .text.VectorD8.4421
                0x0000000008003840       0x20 /tmp/ccb92EAx.ltrans3.ltrans.o
 .text.Reset_Handler
                0x0000000008003860      0x1c0 /tmp/ccb92EAx.ltrans3.ltrans.o
                0x0000000008003860                Reset_Handler
 .text.chThdExit
                0x0000000008003a20       0x50 /tmp/ccb92EAx.ltrans3.ltrans.o
                0x0000000008003a20                chThdExit
 .text.chSchDoReschedule
                0x0000000008003a70       0x10 /tmp/ccb92EAx.ltrans3.ltrans.o
                0x0000000008003a70                chSchDoReschedule
 .text.uart_lld_serve_rx_end_irq.12164
                0x0000000008003a80       0x90 /tmp/ccb92EAx.ltrans4.ltrans.o
                0x0000000008003a80                uart_lld_serve_rx_end_irq.12164
 .text.uart_lld_serve_tx_end_irq.12160
                0x0000000008003b10       0x60 /tmp/ccb92EAx.ltrans4.ltrans.o
                0x0000000008003b10                uart_lld_serve_tx_end_irq.12160
 .text.gpsThread
                0x0000000008003b70      0x3f0 /tmp/ccb92EAx.ltrans4.ltrans.o
                0x0000000008003b70                gpsThread
 .text.beaconThread
                0x0000000008003f60       0x40 /tmp/ccb92EAx.ltrans4.ltrans.o
                0x0000000008003f60                beaconThread
 .text.sd_lld_start
                0x0000000008003fa0       0xd0 /tmp/ccb92EAx.ltrans4.ltrans.o
                0x0000000008003fa0                sd_lld_start
 .text.i2c_lld_start
                0x0000000008004070      0x200 /tmp/ccb92EAx.ltrans4.ltrans.o
                0x0000000008004070                i2c_lld_start
 .text.strcpy   0x0000000008004270       0xbc /usr/bin/../lib/gcc/arm-none-eabi/4.8.4/../../../../arm-none-eabi/lib/armv7e-m/fpu/libc.a(lib_a-strcpy.o)
                0x0000000008004270                strcpy
 *fill*         0x000000000800432c        0x4 
 .text.strlen   0x0000000008004330       0x60 /usr/bin/../lib/gcc/arm-none-eabi/4.8.4/../../../../arm-none-eabi/lib/armv7e-m/fpu/libc.a(lib_a-strlen.o)
                0x0000000008004330                strlen
 .text.strncmp  0x0000000008004390       0xb4 /usr/bin/../lib/gcc/arm-none-eabi/4.8.4/../../../../arm-none-eabi/lib/armv7e-m/fpu/libc.a(lib_a-strncmp.o)
                0x0000000008004390                strncmp
 *(.rodata)
 *fill*         0x0000000008004444        0xc 
 .rodata        0x0000000008004450        0xc /tmp/ccb92EAx.ltrans1.ltrans.o
 *fill*         0x000000000800445c        0x4 
 .rodata        0x0000000008004460       0x18 /tmp/ccb92EAx.ltrans3.ltrans.o
 *(.rodata.*)
 *fill*         0x0000000008004478        0x8 
 .rodata.str1.4
                0x0000000008004480       0x37 /tmp/ccb92EAx.ltrans0.ltrans.o
                                         0x38 (size before relaxing)
 *fill*         0x00000000080044b7        0x9 
 .rodata.pow10.13096.4651
                0x00000000080044c0       0x24 /tmp/ccb92EAx.ltrans0.ltrans.o
 *fill*         0x00000000080044e4        0xc 
 .rodata.vmt.10284.4633
                0x00000000080044f0       0x20 /tmp/ccb92EAx.ltrans0.ltrans.o
 .rodata.str1.4
                0x0000000008004510       0x75 /tmp/ccb92EAx.ltrans1.ltrans.o
                                         0x88 (size before relaxing)
 *fill*         0x0000000008004585        0xb 
 .rodata.ch_debug
                0x0000000008004590       0x18 /tmp/ccb92EAx.ltrans1.ltrans.o
 *fill*         0x00000000080045a8        0x8 
 .rodata._stm32_dma_streams
                0x00000000080045b0       0xc0 /tmp/ccb92EAx.ltrans1.ltrans.o
 .rodata.str1.4
                0x0000000008004670        0x5 /tmp/ccb92EAx.ltrans2.ltrans.o
                                          0x8 (size before relaxing)
 *fill*         0x0000000008004675        0xb 
 .rodata.str1.4
                0x0000000008004680       0x7b /tmp/ccb92EAx.ltrans3.ltrans.o
                                         0x7c (size before relaxing)
 *fill*         0x00000000080046fb        0x5 
 .rodata.analogGrp.15686.4677
                0x0000000008004700       0x28 /tmp/ccb92EAx.ltrans3.ltrans.o
 *fill*         0x0000000008004728        0x8 
 .rodata.ii2cCfg.15692.4718
                0x0000000008004730        0xc /tmp/ccb92EAx.ltrans3.ltrans.o
 *fill*         0x000000000800473c        0x4 
 .rodata.ei2cCfg.15691.4719
                0x0000000008004740        0xc /tmp/ccb92EAx.ltrans3.ltrans.o
 *fill*         0x000000000800474c        0x4 
 .rodata.str1.4
                0x0000000008004750        0xc /tmp/ccb92EAx.ltrans4.ltrans.o
                                         0x24 (size before relaxing)
 *fill*         0x000000000800475c        0x4 
 .rodata.default_config.12051.4513
                0x0000000008004760        0xc /tmp/ccb92EAx.ltrans4.ltrans.o
 *(.glue_7t)
 .glue_7t       0x0000000000000000        0x0 linker stubs
 *(.glue_7)
 .glue_7        0x0000000000000000        0x0 linker stubs
 *(.gcc*)

.vfp11_veneer   0x000000000800476c        0x0
 .vfp11_veneer  0x0000000000000000        0x0 linker stubs

.v4_bx          0x000000000800476c        0x0
 .v4_bx         0x0000000000000000        0x0 linker stubs

.iplt           0x000000000800476c        0x0
 .iplt          0x0000000000000000        0x0 build/obj/chcoreasm_v7m.o

.rel.dyn        0x000000000800476c        0x0
 .rel.iplt      0x0000000000000000        0x0 build/obj/chcoreasm_v7m.o

.ARM.extab
 *(.ARM.extab* .gnu.linkonce.armextab.*)

.ARM.exidx      0x000000000800476c        0x0
                0x000000000800476c                PROVIDE (__exidx_start, .)
 *(.ARM.exidx* .gnu.linkonce.armexidx.*)
                0x000000000800476c                PROVIDE (__exidx_end, .)

.eh_frame_hdr
 *(.eh_frame_hdr)

.eh_frame
 *(.eh_frame)

.textalign      0x000000000800476c        0x4
                0x0000000008004770                . = ALIGN (0x8)
 *fill*         0x000000000800476c        0x4 
                0x0000000008004770                . = ALIGN (0x4)
                0x0000000008004770                _etext = .
                0x0000000008004770                _textdata = _etext

.stacks         0x0000000020000000      0x800
                0x0000000020000000                . = ALIGN (0x8)
                0x0000000020000000                __main_stack_base__ = .
                0x0000000020000400                . = (. + __main_stack_size__)
 *fill*         0x0000000020000000      0x400 
                0x0000000020000400                . = ALIGN (0x8)
                0x0000000020000400                __main_stack_end__ = .
                0x0000000020000400                __process_stack_base__ = .
                0x0000000020000400                __main_thread_stack_base__ = .
                0x0000000020000800                . = (. + __process_stack_size__)
 *fill*         0x0000000020000400      0x400 
                0x0000000020000800                . = ALIGN (0x8)
                0x0000000020000800                __process_stack_end__ = .
                0x0000000020000800                __main_thread_stack_end__ = .

.data           0x0000000020000800       0x38 load address 0x0000000008004770
                0x0000000020000800                . = ALIGN (0x4)
                0x0000000020000800                PROVIDE (_data, .)
 *(.data)
 *(.data.*)
 .data.xbeeSerCfg.14944.4862
                0x0000000020000800        0xc /tmp/ccb92EAx.ltrans1.ltrans.o
 .data.serGpsCfg.16083.4830
                0x000000002000080c       0x20 /tmp/ccb92EAx.ltrans1.ltrans.o
 .data.serCfg.17294.4861
                0x000000002000082c        0xc /tmp/ccb92EAx.ltrans1.ltrans.o
 *(.ramtext)
                0x0000000020000838                . = ALIGN (0x4)
                0x0000000020000838                PROVIDE (_edata, .)

.igot.plt       0x0000000020000838        0x0 load address 0x00000000080047a8
 .igot.plt      0x0000000000000000        0x0 build/obj/chcoreasm_v7m.o

.bss            0x0000000020000838     0x2808
                0x0000000020000838                . = ALIGN (0x4)
                0x0000000020000838                PROVIDE (_bss_start, .)
 *(.bss)
 *(.bss.*)
 .bss.dma_streams_mask.10838
                0x0000000020000838        0x4 /tmp/ccb92EAx.ltrans1.ltrans.o
                0x0000000020000838                dma_streams_mask.10838
 .bss.nextmem.6820
                0x000000002000083c        0x4 /tmp/ccb92EAx.ltrans1.ltrans.o
                0x000000002000083c                nextmem.6820
 .bss.waBeacon.17296.4851
                0x0000000020000840      0x190 /tmp/ccb92EAx.ltrans1.ltrans.o
 .bss.waSensor.17297.4850
                0x00000000200009d0     0x1150 /tmp/ccb92EAx.ltrans1.ltrans.o
 .bss.dummytx.11757.4823
                0x0000000020001b20        0x2 /tmp/ccb92EAx.ltrans1.ltrans.o
 *fill*         0x0000000020001b22        0x2 
 .bss.xbee.17291.4827
                0x0000000020001b24        0x8 /tmp/ccb92EAx.ltrans1.ltrans.o
 .bss.mainthread.6320.4386.4831
                0x0000000020001b2c       0x44 /tmp/ccb92EAx.ltrans1.ltrans.o
 .bss.GPS.16084
                0x0000000020001b70      0x140 /tmp/ccb92EAx.ltrans1.ltrans.o
                0x0000000020001b70                GPS.16084
 .bss.sensCount.13793.4825
                0x0000000020001cb0        0x1 /tmp/ccb92EAx.ltrans1.ltrans.o
 *fill*         0x0000000020001cb1        0x3 
 .bss.dma_isr_redir.10833
                0x0000000020001cb4       0x80 /tmp/ccb92EAx.ltrans1.ltrans.o
                0x0000000020001cb4                dma_isr_redir.10833
 .bss.SPID3.4832
                0x0000000020001d34       0x30 /tmp/ccb92EAx.ltrans1.ltrans.o
 .bss.errors.13409.4824
                0x0000000020001d64        0x4 /tmp/ccb92EAx.ltrans1.ltrans.o
 .bss.default_heap.6947.4939
                0x0000000020001d68       0x20 /tmp/ccb92EAx.ltrans1.ltrans.o
 .bss.UARTD1    0x0000000020001d88       0x1c /tmp/ccb92EAx.ltrans1.ltrans.o
                0x0000000020001d88                UARTD1
 .bss.endmem.6822
                0x0000000020001da4        0x4 /tmp/ccb92EAx.ltrans1.ltrans.o
                0x0000000020001da4                endmem.6822
 .bss.waGps.17298.4848
                0x0000000020001da8      0x658 /tmp/ccb92EAx.ltrans1.ltrans.o
 .bss._idle_thread_wa.4385.4938
                0x0000000020002400      0x160 /tmp/ccb92EAx.ltrans1.ltrans.o
 .bss.sensCount.13979.4672
                0x0000000020002560        0x1 /tmp/ccb92EAx.ltrans3.ltrans.o
 .bss.sensCount.13591.4671
                0x0000000020002561        0x1 /tmp/ccb92EAx.ltrans3.ltrans.o
 *fill*         0x0000000020002562        0x2 
 .bss.ADCD1     0x0000000020002564       0x34 /tmp/ccb92EAx.ltrans3.ltrans.o
                0x0000000020002564                ADCD1
 .bss.SD6       0x0000000020002598      0x458 /tmp/ccb92EAx.ltrans3.ltrans.o
                0x0000000020002598                SD6
 .bss.DEBUG.15693.4675
                0x00000000200029f0        0x4 /tmp/ccb92EAx.ltrans3.ltrans.o
 .bss.analogSamples.15687.4678
                0x00000000200029f4      0x12c /tmp/ccb92EAx.ltrans3.ltrans.o
 .bss.sensCount.14733.4674
                0x0000000020002b20        0x1 /tmp/ccb92EAx.ltrans3.ltrans.o
 .bss.sensCount.14331.4673
                0x0000000020002b21        0x1 /tmp/ccb92EAx.ltrans3.ltrans.o
 *fill*         0x0000000020002b22        0x2 
 .bss.SD2       0x0000000020002b24      0x458 /tmp/ccb92EAx.ltrans3.ltrans.o
                0x0000000020002b24                SD2
 .bss.ch        0x0000000020002f7c       0x34 /tmp/ccb92EAx.ltrans3.ltrans.o
                0x0000000020002f7c                ch
 .bss.I2CD1     0x0000000020002fb0       0x38 /tmp/ccb92EAx.ltrans3.ltrans.o
                0x0000000020002fb0                I2CD1
 .bss.I2CD3     0x0000000020002fe8       0x38 /tmp/ccb92EAx.ltrans3.ltrans.o
                0x0000000020002fe8                I2CD3
 .bss.gpsSem    0x0000000020003020        0xc /tmp/ccb92EAx.ltrans4.ltrans.o
                0x0000000020003020                gpsSem
 .bss.tokBuf.16085
                0x000000002000302c       0x14 /tmp/ccb92EAx.ltrans4.ltrans.o
                0x000000002000302c                tokBuf.16085
 *(COMMON)
                0x0000000020003040                . = ALIGN (0x4)
                0x0000000020003040                PROVIDE (_bss_end, .)
                0x0000000020003040                PROVIDE (end, .)
                0x0000000020003040                _end = .
                0x0000000020003040                __heap_base__ = _end
                0x0000000020010000                __heap_end__ = __ram_end__
                0x0000000000000400                __process_stack_size__ = 0x400
                0x0000000000000400                __main_stack_size__ = 0x400
START GROUP
LOAD /usr/bin/../lib/gcc/arm-none-eabi/4.8.4/armv7e-m/fpu/libgcc.a
LOAD /usr/bin/../lib/gcc/arm-none-eabi/4.8.4/../../../../arm-none-eabi/lib/armv7e-m/fpu/libc.a
END GROUP
OUTPUT(build/stribog.elf elf32-littlearm)

.ARM.attributes
                0x0000000000000000       0x35
 .ARM.attributes
                0x0000000000000000       0x25 build/obj/chcoreasm_v7m.o
 .ARM.attributes
                0x0000000000000025       0x37 /tmp/ccb92EAx.ltrans0.ltrans.o
 .ARM.attributes
                0x000000000000005c       0x37 /tmp/ccb92EAx.ltrans1.ltrans.o
 .ARM.attributes
                0x0000000000000093       0x37 /tmp/ccb92EAx.ltrans2.ltrans.o
 .ARM.attributes
                0x00000000000000ca       0x37 /tmp/ccb92EAx.ltrans3.ltrans.o
 .ARM.attributes
                0x0000000000000101       0x37 /tmp/ccb92EAx.ltrans4.ltrans.o
 .ARM.attributes
                0x0000000000000138       0x22 /usr/bin/../lib/gcc/arm-none-eabi/4.8.4/armv7e-m/fpu/libgcc.a(_arm_addsubdf3.o)
 .ARM.attributes
                0x000000000000015a       0x22 /usr/bin/../lib/gcc/arm-none-eabi/4.8.4/armv7e-m/fpu/libgcc.a(_arm_muldivdf3.o)
 .ARM.attributes
                0x000000000000017c       0x22 /usr/bin/../lib/gcc/arm-none-eabi/4.8.4/armv7e-m/fpu/libgcc.a(_arm_fixdfsi.o)
 .ARM.attributes
                0x000000000000019e       0x22 /usr/bin/../lib/gcc/arm-none-eabi/4.8.4/armv7e-m/fpu/libgcc.a(_arm_truncdfsf2.o)
 .ARM.attributes
                0x00000000000001c0       0x34 /usr/bin/../lib/gcc/arm-none-eabi/4.8.4/../../../../arm-none-eabi/lib/armv7e-m/fpu/libc.a(lib_a-strcpy.o)
 .ARM.attributes
                0x00000000000001f4       0x34 /usr/bin/../lib/gcc/arm-none-eabi/4.8.4/../../../../arm-none-eabi/lib/armv7e-m/fpu/libc.a(lib_a-strlen.o)
 .ARM.attributes
                0x0000000000000228       0x34 /usr/bin/../lib/gcc/arm-none-eabi/4.8.4/../../../../arm-none-eabi/lib/armv7e-m/fpu/libc.a(lib_a-strncmp.o)

.comment        0x0000000000000000       0x70
 .comment       0x0000000000000000       0x70 /tmp/ccb92EAx.ltrans0.ltrans.o
                                         0x71 (size before relaxing)
 .comment       0x0000000000000000       0x71 /tmp/ccb92EAx.ltrans1.ltrans.o
 .comment       0x0000000000000000       0x71 /tmp/ccb92EAx.ltrans2.ltrans.o
 .comment       0x0000000000000000       0x71 /tmp/ccb92EAx.ltrans3.ltrans.o
 .comment       0x0000000000000000       0x71 /tmp/ccb92EAx.ltrans4.ltrans.o

.debug_frame    0x0000000000000000       0x68
 .debug_frame   0x0000000000000000       0x20 /usr/bin/../lib/gcc/arm-none-eabi/4.8.4/../../../../arm-none-eabi/lib/armv7e-m/fpu/libc.a(lib_a-strcpy.o)
 .debug_frame   0x0000000000000020       0x20 /usr/bin/../lib/gcc/arm-none-eabi/4.8.4/../../../../arm-none-eabi/lib/armv7e-m/fpu/libc.a(lib_a-strlen.o)
 .debug_frame   0x0000000000000040       0x28 /usr/bin/../lib/gcc/arm-none-eabi/4.8.4/../../../../arm-none-eabi/lib/armv7e-m/fpu/libc.a(lib_a-strncmp.o)

Cross Reference Table

Symbol                                            File
ADCD1                                             /tmp/ccb92EAx.ltrans3.ltrans.o
                                                  /tmp/ccb92EAx.ltrans2.ltrans.o
                                                  /tmp/ccb92EAx.ltrans1.ltrans.o
BusFault_Handler                                  /tmp/ccb92EAx.ltrans2.ltrans.o
                                                  /tmp/ccb92EAx.ltrans3.ltrans.o
DebugMon_Handler                                  /tmp/ccb92EAx.ltrans2.ltrans.o
                                                  /tmp/ccb92EAx.ltrans3.ltrans.o
GPS.16084                                         /tmp/ccb92EAx.ltrans1.ltrans.o
                                                  /tmp/ccb92EAx.ltrans4.ltrans.o
                                                  /tmp/ccb92EAx.ltrans0.ltrans.o
HardFault_Handler                                 /tmp/ccb92EAx.ltrans2.ltrans.o
                                                  /tmp/ccb92EAx.ltrans3.ltrans.o
I2CD1                                             /tmp/ccb92EAx.ltrans3.ltrans.o
                                                  /tmp/ccb92EAx.ltrans4.ltrans.o
                                                  /tmp/ccb92EAx.ltrans1.ltrans.o
                                                  /tmp/ccb92EAx.ltrans0.ltrans.o
I2CD3                                             /tmp/ccb92EAx.ltrans3.ltrans.o
                                                  /tmp/ccb92EAx.ltrans4.ltrans.o
                                                  /tmp/ccb92EAx.ltrans1.ltrans.o
                                                  /tmp/ccb92EAx.ltrans0.ltrans.o
I2CSensor_init                                    /tmp/ccb92EAx.ltrans0.ltrans.o
                                                  /tmp/ccb92EAx.ltrans3.ltrans.o
                                                  /tmp/ccb92EAx.ltrans1.ltrans.o
I2CSensor_transact                                /tmp/ccb92EAx.ltrans1.ltrans.o
                                                  /tmp/ccb92EAx.ltrans3.ltrans.o
I2CSensor_transact_buf                            /tmp/ccb92EAx.ltrans1.ltrans.o
                                                  /tmp/ccb92EAx.ltrans3.ltrans.o
MemManage_Handler                                 /tmp/ccb92EAx.ltrans2.ltrans.o
                                                  /tmp/ccb92EAx.ltrans3.ltrans.o
NMI_Handler                                       /tmp/ccb92EAx.ltrans2.ltrans.o
                                                  /tmp/ccb92EAx.ltrans3.ltrans.o
PendSV_Handler                                    /tmp/ccb92EAx.ltrans2.ltrans.o
                                                  /tmp/ccb92EAx.ltrans3.ltrans.o
Reset_Handler                                     /tmp/ccb92EAx.ltrans3.ltrans.o
SD2                                               /tmp/ccb92EAx.ltrans3.ltrans.o
                                                  /tmp/ccb92EAx.ltrans4.ltrans.o
                                                  /tmp/ccb92EAx.ltrans1.ltrans.o
SD6                                               /tmp/ccb92EAx.ltrans3.ltrans.o
                                                  /tmp/ccb92EAx.ltrans4.ltrans.o
                                                  /tmp/ccb92EAx.ltrans1.ltrans.o
                                                  /tmp/ccb92EAx.ltrans0.ltrans.o
SVC_Handler                                       /tmp/ccb92EAx.ltrans2.ltrans.o
                                                  /tmp/ccb92EAx.ltrans3.ltrans.o
SysTick_Handler                                   /tmp/ccb92EAx.ltrans2.ltrans.o
                                                  /tmp/ccb92EAx.ltrans3.ltrans.o
UARTD1                                            /tmp/ccb92EAx.ltrans1.ltrans.o
                                                  /tmp/ccb92EAx.ltrans4.ltrans.o
                                                  /tmp/ccb92EAx.ltrans0.ltrans.o
UsageFault_Handler                                /tmp/ccb92EAx.ltrans2.ltrans.o
                                                  /tmp/ccb92EAx.ltrans3.ltrans.o
Vector100                                         /tmp/ccb92EAx.ltrans2.ltrans.o
                                                  /tmp/ccb92EAx.ltrans3.ltrans.o
Vector104                                         /tmp/ccb92EAx.ltrans2.ltrans.o
                                                  /tmp/ccb92EAx.ltrans3.ltrans.o
Vector108                                         /tmp/ccb92EAx.ltrans2.ltrans.o
                                                  /tmp/ccb92EAx.ltrans3.ltrans.o
Vector10C                                         /tmp/ccb92EAx.ltrans2.ltrans.o
                                                  /tmp/ccb92EAx.ltrans3.ltrans.o
Vector110                                         /tmp/ccb92EAx.ltrans2.ltrans.o
                                                  /tmp/ccb92EAx.ltrans3.ltrans.o
Vector114                                         /tmp/ccb92EAx.ltrans2.ltrans.o
                                                  /tmp/ccb92EAx.ltrans3.ltrans.o
Vector118                                         /tmp/ccb92EAx.ltrans2.ltrans.o
                                                  /tmp/ccb92EAx.ltrans3.ltrans.o
Vector11C                                         /tmp/ccb92EAx.ltrans2.ltrans.o
                                                  /tmp/ccb92EAx.ltrans3.ltrans.o
Vector120                                         /tmp/ccb92EAx.ltrans2.ltrans.o
                                                  /tmp/ccb92EAx.ltrans3.ltrans.o
Vector124                                         /tmp/ccb92EAx.ltrans2.ltrans.o
                                                  /tmp/ccb92EAx.ltrans3.ltrans.o
Vector128                                         /tmp/ccb92EAx.ltrans2.ltrans.o
                                                  /tmp/ccb92EAx.ltrans3.ltrans.o
Vector12C                                         /tmp/ccb92EAx.ltrans2.ltrans.o
                                                  /tmp/ccb92EAx.ltrans3.ltrans.o
Vector130                                         /tmp/ccb92EAx.ltrans2.ltrans.o
                                                  /tmp/ccb92EAx.ltrans3.ltrans.o
Vector134                                         /tmp/ccb92EAx.ltrans2.ltrans.o
                                                  /tmp/ccb92EAx.ltrans3.ltrans.o
Vector138                                         /tmp/ccb92EAx.ltrans2.ltrans.o
                                                  /tmp/ccb92EAx.ltrans3.ltrans.o
Vector13C                                         /tmp/ccb92EAx.ltrans2.ltrans.o
                                                  /tmp/ccb92EAx.ltrans3.ltrans.o
Vector140                                         /tmp/ccb92EAx.ltrans2.ltrans.o
                                                  /tmp/ccb92EAx.ltrans3.ltrans.o
Vector144                                         /tmp/ccb92EAx.ltrans2.ltrans.o
                                                  /tmp/ccb92EAx.ltrans3.ltrans.o
Vector148                                         /tmp/ccb92EAx.ltrans2.ltrans.o
                                                  /tmp/ccb92EAx.ltrans3.ltrans.o
Vector14C                                         /tmp/ccb92EAx.ltrans2.ltrans.o
                                                  /tmp/ccb92EAx.ltrans3.ltrans.o
Vector150                                         /tmp/ccb92EAx.ltrans2.ltrans.o
                                                  /tmp/ccb92EAx.ltrans3.ltrans.o
Vector154                                         /tmp/ccb92EAx.ltrans2.ltrans.o
                                                  /tmp/ccb92EAx.ltrans3.ltrans.o
Vector158                                         /tmp/ccb92EAx.ltrans2.ltrans.o
                                                  /tmp/ccb92EAx.ltrans3.ltrans.o
Vector160                                         /tmp/ccb92EAx.ltrans0.ltrans.o
                                                  /tmp/ccb92EAx.ltrans3.ltrans.o
Vector164                                         /tmp/ccb92EAx.ltrans0.ltrans.o
                                                  /tmp/ccb92EAx.ltrans3.ltrans.o
Vector168                                         /tmp/ccb92EAx.ltrans2.ltrans.o
                                                  /tmp/ccb92EAx.ltrans3.ltrans.o
Vector16C                                         /tmp/ccb92EAx.ltrans2.ltrans.o
                                                  /tmp/ccb92EAx.ltrans3.ltrans.o
Vector170                                         /tmp/ccb92EAx.ltrans2.ltrans.o
                                                  /tmp/ccb92EAx.ltrans3.ltrans.o
Vector174                                         /tmp/ccb92EAx.ltrans2.ltrans.o
                                                  /tmp/ccb92EAx.ltrans3.ltrans.o
Vector178                                         /tmp/ccb92EAx.ltrans2.ltrans.o
                                                  /tmp/ccb92EAx.ltrans3.ltrans.o
Vector17C                                         /tmp/ccb92EAx.ltrans2.ltrans.o
                                                  /tmp/ccb92EAx.ltrans3.ltrans.o
Vector180                                         /tmp/ccb92EAx.ltrans2.ltrans.o
                                                  /tmp/ccb92EAx.ltrans3.ltrans.o
Vector184                                         /tmp/ccb92EAx.ltrans2.ltrans.o
                                                  /tmp/ccb92EAx.ltrans3.ltrans.o
Vector188                                         /tmp/ccb92EAx.ltrans2.ltrans.o
                                                  /tmp/ccb92EAx.ltrans3.ltrans.o
Vector18C                                         /tmp/ccb92EAx.ltrans2.ltrans.o
                                                  /tmp/ccb92EAx.ltrans3.ltrans.o
Vector190                                         /tmp/ccb92EAx.ltrans2.ltrans.o
                                                  /tmp/ccb92EAx.ltrans3.ltrans.o
Vector194                                         /tmp/ccb92EAx.ltrans2.ltrans.o
                                                  /tmp/ccb92EAx.ltrans3.ltrans.o
Vector198                                         /tmp/ccb92EAx.ltrans2.ltrans.o
                                                  /tmp/ccb92EAx.ltrans3.ltrans.o
Vector19C                                         /tmp/ccb92EAx.ltrans2.ltrans.o
                                                  /tmp/ccb92EAx.ltrans3.ltrans.o
Vector1A0                                         /tmp/ccb92EAx.ltrans2.ltrans.o
                                                  /tmp/ccb92EAx.ltrans3.ltrans.o
Vector1A4                                         /tmp/ccb92EAx.ltrans2.ltrans.o
                                                  /tmp/ccb92EAx.ltrans3.ltrans.o
Vector1A8                                         /tmp/ccb92EAx.ltrans2.ltrans.o
                                                  /tmp/ccb92EAx.ltrans3.ltrans.o
Vector1AC                                         /tmp/ccb92EAx.ltrans2.ltrans.o
                                                  /tmp/ccb92EAx.ltrans3.ltrans.o
Vector1B0                                         /tmp/ccb92EAx.ltrans2.ltrans.o
                                                  /tmp/ccb92EAx.ltrans3.ltrans.o
Vector1B4                                         /tmp/ccb92EAx.ltrans2.ltrans.o
                                                  /tmp/ccb92EAx.ltrans3.ltrans.o
Vector1B8                                         /tmp/ccb92EAx.ltrans2.ltrans.o
                                                  /tmp/ccb92EAx.ltrans3.ltrans.o
Vector1BC                                         /tmp/ccb92EAx.ltrans2.ltrans.o
                                                  /tmp/ccb92EAx.ltrans3.ltrans.o
Vector1C                                          /tmp/ccb92EAx.ltrans2.ltrans.o
                                                  /tmp/ccb92EAx.ltrans3.ltrans.o
Vector20                                          /tmp/ccb92EAx.ltrans2.ltrans.o
                                                  /tmp/ccb92EAx.ltrans3.ltrans.o
Vector24                                          /tmp/ccb92EAx.ltrans2.ltrans.o
                                                  /tmp/ccb92EAx.ltrans3.ltrans.o
Vector28                                          /tmp/ccb92EAx.ltrans2.ltrans.o
                                                  /tmp/ccb92EAx.ltrans3.ltrans.o
Vector34                                          /tmp/ccb92EAx.ltrans2.ltrans.o
                                                  /tmp/ccb92EAx.ltrans3.ltrans.o
Vector40                                          /tmp/ccb92EAx.ltrans2.ltrans.o
                                                  /tmp/ccb92EAx.ltrans3.ltrans.o
Vector44                                          /tmp/ccb92EAx.ltrans2.ltrans.o
                                                  /tmp/ccb92EAx.ltrans3.ltrans.o
Vector48                                          /tmp/ccb92EAx.ltrans2.ltrans.o
                                                  /tmp/ccb92EAx.ltrans3.ltrans.o
Vector4C                                          /tmp/ccb92EAx.ltrans2.ltrans.o
                                                  /tmp/ccb92EAx.ltrans3.ltrans.o
Vector50                                          /tmp/ccb92EAx.ltrans2.ltrans.o
                                                  /tmp/ccb92EAx.ltrans3.ltrans.o
Vector54                                          /tmp/ccb92EAx.ltrans2.ltrans.o
                                                  /tmp/ccb92EAx.ltrans3.ltrans.o
Vector58                                          /tmp/ccb92EAx.ltrans2.ltrans.o
                                                  /tmp/ccb92EAx.ltrans3.ltrans.o
Vector5C                                          /tmp/ccb92EAx.ltrans2.ltrans.o
                                                  /tmp/ccb92EAx.ltrans3.ltrans.o
Vector60                                          /tmp/ccb92EAx.ltrans2.ltrans.o
                                                  /tmp/ccb92EAx.ltrans3.ltrans.o
Vector64                                          /tmp/ccb92EAx.ltrans2.ltrans.o
                                                  /tmp/ccb92EAx.ltrans3.ltrans.o
Vector68                                          /tmp/ccb92EAx.ltrans2.ltrans.o
                                                  /tmp/ccb92EAx.ltrans3.ltrans.o
Vector6C                                          /tmp/ccb92EAx.ltrans2.ltrans.o
                                                  /tmp/ccb92EAx.ltrans3.ltrans.o
Vector70                                          /tmp/ccb92EAx.ltrans2.ltrans.o
                                                  /tmp/ccb92EAx.ltrans3.ltrans.o
Vector74                                          /tmp/ccb92EAx.ltrans2.ltrans.o
                                                  /tmp/ccb92EAx.ltrans3.ltrans.o
Vector78                                          /tmp/ccb92EAx.ltrans2.ltrans.o
                                                  /tmp/ccb92EAx.ltrans3.ltrans.o
Vector7C                                          /tmp/ccb92EAx.ltrans2.ltrans.o
                                                  /tmp/ccb92EAx.ltrans3.ltrans.o
Vector80                                          /tmp/ccb92EAx.ltrans2.ltrans.o
                                                  /tmp/ccb92EAx.ltrans3.ltrans.o
Vector84                                          /tmp/ccb92EAx.ltrans2.ltrans.o
                                                  /tmp/ccb92EAx.ltrans3.ltrans.o
Vector88                                          /tmp/ccb92EAx.ltrans2.ltrans.o
                                                  /tmp/ccb92EAx.ltrans3.ltrans.o
Vector8C                                          /tmp/ccb92EAx.ltrans2.ltrans.o
                                                  /tmp/ccb92EAx.ltrans3.ltrans.o
Vector90                                          /tmp/ccb92EAx.ltrans2.ltrans.o
                                                  /tmp/ccb92EAx.ltrans3.ltrans.o
Vector94                                          /tmp/ccb92EAx.ltrans2.ltrans.o
                                                  /tmp/ccb92EAx.ltrans3.ltrans.o
Vector98                                          /tmp/ccb92EAx.ltrans2.ltrans.o
                                                  /tmp/ccb92EAx.ltrans3.ltrans.o
Vector9C                                          /tmp/ccb92EAx.ltrans2.ltrans.o
                                                  /tmp/ccb92EAx.ltrans3.ltrans.o
VectorA0                                          /tmp/ccb92EAx.ltrans2.ltrans.o
                                                  /tmp/ccb92EAx.ltrans3.ltrans.o
VectorA4                                          /tmp/ccb92EAx.ltrans2.ltrans.o
                                                  /tmp/ccb92EAx.ltrans3.ltrans.o
VectorA8                                          /tmp/ccb92EAx.ltrans2.ltrans.o
                                                  /tmp/ccb92EAx.ltrans3.ltrans.o
VectorAC                                          /tmp/ccb92EAx.ltrans2.ltrans.o
                                                  /tmp/ccb92EAx.ltrans3.ltrans.o
VectorB0                                          /tmp/ccb92EAx.ltrans1.ltrans.o
                                                  /tmp/ccb92EAx.ltrans3.ltrans.o
VectorB4                                          /tmp/ccb92EAx.ltrans2.ltrans.o
                                                  /tmp/ccb92EAx.ltrans3.ltrans.o
VectorB8                                          /tmp/ccb92EAx.ltrans2.ltrans.o
                                                  /tmp/ccb92EAx.ltrans3.ltrans.o
VectorBC                                          /tmp/ccb92EAx.ltrans0.ltrans.o
                                                  /tmp/ccb92EAx.ltrans3.ltrans.o
VectorC0                                          /tmp/ccb92EAx.ltrans0.ltrans.o
                                                  /tmp/ccb92EAx.ltrans3.ltrans.o
VectorC4                                          /tmp/ccb92EAx.ltrans2.ltrans.o
                                                  /tmp/ccb92EAx.ltrans3.ltrans.o
VectorC8                                          /tmp/ccb92EAx.ltrans2.ltrans.o
                                                  /tmp/ccb92EAx.ltrans3.ltrans.o
VectorCC                                          /tmp/ccb92EAx.ltrans2.ltrans.o
                                                  /tmp/ccb92EAx.ltrans3.ltrans.o
VectorD0                                          /tmp/ccb92EAx.ltrans2.ltrans.o
                                                  /tmp/ccb92EAx.ltrans3.ltrans.o
VectorD4                                          /tmp/ccb92EAx.ltrans0.ltrans.o
                                                  /tmp/ccb92EAx.ltrans3.ltrans.o
VectorDC                                          /tmp/ccb92EAx.ltrans2.ltrans.o
                                                  /tmp/ccb92EAx.ltrans3.ltrans.o
VectorE0                                          /tmp/ccb92EAx.ltrans2.ltrans.o
                                                  /tmp/ccb92EAx.ltrans3.ltrans.o
VectorE4                                          /tmp/ccb92EAx.ltrans2.ltrans.o
                                                  /tmp/ccb92EAx.ltrans3.ltrans.o
VectorE8                                          /tmp/ccb92EAx.ltrans2.ltrans.o
                                                  /tmp/ccb92EAx.ltrans3.ltrans.o
VectorEC                                          /tmp/ccb92EAx.ltrans2.ltrans.o
                                                  /tmp/ccb92EAx.ltrans3.ltrans.o
VectorF0                                          /tmp/ccb92EAx.ltrans2.ltrans.o
                                                  /tmp/ccb92EAx.ltrans3.ltrans.o
VectorF4                                          /tmp/ccb92EAx.ltrans2.ltrans.o
                                                  /tmp/ccb92EAx.ltrans3.ltrans.o
VectorF8                                          /tmp/ccb92EAx.ltrans2.ltrans.o
                                                  /tmp/ccb92EAx.ltrans3.ltrans.o
VectorFC                                          /tmp/ccb92EAx.ltrans2.ltrans.o
                                                  /tmp/ccb92EAx.ltrans3.ltrans.o
__adddf3                                          /usr/bin/../lib/gcc/arm-none-eabi/4.8.4/armv7e-m/fpu/libgcc.a(_arm_addsubdf3.o)
__aeabi_d2f                                       /usr/bin/../lib/gcc/arm-none-eabi/4.8.4/armv7e-m/fpu/libgcc.a(_arm_truncdfsf2.o)
                                                  /tmp/ccb92EAx.ltrans0.ltrans.o
__aeabi_d2iz                                      /usr/bin/../lib/gcc/arm-none-eabi/4.8.4/armv7e-m/fpu/libgcc.a(_arm_fixdfsi.o)
                                                  /tmp/ccb92EAx.ltrans0.ltrans.o
__aeabi_dadd                                      /usr/bin/../lib/gcc/arm-none-eabi/4.8.4/armv7e-m/fpu/libgcc.a(_arm_addsubdf3.o)
__aeabi_ddiv                                      /usr/bin/../lib/gcc/arm-none-eabi/4.8.4/armv7e-m/fpu/libgcc.a(_arm_muldivdf3.o)
__aeabi_dmul                                      /usr/bin/../lib/gcc/arm-none-eabi/4.8.4/armv7e-m/fpu/libgcc.a(_arm_muldivdf3.o)
                                                  /tmp/ccb92EAx.ltrans0.ltrans.o
__aeabi_drsub                                     /usr/bin/../lib/gcc/arm-none-eabi/4.8.4/armv7e-m/fpu/libgcc.a(_arm_addsubdf3.o)
__aeabi_dsub                                      /usr/bin/../lib/gcc/arm-none-eabi/4.8.4/armv7e-m/fpu/libgcc.a(_arm_addsubdf3.o)
                                                  /tmp/ccb92EAx.ltrans0.ltrans.o
__aeabi_f2d                                       /usr/bin/../lib/gcc/arm-none-eabi/4.8.4/armv7e-m/fpu/libgcc.a(_arm_addsubdf3.o)
                                                  /tmp/ccb92EAx.ltrans3.ltrans.o
                                                  /tmp/ccb92EAx.ltrans0.ltrans.o
__aeabi_i2d                                       /usr/bin/../lib/gcc/arm-none-eabi/4.8.4/armv7e-m/fpu/libgcc.a(_arm_addsubdf3.o)
                                                  /tmp/ccb92EAx.ltrans0.ltrans.o
__aeabi_l2d                                       /usr/bin/../lib/gcc/arm-none-eabi/4.8.4/armv7e-m/fpu/libgcc.a(_arm_addsubdf3.o)
__aeabi_ui2d                                      /usr/bin/../lib/gcc/arm-none-eabi/4.8.4/armv7e-m/fpu/libgcc.a(_arm_addsubdf3.o)
                                                  /tmp/ccb92EAx.ltrans0.ltrans.o
__aeabi_ul2d                                      /usr/bin/../lib/gcc/arm-none-eabi/4.8.4/armv7e-m/fpu/libgcc.a(_arm_addsubdf3.o)
__divdf3                                          /usr/bin/../lib/gcc/arm-none-eabi/4.8.4/armv7e-m/fpu/libgcc.a(_arm_muldivdf3.o)
__extendsfdf2                                     /usr/bin/../lib/gcc/arm-none-eabi/4.8.4/armv7e-m/fpu/libgcc.a(_arm_addsubdf3.o)
__fixdfsi                                         /usr/bin/../lib/gcc/arm-none-eabi/4.8.4/armv7e-m/fpu/libgcc.a(_arm_fixdfsi.o)
__floatdidf                                       /usr/bin/../lib/gcc/arm-none-eabi/4.8.4/armv7e-m/fpu/libgcc.a(_arm_addsubdf3.o)
__floatsidf                                       /usr/bin/../lib/gcc/arm-none-eabi/4.8.4/armv7e-m/fpu/libgcc.a(_arm_addsubdf3.o)
__floatundidf                                     /usr/bin/../lib/gcc/arm-none-eabi/4.8.4/armv7e-m/fpu/libgcc.a(_arm_addsubdf3.o)
__floatunsidf                                     /usr/bin/../lib/gcc/arm-none-eabi/4.8.4/armv7e-m/fpu/libgcc.a(_arm_addsubdf3.o)
__heap_base__                                     /tmp/ccb92EAx.ltrans1.ltrans.o
__heap_end__                                      /tmp/ccb92EAx.ltrans1.ltrans.o
__init_array_end                                  /tmp/ccb92EAx.ltrans3.ltrans.o
__init_array_start                                /tmp/ccb92EAx.ltrans3.ltrans.o
__main_stack_base__                               /tmp/ccb92EAx.ltrans3.ltrans.o
__main_stack_end__                                /tmp/ccb92EAx.ltrans3.ltrans.o
__muldf3                                          /usr/bin/../lib/gcc/arm-none-eabi/4.8.4/armv7e-m/fpu/libgcc.a(_arm_muldivdf3.o)
__process_stack_base__                            /tmp/ccb92EAx.ltrans3.ltrans.o
__process_stack_end__                             /tmp/ccb92EAx.ltrans3.ltrans.o
__subdf3                                          /usr/bin/../lib/gcc/arm-none-eabi/4.8.4/armv7e-m/fpu/libgcc.a(_arm_addsubdf3.o)
__truncdfsf2                                      /usr/bin/../lib/gcc/arm-none-eabi/4.8.4/armv7e-m/fpu/libgcc.a(_arm_truncdfsf2.o)
_bss_end                                          /tmp/ccb92EAx.ltrans3.ltrans.o
_bss_start                                        /tmp/ccb92EAx.ltrans3.ltrans.o
_data                                             /tmp/ccb92EAx.ltrans3.ltrans.o
_edata                                            /tmp/ccb92EAx.ltrans3.ltrans.o
_idle_thread.4338                                 /tmp/ccb92EAx.ltrans2.ltrans.o
                                                  /tmp/ccb92EAx.ltrans1.ltrans.o
_port_exit_from_isr                               build/obj/chcoreasm_v7m.o
                                                  /tmp/ccb92EAx.ltrans2.ltrans.o
_port_irq_epilogue                                /tmp/ccb92EAx.ltrans2.ltrans.o
                                                  /tmp/ccb92EAx.ltrans3.ltrans.o
                                                  /tmp/ccb92EAx.ltrans1.ltrans.o
                                                  /tmp/ccb92EAx.ltrans0.ltrans.o
_port_switch                                      build/obj/chcoreasm_v7m.o
                                                  /tmp/ccb92EAx.ltrans4.ltrans.o
                                                  /tmp/ccb92EAx.ltrans2.ltrans.o
                                                  /tmp/ccb92EAx.ltrans0.ltrans.o
_port_switch_from_isr                             build/obj/chcoreasm_v7m.o
                                                  /tmp/ccb92EAx.ltrans2.ltrans.o
_port_thread_start                                build/obj/chcoreasm_v7m.o
                                                  /tmp/ccb92EAx.ltrans0.ltrans.o
_textdata                                         /tmp/ccb92EAx.ltrans3.ltrans.o
_vectors                                          /tmp/ccb92EAx.ltrans3.ltrans.o
adc_lld_serve_rx_interrupt.11091                  /tmp/ccb92EAx.ltrans2.ltrans.o
                                                  /tmp/ccb92EAx.ltrans1.ltrans.o
beaconThread                                      /tmp/ccb92EAx.ltrans4.ltrans.o
                                                  /tmp/ccb92EAx.ltrans1.ltrans.o
ch                                                /tmp/ccb92EAx.ltrans3.ltrans.o
                                                  /tmp/ccb92EAx.ltrans4.ltrans.o
                                                  /tmp/ccb92EAx.ltrans2.ltrans.o
                                                  /tmp/ccb92EAx.ltrans1.ltrans.o
                                                  /tmp/ccb92EAx.ltrans0.ltrans.o
chCoreAlloc                                       /tmp/ccb92EAx.ltrans2.ltrans.o
                                                  /tmp/ccb92EAx.ltrans1.ltrans.o
chEvtBroadcastFlagsI                              /tmp/ccb92EAx.ltrans2.ltrans.o
                                                  /tmp/ccb92EAx.ltrans3.ltrans.o
chMtxLockS                                        /tmp/ccb92EAx.ltrans2.ltrans.o
                                                  /tmp/ccb92EAx.ltrans4.ltrans.o
                                                  /tmp/ccb92EAx.ltrans1.ltrans.o
chMtxUnlock                                       /tmp/ccb92EAx.ltrans0.ltrans.o
                                                  /tmp/ccb92EAx.ltrans4.ltrans.o
                                                  /tmp/ccb92EAx.ltrans1.ltrans.o
chSchDoReschedule                                 /tmp/ccb92EAx.ltrans3.ltrans.o
                                                  build/obj/chcoreasm_v7m.o
chSchDoRescheduleAhead                            /tmp/ccb92EAx.ltrans2.ltrans.o
                                                  /tmp/ccb92EAx.ltrans3.ltrans.o
chSchGoSleepS                                     /tmp/ccb92EAx.ltrans2.ltrans.o
                                                  /tmp/ccb92EAx.ltrans4.ltrans.o
                                                  /tmp/ccb92EAx.ltrans3.ltrans.o
                                                  /tmp/ccb92EAx.ltrans0.ltrans.o
chSchGoSleepTimeoutS                              /tmp/ccb92EAx.ltrans0.ltrans.o
                                                  /tmp/ccb92EAx.ltrans1.ltrans.o
chSchReadyI                                       /tmp/ccb92EAx.ltrans2.ltrans.o
                                                  /tmp/ccb92EAx.ltrans4.ltrans.o
                                                  /tmp/ccb92EAx.ltrans3.ltrans.o
                                                  /tmp/ccb92EAx.ltrans0.ltrans.o
chSchRescheduleS                                  /tmp/ccb92EAx.ltrans2.ltrans.o
                                                  /tmp/ccb92EAx.ltrans4.ltrans.o
                                                  /tmp/ccb92EAx.ltrans0.ltrans.o
chTMStartMeasurementX.constprop.30                /tmp/ccb92EAx.ltrans0.ltrans.o
                                                  /tmp/ccb92EAx.ltrans1.ltrans.o
chTMStopMeasurementX                              /tmp/ccb92EAx.ltrans2.ltrans.o
                                                  /tmp/ccb92EAx.ltrans1.ltrans.o
chThdCreateStatic                                 /tmp/ccb92EAx.ltrans0.ltrans.o
                                                  /tmp/ccb92EAx.ltrans1.ltrans.o
chThdExit                                         /tmp/ccb92EAx.ltrans3.ltrans.o
                                                  build/obj/chcoreasm_v7m.o
chThdResumeI                                      /tmp/ccb92EAx.ltrans2.ltrans.o
                                                  /tmp/ccb92EAx.ltrans0.ltrans.o
chThdSleep                                        /tmp/ccb92EAx.ltrans0.ltrans.o
                                                  /tmp/ccb92EAx.ltrans4.ltrans.o
                                                  /tmp/ccb92EAx.ltrans3.ltrans.o
                                                  /tmp/ccb92EAx.ltrans1.ltrans.o
chThdSleepUntil                                   /tmp/ccb92EAx.ltrans0.ltrans.o
                                                  /tmp/ccb92EAx.ltrans3.ltrans.o
                                                  /tmp/ccb92EAx.ltrans1.ltrans.o
chprintf.13294.constprop.12                       /tmp/ccb92EAx.ltrans0.ltrans.o
                                                  /tmp/ccb92EAx.ltrans1.ltrans.o
chprintf.15614.constprop.5                        /tmp/ccb92EAx.ltrans0.ltrans.o
                                                  /tmp/ccb92EAx.ltrans3.ltrans.o
chprintf.15997.constprop.1                        /tmp/ccb92EAx.ltrans0.ltrans.o
                                                  /tmp/ccb92EAx.ltrans4.ltrans.o
chprintf.17227                                    /tmp/ccb92EAx.ltrans0.ltrans.o
                                                  /tmp/ccb92EAx.ltrans1.ltrans.o
dmaStreamAllocate                                 /tmp/ccb92EAx.ltrans2.ltrans.o
                                                  /tmp/ccb92EAx.ltrans4.ltrans.o
                                                  /tmp/ccb92EAx.ltrans1.ltrans.o
dmaStreamRelease                                  /tmp/ccb92EAx.ltrans2.ltrans.o
                                                  /tmp/ccb92EAx.ltrans4.ltrans.o
dma_isr_redir.10833                               /tmp/ccb92EAx.ltrans1.ltrans.o
                                                  /tmp/ccb92EAx.ltrans2.ltrans.o
dma_streams_mask.10838                            /tmp/ccb92EAx.ltrans1.ltrans.o
                                                  /tmp/ccb92EAx.ltrans2.ltrans.o
endmem.6822                                       /tmp/ccb92EAx.ltrans1.ltrans.o
                                                  /tmp/ccb92EAx.ltrans2.ltrans.o
gpsRxChar.16011                                   /tmp/ccb92EAx.ltrans0.ltrans.o
                                                  /tmp/ccb92EAx.ltrans1.ltrans.o
gpsRxEnd.15987                                    /tmp/ccb92EAx.ltrans0.ltrans.o
                                                  /tmp/ccb92EAx.ltrans1.ltrans.o
gpsRxErr.15990                                    /tmp/ccb92EAx.ltrans0.ltrans.o
                                                  /tmp/ccb92EAx.ltrans1.ltrans.o
gpsSem                                            /tmp/ccb92EAx.ltrans4.ltrans.o
                                                  /tmp/ccb92EAx.ltrans0.ltrans.o
gpsThread                                         /tmp/ccb92EAx.ltrans4.ltrans.o
                                                  /tmp/ccb92EAx.ltrans1.ltrans.o
gpsTxC.15984                                      /tmp/ccb92EAx.ltrans0.ltrans.o
                                                  /tmp/ccb92EAx.ltrans1.ltrans.o
gpsTxbufEnd.15981                                 /tmp/ccb92EAx.ltrans0.ltrans.o
                                                  /tmp/ccb92EAx.ltrans1.ltrans.o
i2c_lld_serve_error_interrupt.11412               /tmp/ccb92EAx.ltrans2.ltrans.o
                                                  /tmp/ccb92EAx.ltrans0.ltrans.o
i2c_lld_serve_event_interrupt.11409               /tmp/ccb92EAx.ltrans2.ltrans.o
                                                  /tmp/ccb92EAx.ltrans0.ltrans.o
i2c_lld_serve_rx_end_irq.11402                    /tmp/ccb92EAx.ltrans0.ltrans.o
                                                  /tmp/ccb92EAx.ltrans4.ltrans.o
i2c_lld_serve_tx_end_irq.11398                    /tmp/ccb92EAx.ltrans1.ltrans.o
                                                  /tmp/ccb92EAx.ltrans4.ltrans.o
i2c_lld_start                                     /tmp/ccb92EAx.ltrans4.ltrans.o
                                                  /tmp/ccb92EAx.ltrans3.ltrans.o
main                                              /tmp/ccb92EAx.ltrans1.ltrans.o
                                                  /tmp/ccb92EAx.ltrans3.ltrans.o
nextmem.6820                                      /tmp/ccb92EAx.ltrans1.ltrans.o
                                                  /tmp/ccb92EAx.ltrans2.ltrans.o
notify2.12013                                     /tmp/ccb92EAx.ltrans0.ltrans.o
                                                  /tmp/ccb92EAx.ltrans1.ltrans.o
notify6.12010                                     /tmp/ccb92EAx.ltrans0.ltrans.o
                                                  /tmp/ccb92EAx.ltrans1.ltrans.o
sdObjectInit.constprop.25                         /tmp/ccb92EAx.ltrans0.ltrans.o
                                                  /tmp/ccb92EAx.ltrans1.ltrans.o
sd_lld_start                                      /tmp/ccb92EAx.ltrans4.ltrans.o
                                                  /tmp/ccb92EAx.ltrans1.ltrans.o
sensorThread                                      /tmp/ccb92EAx.ltrans3.ltrans.o
                                                  /tmp/ccb92EAx.ltrans1.ltrans.o
si70x0_heaterEnable                               /tmp/ccb92EAx.ltrans1.ltrans.o
                                                  /tmp/ccb92EAx.ltrans3.ltrans.o
si70x0_init                                       /tmp/ccb92EAx.ltrans1.ltrans.o
                                                  /tmp/ccb92EAx.ltrans3.ltrans.o
si70x0_readHumidity                               /tmp/ccb92EAx.ltrans1.ltrans.o
                                                  /tmp/ccb92EAx.ltrans3.ltrans.o
si70x0_readTemperature                            /tmp/ccb92EAx.ltrans1.ltrans.o
                                                  /tmp/ccb92EAx.ltrans3.ltrans.o
strcpy                                            /usr/bin/../lib/gcc/arm-none-eabi/4.8.4/../../../../arm-none-eabi/lib/armv7e-m/fpu/libc.a(lib_a-strcpy.o)
                                                  /tmp/ccb92EAx.ltrans1.ltrans.o
strlen                                            /usr/bin/../lib/gcc/arm-none-eabi/4.8.4/../../../../arm-none-eabi/lib/armv7e-m/fpu/libc.a(lib_a-strlen.o)
                                                  /tmp/ccb92EAx.ltrans4.ltrans.o
strncmp                                           /usr/bin/../lib/gcc/arm-none-eabi/4.8.4/../../../../arm-none-eabi/lib/armv7e-m/fpu/libc.a(lib_a-strncmp.o)
                                                  /tmp/ccb92EAx.ltrans4.ltrans.o
tokBuf.16085                                      /tmp/ccb92EAx.ltrans4.ltrans.o
                                                  /tmp/ccb92EAx.ltrans0.ltrans.o
uStrCpy.constprop.4                               /tmp/ccb92EAx.ltrans0.ltrans.o
                                                  /tmp/ccb92EAx.ltrans4.ltrans.o
uStrInsertChar.constprop.3                        /tmp/ccb92EAx.ltrans0.ltrans.o
                                                  /tmp/ccb92EAx.ltrans4.ltrans.o
uStrPrependChar                                   /tmp/ccb92EAx.ltrans0.ltrans.o
                                                  /tmp/ccb92EAx.ltrans4.ltrans.o
uart_lld_serve_rx_end_irq.12164                   /tmp/ccb92EAx.ltrans4.ltrans.o
                                                  /tmp/ccb92EAx.ltrans1.ltrans.o
uart_lld_serve_tx_end_irq.12160                   /tmp/ccb92EAx.ltrans4.ltrans.o
                                                  /tmp/ccb92EAx.ltrans1.ltrans.o
usart_stop.12171                                  /tmp/ccb92EAx.ltrans0.ltrans.o
                                                  /tmp/ccb92EAx.ltrans4.ltrans.o
                                                  /tmp/ccb92EAx.ltrans1.ltrans.o
wakeup.4718                                       /tmp/ccb92EAx.ltrans2.ltrans.o
                                                  /tmp/ccb92EAx.ltrans0.ltrans.o
