Archive member included because of file (symbol)

/usr/bin/../lib/gcc/arm-none-eabi/4.8.4/armv7e-m/fpu/libgcc.a(_arm_addsubdf3.o)
                              /tmp/cc1wL1Hh.ltrans0.ltrans.o (__aeabi_dsub)
/usr/bin/../lib/gcc/arm-none-eabi/4.8.4/armv7e-m/fpu/libgcc.a(_arm_muldivdf3.o)
                              /tmp/cc1wL1Hh.ltrans0.ltrans.o (__aeabi_dmul)
/usr/bin/../lib/gcc/arm-none-eabi/4.8.4/armv7e-m/fpu/libgcc.a(_arm_fixdfsi.o)
                              /tmp/cc1wL1Hh.ltrans0.ltrans.o (__aeabi_d2iz)
/usr/bin/../lib/gcc/arm-none-eabi/4.8.4/armv7e-m/fpu/libgcc.a(_arm_truncdfsf2.o)
                              /tmp/cc1wL1Hh.ltrans0.ltrans.o (__aeabi_d2f)
/usr/bin/../lib/gcc/arm-none-eabi/4.8.4/../../../../arm-none-eabi/lib/armv7e-m/fpu/libc.a(lib_a-memcpy.o)
                              /tmp/cc1wL1Hh.ltrans0.ltrans.o (memcpy)
/usr/bin/../lib/gcc/arm-none-eabi/4.8.4/../../../../arm-none-eabi/lib/armv7e-m/fpu/libc.a(lib_a-strcpy.o)
                              /tmp/cc1wL1Hh.ltrans1.ltrans.o (strcpy)
/usr/bin/../lib/gcc/arm-none-eabi/4.8.4/../../../../arm-none-eabi/lib/armv7e-m/fpu/libc.a(lib_a-strlen.o)
                              /tmp/cc1wL1Hh.ltrans5.ltrans.o (strlen)
/usr/bin/../lib/gcc/arm-none-eabi/4.8.4/../../../../arm-none-eabi/lib/armv7e-m/fpu/libc.a(lib_a-strncmp.o)
                              /tmp/cc1wL1Hh.ltrans5.ltrans.o (strncmp)

Discarded input sections

 .data          0x0000000000000000        0x0 build/obj/chcoreasm_v7m.o
 .bss           0x0000000000000000        0x0 build/obj/chcoreasm_v7m.o
 .text          0x0000000000000000        0x0 build/obj/crt0.o (symbol from plugin)
 .text          0x0000000000000000        0x0 /tmp/cc1wL1Hh.ltrans0.ltrans.o
 .data          0x0000000000000000        0x0 /tmp/cc1wL1Hh.ltrans0.ltrans.o
 .bss           0x0000000000000000        0x0 /tmp/cc1wL1Hh.ltrans0.ltrans.o
 .text          0x0000000000000000        0x0 /tmp/cc1wL1Hh.ltrans1.ltrans.o
 .data          0x0000000000000000        0x0 /tmp/cc1wL1Hh.ltrans1.ltrans.o
 .bss           0x0000000000000000        0x0 /tmp/cc1wL1Hh.ltrans1.ltrans.o
 .text          0x0000000000000000        0x0 /tmp/cc1wL1Hh.ltrans2.ltrans.o
 .data          0x0000000000000000        0x0 /tmp/cc1wL1Hh.ltrans2.ltrans.o
 .bss           0x0000000000000000        0x0 /tmp/cc1wL1Hh.ltrans2.ltrans.o
 .text          0x0000000000000000        0x0 /tmp/cc1wL1Hh.ltrans3.ltrans.o
 .data          0x0000000000000000        0x0 /tmp/cc1wL1Hh.ltrans3.ltrans.o
 .bss           0x0000000000000000        0x0 /tmp/cc1wL1Hh.ltrans3.ltrans.o
 .text          0x0000000000000000        0x0 /tmp/cc1wL1Hh.ltrans4.ltrans.o
 .data          0x0000000000000000        0x0 /tmp/cc1wL1Hh.ltrans4.ltrans.o
 .bss           0x0000000000000000        0x0 /tmp/cc1wL1Hh.ltrans4.ltrans.o
 .text.unlikely.logfileOpenAppend.constprop.52
                0x0000000000000000      0x164 /tmp/cc1wL1Hh.ltrans4.ltrans.o
 .text          0x0000000000000000        0x0 /tmp/cc1wL1Hh.ltrans5.ltrans.o
 .data          0x0000000000000000        0x0 /tmp/cc1wL1Hh.ltrans5.ltrans.o
 .bss           0x0000000000000000        0x0 /tmp/cc1wL1Hh.ltrans5.ltrans.o
 .text          0x0000000000000000        0x0 /tmp/cc1wL1Hh.ltrans6.ltrans.o
 .data          0x0000000000000000        0x0 /tmp/cc1wL1Hh.ltrans6.ltrans.o
 .bss           0x0000000000000000        0x0 /tmp/cc1wL1Hh.ltrans6.ltrans.o
 .text          0x0000000000000000        0x0 /tmp/cc1wL1Hh.ltrans7.ltrans.o
 .data          0x0000000000000000        0x0 /tmp/cc1wL1Hh.ltrans7.ltrans.o
 .bss           0x0000000000000000        0x0 /tmp/cc1wL1Hh.ltrans7.ltrans.o
 .data          0x0000000000000000        0x0 /usr/bin/../lib/gcc/arm-none-eabi/4.8.4/armv7e-m/fpu/libgcc.a(_arm_addsubdf3.o)
 .bss           0x0000000000000000        0x0 /usr/bin/../lib/gcc/arm-none-eabi/4.8.4/armv7e-m/fpu/libgcc.a(_arm_addsubdf3.o)
 .data          0x0000000000000000        0x0 /usr/bin/../lib/gcc/arm-none-eabi/4.8.4/armv7e-m/fpu/libgcc.a(_arm_muldivdf3.o)
 .bss           0x0000000000000000        0x0 /usr/bin/../lib/gcc/arm-none-eabi/4.8.4/armv7e-m/fpu/libgcc.a(_arm_muldivdf3.o)
 .data          0x0000000000000000        0x0 /usr/bin/../lib/gcc/arm-none-eabi/4.8.4/armv7e-m/fpu/libgcc.a(_arm_fixdfsi.o)
 .bss           0x0000000000000000        0x0 /usr/bin/../lib/gcc/arm-none-eabi/4.8.4/armv7e-m/fpu/libgcc.a(_arm_fixdfsi.o)
 .data          0x0000000000000000        0x0 /usr/bin/../lib/gcc/arm-none-eabi/4.8.4/armv7e-m/fpu/libgcc.a(_arm_truncdfsf2.o)
 .bss           0x0000000000000000        0x0 /usr/bin/../lib/gcc/arm-none-eabi/4.8.4/armv7e-m/fpu/libgcc.a(_arm_truncdfsf2.o)
 .data          0x0000000000000000        0x0 /usr/bin/../lib/gcc/arm-none-eabi/4.8.4/../../../../arm-none-eabi/lib/armv7e-m/fpu/libc.a(lib_a-memcpy.o)
 .bss           0x0000000000000000        0x0 /usr/bin/../lib/gcc/arm-none-eabi/4.8.4/../../../../arm-none-eabi/lib/armv7e-m/fpu/libc.a(lib_a-memcpy.o)
[...]
Memory Configuration

Name             Origin             Length             Attributes
flash            0x0000000008000000 0x0000000000040000
ram              0x0000000020000000 0x0000000000010000
*default*        0x0000000000000000 0xffffffffffffffff

Linker script and memory map

LOAD build/obj/chcoreasm_v7m.o
LOAD build/obj/crt0.o
LOAD /tmp/cc1wL1Hh.ltrans0.ltrans.o
LOAD /tmp/cc1wL1Hh.ltrans1.ltrans.o
LOAD /tmp/cc1wL1Hh.ltrans2.ltrans.o
LOAD /tmp/cc1wL1Hh.ltrans3.ltrans.o
LOAD /tmp/cc1wL1Hh.ltrans4.ltrans.o
LOAD /tmp/cc1wL1Hh.ltrans5.ltrans.o
LOAD /tmp/cc1wL1Hh.ltrans6.ltrans.o
LOAD /tmp/cc1wL1Hh.ltrans7.ltrans.o
LOAD /usr/bin/../lib/gcc/arm-none-eabi/4.8.4/armv7e-m/fpu/libgcc.a
LOAD /usr/bin/../lib/gcc/arm-none-eabi/4.8.4/../../../../arm-none-eabi/lib/armv7e-m/fpu/libc.a
LOAD build/obj/vectors.o
LOAD build/obj/chcore.o
LOAD build/obj/chcore_v7m.o
LOAD build/obj/chsys.o
LOAD build/obj/chdebug.o
LOAD build/obj/chtm.o
LOAD build/obj/chstats.o
LOAD build/obj/chschd.o
LOAD build/obj/chvt.o
LOAD build/obj/chthreads.o
LOAD build/obj/chdynamic.o
LOAD build/obj/chregistry.o
LOAD build/obj/chsem.o
LOAD build/obj/chmtx.o
LOAD build/obj/chcond.o
LOAD build/obj/chevents.o
LOAD build/obj/chmsg.o
LOAD build/obj/chmboxes.o
LOAD build/obj/chqueues.o
LOAD build/obj/chmemcore.o
LOAD build/obj/chheap.o
LOAD build/obj/chmempools.o
LOAD build/obj/test.o
LOAD build/obj/testthd.o
LOAD build/obj/testsem.o
LOAD build/obj/testmtx.o
LOAD build/obj/testmsg.o
LOAD build/obj/testmbox.o
LOAD build/obj/testevt.o
LOAD build/obj/testheap.o
LOAD build/obj/testpools.o
LOAD build/obj/testdyn.o
LOAD build/obj/testqueues.o
LOAD build/obj/testbmk.o
LOAD build/obj/hal.o
LOAD build/obj/hal_queues.o
LOAD build/obj/hal_mmcsd.o
LOAD build/obj/adc.o
LOAD build/obj/can.o
LOAD build/obj/dac.o
LOAD build/obj/ext.o
LOAD build/obj/gpt.o
LOAD build/obj/i2c.o
LOAD build/obj/i2s.o
LOAD build/obj/icu.o
LOAD build/obj/mac.o
LOAD build/obj/mmc_spi.o
LOAD build/obj/pal.o
LOAD build/obj/pwm.o
LOAD build/obj/rtc.o
LOAD build/obj/sdc.o
LOAD build/obj/serial.o
LOAD build/obj/serial_usb.o
LOAD build/obj/spi.o
LOAD build/obj/st.o
LOAD build/obj/uart.o
LOAD build/obj/usb.o
LOAD build/obj/osal.o
LOAD build/obj/nvic.o
LOAD build/obj/stm32_dma.o
LOAD build/obj/hal_lld.o
LOAD build/obj/adc_lld.o
LOAD build/obj/ext_lld_isr.o
LOAD build/obj/can_lld.o
LOAD build/obj/ext_lld.o
LOAD build/obj/mac_lld.o
LOAD build/obj/sdc_lld.o
LOAD build/obj/dac_lld.o
LOAD build/obj/pal_lld.o
LOAD build/obj/i2c_lld.o
LOAD build/obj/usb_lld.o
LOAD build/obj/rtc_lld.o
LOAD build/obj/i2s_lld.o
LOAD build/obj/spi_lld.o
LOAD build/obj/gpt_lld.o
LOAD build/obj/icu_lld.o
LOAD build/obj/pwm_lld.o
LOAD build/obj/st_lld.o
LOAD build/obj/serial_lld.o
LOAD build/obj/uart_lld.o
LOAD build/obj/board.o
LOAD build/obj/fatfs_diskio.o
LOAD build/obj/fatfs_syscall.o
LOAD build/obj/ff.o
LOAD build/obj/unicode.o
LOAD build/obj/chprintf.o
LOAD build/obj/memstreams.o
LOAD build/obj/i2c_sensor.o
LOAD build/obj/bmp280.o
LOAD build/obj/si70x0.o
LOAD build/obj/ms5607.o
LOAD build/obj/hih6030.o
LOAD build/obj/lsm303.o
LOAD build/obj/rfm23bp.o
LOAD build/obj/rtd.o
LOAD build/obj/tmp275.o
LOAD build/obj/mpxm2102.o
LOAD build/obj/xbeepro.o
LOAD build/obj/datasample.o
LOAD build/obj/sensor_thread.o
LOAD build/obj/ustr.o
LOAD build/obj/umath.o
LOAD build/obj/gps.o
LOAD build/obj/sdmmcsimple.o
LOAD build/obj/datalogger.o
LOAD build/obj/main.o
                0x0000000020000000                __ram_start__ = ORIGIN (ram)
                0x0000000000010000                __ram_size__ = 0x10000
                0x0000000020010000                __ram_end__ = (__ram_start__ + __ram_size__)
                0x0000000000000000                . = 0x0
                0x0000000000000000                _text = .

startup         0x0000000008000000      0x1c0
 *(vectors)
 vectors        0x0000000008000000      0x1c0 /tmp/cc1wL1Hh.ltrans7.ltrans.o
                0x0000000008000000                _vectors

constructors    0x00000000080001c0        0x0
                0x00000000080001c0                PROVIDE (__init_array_start, .)
 *(SORT(.init_array.*))
 *(.init_array)
                0x00000000080001c0                PROVIDE (__init_array_end, .)

destructors     0x00000000080001c0        0x0
                0x00000000080001c0                PROVIDE (__fini_array_start, .)
 *(.fini_array)
 *(SORT(.fini_array.*))
                0x00000000080001c0                PROVIDE (__fini_array_end, .)

.text           0x00000000080001c0     0x7504
 *(.text.startup.*)
 .text.startup.main
                0x00000000080001c0      0xdc0 /tmp/cc1wL1Hh.ltrans1.ltrans.o
                0x00000000080001c0                main
 *(.text)
 .text          0x0000000008000f80       0x2e build/obj/chcoreasm_v7m.o
                0x0000000008000f80                _port_switch
                0x0000000008000f98                _port_thread_start
                0x0000000008000fa6                _port_switch_from_isr
                0x0000000008000faa                _port_exit_from_isr
 *fill*         0x0000000008000fae        0x2 
 .text          0x0000000008000fb0      0x370 /usr/bin/../lib/gcc/arm-none-eabi/4.8.4/armv7e-m/fpu/libgcc.a(_arm_addsubdf3.o)
                0x0000000008000fb0                __aeabi_drsub
                0x0000000008000fb8                __aeabi_dsub
                0x0000000008000fb8                __subdf3
                0x0000000008000fbc                __adddf3
                0x0000000008000fbc                __aeabi_dadd
                0x0000000008001234                __aeabi_ui2d
                0x0000000008001234                __floatunsidf
                0x0000000008001254                __floatsidf
                0x0000000008001254                __aeabi_i2d
                0x0000000008001278                __extendsfdf2
                0x0000000008001278                __aeabi_f2d
                0x00000000080012b4                __aeabi_ul2d
                0x00000000080012b4                __floatundidf
                0x00000000080012c4                __floatdidf
                0x00000000080012c4                __aeabi_l2d
 .text          0x0000000008001320      0x424 /usr/bin/../lib/gcc/arm-none-eabi/4.8.4/armv7e-m/fpu/libgcc.a(_arm_muldivdf3.o)
                0x0000000008001320                __aeabi_dmul
                0x0000000008001320                __muldf3
                0x0000000008001574                __aeabi_ddiv
                0x0000000008001574                __divdf3
 *fill*         0x0000000008001744        0xc 
 .text          0x0000000008001750       0x50 /usr/bin/../lib/gcc/arm-none-eabi/4.8.4/armv7e-m/fpu/libgcc.a(_arm_fixdfsi.o)
                0x0000000008001750                __fixdfsi
                0x0000000008001750                __aeabi_d2iz
 .text          0x00000000080017a0       0xa0 /usr/bin/../lib/gcc/arm-none-eabi/4.8.4/armv7e-m/fpu/libgcc.a(_arm_truncdfsf2.o)
                0x00000000080017a0                __aeabi_d2f
                0x00000000080017a0                __truncdfsf2
 .text          0x0000000008001840      0x134 /usr/bin/../lib/gcc/arm-none-eabi/4.8.4/../../../../arm-none-eabi/lib/armv7e-m/fpu/libc.a(lib_a-memcpy.o)
                0x0000000008001840                memcpy
 *(.text.*)
 *fill*         0x0000000008001974        0xc 
 .text.gpsRxErr.16019
                0x0000000008001980       0x10 /tmp/cc1wL1Hh.ltrans0.ltrans.o
                0x0000000008001980                gpsRxErr.16019
 .text.gpsRxEnd.16016
                0x0000000008001990       0x10 /tmp/cc1wL1Hh.ltrans0.ltrans.o
                0x0000000008001990                gpsRxEnd.16016
 .text.gpsTxC.16013
                0x00000000080019a0       0x10 /tmp/cc1wL1Hh.ltrans0.ltrans.o
                0x00000000080019a0                gpsTxC.16013
 .text.gpsTxbufEnd.16010
                0x00000000080019b0       0x10 /tmp/cc1wL1Hh.ltrans0.ltrans.o
                0x00000000080019b0                gpsTxbufEnd.16010
 .text.get.13121
                0x00000000080019c0       0x20 /tmp/cc1wL1Hh.ltrans0.ltrans.o
                0x00000000080019c0                get.13121
 .text.put.13111
                0x00000000080019e0       0x20 /tmp/cc1wL1Hh.ltrans0.ltrans.o
                0x00000000080019e0                put.13111
 .text.long_to_string_with_divisor.13045.4274
                0x0000000008001a00       0x50 /tmp/cc1wL1Hh.ltrans0.ltrans.o
 .text.mmc_lld_is_write_protected
                0x0000000008001a50       0x10 /tmp/cc1wL1Hh.ltrans0.ltrans.o
                0x0000000008001a50                mmc_lld_is_write_protected
 .text.mmc_lld_is_card_inserted
                0x0000000008001a60       0x10 /tmp/cc1wL1Hh.ltrans0.ltrans.o
                0x0000000008001a60                mmc_lld_is_card_inserted
 .text.notify6.12010
                0x0000000008001a70       0x10 /tmp/cc1wL1Hh.ltrans0.ltrans.o
                0x0000000008001a70                notify6.12010
 .text.notify2.12013
                0x0000000008001a80       0x10 /tmp/cc1wL1Hh.ltrans0.ltrans.o
                0x0000000008001a80                notify2.12013
 .text.adc_lld_stop_conversion.4553
                0x0000000008001a90       0x40 /tmp/cc1wL1Hh.ltrans0.ltrans.o
 .text.mmcGetInfo
                0x0000000008001ad0       0x20 /tmp/cc1wL1Hh.ltrans0.ltrans.o
                0x0000000008001ad0                mmcGetInfo
 .text.chCoreAlloc
                0x0000000008001af0       0x40 /tmp/cc1wL1Hh.ltrans0.ltrans.o
                0x0000000008001af0                chCoreAlloc
 .text.wakeup.4718
                0x0000000008001b30       0x70 /tmp/cc1wL1Hh.ltrans0.ltrans.o
                0x0000000008001b30                wakeup.4718
 .text._idle_thread.4338
                0x0000000008001ba0       0x20 /tmp/cc1wL1Hh.ltrans0.ltrans.o
                0x0000000008001ba0                _idle_thread.4338
 .text.SVC_Handler
                0x0000000008001bc0       0x20 /tmp/cc1wL1Hh.ltrans0.ltrans.o
                0x0000000008001bc0                SVC_Handler
 .text.writes.13130
                0x0000000008001be0       0x30 /tmp/cc1wL1Hh.ltrans0.ltrans.o
                0x0000000008001be0                writes.13130
 .text.reads.13124
                0x0000000008001c10       0x30 /tmp/cc1wL1Hh.ltrans0.ltrans.o
                0x0000000008001c10                reads.13124
 .text.uStrPrependChar
                0x0000000008001c40       0x30 /tmp/cc1wL1Hh.ltrans0.ltrans.o
                0x0000000008001c40                uStrPrependChar
 .text.uStrCpy  0x0000000008001c70       0x30 /tmp/cc1wL1Hh.ltrans0.ltrans.o
                0x0000000008001c70                uStrCpy
 .text.chvprintf
                0x0000000008001ca0      0x3a0 /tmp/cc1wL1Hh.ltrans0.ltrans.o
                0x0000000008001ca0                chvprintf
 .text.chprintf.17249
                0x0000000008002040       0x20 /tmp/cc1wL1Hh.ltrans0.ltrans.o
                0x0000000008002040                chprintf.17249
 .text.chprintf.16668
                0x0000000008002060       0x20 /tmp/cc1wL1Hh.ltrans0.ltrans.o
                0x0000000008002060                chprintf.16668
 .text.chprintf.16310
                0x0000000008002080       0x20 /tmp/cc1wL1Hh.ltrans0.ltrans.o
                0x0000000008002080                chprintf.16310
 .text.chprintf.15648
                0x00000000080020a0       0x20 /tmp/cc1wL1Hh.ltrans0.ltrans.o
                0x00000000080020a0                chprintf.15648
 .text.get_ldnumber.12784
                0x00000000080020c0       0x50 /tmp/cc1wL1Hh.ltrans0.ltrans.o
                0x00000000080020c0                get_ldnumber.12784
 .text.usart_stop.12171
                0x0000000008002110       0x50 /tmp/cc1wL1Hh.ltrans0.ltrans.o
                0x0000000008002110                usart_stop.12171
 .text.spiUnselect
                0x0000000008002160       0x20 /tmp/cc1wL1Hh.ltrans0.ltrans.o
                0x0000000008002160                spiUnselect
 .text.spiSelect
                0x0000000008002180       0x20 /tmp/cc1wL1Hh.ltrans0.ltrans.o
                0x0000000008002180                spiSelect
 .text.dmaStreamRelease
                0x00000000080021a0       0x70 /tmp/cc1wL1Hh.ltrans0.ltrans.o
                0x00000000080021a0                dmaStreamRelease
 .text.spiStop  0x0000000008002210       0x50 /tmp/cc1wL1Hh.ltrans0.ltrans.o
                0x0000000008002210                spiStop
 .text.dmaStreamAllocate
                0x0000000008002260       0xc0 /tmp/cc1wL1Hh.ltrans0.ltrans.o
                0x0000000008002260                dmaStreamAllocate
 .text.spiStart
                0x0000000008002320       0xb0 /tmp/cc1wL1Hh.ltrans0.ltrans.o
                0x0000000008002320                spiStart
 .text.chSchDoRescheduleAhead
                0x00000000080023d0       0x40 /tmp/cc1wL1Hh.ltrans0.ltrans.o
                0x00000000080023d0                chSchDoRescheduleAhead
 .text.chSchRescheduleS
                0x0000000008002410       0x20 /tmp/cc1wL1Hh.ltrans0.ltrans.o
                0x0000000008002410                chSchRescheduleS
 .text.chSchGoSleepS
                0x0000000008002430       0x30 /tmp/cc1wL1Hh.ltrans0.ltrans.o
                0x0000000008002430                chSchGoSleepS
 .text.chThdSuspendS
                0x0000000008002460       0x30 /tmp/cc1wL1Hh.ltrans0.ltrans.o
                0x0000000008002460                chThdSuspendS
 .text._port_irq_epilogue
                0x0000000008002490       0x70 /tmp/cc1wL1Hh.ltrans0.ltrans.o
                0x0000000008002490                _port_irq_epilogue
 .text.Vector158
                0x0000000008002500       0x30 /tmp/cc1wL1Hh.ltrans0.ltrans.o
                0x0000000008002500                Vector158
 .text.Vector154
                0x0000000008002530       0x30 /tmp/cc1wL1Hh.ltrans0.ltrans.o
                0x0000000008002530                Vector154
 .text.Vector150
                0x0000000008002560       0x30 /tmp/cc1wL1Hh.ltrans0.ltrans.o
                0x0000000008002560                Vector150
 .text.Vector130
                0x0000000008002590       0x30 /tmp/cc1wL1Hh.ltrans0.ltrans.o
                0x0000000008002590                Vector130
 .text.Vector12C
                0x00000000080025c0       0x30 /tmp/cc1wL1Hh.ltrans0.ltrans.o
                0x00000000080025c0                Vector12C
 .text.Vector128
                0x00000000080025f0       0x30 /tmp/cc1wL1Hh.ltrans0.ltrans.o
                0x00000000080025f0                Vector128
 .text.Vector124
                0x0000000008002620       0x30 /tmp/cc1wL1Hh.ltrans0.ltrans.o
                0x0000000008002620                Vector124
 .text.Vector120
                0x0000000008002650       0x30 /tmp/cc1wL1Hh.ltrans0.ltrans.o
                0x0000000008002650                Vector120
 .text.VectorFC
                0x0000000008002680       0x30 /tmp/cc1wL1Hh.ltrans0.ltrans.o
                0x0000000008002680                VectorFC
 .text.Vector84
                0x00000000080026b0       0x30 /tmp/cc1wL1Hh.ltrans0.ltrans.o
                0x00000000080026b0                Vector84
 .text.Vector80
                0x00000000080026e0       0x30 /tmp/cc1wL1Hh.ltrans0.ltrans.o
                0x00000000080026e0                Vector80
 .text.Vector7C
                0x0000000008002710       0x30 /tmp/cc1wL1Hh.ltrans0.ltrans.o
                0x0000000008002710                Vector7C
 .text.Vector78
                0x0000000008002740       0x30 /tmp/cc1wL1Hh.ltrans0.ltrans.o
                0x0000000008002740                Vector78
 .text.Vector74
                0x0000000008002770       0x30 /tmp/cc1wL1Hh.ltrans0.ltrans.o
                0x0000000008002770                Vector74
 .text.Vector70
                0x00000000080027a0       0x30 /tmp/cc1wL1Hh.ltrans0.ltrans.o
                0x00000000080027a0                Vector70
 .text.Vector6C
                0x00000000080027d0       0x30 /tmp/cc1wL1Hh.ltrans0.ltrans.o
                0x00000000080027d0                Vector6C
 .text.chSchReadyI
                0x0000000008002800       0x30 /tmp/cc1wL1Hh.ltrans0.ltrans.o
                0x0000000008002800                chSchReadyI
 .text.gpsRxChar.16028
                0x0000000008002830       0x90 /tmp/cc1wL1Hh.ltrans0.ltrans.o
                0x0000000008002830                gpsRxChar.16028
 .text.chEvtBroadcastFlagsI
                0x00000000080028c0       0x60 /tmp/cc1wL1Hh.ltrans0.ltrans.o
                0x00000000080028c0                chEvtBroadcastFlagsI
 .text.chMtxLockS
                0x0000000008002920       0xd0 /tmp/cc1wL1Hh.ltrans0.ltrans.o
                0x0000000008002920                chMtxLockS
 .text.chThdResumeI
                0x00000000080029f0       0x20 /tmp/cc1wL1Hh.ltrans0.ltrans.o
                0x00000000080029f0                chThdResumeI
 .text.i2c_lld_serve_error_interrupt.11412.4442
                0x0000000008002a10       0xb0 /tmp/cc1wL1Hh.ltrans0.ltrans.o
 .text.Vector164
                0x0000000008002ac0       0x30 /tmp/cc1wL1Hh.ltrans0.ltrans.o
                0x0000000008002ac0                Vector164
 .text.VectorC0
                0x0000000008002af0       0x30 /tmp/cc1wL1Hh.ltrans0.ltrans.o
                0x0000000008002af0                VectorC0
 .text.i2c_lld_serve_event_interrupt.11409.4485
                0x0000000008002b20      0x100 /tmp/cc1wL1Hh.ltrans0.ltrans.o
 .text.Vector160
                0x0000000008002c20       0x20 /tmp/cc1wL1Hh.ltrans0.ltrans.o
                0x0000000008002c20                Vector160
 .text.VectorBC
                0x0000000008002c40       0x20 /tmp/cc1wL1Hh.ltrans0.ltrans.o
                0x0000000008002c40                VectorBC
 .text.Vector88
                0x0000000008002c60       0x70 /tmp/cc1wL1Hh.ltrans0.ltrans.o
                0x0000000008002c60                Vector88
 .text.adc_lld_serve_rx_interrupt.11091
                0x0000000008002cd0       0xd0 /tmp/cc1wL1Hh.ltrans0.ltrans.o
                0x0000000008002cd0                adc_lld_serve_rx_interrupt.11091
 .text.chTMStopMeasurementX
                0x0000000008002da0       0x50 /tmp/cc1wL1Hh.ltrans0.ltrans.o
                0x0000000008002da0                chTMStopMeasurementX
 .text._unhandled_exception.4696
                0x0000000008002df0       0x10 /tmp/cc1wL1Hh.ltrans0.ltrans.o
                0x0000000008002df0                Vector58
                0x0000000008002df0                VectorE8
                0x0000000008002df0                Vector9C
                0x0000000008002df0                VectorAC
                0x0000000008002df0                DebugMon_Handler
                0x0000000008002df0                Vector1A0
                0x0000000008002df0                Vector5C
                0x0000000008002df0                Vector11C
                0x0000000008002df0                HardFault_Handler
                0x0000000008002df0                Vector1B8
                0x0000000008002df0                Vector19C
                0x0000000008002df0                Vector8C
                0x0000000008002df0                SysTick_Handler
                0x0000000008002df0                VectorDC
                0x0000000008002df0                PendSV_Handler
                0x0000000008002df0                Vector168
                0x0000000008002df0                NMI_Handler
                0x0000000008002df0                Vector110
                0x0000000008002df0                VectorC8
                0x0000000008002df0                Vector94
                0x0000000008002df0                VectorA8
                0x0000000008002df0                VectorB4
                0x0000000008002df0                Vector1B0
                0x0000000008002df0                UsageFault_Handler
                0x0000000008002df0                VectorEC
                0x0000000008002df0                Vector40
                0x0000000008002df0                VectorF8
                0x0000000008002df0                Vector108
                0x0000000008002df0                Vector190
                0x0000000008002df0                Vector148
                0x0000000008002df0                Vector188
                0x0000000008002df0                Vector198
                0x0000000008002df0                Vector118
                0x0000000008002df0                Vector64
                0x0000000008002df0                VectorCC
                0x0000000008002df0                Vector54
                0x0000000008002df0                Vector98
                0x0000000008002df0                Vector138
                0x0000000008002df0                Vector24
                0x0000000008002df0                Vector1AC
                0x0000000008002df0                Vector178
                0x0000000008002df0                Vector1A4
                0x0000000008002df0                VectorD0
                0x0000000008002df0                Vector1B4
                0x0000000008002df0                Vector140
                0x0000000008002df0                VectorE4
                0x0000000008002df0                Vector134
                0x0000000008002df0                VectorF0
                0x0000000008002df0                Vector13C
                0x0000000008002df0                Vector100
                0x0000000008002df0                VectorE0
                0x0000000008002df0                VectorF4
                0x0000000008002df0                MemManage_Handler
                0x0000000008002df0                VectorA0
                0x0000000008002df0                VectorC4
                0x0000000008002df0                Vector180
                0x0000000008002df0                Vector90
                0x0000000008002df0                Vector114
                0x0000000008002df0                Vector60
                0x0000000008002df0                Vector1C
                0x0000000008002df0                Vector1BC
                0x0000000008002df0                Vector17C
                0x0000000008002df0                Vector48
                0x0000000008002df0                Vector1A8
                0x0000000008002df0                Vector16C
                0x0000000008002df0                Vector4C
                0x0000000008002df0                Vector144
                0x0000000008002df0                Vector68
                0x0000000008002df0                Vector170
                0x0000000008002df0                Vector104
                0x0000000008002df0                Vector184
                0x0000000008002df0                Vector10C
                0x0000000008002df0                Vector14C
                0x0000000008002df0                BusFault_Handler
                0x0000000008002df0                Vector50
                0x0000000008002df0                Vector194
                0x0000000008002df0                Vector44
                0x0000000008002df0                Vector28
                0x0000000008002df0                VectorB8
                0x0000000008002df0                Vector34
                0x0000000008002df0                VectorA4
                0x0000000008002df0                Vector20
                0x0000000008002df0                Vector18C
                0x0000000008002df0                Vector174
 .text.wait.isra.1.9875.4381
                0x0000000008002e00       0x40 /tmp/cc1wL1Hh.ltrans2.ltrans.o
 .text.send_hdr.9878.4376
                0x0000000008002e40       0x70 /tmp/cc1wL1Hh.ltrans2.ltrans.o
 .text.mmcStartSequentialRead.4349
                0x0000000008002eb0       0x60 /tmp/cc1wL1Hh.ltrans2.ltrans.o
 .text.mmc_read.9961
                0x0000000008002f10       0x40 /tmp/cc1wL1Hh.ltrans2.ltrans.o
                0x0000000008002f10                mmc_read.9961
 .text.mmcSync  0x0000000008002f50       0x30 /tmp/cc1wL1Hh.ltrans2.ltrans.o
                0x0000000008002f50                mmcSync
 .text.mmcSequentialWrite
                0x0000000008002f80       0x80 /tmp/cc1wL1Hh.ltrans2.ltrans.o
                0x0000000008002f80                mmcSequentialWrite
 .text.mmcStartSequentialWrite
                0x0000000008003000       0x60 /tmp/cc1wL1Hh.ltrans2.ltrans.o
                0x0000000008003000                mmcStartSequentialWrite
 .text.disk_write
                0x0000000008003060       0x80 /tmp/cc1wL1Hh.ltrans2.ltrans.o
                0x0000000008003060                disk_write
 .text.sync_window.part.3.12801
                0x00000000080030e0       0x60 /tmp/cc1wL1Hh.ltrans2.ltrans.o
                0x00000000080030e0                sync_window.part.3.12801
 .text.disk_read.constprop.56
                0x0000000008003140       0x50 /tmp/cc1wL1Hh.ltrans2.ltrans.o
                0x0000000008003140                disk_read.constprop.56
 .text.move_window.12811
                0x0000000008003190       0x40 /tmp/cc1wL1Hh.ltrans2.ltrans.o
                0x0000000008003190                move_window.12811
 .text.put_fat.part.8.12841
                0x00000000080031d0      0x100 /tmp/cc1wL1Hh.ltrans2.ltrans.o
                0x00000000080031d0                put_fat.part.8.12841
 .text.get_fat.part.6.12827
                0x00000000080032d0       0xd0 /tmp/cc1wL1Hh.ltrans2.ltrans.o
                0x00000000080032d0                get_fat.part.6.12827
 .text.create_chain.12846
                0x00000000080033a0       0xd0 /tmp/cc1wL1Hh.ltrans2.ltrans.o
                0x00000000080033a0                create_chain.12846
 .text.dir_sdi.12831.constprop.54
                0x0000000008003470       0x80 /tmp/cc1wL1Hh.ltrans2.ltrans.o
                0x0000000008003470                dir_sdi.12831.constprop.54
 .text.check_fs.12818.4278
                0x00000000080034f0       0x90 /tmp/cc1wL1Hh.ltrans2.ltrans.o
 .text.find_volume.12822
                0x0000000008003580      0x320 /tmp/cc1wL1Hh.ltrans2.ltrans.o
                0x0000000008003580                find_volume.12822
 .text.f_mount  0x00000000080038a0       0x60 /tmp/cc1wL1Hh.ltrans2.ltrans.o
                0x00000000080038a0                f_mount
 .text.read_CxD.9894
                0x0000000008003900       0xb0 /tmp/cc1wL1Hh.ltrans2.ltrans.o
                0x0000000008003900                read_CxD.9894
 .text.send_command_R1.9889
                0x00000000080039b0       0x30 /tmp/cc1wL1Hh.ltrans2.ltrans.o
                0x00000000080039b0                send_command_R1.9889
 .text.send_command_R3.9883
                0x00000000080039e0       0x40 /tmp/cc1wL1Hh.ltrans2.ltrans.o
                0x00000000080039e0                send_command_R3.9883
 .text.i2c_lld_serve_tx_end_irq.11398
                0x0000000008003a20       0x50 /tmp/cc1wL1Hh.ltrans3.ltrans.o
                0x0000000008003a20                i2c_lld_serve_tx_end_irq.11398
 .text.spi_lld_serve_tx_interrupt.11700
                0x0000000008003a70       0x20 /tmp/cc1wL1Hh.ltrans3.ltrans.o
                0x0000000008003a70                spi_lld_serve_tx_interrupt.11700
 .text.uart_lld_serve_rx_end_irq.12164
                0x0000000008003a90       0x90 /tmp/cc1wL1Hh.ltrans3.ltrans.o
                0x0000000008003a90                uart_lld_serve_rx_end_irq.12164
 .text.uart_lld_serve_tx_end_irq.12160
                0x0000000008003b20       0x60 /tmp/cc1wL1Hh.ltrans3.ltrans.o
                0x0000000008003b20                uart_lld_serve_tx_end_irq.12160
 .text.i2c_lld_serve_rx_end_irq.11402
                0x0000000008003b80       0x70 /tmp/cc1wL1Hh.ltrans3.ltrans.o
                0x0000000008003b80                i2c_lld_serve_rx_end_irq.11402
 .text.spi_lld_serve_rx_interrupt.11704
                0x0000000008003bf0       0x90 /tmp/cc1wL1Hh.ltrans3.ltrans.o
                0x0000000008003bf0                spi_lld_serve_rx_interrupt.11704
 .text.VectorB0
                0x0000000008003c80       0x90 /tmp/cc1wL1Hh.ltrans3.ltrans.o
                0x0000000008003c80                VectorB0
 .text.VectorD4
                0x0000000008003d10       0x70 /tmp/cc1wL1Hh.ltrans3.ltrans.o
                0x0000000008003d10                VectorD4
 .text.chSchWakeupS.constprop.44.4592
                0x0000000008003d80       0x60 /tmp/cc1wL1Hh.ltrans3.ltrans.o
 .text.chSchGoSleepTimeoutS
                0x0000000008003de0       0xe0 /tmp/cc1wL1Hh.ltrans3.ltrans.o
                0x0000000008003de0                chSchGoSleepTimeoutS
 .text.chThdSleep
                0x0000000008003ec0       0x20 /tmp/cc1wL1Hh.ltrans3.ltrans.o
                0x0000000008003ec0                chThdSleep
 .text.chThdSleepUntil
                0x0000000008003ee0       0x20 /tmp/cc1wL1Hh.ltrans3.ltrans.o
                0x0000000008003ee0                chThdSleepUntil
 .text.chThdEnqueueTimeoutS.4374
                0x0000000008003f00       0x30 /tmp/cc1wL1Hh.ltrans3.ltrans.o
 .text.chIQGetTimeout.4319
                0x0000000008003f30       0x50 /tmp/cc1wL1Hh.ltrans3.ltrans.o
 .text.gett.10196.4312
                0x0000000008003f80       0x10 /tmp/cc1wL1Hh.ltrans3.ltrans.o
 .text.get.10200.4316
                0x0000000008003f90       0x10 /tmp/cc1wL1Hh.ltrans3.ltrans.o
 .text.chIQReadTimeout.4334
                0x0000000008003fa0       0x80 /tmp/cc1wL1Hh.ltrans3.ltrans.o
 .text.readt.10173.4323
                0x0000000008004020       0x10 /tmp/cc1wL1Hh.ltrans3.ltrans.o
 .text.read.10180.4329
                0x0000000008004030       0x10 /tmp/cc1wL1Hh.ltrans3.ltrans.o
 .text.chOQPutTimeout.4349
                0x0000000008004040       0x50 /tmp/cc1wL1Hh.ltrans3.ltrans.o
 .text.putt.10203.4340
                0x0000000008004090       0x10 /tmp/cc1wL1Hh.ltrans3.ltrans.o
 .text.put.10208.4345
                0x00000000080040a0       0x10 /tmp/cc1wL1Hh.ltrans3.ltrans.o
 .text.chOQWriteTimeout.4368
                0x00000000080040b0       0x80 /tmp/cc1wL1Hh.ltrans3.ltrans.o
 .text.writet.10185.4357
                0x0000000008004130       0x10 /tmp/cc1wL1Hh.ltrans3.ltrans.o
 .text.write.10191.4363
                0x0000000008004140       0x10 /tmp/cc1wL1Hh.ltrans3.ltrans.o
 .text.disk_status
                0x0000000008004150       0x20 /tmp/cc1wL1Hh.ltrans3.ltrans.o
                0x0000000008004150                disk_status
 .text.validate.12787
                0x0000000008004170       0x30 /tmp/cc1wL1Hh.ltrans3.ltrans.o
                0x0000000008004170                validate.12787
 .text.spiSend  0x00000000080041a0       0x50 /tmp/cc1wL1Hh.ltrans3.ltrans.o
                0x00000000080041a0                spiSend
 .text.spiReceive
                0x00000000080041f0       0x50 /tmp/cc1wL1Hh.ltrans3.ltrans.o
                0x00000000080041f0                spiReceive
 .text.sync.isra.2.9902
                0x0000000008004240       0x40 /tmp/cc1wL1Hh.ltrans3.ltrans.o
                0x0000000008004240                sync.isra.2.9902
 .text.mmcDisconnect
                0x0000000008004280       0x50 /tmp/cc1wL1Hh.ltrans3.ltrans.o
                0x0000000008004280                mmcDisconnect
 .text.recvr1.isra.0.9868
                0x00000000080042d0       0x30 /tmp/cc1wL1Hh.ltrans3.ltrans.o
                0x00000000080042d0                recvr1.isra.0.9868
 .text.mmcStopSequentialRead.part.7.9923
                0x0000000008004300       0x30 /tmp/cc1wL1Hh.ltrans3.ltrans.o
                0x0000000008004300                mmcStopSequentialRead.part.7.9923
 .text.spiIgnore
                0x0000000008004330       0x60 /tmp/cc1wL1Hh.ltrans3.ltrans.o
                0x0000000008004330                spiIgnore
 .text.mmcSequentialRead
                0x0000000008004390       0x60 /tmp/cc1wL1Hh.ltrans3.ltrans.o
                0x0000000008004390                mmcSequentialRead
 .text.chsnprintf
                0x00000000080043f0       0x60 /tmp/cc1wL1Hh.ltrans3.ltrans.o
                0x00000000080043f0                chsnprintf
 .text.chThdCreateStatic
                0x0000000008004450       0x80 /tmp/cc1wL1Hh.ltrans3.ltrans.o
                0x0000000008004450                chThdCreateStatic
 .text.chMtxUnlock
                0x00000000080044d0       0x60 /tmp/cc1wL1Hh.ltrans3.ltrans.o
                0x00000000080044d0                chMtxUnlock
 .text.chTMStartMeasurementX.constprop.31
                0x0000000008004530       0x10 /tmp/cc1wL1Hh.ltrans3.ltrans.o
                0x0000000008004530                chTMStartMeasurementX.constprop.31
 .text.sdObjectInit.constprop.26
                0x0000000008004540       0x70 /tmp/cc1wL1Hh.ltrans3.ltrans.o
                0x0000000008004540                sdObjectInit.constprop.26
 .text.chprintf.13294.constprop.13
                0x00000000080045b0       0x30 /tmp/cc1wL1Hh.ltrans3.ltrans.o
                0x00000000080045b0                chprintf.13294.constprop.13
 .text.I2CSensor_init
                0x00000000080045e0       0x60 /tmp/cc1wL1Hh.ltrans3.ltrans.o
                0x00000000080045e0                I2CSensor_init
 .text.chprintf.13613.constprop.12
                0x0000000008004640       0x30 /tmp/cc1wL1Hh.ltrans3.ltrans.o
                0x0000000008004640                chprintf.13613.constprop.12
 .text.uStrInsertChar.constprop.2
                0x0000000008004670       0x40 /tmp/cc1wL1Hh.ltrans3.ltrans.o
                0x0000000008004670                uStrInsertChar.constprop.2
 .text.dir_next.12850.4334
                0x00000000080046b0      0x140 /tmp/cc1wL1Hh.ltrans4.ltrans.o
 .text.f_open.4290
                0x00000000080047f0      0x470 /tmp/cc1wL1Hh.ltrans4.ltrans.o
 .text.openNewLogfile.part.0.17261
                0x0000000008004c60       0xd0 /tmp/cc1wL1Hh.ltrans4.ltrans.o
                0x0000000008004c60                openNewLogfile.part.0.17261
 .text.f_close  0x0000000008004d30      0x170 /tmp/cc1wL1Hh.ltrans4.ltrans.o
                0x0000000008004d30                f_close
 .text.f_write  0x0000000008004ea0      0x1d0 /tmp/cc1wL1Hh.ltrans4.ltrans.o
                0x0000000008004ea0                f_write
 .text.beaconThread
                0x0000000008005070       0x40 /tmp/cc1wL1Hh.ltrans5.ltrans.o
                0x0000000008005070                beaconThread
 .text.mmcConnect
                0x00000000080050b0      0x170 /tmp/cc1wL1Hh.ltrans5.ltrans.o
                0x00000000080050b0                mmcConnect
 .text.gpsThread
                0x0000000008005220      0x3d0 /tmp/cc1wL1Hh.ltrans5.ltrans.o
                0x0000000008005220                gpsThread
 .text.I2CSensor_transact
                0x00000000080055f0      0x130 /tmp/cc1wL1Hh.ltrans5.ltrans.o
                0x00000000080055f0                I2CSensor_transact
 .text.I2CSensor_transact_buf
                0x0000000008005720       0x20 /tmp/cc1wL1Hh.ltrans5.ltrans.o
                0x0000000008005720                I2CSensor_transact_buf
 .text.si70x0_heaterEnable
                0x0000000008005740       0x50 /tmp/cc1wL1Hh.ltrans5.ltrans.o
                0x0000000008005740                si70x0_heaterEnable
 .text.si70x0_readTemperature
                0x0000000008005790       0x60 /tmp/cc1wL1Hh.ltrans5.ltrans.o
                0x0000000008005790                si70x0_readTemperature
 .text.si70x0_readHumidity
                0x00000000080057f0       0x70 /tmp/cc1wL1Hh.ltrans5.ltrans.o
                0x00000000080057f0                si70x0_readHumidity
 .text.sd_lld_start
                0x0000000008005860       0xd0 /tmp/cc1wL1Hh.ltrans5.ltrans.o
                0x0000000008005860                sd_lld_start
 .text.i2c_lld_start
                0x0000000008005930      0x200 /tmp/cc1wL1Hh.ltrans5.ltrans.o
                0x0000000008005930                i2c_lld_start
 .text.si70x0_init.4690
                0x0000000008005b30       0x90 /tmp/cc1wL1Hh.ltrans6.ltrans.o
 .text.sensorThread
                0x0000000008005bc0      0x930 /tmp/cc1wL1Hh.ltrans6.ltrans.o
                0x0000000008005bc0                sensorThread
 .text.mmc_write.9978
                0x00000000080064f0       0x60 /tmp/cc1wL1Hh.ltrans6.ltrans.o
                0x00000000080064f0                mmc_write.9978
 .text.serve_interrupt.12020.4666
                0x0000000008006550      0x1a0 /tmp/cc1wL1Hh.ltrans6.ltrans.o
 .text.Vector15C
                0x00000000080066f0       0x20 /tmp/cc1wL1Hh.ltrans6.ltrans.o
                0x00000000080066f0                Vector15C
 .text.VectorD8
                0x0000000008006710       0x20 /tmp/cc1wL1Hh.ltrans6.ltrans.o
                0x0000000008006710                VectorD8
 .text.writeHeader
                0x0000000008006730       0x50 /tmp/cc1wL1Hh.ltrans6.ltrans.o
                0x0000000008006730                writeHeader
 .text.Reset_Handler
                0x0000000008006780      0x1c0 /tmp/cc1wL1Hh.ltrans7.ltrans.o
                0x0000000008006780                Reset_Handler
 .text.chThdExit
                0x0000000008006940       0x50 /tmp/cc1wL1Hh.ltrans7.ltrans.o
                0x0000000008006940                chThdExit
 .text.chSchDoReschedule
                0x0000000008006990       0x10 /tmp/cc1wL1Hh.ltrans7.ltrans.o
                0x0000000008006990                chSchDoReschedule
 .text.strcpy   0x00000000080069a0       0xbc /usr/bin/../lib/gcc/arm-none-eabi/4.8.4/../../../../arm-none-eabi/lib/armv7e-m/fpu/libc.a(lib_a-strcpy.o)
                0x00000000080069a0                strcpy
 *fill*         0x0000000008006a5c        0x4 
 .text.strlen   0x0000000008006a60       0x60 /usr/bin/../lib/gcc/arm-none-eabi/4.8.4/../../../../arm-none-eabi/lib/armv7e-m/fpu/libc.a(lib_a-strlen.o)
                0x0000000008006a60                strlen
 .text.strncmp  0x0000000008006ac0       0xb4 /usr/bin/../lib/gcc/arm-none-eabi/4.8.4/../../../../arm-none-eabi/lib/armv7e-m/fpu/libc.a(lib_a-strncmp.o)
                0x0000000008006ac0                strncmp
 *(.rodata)
 *fill*         0x0000000008006b74        0xc 
 .rodata        0x0000000008006b80       0x24 /tmp/cc1wL1Hh.ltrans6.ltrans.o
 *(.rodata.*)
 *fill*         0x0000000008006ba4        0xc 
 .rodata.pow10.13096.4811
                0x0000000008006bb0       0x24 /tmp/cc1wL1Hh.ltrans0.ltrans.o
 *fill*         0x0000000008006bd4        0xc 
 .rodata.str1.4
                0x0000000008006be0        0xf /tmp/cc1wL1Hh.ltrans0.ltrans.o
                                         0x10 (size before relaxing)
 *fill*         0x0000000008006bef        0x1 
 .rodata.mmc_vmt.10007.5019
                0x0000000008006bf0       0x20 /tmp/cc1wL1Hh.ltrans1.ltrans.o
 .rodata._stm32_dma_streams
                0x0000000008006c10       0xc0 /tmp/cc1wL1Hh.ltrans1.ltrans.o
 .rodata.ch_debug
                0x0000000008006cd0       0x18 /tmp/cc1wL1Hh.ltrans1.ltrans.o
 *fill*         0x0000000008006ce8        0x8 
 .rodata.str1.4
                0x0000000008006cf0      0x39d /tmp/cc1wL1Hh.ltrans1.ltrans.o
                                        0x3a8 (size before relaxing)
 *fill*         0x000000000800708d        0x3 
 .rodata.crc7_lookup_table.10006.4449
                0x0000000008007090      0x100 /tmp/cc1wL1Hh.ltrans2.ltrans.o
 .rodata.start.7726.10005.4448
                0x0000000008007190        0x4 /tmp/cc1wL1Hh.ltrans2.ltrans.o
 *fill*         0x0000000008007194        0xc 
 .rodata.str1.4
                0x00000000080071a0       0x23 /tmp/cc1wL1Hh.ltrans3.ltrans.o
                                         0x24 (size before relaxing)
 *fill*         0x00000000080071c3        0xd 
 .rodata.stopcmd.7715.10003.4778
                0x00000000080071d0        0x8 /tmp/cc1wL1Hh.ltrans3.ltrans.o
 *fill*         0x00000000080071d8        0x8 
 .rodata.vmt.10284.4785
                0x00000000080071e0       0x20 /tmp/cc1wL1Hh.ltrans3.ltrans.o
 .rodata.vmt.13154.4784
                0x0000000008007200       0x10 /tmp/cc1wL1Hh.ltrans3.ltrans.o
 .rodata.str1.4
                0x0000000008007210       0xec /tmp/cc1wL1Hh.ltrans4.ltrans.o
 *fill*         0x00000000080072fc        0x4 
 .rodata.ExCvt.12997.4509
                0x0000000008007300       0x80 /tmp/cc1wL1Hh.ltrans4.ltrans.o
 .rodata.default_config.12051.4714
                0x0000000008007380        0xc /tmp/cc1wL1Hh.ltrans5.ltrans.o
 *fill*         0x000000000800738c        0x4 
 .rodata.str1.4
                0x0000000008007390       0x31 /tmp/cc1wL1Hh.ltrans5.ltrans.o
                                         0x34 (size before relaxing)
 *fill*         0x00000000080073c1        0xf 
 .rodata.str1.4
                0x00000000080073d0      0x294 /tmp/cc1wL1Hh.ltrans6.ltrans.o
 *fill*         0x0000000008007664        0xc 
 .rodata.analogGrp.15762.4811
                0x0000000008007670       0x28 /tmp/cc1wL1Hh.ltrans6.ltrans.o
 *fill*         0x0000000008007698        0x8 
 .rodata.ii2cCfg.15766.4815
                0x00000000080076a0        0xc /tmp/cc1wL1Hh.ltrans6.ltrans.o
 *fill*         0x00000000080076ac        0x4 
 .rodata.ei2cCfg.15765.4816
                0x00000000080076b0        0xc /tmp/cc1wL1Hh.ltrans6.ltrans.o
 *fill*         0x00000000080076bc        0x4 
 .rodata.stop.7732.10004
                0x00000000080076c0        0x4 /tmp/cc1wL1Hh.ltrans6.ltrans.o
                0x00000000080076c0                stop.7732.10004
 *(.glue_7t)
 .glue_7t       0x0000000000000000        0x0 linker stubs
 *(.glue_7)
 .glue_7        0x0000000000000000        0x0 linker stubs
 *(.gcc*)

.vfp11_veneer   0x00000000080076c4        0x0
 .vfp11_veneer  0x0000000000000000        0x0 linker stubs

.v4_bx          0x00000000080076c4        0x0
 .v4_bx         0x0000000000000000        0x0 linker stubs

.iplt           0x00000000080076c4        0x0
 .iplt          0x0000000000000000        0x0 build/obj/chcoreasm_v7m.o

.rel.dyn        0x00000000080076c4        0x0
 .rel.iplt      0x0000000000000000        0x0 build/obj/chcoreasm_v7m.o

.ARM.extab
 *(.ARM.extab* .gnu.linkonce.armextab.*)

.ARM.exidx      0x00000000080076c4        0x0
                0x00000000080076c4                PROVIDE (__exidx_start, .)
 *(.ARM.exidx* .gnu.linkonce.armexidx.*)
                0x00000000080076c4                PROVIDE (__exidx_end, .)

.eh_frame_hdr
 *(.eh_frame_hdr)

.eh_frame
 *(.eh_frame)

.textalign      0x00000000080076c4        0x4
                0x00000000080076c8                . = ALIGN (0x8)
 *fill*         0x00000000080076c4        0x4 
                0x00000000080076c8                . = ALIGN (0x4)
                0x00000000080076c8                _etext = .
                0x00000000080076c8                _textdata = _etext

.stacks         0x0000000020000000     0x1400
                0x0000000020000000                . = ALIGN (0x8)
                0x0000000020000000                __main_stack_base__ = .
                0x0000000020000400                . = (. + __main_stack_size__)
 *fill*         0x0000000020000000      0x400 
                0x0000000020000400                . = ALIGN (0x8)
                0x0000000020000400                __main_stack_end__ = .
                0x0000000020000400                __process_stack_base__ = .
                0x0000000020000400                __main_thread_stack_base__ = .
                0x0000000020001400                . = (. + __process_stack_size__)
 *fill*         0x0000000020000400     0x1000 
                0x0000000020001400                . = ALIGN (0x8)
                0x0000000020001400                __process_stack_end__ = .
                0x0000000020001400                __main_thread_stack_end__ = .

.data           0x0000000020001400       0x5c load address 0x00000000080076c8
                0x0000000020001400                . = ALIGN (0x4)
                0x0000000020001400                PROVIDE (_data, .)
 *(.data)
 *(.data.*)
 .data.hsCfg.16448.4983
                0x0000000020001400        0xc /tmp/cc1wL1Hh.ltrans1.ltrans.o
 .data.mmcCfg.16445.4980
                0x000000002000140c        0xc /tmp/cc1wL1Hh.ltrans1.ltrans.o
 .data.lsCfg.16447.4982
                0x0000000020001418        0xc /tmp/cc1wL1Hh.ltrans1.ltrans.o
 .data.xbeeSerCfg.15019.5020
                0x0000000020001424        0xc /tmp/cc1wL1Hh.ltrans1.ltrans.o
 .data.serCfg.17346.5017
                0x0000000020001430        0xc /tmp/cc1wL1Hh.ltrans1.ltrans.o
 .data.serGpsCfg.16096.4987
                0x000000002000143c       0x20 /tmp/cc1wL1Hh.ltrans1.ltrans.o
 *(.ramtext)
                0x000000002000145c                . = ALIGN (0x4)
                0x000000002000145c                PROVIDE (_edata, .)

.igot.plt       0x000000002000145c        0x0 load address 0x0000000008007724
 .igot.plt      0x0000000000000000        0x0 build/obj/chcoreasm_v7m.o

.bss            0x000000002000145c     0x2f5c
                0x000000002000145c                . = ALIGN (0x4)
                0x000000002000145c                PROVIDE (_bss_start, .)
 *(.bss)
 *(.bss.*)
 .bss.xbee.17344.4984
                0x000000002000145c        0x8 /tmp/cc1wL1Hh.ltrans1.ltrans.o
 .bss.DEBUG.16817
                0x0000000020001464        0x4 /tmp/cc1wL1Hh.ltrans1.ltrans.o
                0x0000000020001464                DEBUG.16817
 .bss.waSensor.17350.5005
                0x0000000020001468     0x1150 /tmp/cc1wL1Hh.ltrans1.ltrans.o
 .bss.nextmem.6820
                0x00000000200025b8        0x4 /tmp/cc1wL1Hh.ltrans1.ltrans.o
                0x00000000200025b8                nextmem.6820
 .bss.dataPrintBuf.15336.5007
                0x00000000200025bc      0x300 /tmp/cc1wL1Hh.ltrans1.ltrans.o
 .bss.logger.17338
                0x00000000200028bc       0x10 /tmp/cc1wL1Hh.ltrans1.ltrans.o
                0x00000000200028bc                logger.17338
 .bss.SD2       0x00000000200028cc      0x458 /tmp/cc1wL1Hh.ltrans1.ltrans.o
                0x00000000200028cc                SD2
 .bss.GPS.16097
                0x0000000020002d24      0x140 /tmp/cc1wL1Hh.ltrans1.ltrans.o
                0x0000000020002d24                GPS.16097
 .bss.dummytx.11757
                0x0000000020002e64        0x2 /tmp/cc1wL1Hh.ltrans1.ltrans.o
                0x0000000020002e64                dummytx.11757
 *fill*         0x0000000020002e66        0x2 
 .bss.SD6       0x0000000020002e68      0x458 /tmp/cc1wL1Hh.ltrans1.ltrans.o
                0x0000000020002e68                SD6
 .bss.sensorLog.17337
                0x00000000200032c0       0x18 /tmp/cc1wL1Hh.ltrans1.ltrans.o
                0x00000000200032c0                sensorLog.17337
 .bss.default_heap.6947.5097
                0x00000000200032d8       0x20 /tmp/cc1wL1Hh.ltrans1.ltrans.o
 .bss.sd.17342.4977
                0x00000000200032f8       0x10 /tmp/cc1wL1Hh.ltrans1.ltrans.o
 .bss.SD.16450.4971
                0x0000000020003308        0x4 /tmp/cc1wL1Hh.ltrans1.ltrans.o
 *fill*         0x000000002000330c        0x4 
 .bss.waBeacon.17349.5006
                0x0000000020003310      0x190 /tmp/cc1wL1Hh.ltrans1.ltrans.o
 .bss.mainthread.6320.4386.4988
                0x00000000200034a0       0x44 /tmp/cc1wL1Hh.ltrans1.ltrans.o
 *fill*         0x00000000200034e4        0x4 
 .bss.waGps.17351.5003
                0x00000000200034e8      0x658 /tmp/cc1wL1Hh.ltrans1.ltrans.o
 .bss.serialPort.16449.4970
                0x0000000020003b40        0x4 /tmp/cc1wL1Hh.ltrans1.ltrans.o
 .bss.dma_isr_redir.10833
                0x0000000020003b44       0x80 /tmp/cc1wL1Hh.ltrans1.ltrans.o
                0x0000000020003b44                dma_isr_redir.10833
 *fill*         0x0000000020003bc4        0x4 
 .bss._idle_thread_wa.4385.5096
                0x0000000020003bc8      0x160 /tmp/cc1wL1Hh.ltrans1.ltrans.o
 .bss.dma_streams_mask.10838
                0x0000000020003d28        0x4 /tmp/cc1wL1Hh.ltrans1.ltrans.o
                0x0000000020003d28                dma_streams_mask.10838
 .bss.FS.16444.5018
                0x0000000020003d2c      0x230 /tmp/cc1wL1Hh.ltrans1.ltrans.o
 .bss.SPID3     0x0000000020003f5c       0x30 /tmp/cc1wL1Hh.ltrans1.ltrans.o
                0x0000000020003f5c                SPID3
 .bss.ADCD1     0x0000000020003f8c       0x34 /tmp/cc1wL1Hh.ltrans1.ltrans.o
                0x0000000020003f8c                ADCD1
 .bss.endmem.6822
                0x0000000020003fc0        0x4 /tmp/cc1wL1Hh.ltrans1.ltrans.o
                0x0000000020003fc0                endmem.6822
 .bss.MMCD1     0x0000000020003fc4       0x34 /tmp/cc1wL1Hh.ltrans1.ltrans.o
                0x0000000020003fc4                MMCD1
 .bss.masterSample.17348.4973
                0x0000000020003ff8       0x98 /tmp/cc1wL1Hh.ltrans1.ltrans.o
 .bss.I2CD1     0x0000000020004090       0x38 /tmp/cc1wL1Hh.ltrans1.ltrans.o
                0x0000000020004090                I2CD1
 .bss.I2CD3     0x00000000200040c8       0x38 /tmp/cc1wL1Hh.ltrans1.ltrans.o
                0x00000000200040c8                I2CD3
 .bss.UARTD1    0x0000000020004100       0x1c /tmp/cc1wL1Hh.ltrans1.ltrans.o
                0x0000000020004100                UARTD1
 .bss.Fsid.12999.4444
                0x000000002000411c        0x2 /tmp/cc1wL1Hh.ltrans2.ltrans.o
 *fill*         0x000000002000411e        0x2 
 .bss.FatFs.12998.4443
                0x0000000020004120        0x4 /tmp/cc1wL1Hh.ltrans2.ltrans.o
 .bss.dummyrx.11759.4782
                0x0000000020004124        0x2 /tmp/cc1wL1Hh.ltrans3.ltrans.o
 .bss.lfNum.17352.4503
                0x0000000020004126        0x2 /tmp/cc1wL1Hh.ltrans4.ltrans.o
 .bss.lFile.4506
                0x0000000020004128      0x224 /tmp/cc1wL1Hh.ltrans4.ltrans.o
 .bss.tokBuf.16098
                0x000000002000434c       0x14 /tmp/cc1wL1Hh.ltrans5.ltrans.o
                0x000000002000434c                tokBuf.16098
 .bss.errors.13409.4670
                0x0000000020004360        0x4 /tmp/cc1wL1Hh.ltrans5.ltrans.o
 .bss.gpsSem    0x0000000020004364        0xc /tmp/cc1wL1Hh.ltrans5.ltrans.o
                0x0000000020004364                gpsSem
 .bss.activeAnalogCh.15767.4807
                0x0000000020004370        0x1 /tmp/cc1wL1Hh.ltrans6.ltrans.o
 .bss.sensCount.13865.4803
                0x0000000020004371        0x1 /tmp/cc1wL1Hh.ltrans6.ltrans.o
 .bss.sensCount.14809.4806
                0x0000000020004372        0x1 /tmp/cc1wL1Hh.ltrans6.ltrans.o
 *fill*         0x0000000020004373        0x1 
 .bss.analogSamples.15768.4817
                0x0000000020004374        0xc /tmp/cc1wL1Hh.ltrans6.ltrans.o
 .bss.sensCount.13663.4802
                0x0000000020004380        0x1 /tmp/cc1wL1Hh.ltrans6.ltrans.o
 .bss.sensCount.14051.4804
                0x0000000020004381        0x1 /tmp/cc1wL1Hh.ltrans6.ltrans.o
 .bss.sensCount.14407.4805
                0x0000000020004382        0x1 /tmp/cc1wL1Hh.ltrans6.ltrans.o
 *fill*         0x0000000020004383        0x1 
 .bss.ch        0x0000000020004384       0x34 /tmp/cc1wL1Hh.ltrans7.ltrans.o
                0x0000000020004384                ch
 *(COMMON)
                0x00000000200043b8                . = ALIGN (0x4)
                0x00000000200043b8                PROVIDE (_bss_end, .)
                0x00000000200043b8                PROVIDE (end, .)
                0x00000000200043b8                _end = .
                0x00000000200043b8                __heap_base__ = _end
                0x0000000020010000                __heap_end__ = __ram_end__
                0x0000000000001000                __process_stack_size__ = 0x1000
                0x0000000000000400                __main_stack_size__ = 0x400
START GROUP
LOAD /usr/bin/../lib/gcc/arm-none-eabi/4.8.4/armv7e-m/fpu/libgcc.a
LOAD /usr/bin/../lib/gcc/arm-none-eabi/4.8.4/../../../../arm-none-eabi/lib/armv7e-m/fpu/libc.a
END GROUP
OUTPUT(build/stribog.elf elf32-littlearm)

.ARM.attributes
                0x0000000000000000       0x35
 .ARM.attributes
                0x0000000000000000       0x25 build/obj/chcoreasm_v7m.o
 .ARM.attributes
                0x0000000000000025       0x37 /tmp/cc1wL1Hh.ltrans0.ltrans.o
 .ARM.attributes
                0x000000000000005c       0x37 /tmp/cc1wL1Hh.ltrans1.ltrans.o
 .ARM.attributes
                0x0000000000000093       0x37 /tmp/cc1wL1Hh.ltrans2.ltrans.o
 .ARM.attributes
                0x00000000000000ca       0x37 /tmp/cc1wL1Hh.ltrans3.ltrans.o
 .ARM.attributes
                0x0000000000000101       0x37 /tmp/cc1wL1Hh.ltrans4.ltrans.o
 .ARM.attributes
                0x0000000000000138       0x37 /tmp/cc1wL1Hh.ltrans5.ltrans.o
 .ARM.attributes
                0x000000000000016f       0x37 /tmp/cc1wL1Hh.ltrans6.ltrans.o
 .ARM.attributes
                0x00000000000001a6       0x37 /tmp/cc1wL1Hh.ltrans7.ltrans.o
 .ARM.attributes
                0x00000000000001dd       0x22 /usr/bin/../lib/gcc/arm-none-eabi/4.8.4/armv7e-m/fpu/libgcc.a(_arm_addsubdf3.o)
 .ARM.attributes
                0x00000000000001ff       0x22 /usr/bin/../lib/gcc/arm-none-eabi/4.8.4/armv7e-m/fpu/libgcc.a(_arm_muldivdf3.o)
 .ARM.attributes
                0x0000000000000221       0x22 /usr/bin/../lib/gcc/arm-none-eabi/4.8.4/armv7e-m/fpu/libgcc.a(_arm_fixdfsi.o)
 .ARM.attributes
                0x0000000000000243       0x22 /usr/bin/../lib/gcc/arm-none-eabi/4.8.4/armv7e-m/fpu/libgcc.a(_arm_truncdfsf2.o)
 .ARM.attributes
                0x0000000000000265       0x20 /usr/bin/../lib/gcc/arm-none-eabi/4.8.4/../../../../arm-none-eabi/lib/armv7e-m/fpu/libc.a(lib_a-memcpy.o)
 .ARM.attributes
                0x0000000000000285       0x34 /usr/bin/../lib/gcc/arm-none-eabi/4.8.4/../../../../arm-none-eabi/lib/armv7e-m/fpu/libc.a(lib_a-strcpy.o)
 .ARM.attributes
                0x00000000000002b9       0x34 /usr/bin/../lib/gcc/arm-none-eabi/4.8.4/../../../../arm-none-eabi/lib/armv7e-m/fpu/libc.a(lib_a-strlen.o)
 .ARM.attributes
                0x00000000000002ed       0x34 /usr/bin/../lib/gcc/arm-none-eabi/4.8.4/../../../../arm-none-eabi/lib/armv7e-m/fpu/libc.a(lib_a-strncmp.o)

.comment        0x0000000000000000       0x70
 .comment       0x0000000000000000       0x70 /tmp/cc1wL1Hh.ltrans0.ltrans.o
                                         0x71 (size before relaxing)
 .comment       0x0000000000000000       0x71 /tmp/cc1wL1Hh.ltrans1.ltrans.o
 .comment       0x0000000000000000       0x71 /tmp/cc1wL1Hh.ltrans2.ltrans.o
 .comment       0x0000000000000000       0x71 /tmp/cc1wL1Hh.ltrans3.ltrans.o
 .comment       0x0000000000000000       0x71 /tmp/cc1wL1Hh.ltrans4.ltrans.o
 .comment       0x0000000000000000       0x71 /tmp/cc1wL1Hh.ltrans5.ltrans.o
 .comment       0x0000000000000000       0x71 /tmp/cc1wL1Hh.ltrans6.ltrans.o
 .comment       0x0000000000000000       0x71 /tmp/cc1wL1Hh.ltrans7.ltrans.o

.debug_frame    0x0000000000000000       0x68
 .debug_frame   0x0000000000000000       0x20 /usr/bin/../lib/gcc/arm-none-eabi/4.8.4/../../../../arm-none-eabi/lib/armv7e-m/fpu/libc.a(lib_a-strcpy.o)
 .debug_frame   0x0000000000000020       0x20 /usr/bin/../lib/gcc/arm-none-eabi/4.8.4/../../../../arm-none-eabi/lib/armv7e-m/fpu/libc.a(lib_a-strlen.o)
 .debug_frame   0x0000000000000040       0x28 /usr/bin/../lib/gcc/arm-none-eabi/4.8.4/../../../../arm-none-eabi/lib/armv7e-m/fpu/libc.a(lib_a-strncmp.o)

Cross Reference Table

Symbol                                            File
ADCD1                                             /tmp/cc1wL1Hh.ltrans1.ltrans.o
                                                  /tmp/cc1wL1Hh.ltrans6.ltrans.o
                                                  /tmp/cc1wL1Hh.ltrans0.ltrans.o
BusFault_Handler                                  /tmp/cc1wL1Hh.ltrans0.ltrans.o
                                                  /tmp/cc1wL1Hh.ltrans7.ltrans.o
DEBUG.16817                                       /tmp/cc1wL1Hh.ltrans1.ltrans.o
                                                  /tmp/cc1wL1Hh.ltrans4.ltrans.o
DebugMon_Handler                                  /tmp/cc1wL1Hh.ltrans0.ltrans.o
                                                  /tmp/cc1wL1Hh.ltrans7.ltrans.o
GPS.16097                                         /tmp/cc1wL1Hh.ltrans1.ltrans.o
                                                  /tmp/cc1wL1Hh.ltrans5.ltrans.o
                                                  /tmp/cc1wL1Hh.ltrans0.ltrans.o
HardFault_Handler                                 /tmp/cc1wL1Hh.ltrans0.ltrans.o
                                                  /tmp/cc1wL1Hh.ltrans7.ltrans.o
I2CD1                                             /tmp/cc1wL1Hh.ltrans1.ltrans.o
                                                  /tmp/cc1wL1Hh.ltrans6.ltrans.o
                                                  /tmp/cc1wL1Hh.ltrans5.ltrans.o
                                                  /tmp/cc1wL1Hh.ltrans0.ltrans.o
I2CD3                                             /tmp/cc1wL1Hh.ltrans1.ltrans.o
                                                  /tmp/cc1wL1Hh.ltrans6.ltrans.o
                                                  /tmp/cc1wL1Hh.ltrans5.ltrans.o
                                                  /tmp/cc1wL1Hh.ltrans0.ltrans.o
I2CSensor_init                                    /tmp/cc1wL1Hh.ltrans3.ltrans.o
                                                  /tmp/cc1wL1Hh.ltrans6.ltrans.o
I2CSensor_transact                                /tmp/cc1wL1Hh.ltrans5.ltrans.o
                                                  /tmp/cc1wL1Hh.ltrans6.ltrans.o
I2CSensor_transact_buf                            /tmp/cc1wL1Hh.ltrans5.ltrans.o
                                                  /tmp/cc1wL1Hh.ltrans6.ltrans.o
MMCD1                                             /tmp/cc1wL1Hh.ltrans1.ltrans.o
                                                  /tmp/cc1wL1Hh.ltrans3.ltrans.o
                                                  /tmp/cc1wL1Hh.ltrans2.ltrans.o
MemManage_Handler                                 /tmp/cc1wL1Hh.ltrans0.ltrans.o
                                                  /tmp/cc1wL1Hh.ltrans7.ltrans.o
NMI_Handler                                       /tmp/cc1wL1Hh.ltrans0.ltrans.o
                                                  /tmp/cc1wL1Hh.ltrans7.ltrans.o
PendSV_Handler                                    /tmp/cc1wL1Hh.ltrans0.ltrans.o
                                                  /tmp/cc1wL1Hh.ltrans7.ltrans.o
Reset_Handler                                     /tmp/cc1wL1Hh.ltrans7.ltrans.o
SD2                                               /tmp/cc1wL1Hh.ltrans1.ltrans.o
                                                  /tmp/cc1wL1Hh.ltrans6.ltrans.o
                                                  /tmp/cc1wL1Hh.ltrans5.ltrans.o
SD6                                               /tmp/cc1wL1Hh.ltrans1.ltrans.o
                                                  /tmp/cc1wL1Hh.ltrans6.ltrans.o
                                                  /tmp/cc1wL1Hh.ltrans5.ltrans.o
                                                  /tmp/cc1wL1Hh.ltrans4.ltrans.o
                                                  /tmp/cc1wL1Hh.ltrans3.ltrans.o
SPID3                                             /tmp/cc1wL1Hh.ltrans1.ltrans.o
                                                  /tmp/cc1wL1Hh.ltrans0.ltrans.o
SVC_Handler                                       /tmp/cc1wL1Hh.ltrans0.ltrans.o
                                                  /tmp/cc1wL1Hh.ltrans7.ltrans.o
SysTick_Handler                                   /tmp/cc1wL1Hh.ltrans0.ltrans.o
                                                  /tmp/cc1wL1Hh.ltrans7.ltrans.o
UARTD1                                            /tmp/cc1wL1Hh.ltrans1.ltrans.o
                                                  /tmp/cc1wL1Hh.ltrans5.ltrans.o
                                                  /tmp/cc1wL1Hh.ltrans3.ltrans.o
UsageFault_Handler                                /tmp/cc1wL1Hh.ltrans0.ltrans.o
                                                  /tmp/cc1wL1Hh.ltrans7.ltrans.o
Vector100                                         /tmp/cc1wL1Hh.ltrans0.ltrans.o
                                                  /tmp/cc1wL1Hh.ltrans7.ltrans.o
Vector104                                         /tmp/cc1wL1Hh.ltrans0.ltrans.o
                                                  /tmp/cc1wL1Hh.ltrans7.ltrans.o
Vector108                                         /tmp/cc1wL1Hh.ltrans0.ltrans.o
                                                  /tmp/cc1wL1Hh.ltrans7.ltrans.o
Vector10C                                         /tmp/cc1wL1Hh.ltrans0.ltrans.o
                                                  /tmp/cc1wL1Hh.ltrans7.ltrans.o
Vector110                                         /tmp/cc1wL1Hh.ltrans0.ltrans.o
                                                  /tmp/cc1wL1Hh.ltrans7.ltrans.o
Vector114                                         /tmp/cc1wL1Hh.ltrans0.ltrans.o
                                                  /tmp/cc1wL1Hh.ltrans7.ltrans.o
Vector118                                         /tmp/cc1wL1Hh.ltrans0.ltrans.o
                                                  /tmp/cc1wL1Hh.ltrans7.ltrans.o
Vector11C                                         /tmp/cc1wL1Hh.ltrans0.ltrans.o
                                                  /tmp/cc1wL1Hh.ltrans7.ltrans.o
Vector120                                         /tmp/cc1wL1Hh.ltrans0.ltrans.o
                                                  /tmp/cc1wL1Hh.ltrans7.ltrans.o
Vector124                                         /tmp/cc1wL1Hh.ltrans0.ltrans.o
                                                  /tmp/cc1wL1Hh.ltrans7.ltrans.o
Vector128                                         /tmp/cc1wL1Hh.ltrans0.ltrans.o
                                                  /tmp/cc1wL1Hh.ltrans7.ltrans.o
Vector12C                                         /tmp/cc1wL1Hh.ltrans0.ltrans.o
                                                  /tmp/cc1wL1Hh.ltrans7.ltrans.o
Vector130                                         /tmp/cc1wL1Hh.ltrans0.ltrans.o
                                                  /tmp/cc1wL1Hh.ltrans7.ltrans.o
Vector134                                         /tmp/cc1wL1Hh.ltrans0.ltrans.o
                                                  /tmp/cc1wL1Hh.ltrans7.ltrans.o
Vector138                                         /tmp/cc1wL1Hh.ltrans0.ltrans.o
                                                  /tmp/cc1wL1Hh.ltrans7.ltrans.o
Vector13C                                         /tmp/cc1wL1Hh.ltrans0.ltrans.o
                                                  /tmp/cc1wL1Hh.ltrans7.ltrans.o
Vector140                                         /tmp/cc1wL1Hh.ltrans0.ltrans.o
                                                  /tmp/cc1wL1Hh.ltrans7.ltrans.o
Vector144                                         /tmp/cc1wL1Hh.ltrans0.ltrans.o
                                                  /tmp/cc1wL1Hh.ltrans7.ltrans.o
Vector148                                         /tmp/cc1wL1Hh.ltrans0.ltrans.o
                                                  /tmp/cc1wL1Hh.ltrans7.ltrans.o
Vector14C                                         /tmp/cc1wL1Hh.ltrans0.ltrans.o
                                                  /tmp/cc1wL1Hh.ltrans7.ltrans.o
Vector150                                         /tmp/cc1wL1Hh.ltrans0.ltrans.o
                                                  /tmp/cc1wL1Hh.ltrans7.ltrans.o
Vector154                                         /tmp/cc1wL1Hh.ltrans0.ltrans.o
                                                  /tmp/cc1wL1Hh.ltrans7.ltrans.o
Vector158                                         /tmp/cc1wL1Hh.ltrans0.ltrans.o
                                                  /tmp/cc1wL1Hh.ltrans7.ltrans.o
Vector15C                                         /tmp/cc1wL1Hh.ltrans6.ltrans.o
                                                  /tmp/cc1wL1Hh.ltrans7.ltrans.o
Vector160                                         /tmp/cc1wL1Hh.ltrans0.ltrans.o
                                                  /tmp/cc1wL1Hh.ltrans7.ltrans.o
Vector164                                         /tmp/cc1wL1Hh.ltrans0.ltrans.o
                                                  /tmp/cc1wL1Hh.ltrans7.ltrans.o
Vector168                                         /tmp/cc1wL1Hh.ltrans0.ltrans.o
                                                  /tmp/cc1wL1Hh.ltrans7.ltrans.o
Vector16C                                         /tmp/cc1wL1Hh.ltrans0.ltrans.o
                                                  /tmp/cc1wL1Hh.ltrans7.ltrans.o
Vector170                                         /tmp/cc1wL1Hh.ltrans0.ltrans.o
                                                  /tmp/cc1wL1Hh.ltrans7.ltrans.o
Vector174                                         /tmp/cc1wL1Hh.ltrans0.ltrans.o
                                                  /tmp/cc1wL1Hh.ltrans7.ltrans.o
Vector178                                         /tmp/cc1wL1Hh.ltrans0.ltrans.o
                                                  /tmp/cc1wL1Hh.ltrans7.ltrans.o
Vector17C                                         /tmp/cc1wL1Hh.ltrans0.ltrans.o
                                                  /tmp/cc1wL1Hh.ltrans7.ltrans.o
Vector180                                         /tmp/cc1wL1Hh.ltrans0.ltrans.o
                                                  /tmp/cc1wL1Hh.ltrans7.ltrans.o
Vector184                                         /tmp/cc1wL1Hh.ltrans0.ltrans.o
                                                  /tmp/cc1wL1Hh.ltrans7.ltrans.o
Vector188                                         /tmp/cc1wL1Hh.ltrans0.ltrans.o
                                                  /tmp/cc1wL1Hh.ltrans7.ltrans.o
Vector18C                                         /tmp/cc1wL1Hh.ltrans0.ltrans.o
                                                  /tmp/cc1wL1Hh.ltrans7.ltrans.o
Vector190                                         /tmp/cc1wL1Hh.ltrans0.ltrans.o
                                                  /tmp/cc1wL1Hh.ltrans7.ltrans.o
Vector194                                         /tmp/cc1wL1Hh.ltrans0.ltrans.o
                                                  /tmp/cc1wL1Hh.ltrans7.ltrans.o
Vector198                                         /tmp/cc1wL1Hh.ltrans0.ltrans.o
                                                  /tmp/cc1wL1Hh.ltrans7.ltrans.o
Vector19C                                         /tmp/cc1wL1Hh.ltrans0.ltrans.o
                                                  /tmp/cc1wL1Hh.ltrans7.ltrans.o
Vector1A0                                         /tmp/cc1wL1Hh.ltrans0.ltrans.o
                                                  /tmp/cc1wL1Hh.ltrans7.ltrans.o
Vector1A4                                         /tmp/cc1wL1Hh.ltrans0.ltrans.o
                                                  /tmp/cc1wL1Hh.ltrans7.ltrans.o
Vector1A8                                         /tmp/cc1wL1Hh.ltrans0.ltrans.o
                                                  /tmp/cc1wL1Hh.ltrans7.ltrans.o
Vector1AC                                         /tmp/cc1wL1Hh.ltrans0.ltrans.o
                                                  /tmp/cc1wL1Hh.ltrans7.ltrans.o
Vector1B0                                         /tmp/cc1wL1Hh.ltrans0.ltrans.o
                                                  /tmp/cc1wL1Hh.ltrans7.ltrans.o
Vector1B4                                         /tmp/cc1wL1Hh.ltrans0.ltrans.o
                                                  /tmp/cc1wL1Hh.ltrans7.ltrans.o
Vector1B8                                         /tmp/cc1wL1Hh.ltrans0.ltrans.o
                                                  /tmp/cc1wL1Hh.ltrans7.ltrans.o
Vector1BC                                         /tmp/cc1wL1Hh.ltrans0.ltrans.o
                                                  /tmp/cc1wL1Hh.ltrans7.ltrans.o
Vector1C                                          /tmp/cc1wL1Hh.ltrans0.ltrans.o
                                                  /tmp/cc1wL1Hh.ltrans7.ltrans.o
Vector20                                          /tmp/cc1wL1Hh.ltrans0.ltrans.o
                                                  /tmp/cc1wL1Hh.ltrans7.ltrans.o
Vector24                                          /tmp/cc1wL1Hh.ltrans0.ltrans.o
                                                  /tmp/cc1wL1Hh.ltrans7.ltrans.o
Vector28                                          /tmp/cc1wL1Hh.ltrans0.ltrans.o
                                                  /tmp/cc1wL1Hh.ltrans7.ltrans.o
Vector34                                          /tmp/cc1wL1Hh.ltrans0.ltrans.o
                                                  /tmp/cc1wL1Hh.ltrans7.ltrans.o
Vector40                                          /tmp/cc1wL1Hh.ltrans0.ltrans.o
                                                  /tmp/cc1wL1Hh.ltrans7.ltrans.o
Vector44                                          /tmp/cc1wL1Hh.ltrans0.ltrans.o
                                                  /tmp/cc1wL1Hh.ltrans7.ltrans.o
Vector48                                          /tmp/cc1wL1Hh.ltrans0.ltrans.o
                                                  /tmp/cc1wL1Hh.ltrans7.ltrans.o
Vector4C                                          /tmp/cc1wL1Hh.ltrans0.ltrans.o
                                                  /tmp/cc1wL1Hh.ltrans7.ltrans.o
Vector50                                          /tmp/cc1wL1Hh.ltrans0.ltrans.o
                                                  /tmp/cc1wL1Hh.ltrans7.ltrans.o
Vector54                                          /tmp/cc1wL1Hh.ltrans0.ltrans.o
                                                  /tmp/cc1wL1Hh.ltrans7.ltrans.o
Vector58                                          /tmp/cc1wL1Hh.ltrans0.ltrans.o
                                                  /tmp/cc1wL1Hh.ltrans7.ltrans.o
Vector5C                                          /tmp/cc1wL1Hh.ltrans0.ltrans.o
                                                  /tmp/cc1wL1Hh.ltrans7.ltrans.o
Vector60                                          /tmp/cc1wL1Hh.ltrans0.ltrans.o
                                                  /tmp/cc1wL1Hh.ltrans7.ltrans.o
Vector64                                          /tmp/cc1wL1Hh.ltrans0.ltrans.o
                                                  /tmp/cc1wL1Hh.ltrans7.ltrans.o
Vector68                                          /tmp/cc1wL1Hh.ltrans0.ltrans.o
                                                  /tmp/cc1wL1Hh.ltrans7.ltrans.o
Vector6C                                          /tmp/cc1wL1Hh.ltrans0.ltrans.o
                                                  /tmp/cc1wL1Hh.ltrans7.ltrans.o
Vector70                                          /tmp/cc1wL1Hh.ltrans0.ltrans.o
                                                  /tmp/cc1wL1Hh.ltrans7.ltrans.o
Vector74                                          /tmp/cc1wL1Hh.ltrans0.ltrans.o
                                                  /tmp/cc1wL1Hh.ltrans7.ltrans.o
Vector78                                          /tmp/cc1wL1Hh.ltrans0.ltrans.o
                                                  /tmp/cc1wL1Hh.ltrans7.ltrans.o
Vector7C                                          /tmp/cc1wL1Hh.ltrans0.ltrans.o
                                                  /tmp/cc1wL1Hh.ltrans7.ltrans.o
Vector80                                          /tmp/cc1wL1Hh.ltrans0.ltrans.o
                                                  /tmp/cc1wL1Hh.ltrans7.ltrans.o
Vector84                                          /tmp/cc1wL1Hh.ltrans0.ltrans.o
                                                  /tmp/cc1wL1Hh.ltrans7.ltrans.o
Vector88                                          /tmp/cc1wL1Hh.ltrans0.ltrans.o
                                                  /tmp/cc1wL1Hh.ltrans7.ltrans.o
Vector8C                                          /tmp/cc1wL1Hh.ltrans0.ltrans.o
                                                  /tmp/cc1wL1Hh.ltrans7.ltrans.o
Vector90                                          /tmp/cc1wL1Hh.ltrans0.ltrans.o
                                                  /tmp/cc1wL1Hh.ltrans7.ltrans.o
Vector94                                          /tmp/cc1wL1Hh.ltrans0.ltrans.o
                                                  /tmp/cc1wL1Hh.ltrans7.ltrans.o
Vector98                                          /tmp/cc1wL1Hh.ltrans0.ltrans.o
                                                  /tmp/cc1wL1Hh.ltrans7.ltrans.o
Vector9C                                          /tmp/cc1wL1Hh.ltrans0.ltrans.o
                                                  /tmp/cc1wL1Hh.ltrans7.ltrans.o
VectorA0                                          /tmp/cc1wL1Hh.ltrans0.ltrans.o
                                                  /tmp/cc1wL1Hh.ltrans7.ltrans.o
VectorA4                                          /tmp/cc1wL1Hh.ltrans0.ltrans.o
                                                  /tmp/cc1wL1Hh.ltrans7.ltrans.o
VectorA8                                          /tmp/cc1wL1Hh.ltrans0.ltrans.o
                                                  /tmp/cc1wL1Hh.ltrans7.ltrans.o
VectorAC                                          /tmp/cc1wL1Hh.ltrans0.ltrans.o
                                                  /tmp/cc1wL1Hh.ltrans7.ltrans.o
VectorB0                                          /tmp/cc1wL1Hh.ltrans3.ltrans.o
                                                  /tmp/cc1wL1Hh.ltrans7.ltrans.o
VectorB4                                          /tmp/cc1wL1Hh.ltrans0.ltrans.o
                                                  /tmp/cc1wL1Hh.ltrans7.ltrans.o
VectorB8                                          /tmp/cc1wL1Hh.ltrans0.ltrans.o
                                                  /tmp/cc1wL1Hh.ltrans7.ltrans.o
VectorBC                                          /tmp/cc1wL1Hh.ltrans0.ltrans.o
                                                  /tmp/cc1wL1Hh.ltrans7.ltrans.o
VectorC0                                          /tmp/cc1wL1Hh.ltrans0.ltrans.o
                                                  /tmp/cc1wL1Hh.ltrans7.ltrans.o
VectorC4                                          /tmp/cc1wL1Hh.ltrans0.ltrans.o
                                                  /tmp/cc1wL1Hh.ltrans7.ltrans.o
VectorC8                                          /tmp/cc1wL1Hh.ltrans0.ltrans.o
                                                  /tmp/cc1wL1Hh.ltrans7.ltrans.o
VectorCC                                          /tmp/cc1wL1Hh.ltrans0.ltrans.o
                                                  /tmp/cc1wL1Hh.ltrans7.ltrans.o
VectorD0                                          /tmp/cc1wL1Hh.ltrans0.ltrans.o
                                                  /tmp/cc1wL1Hh.ltrans7.ltrans.o
VectorD4                                          /tmp/cc1wL1Hh.ltrans3.ltrans.o
                                                  /tmp/cc1wL1Hh.ltrans7.ltrans.o
VectorD8                                          /tmp/cc1wL1Hh.ltrans6.ltrans.o
                                                  /tmp/cc1wL1Hh.ltrans7.ltrans.o
VectorDC                                          /tmp/cc1wL1Hh.ltrans0.ltrans.o
                                                  /tmp/cc1wL1Hh.ltrans7.ltrans.o
VectorE0                                          /tmp/cc1wL1Hh.ltrans0.ltrans.o
                                                  /tmp/cc1wL1Hh.ltrans7.ltrans.o
VectorE4                                          /tmp/cc1wL1Hh.ltrans0.ltrans.o
                                                  /tmp/cc1wL1Hh.ltrans7.ltrans.o
VectorE8                                          /tmp/cc1wL1Hh.ltrans0.ltrans.o
                                                  /tmp/cc1wL1Hh.ltrans7.ltrans.o
VectorEC                                          /tmp/cc1wL1Hh.ltrans0.ltrans.o
                                                  /tmp/cc1wL1Hh.ltrans7.ltrans.o
VectorF0                                          /tmp/cc1wL1Hh.ltrans0.ltrans.o
                                                  /tmp/cc1wL1Hh.ltrans7.ltrans.o
VectorF4                                          /tmp/cc1wL1Hh.ltrans0.ltrans.o
                                                  /tmp/cc1wL1Hh.ltrans7.ltrans.o
VectorF8                                          /tmp/cc1wL1Hh.ltrans0.ltrans.o
                                                  /tmp/cc1wL1Hh.ltrans7.ltrans.o
VectorFC                                          /tmp/cc1wL1Hh.ltrans0.ltrans.o
                                                  /tmp/cc1wL1Hh.ltrans7.ltrans.o
__adddf3                                          /usr/bin/../lib/gcc/arm-none-eabi/4.8.4/armv7e-m/fpu/libgcc.a(_arm_addsubdf3.o)
__aeabi_d2f                                       /usr/bin/../lib/gcc/arm-none-eabi/4.8.4/armv7e-m/fpu/libgcc.a(_arm_truncdfsf2.o)
                                                  /tmp/cc1wL1Hh.ltrans0.ltrans.o
__aeabi_d2iz                                      /usr/bin/../lib/gcc/arm-none-eabi/4.8.4/armv7e-m/fpu/libgcc.a(_arm_fixdfsi.o)
                                                  /tmp/cc1wL1Hh.ltrans0.ltrans.o
__aeabi_dadd                                      /usr/bin/../lib/gcc/arm-none-eabi/4.8.4/armv7e-m/fpu/libgcc.a(_arm_addsubdf3.o)
__aeabi_ddiv                                      /usr/bin/../lib/gcc/arm-none-eabi/4.8.4/armv7e-m/fpu/libgcc.a(_arm_muldivdf3.o)
__aeabi_dmul                                      /usr/bin/../lib/gcc/arm-none-eabi/4.8.4/armv7e-m/fpu/libgcc.a(_arm_muldivdf3.o)
                                                  /tmp/cc1wL1Hh.ltrans0.ltrans.o
__aeabi_drsub                                     /usr/bin/../lib/gcc/arm-none-eabi/4.8.4/armv7e-m/fpu/libgcc.a(_arm_addsubdf3.o)
__aeabi_dsub                                      /usr/bin/../lib/gcc/arm-none-eabi/4.8.4/armv7e-m/fpu/libgcc.a(_arm_addsubdf3.o)
                                                  /tmp/cc1wL1Hh.ltrans0.ltrans.o
__aeabi_f2d                                       /usr/bin/../lib/gcc/arm-none-eabi/4.8.4/armv7e-m/fpu/libgcc.a(_arm_addsubdf3.o)
                                                  /tmp/cc1wL1Hh.ltrans6.ltrans.o
                                                  /tmp/cc1wL1Hh.ltrans1.ltrans.o
                                                  /tmp/cc1wL1Hh.ltrans0.ltrans.o
__aeabi_i2d                                       /usr/bin/../lib/gcc/arm-none-eabi/4.8.4/armv7e-m/fpu/libgcc.a(_arm_addsubdf3.o)
                                                  /tmp/cc1wL1Hh.ltrans0.ltrans.o
__aeabi_l2d                                       /usr/bin/../lib/gcc/arm-none-eabi/4.8.4/armv7e-m/fpu/libgcc.a(_arm_addsubdf3.o)
__aeabi_ui2d                                      /usr/bin/../lib/gcc/arm-none-eabi/4.8.4/armv7e-m/fpu/libgcc.a(_arm_addsubdf3.o)
                                                  /tmp/cc1wL1Hh.ltrans0.ltrans.o
__aeabi_ul2d                                      /usr/bin/../lib/gcc/arm-none-eabi/4.8.4/armv7e-m/fpu/libgcc.a(_arm_addsubdf3.o)
__divdf3                                          /usr/bin/../lib/gcc/arm-none-eabi/4.8.4/armv7e-m/fpu/libgcc.a(_arm_muldivdf3.o)
__extendsfdf2                                     /usr/bin/../lib/gcc/arm-none-eabi/4.8.4/armv7e-m/fpu/libgcc.a(_arm_addsubdf3.o)
__fixdfsi                                         /usr/bin/../lib/gcc/arm-none-eabi/4.8.4/armv7e-m/fpu/libgcc.a(_arm_fixdfsi.o)
__floatdidf                                       /usr/bin/../lib/gcc/arm-none-eabi/4.8.4/armv7e-m/fpu/libgcc.a(_arm_addsubdf3.o)
__floatsidf                                       /usr/bin/../lib/gcc/arm-none-eabi/4.8.4/armv7e-m/fpu/libgcc.a(_arm_addsubdf3.o)
__floatundidf                                     /usr/bin/../lib/gcc/arm-none-eabi/4.8.4/armv7e-m/fpu/libgcc.a(_arm_addsubdf3.o)
__floatunsidf                                     /usr/bin/../lib/gcc/arm-none-eabi/4.8.4/armv7e-m/fpu/libgcc.a(_arm_addsubdf3.o)
__heap_base__                                     /tmp/cc1wL1Hh.ltrans1.ltrans.o
__heap_end__                                      /tmp/cc1wL1Hh.ltrans1.ltrans.o
__init_array_end                                  /tmp/cc1wL1Hh.ltrans7.ltrans.o
__init_array_start                                /tmp/cc1wL1Hh.ltrans7.ltrans.o
__main_stack_base__                               /tmp/cc1wL1Hh.ltrans7.ltrans.o
__main_stack_end__                                /tmp/cc1wL1Hh.ltrans7.ltrans.o
__muldf3                                          /usr/bin/../lib/gcc/arm-none-eabi/4.8.4/armv7e-m/fpu/libgcc.a(_arm_muldivdf3.o)
__process_stack_base__                            /tmp/cc1wL1Hh.ltrans7.ltrans.o
__process_stack_end__                             /tmp/cc1wL1Hh.ltrans7.ltrans.o
__subdf3                                          /usr/bin/../lib/gcc/arm-none-eabi/4.8.4/armv7e-m/fpu/libgcc.a(_arm_addsubdf3.o)
__truncdfsf2                                      /usr/bin/../lib/gcc/arm-none-eabi/4.8.4/armv7e-m/fpu/libgcc.a(_arm_truncdfsf2.o)
_bss_end                                          /tmp/cc1wL1Hh.ltrans7.ltrans.o
_bss_start                                        /tmp/cc1wL1Hh.ltrans7.ltrans.o
_data                                             /tmp/cc1wL1Hh.ltrans7.ltrans.o
_edata                                            /tmp/cc1wL1Hh.ltrans7.ltrans.o
_idle_thread.4338                                 /tmp/cc1wL1Hh.ltrans0.ltrans.o
                                                  /tmp/cc1wL1Hh.ltrans1.ltrans.o
_port_exit_from_isr                               build/obj/chcoreasm_v7m.o
                                                  /tmp/cc1wL1Hh.ltrans0.ltrans.o
_port_irq_epilogue                                /tmp/cc1wL1Hh.ltrans0.ltrans.o
                                                  /tmp/cc1wL1Hh.ltrans6.ltrans.o
                                                  /tmp/cc1wL1Hh.ltrans3.ltrans.o
_port_switch                                      build/obj/chcoreasm_v7m.o
                                                  /tmp/cc1wL1Hh.ltrans5.ltrans.o
                                                  /tmp/cc1wL1Hh.ltrans3.ltrans.o
                                                  /tmp/cc1wL1Hh.ltrans0.ltrans.o
_port_switch_from_isr                             build/obj/chcoreasm_v7m.o
                                                  /tmp/cc1wL1Hh.ltrans0.ltrans.o
_port_thread_start                                build/obj/chcoreasm_v7m.o
                                                  /tmp/cc1wL1Hh.ltrans3.ltrans.o
_textdata                                         /tmp/cc1wL1Hh.ltrans7.ltrans.o
_vectors                                          /tmp/cc1wL1Hh.ltrans7.ltrans.o
adc_lld_serve_rx_interrupt.11091                  /tmp/cc1wL1Hh.ltrans0.ltrans.o
                                                  /tmp/cc1wL1Hh.ltrans1.ltrans.o
beaconThread                                      /tmp/cc1wL1Hh.ltrans5.ltrans.o
                                                  /tmp/cc1wL1Hh.ltrans1.ltrans.o
ch                                                /tmp/cc1wL1Hh.ltrans7.ltrans.o
                                                  /tmp/cc1wL1Hh.ltrans5.ltrans.o
                                                  /tmp/cc1wL1Hh.ltrans3.ltrans.o
                                                  /tmp/cc1wL1Hh.ltrans1.ltrans.o
                                                  /tmp/cc1wL1Hh.ltrans0.ltrans.o
chCoreAlloc                                       /tmp/cc1wL1Hh.ltrans0.ltrans.o
                                                  /tmp/cc1wL1Hh.ltrans1.ltrans.o
chEvtBroadcastFlagsI                              /tmp/cc1wL1Hh.ltrans0.ltrans.o
                                                  /tmp/cc1wL1Hh.ltrans6.ltrans.o
chMtxLockS                                        /tmp/cc1wL1Hh.ltrans0.ltrans.o
                                                  /tmp/cc1wL1Hh.ltrans5.ltrans.o
                                                  /tmp/cc1wL1Hh.ltrans1.ltrans.o
chMtxUnlock                                       /tmp/cc1wL1Hh.ltrans3.ltrans.o
                                                  /tmp/cc1wL1Hh.ltrans5.ltrans.o
                                                  /tmp/cc1wL1Hh.ltrans1.ltrans.o
chSchDoReschedule                                 /tmp/cc1wL1Hh.ltrans7.ltrans.o
                                                  build/obj/chcoreasm_v7m.o
chSchDoRescheduleAhead                            /tmp/cc1wL1Hh.ltrans0.ltrans.o
                                                  /tmp/cc1wL1Hh.ltrans7.ltrans.o
chSchGoSleepS                                     /tmp/cc1wL1Hh.ltrans0.ltrans.o
                                                  /tmp/cc1wL1Hh.ltrans7.ltrans.o
                                                  /tmp/cc1wL1Hh.ltrans5.ltrans.o
                                                  /tmp/cc1wL1Hh.ltrans3.ltrans.o
chSchGoSleepTimeoutS                              /tmp/cc1wL1Hh.ltrans3.ltrans.o
                                                  /tmp/cc1wL1Hh.ltrans5.ltrans.o
chSchReadyI                                       /tmp/cc1wL1Hh.ltrans0.ltrans.o
                                                  /tmp/cc1wL1Hh.ltrans7.ltrans.o
                                                  /tmp/cc1wL1Hh.ltrans6.ltrans.o
                                                  /tmp/cc1wL1Hh.ltrans5.ltrans.o
chSchRescheduleS                                  /tmp/cc1wL1Hh.ltrans0.ltrans.o
                                                  /tmp/cc1wL1Hh.ltrans5.ltrans.o
chTMStartMeasurementX.constprop.31                /tmp/cc1wL1Hh.ltrans3.ltrans.o
                                                  /tmp/cc1wL1Hh.ltrans1.ltrans.o
chTMStopMeasurementX                              /tmp/cc1wL1Hh.ltrans0.ltrans.o
                                                  /tmp/cc1wL1Hh.ltrans1.ltrans.o
chThdCreateStatic                                 /tmp/cc1wL1Hh.ltrans3.ltrans.o
                                                  /tmp/cc1wL1Hh.ltrans1.ltrans.o
chThdExit                                         /tmp/cc1wL1Hh.ltrans7.ltrans.o
                                                  build/obj/chcoreasm_v7m.o
chThdResumeI                                      /tmp/cc1wL1Hh.ltrans0.ltrans.o
                                                  /tmp/cc1wL1Hh.ltrans3.ltrans.o
chThdSleep                                        /tmp/cc1wL1Hh.ltrans3.ltrans.o
                                                  /tmp/cc1wL1Hh.ltrans6.ltrans.o
                                                  /tmp/cc1wL1Hh.ltrans5.ltrans.o
                                                  /tmp/cc1wL1Hh.ltrans2.ltrans.o
                                                  /tmp/cc1wL1Hh.ltrans1.ltrans.o
chThdSleepUntil                                   /tmp/cc1wL1Hh.ltrans3.ltrans.o
                                                  /tmp/cc1wL1Hh.ltrans6.ltrans.o
                                                  /tmp/cc1wL1Hh.ltrans1.ltrans.o
chThdSuspendS                                     /tmp/cc1wL1Hh.ltrans0.ltrans.o
                                                  /tmp/cc1wL1Hh.ltrans6.ltrans.o
                                                  /tmp/cc1wL1Hh.ltrans3.ltrans.o
chprintf.13294.constprop.13                       /tmp/cc1wL1Hh.ltrans3.ltrans.o
                                                  /tmp/cc1wL1Hh.ltrans5.ltrans.o
chprintf.13613.constprop.12                       /tmp/cc1wL1Hh.ltrans3.ltrans.o
                                                  /tmp/cc1wL1Hh.ltrans6.ltrans.o
chprintf.15648                                    /tmp/cc1wL1Hh.ltrans0.ltrans.o
                                                  /tmp/cc1wL1Hh.ltrans6.ltrans.o
chprintf.16310                                    /tmp/cc1wL1Hh.ltrans0.ltrans.o
                                                  /tmp/cc1wL1Hh.ltrans1.ltrans.o
chprintf.16668                                    /tmp/cc1wL1Hh.ltrans0.ltrans.o
                                                  /tmp/cc1wL1Hh.ltrans4.ltrans.o
                                                  /tmp/cc1wL1Hh.ltrans1.ltrans.o
chprintf.17249                                    /tmp/cc1wL1Hh.ltrans0.ltrans.o
                                                  /tmp/cc1wL1Hh.ltrans4.ltrans.o
                                                  /tmp/cc1wL1Hh.ltrans1.ltrans.o
chsnprintf                                        /tmp/cc1wL1Hh.ltrans3.ltrans.o
                                                  /tmp/cc1wL1Hh.ltrans6.ltrans.o
                                                  /tmp/cc1wL1Hh.ltrans4.ltrans.o
                                                  /tmp/cc1wL1Hh.ltrans1.ltrans.o
chvprintf                                         /tmp/cc1wL1Hh.ltrans0.ltrans.o
                                                  /tmp/cc1wL1Hh.ltrans3.ltrans.o
create_chain.12846                                /tmp/cc1wL1Hh.ltrans2.ltrans.o
                                                  /tmp/cc1wL1Hh.ltrans4.ltrans.o
dir_sdi.12831.constprop.54                        /tmp/cc1wL1Hh.ltrans2.ltrans.o
                                                  /tmp/cc1wL1Hh.ltrans4.ltrans.o
disk_read.constprop.56                            /tmp/cc1wL1Hh.ltrans2.ltrans.o
                                                  /tmp/cc1wL1Hh.ltrans4.ltrans.o
disk_status                                       /tmp/cc1wL1Hh.ltrans3.ltrans.o
                                                  /tmp/cc1wL1Hh.ltrans2.ltrans.o
disk_write                                        /tmp/cc1wL1Hh.ltrans2.ltrans.o
                                                  /tmp/cc1wL1Hh.ltrans4.ltrans.o
dmaStreamAllocate                                 /tmp/cc1wL1Hh.ltrans0.ltrans.o
                                                  /tmp/cc1wL1Hh.ltrans5.ltrans.o
                                                  /tmp/cc1wL1Hh.ltrans1.ltrans.o
dmaStreamRelease                                  /tmp/cc1wL1Hh.ltrans0.ltrans.o
                                                  /tmp/cc1wL1Hh.ltrans5.ltrans.o
dma_isr_redir.10833                               /tmp/cc1wL1Hh.ltrans1.ltrans.o
                                                  /tmp/cc1wL1Hh.ltrans0.ltrans.o
dma_streams_mask.10838                            /tmp/cc1wL1Hh.ltrans1.ltrans.o
                                                  /tmp/cc1wL1Hh.ltrans0.ltrans.o
dummytx.11757                                     /tmp/cc1wL1Hh.ltrans1.ltrans.o
                                                  /tmp/cc1wL1Hh.ltrans3.ltrans.o
endmem.6822                                       /tmp/cc1wL1Hh.ltrans1.ltrans.o
                                                  /tmp/cc1wL1Hh.ltrans0.ltrans.o
f_close                                           /tmp/cc1wL1Hh.ltrans4.ltrans.o
                                                  /tmp/cc1wL1Hh.ltrans1.ltrans.o
f_mount                                           /tmp/cc1wL1Hh.ltrans2.ltrans.o
                                                  /tmp/cc1wL1Hh.ltrans1.ltrans.o
f_write                                           /tmp/cc1wL1Hh.ltrans4.ltrans.o
                                                  /tmp/cc1wL1Hh.ltrans6.ltrans.o
                                                  /tmp/cc1wL1Hh.ltrans1.ltrans.o
find_volume.12822                                 /tmp/cc1wL1Hh.ltrans2.ltrans.o
                                                  /tmp/cc1wL1Hh.ltrans4.ltrans.o
get.13121                                         /tmp/cc1wL1Hh.ltrans0.ltrans.o
                                                  /tmp/cc1wL1Hh.ltrans3.ltrans.o
get_fat.part.6.12827                              /tmp/cc1wL1Hh.ltrans2.ltrans.o
                                                  /tmp/cc1wL1Hh.ltrans4.ltrans.o
get_ldnumber.12784                                /tmp/cc1wL1Hh.ltrans0.ltrans.o
                                                  /tmp/cc1wL1Hh.ltrans2.ltrans.o
gpsRxChar.16028                                   /tmp/cc1wL1Hh.ltrans0.ltrans.o
                                                  /tmp/cc1wL1Hh.ltrans1.ltrans.o
gpsRxEnd.16016                                    /tmp/cc1wL1Hh.ltrans0.ltrans.o
                                                  /tmp/cc1wL1Hh.ltrans1.ltrans.o
gpsRxErr.16019                                    /tmp/cc1wL1Hh.ltrans0.ltrans.o
                                                  /tmp/cc1wL1Hh.ltrans1.ltrans.o
gpsSem                                            /tmp/cc1wL1Hh.ltrans5.ltrans.o
                                                  /tmp/cc1wL1Hh.ltrans0.ltrans.o
gpsThread                                         /tmp/cc1wL1Hh.ltrans5.ltrans.o
                                                  /tmp/cc1wL1Hh.ltrans1.ltrans.o
gpsTxC.16013                                      /tmp/cc1wL1Hh.ltrans0.ltrans.o
                                                  /tmp/cc1wL1Hh.ltrans1.ltrans.o
gpsTxbufEnd.16010                                 /tmp/cc1wL1Hh.ltrans0.ltrans.o
                                                  /tmp/cc1wL1Hh.ltrans1.ltrans.o
i2c_lld_serve_rx_end_irq.11402                    /tmp/cc1wL1Hh.ltrans3.ltrans.o
                                                  /tmp/cc1wL1Hh.ltrans5.ltrans.o
i2c_lld_serve_tx_end_irq.11398                    /tmp/cc1wL1Hh.ltrans3.ltrans.o
                                                  /tmp/cc1wL1Hh.ltrans5.ltrans.o
i2c_lld_start                                     /tmp/cc1wL1Hh.ltrans5.ltrans.o
                                                  /tmp/cc1wL1Hh.ltrans6.ltrans.o
logfileOpenAppend.constprop.52                    /tmp/cc1wL1Hh.ltrans4.ltrans.o
logger.17338                                      /tmp/cc1wL1Hh.ltrans1.ltrans.o
                                                  /tmp/cc1wL1Hh.ltrans4.ltrans.o
main                                              /tmp/cc1wL1Hh.ltrans1.ltrans.o
                                                  /tmp/cc1wL1Hh.ltrans7.ltrans.o
memcpy                                            /usr/bin/../lib/gcc/arm-none-eabi/4.8.4/../../../../arm-none-eabi/lib/armv7e-m/fpu/libc.a(lib_a-memcpy.o)
                                                  /tmp/cc1wL1Hh.ltrans0.ltrans.o
mmcConnect                                        /tmp/cc1wL1Hh.ltrans5.ltrans.o
                                                  /tmp/cc1wL1Hh.ltrans1.ltrans.o
mmcDisconnect                                     /tmp/cc1wL1Hh.ltrans3.ltrans.o
                                                  /tmp/cc1wL1Hh.ltrans1.ltrans.o
mmcGetInfo                                        /tmp/cc1wL1Hh.ltrans0.ltrans.o
                                                  /tmp/cc1wL1Hh.ltrans1.ltrans.o
mmcSequentialRead                                 /tmp/cc1wL1Hh.ltrans3.ltrans.o
                                                  /tmp/cc1wL1Hh.ltrans2.ltrans.o
mmcSequentialWrite                                /tmp/cc1wL1Hh.ltrans2.ltrans.o
                                                  /tmp/cc1wL1Hh.ltrans6.ltrans.o
mmcStartSequentialWrite                           /tmp/cc1wL1Hh.ltrans2.ltrans.o
                                                  /tmp/cc1wL1Hh.ltrans6.ltrans.o
mmcStopSequentialRead.part.7.9923                 /tmp/cc1wL1Hh.ltrans3.ltrans.o
                                                  /tmp/cc1wL1Hh.ltrans2.ltrans.o
mmcSync                                           /tmp/cc1wL1Hh.ltrans2.ltrans.o
                                                  /tmp/cc1wL1Hh.ltrans1.ltrans.o
mmc_lld_is_card_inserted                          /tmp/cc1wL1Hh.ltrans0.ltrans.o