Archive member included because of file (symbol)

/usr/bin/../lib/gcc/arm-none-eabi/4.8.4/armv7e-m/fpu/libgcc.a(_arm_addsubdf3.o)
                              /tmp/ccv8vRH2.ltrans0.ltrans.o (__aeabi_dsub)
/usr/bin/../lib/gcc/arm-none-eabi/4.8.4/armv7e-m/fpu/libgcc.a(_arm_muldivdf3.o)
                              /tmp/ccv8vRH2.ltrans0.ltrans.o (__aeabi_dmul)
/usr/bin/../lib/gcc/arm-none-eabi/4.8.4/armv7e-m/fpu/libgcc.a(_arm_fixdfsi.o)
                              /tmp/ccv8vRH2.ltrans0.ltrans.o (__aeabi_d2iz)
/usr/bin/../lib/gcc/arm-none-eabi/4.8.4/armv7e-m/fpu/libgcc.a(_arm_truncdfsf2.o)
                              /tmp/ccv8vRH2.ltrans0.ltrans.o (__aeabi_d2f)
/usr/bin/../lib/gcc/arm-none-eabi/4.8.4/../../../../arm-none-eabi/lib/armv7e-m/fpu/libc.a(lib_a-strcpy.o)
                              /tmp/ccv8vRH2.ltrans1.ltrans.o (strcpy)
/usr/bin/../lib/gcc/arm-none-eabi/4.8.4/../../../../arm-none-eabi/lib/armv7e-m/fpu/libc.a(lib_a-strlen.o)
                              /tmp/ccv8vRH2.ltrans4.ltrans.o (strlen)
/usr/bin/../lib/gcc/arm-none-eabi/4.8.4/../../../../arm-none-eabi/lib/armv7e-m/fpu/libc.a(lib_a-strncmp.o)
                              /tmp/ccv8vRH2.ltrans4.ltrans.o (strncmp)

Discarded input sections

 .data          0x0000000000000000        0x0 build/obj/chcoreasm_v7m.o
 .bss           0x0000000000000000        0x0 build/obj/chcoreasm_v7m.o
 .text          0x0000000000000000        0x0 build/obj/crt0.o (symbol from plugin)
 .text          0x0000000000000000        0x0 /tmp/ccv8vRH2.ltrans0.ltrans.o
 .data          0x0000000000000000        0x0 /tmp/ccv8vRH2.ltrans0.ltrans.o
 .bss           0x0000000000000000        0x0 /tmp/ccv8vRH2.ltrans0.ltrans.o
 .text          0x0000000000000000        0x0 /tmp/ccv8vRH2.ltrans1.ltrans.o
 .data          0x0000000000000000        0x0 /tmp/ccv8vRH2.ltrans1.ltrans.o
 .bss           0x0000000000000000        0x0 /tmp/ccv8vRH2.ltrans1.ltrans.o
 .text          0x0000000000000000        0x0 /tmp/ccv8vRH2.ltrans2.ltrans.o
 .data          0x0000000000000000        0x0 /tmp/ccv8vRH2.ltrans2.ltrans.o
 .bss           0x0000000000000000        0x0 /tmp/ccv8vRH2.ltrans2.ltrans.o
 .text          0x0000000000000000        0x0 /tmp/ccv8vRH2.ltrans3.ltrans.o
 .data          0x0000000000000000        0x0 /tmp/ccv8vRH2.ltrans3.ltrans.o
 .bss           0x0000000000000000        0x0 /tmp/ccv8vRH2.ltrans3.ltrans.o
 .text          0x0000000000000000        0x0 /tmp/ccv8vRH2.ltrans4.ltrans.o
 .data          0x0000000000000000        0x0 /tmp/ccv8vRH2.ltrans4.ltrans.o
 .bss           0x0000000000000000        0x0 /tmp/ccv8vRH2.ltrans4.ltrans.o
 .text          0x0000000000000000        0x0 /tmp/ccv8vRH2.ltrans5.ltrans.o
 .data          0x0000000000000000        0x0 /tmp/ccv8vRH2.ltrans5.ltrans.o
 .bss           0x0000000000000000        0x0 /tmp/ccv8vRH2.ltrans5.ltrans.o
 .data          0x0000000000000000        0x0 /usr/bin/../lib/gcc/arm-none-eabi/4.8.4/armv7e-m/fpu/libgcc.a(_arm_addsubdf3.o)
 .bss           0x0000000000000000        0x0 /usr/bin/../lib/gcc/arm-none-eabi/4.8.4/armv7e-m/fpu/libgcc.a(_arm_addsubdf3.o)
 .data          0x0000000000000000        0x0 /usr/bin/../lib/gcc/arm-none-eabi/4.8.4/armv7e-m/fpu/libgcc.a(_arm_muldivdf3.o)
 .bss           0x0000000000000000        0x0 /usr/bin/../lib/gcc/arm-none-eabi/4.8.4/armv7e-m/fpu/libgcc.a(_arm_muldivdf3.o)
 .data          0x0000000000000000        0x0 /usr/bin/../lib/gcc/arm-none-eabi/4.8.4/armv7e-m/fpu/libgcc.a(_arm_fixdfsi.o)
 .bss           0x0000000000000000        0x0 /usr/bin/../lib/gcc/arm-none-eabi/4.8.4/armv7e-m/fpu/libgcc.a(_arm_fixdfsi.o)
 .data          0x0000000000000000        0x0 /usr/bin/../lib/gcc/arm-none-eabi/4.8.4/armv7e-m/fpu/libgcc.a(_arm_truncdfsf2.o)
 .bss           0x0000000000000000        0x0 /usr/bin/../lib/gcc/arm-none-eabi/4.8.4/armv7e-m/fpu/libgcc.a(_arm_truncdfsf2.o)
 .text          0x0000000000000000        0x0 /usr/bin/../lib/gcc/arm-none-eabi/4.8.4/../../../../arm-none-eabi/lib/armv7e-m/fpu/libc.a(lib_a-strcpy.o)
 .data          0x0000000000000000        0x0 /usr/bin/../lib/gcc/arm-none-eabi/4.8.4/../../../../arm-none-eabi/lib/armv7e-m/fpu/libc.a(lib_a-strcpy.o)
 .bss           0x0000000000000000        0x0 /usr/bin/../lib/gcc/arm-none-eabi/4.8.4/../../../../arm-none-eabi/lib/armv7e-m/fpu/libc.a(lib_a-strcpy.o)
 .text          0x0000000000000000        0x0 /usr/bin/../lib/gcc/arm-none-eabi/4.8.4/../../../../arm-none-eabi/lib/armv7e-m/fpu/libc.a(lib_a-strlen.o)
 .data          0x0000000000000000        0x0 /usr/bin/../lib/gcc/arm-none-eabi/4.8.4/../../../../arm-none-eabi/lib/armv7e-m/fpu/libc.a(lib_a-strlen.o)
 .bss           0x0000000000000000        0x0 /usr/bin/../lib/gcc/arm-none-eabi/4.8.4/../../../../arm-none-eabi/lib/armv7e-m/fpu/libc.a(lib_a-strlen.o)
 .text          0x0000000000000000        0x0 /usr/bin/../lib/gcc/arm-none-eabi/4.8.4/../../../../arm-none-eabi/lib/armv7e-m/fpu/libc.a(lib_a-strncmp.o)
 .data          0x0000000000000000        0x0 /usr/bin/../lib/gcc/arm-none-eabi/4.8.4/../../../../arm-none-eabi/lib/armv7e-m/fpu/libc.a(lib_a-strncmp.o)
 .bss           0x0000000000000000        0x0 /usr/bin/../lib/gcc/arm-none-eabi/4.8.4/../../../../arm-none-eabi/lib/armv7e-m/fpu/libc.a(lib_a-strncmp.o)
 .text          0x0000000000000000        0x0 build/obj/vectors.o (symbol from plugin)
 .text          0x0000000000000000        0x0 build/obj/chcore.o (symbol from plugin)
 .text          0x0000000000000000        0x0 build/obj/chcore_v7m.o (symbol from plugin)
 .text          0x0000000000000000        0x0 build/obj/chsys.o (symbol from plugin)
 .text          0x0000000000000000        0x0 build/obj/chdebug.o (symbol from plugin)
 .text          0x0000000000000000        0x0 build/obj/chtm.o (symbol from plugin)
 .text          0x0000000000000000        0x0 build/obj/chstats.o (symbol from plugin)
 .text          0x0000000000000000        0x0 build/obj/chschd.o (symbol from plugin)
 .text          0x0000000000000000        0x0 build/obj/chvt.o (symbol from plugin)
 .text          0x0000000000000000        0x0 build/obj/chthreads.o (symbol from plugin)
 .text          0x0000000000000000        0x0 build/obj/chdynamic.o (symbol from plugin)
 .text          0x0000000000000000        0x0 build/obj/chregistry.o (symbol from plugin)
 .text          0x0000000000000000        0x0 build/obj/chsem.o (symbol from plugin)
 .text          0x0000000000000000        0x0 build/obj/chmtx.o (symbol from plugin)
 .text          0x0000000000000000        0x0 build/obj/chcond.o (symbol from plugin)
 .text          0x0000000000000000        0x0 build/obj/chevents.o (symbol from plugin)
 .text          0x0000000000000000        0x0 build/obj/chmsg.o (symbol from plugin)
 .text          0x0000000000000000        0x0 build/obj/chmboxes.o (symbol from plugin)
 .text          0x0000000000000000        0x0 build/obj/chqueues.o (symbol from plugin)
 .text          0x0000000000000000        0x0 build/obj/chmemcore.o (symbol from plugin)
 .text          0x0000000000000000        0x0 build/obj/chheap.o (symbol from plugin)
 .text          0x0000000000000000        0x0 build/obj/chmempools.o (symbol from plugin)
 .text          0x0000000000000000        0x0 build/obj/test.o (symbol from plugin)
 .text          0x0000000000000000        0x0 build/obj/testthd.o (symbol from plugin)
 .text          0x0000000000000000        0x0 build/obj/testsem.o (symbol from plugin)
 .text          0x0000000000000000        0x0 build/obj/testmtx.o (symbol from plugin)
 .text          0x0000000000000000        0x0 build/obj/testmsg.o (symbol from plugin)
 .text          0x0000000000000000        0x0 build/obj/testmbox.o (symbol from plugin)
 .text          0x0000000000000000        0x0 build/obj/testevt.o (symbol from plugin)
 .text          0x0000000000000000        0x0 build/obj/testheap.o (symbol from plugin)
 .text          0x0000000000000000        0x0 build/obj/testpools.o (symbol from plugin)
 .text          0x0000000000000000        0x0 build/obj/testdyn.o (symbol from plugin)
 .text          0x0000000000000000        0x0 build/obj/testqueues.o (symbol from plugin)
 .text          0x0000000000000000        0x0 build/obj/testbmk.o (symbol from plugin)
 .text          0x0000000000000000        0x0 build/obj/hal.o (symbol from plugin)
 .text          0x0000000000000000        0x0 build/obj/hal_queues.o (symbol from plugin)
 .text          0x0000000000000000        0x0 build/obj/hal_mmcsd.o (symbol from plugin)
 .text          0x0000000000000000        0x0 build/obj/adc.o (symbol from plugin)
 .text          0x0000000000000000        0x0 build/obj/can.o (symbol from plugin)
 .text          0x0000000000000000        0x0 build/obj/dac.o (symbol from plugin)
 .text          0x0000000000000000        0x0 build/obj/ext.o (symbol from plugin)
 .text          0x0000000000000000        0x0 build/obj/gpt.o (symbol from plugin)
 .text          0x0000000000000000        0x0 build/obj/i2c.o (symbol from plugin)
 .text          0x0000000000000000        0x0 build/obj/i2s.o (symbol from plugin)
 .text          0x0000000000000000        0x0 build/obj/icu.o (symbol from plugin)
 .text          0x0000000000000000        0x0 build/obj/mac.o (symbol from plugin)
 .text          0x0000000000000000        0x0 build/obj/mmc_spi.o (symbol from plugin)
 .text          0x0000000000000000        0x0 build/obj/pal.o (symbol from plugin)
 .text          0x0000000000000000        0x0 build/obj/pwm.o (symbol from plugin)
 .text          0x0000000000000000        0x0 build/obj/rtc.o (symbol from plugin)
 .text          0x0000000000000000        0x0 build/obj/sdc.o (symbol from plugin)
 .text          0x0000000000000000        0x0 build/obj/serial.o (symbol from plugin)
 .text          0x0000000000000000        0x0 build/obj/serial_usb.o (symbol from plugin)
 .text          0x0000000000000000        0x0 build/obj/spi.o (symbol from plugin)
 .text          0x0000000000000000        0x0 build/obj/st.o (symbol from plugin)
 .text          0x0000000000000000        0x0 build/obj/uart.o (symbol from plugin)
 .text          0x0000000000000000        0x0 build/obj/usb.o (symbol from plugin)
 .text          0x0000000000000000        0x0 build/obj/osal.o (symbol from plugin)
 .text          0x0000000000000000        0x0 build/obj/nvic.o (symbol from plugin)
 .text          0x0000000000000000        0x0 build/obj/stm32_dma.o (symbol from plugin)
 .text          0x0000000000000000        0x0 build/obj/hal_lld.o (symbol from plugin)
 .text          0x0000000000000000        0x0 build/obj/adc_lld.o (symbol from plugin)
 .text          0x0000000000000000        0x0 build/obj/ext_lld_isr.o (symbol from plugin)
 .text          0x0000000000000000        0x0 build/obj/can_lld.o (symbol from plugin)
 .text          0x0000000000000000        0x0 build/obj/ext_lld.o (symbol from plugin)
 .text          0x0000000000000000        0x0 build/obj/mac_lld.o (symbol from plugin)
 .text          0x0000000000000000        0x0 build/obj/sdc_lld.o (symbol from plugin)
 .text          0x0000000000000000        0x0 build/obj/dac_lld.o (symbol from plugin)
 .text          0x0000000000000000        0x0 build/obj/pal_lld.o (symbol from plugin)
 .text          0x0000000000000000        0x0 build/obj/i2c_lld.o (symbol from plugin)
 .text          0x0000000000000000        0x0 build/obj/usb_lld.o (symbol from plugin)
 .text          0x0000000000000000        0x0 build/obj/rtc_lld.o (symbol from plugin)
 .text          0x0000000000000000        0x0 build/obj/i2s_lld.o (symbol from plugin)
 .text          0x0000000000000000        0x0 build/obj/spi_lld.o (symbol from plugin)
 .text          0x0000000000000000        0x0 build/obj/gpt_lld.o (symbol from plugin)
 .text          0x0000000000000000        0x0 build/obj/icu_lld.o (symbol from plugin)
 .text          0x0000000000000000        0x0 build/obj/pwm_lld.o (symbol from plugin)
 .text          0x0000000000000000        0x0 build/obj/st_lld.o (symbol from plugin)
 .text          0x0000000000000000        0x0 build/obj/serial_lld.o (symbol from plugin)
 .text          0x0000000000000000        0x0 build/obj/uart_lld.o (symbol from plugin)
 .text          0x0000000000000000        0x0 build/obj/board.o (symbol from plugin)
 .text          0x0000000000000000        0x0 build/obj/fatfs_diskio.o (symbol from plugin)
 .text          0x0000000000000000        0x0 build/obj/fatfs_syscall.o (symbol from plugin)
 .text          0x0000000000000000        0x0 build/obj/ff.o (symbol from plugin)
 .text          0x0000000000000000        0x0 build/obj/unicode.o (symbol from plugin)
 .text          0x0000000000000000        0x0 build/obj/chprintf.o (symbol from plugin)
 .text          0x0000000000000000        0x0 build/obj/memstreams.o (symbol from plugin)
 .text          0x0000000000000000        0x0 build/obj/i2c_sensor.o (symbol from plugin)
 .text          0x0000000000000000        0x0 build/obj/bmp280.o (symbol from plugin)
 .text          0x0000000000000000        0x0 build/obj/si70x0.o (symbol from plugin)
 .text          0x0000000000000000        0x0 build/obj/ms5607.o (symbol from plugin)
 .text          0x0000000000000000        0x0 build/obj/hih6030.o (symbol from plugin)
 .text          0x0000000000000000        0x0 build/obj/lsm303.o (symbol from plugin)
 .text          0x0000000000000000        0x0 build/obj/rfm23bp.o (symbol from plugin)
 .text          0x0000000000000000        0x0 build/obj/rtd.o (symbol from plugin)
 .text          0x0000000000000000        0x0 build/obj/tmp275.o (symbol from plugin)
 .text          0x0000000000000000        0x0 build/obj/mpxm2102.o (symbol from plugin)
 .text          0x0000000000000000        0x0 build/obj/xbeepro.o (symbol from plugin)
 .text          0x0000000000000000        0x0 build/obj/datasample.o (symbol from plugin)
 .text          0x0000000000000000        0x0 build/obj/sensor_thread.o (symbol from plugin)
 .text          0x0000000000000000        0x0 build/obj/ustr.o (symbol from plugin)
 .text          0x0000000000000000        0x0 build/obj/umath.o (symbol from plugin)
 .text          0x0000000000000000        0x0 build/obj/gps.o (symbol from plugin)
 .text          0x0000000000000000        0x0 build/obj/sdmmcsimple.o (symbol from plugin)
 .text          0x0000000000000000        0x0 build/obj/datalogger.o (symbol from plugin)
 .text          0x0000000000000000        0x0 build/obj/main.o (symbol from plugin)

Memory Configuration

Name             Origin             Length             Attributes
flash            0x0000000008000000 0x0000000000040000
ram              0x0000000020000000 0x0000000000010000
*default*        0x0000000000000000 0xffffffffffffffff

Linker script and memory map

LOAD build/obj/chcoreasm_v7m.o
LOAD build/obj/crt0.o
LOAD /tmp/ccv8vRH2.ltrans0.ltrans.o
LOAD /tmp/ccv8vRH2.ltrans1.ltrans.o
LOAD /tmp/ccv8vRH2.ltrans2.ltrans.o
LOAD /tmp/ccv8vRH2.ltrans3.ltrans.o
LOAD /tmp/ccv8vRH2.ltrans4.ltrans.o
LOAD /tmp/ccv8vRH2.ltrans5.ltrans.o
LOAD /usr/bin/../lib/gcc/arm-none-eabi/4.8.4/armv7e-m/fpu/libgcc.a
LOAD /usr/bin/../lib/gcc/arm-none-eabi/4.8.4/../../../../arm-none-eabi/lib/armv7e-m/fpu/libc.a
LOAD build/obj/vectors.o
LOAD build/obj/chcore.o
LOAD build/obj/chcore_v7m.o
LOAD build/obj/chsys.o
LOAD build/obj/chdebug.o
LOAD build/obj/chtm.o
LOAD build/obj/chstats.o
LOAD build/obj/chschd.o
LOAD build/obj/chvt.o
LOAD build/obj/chthreads.o
LOAD build/obj/chdynamic.o
LOAD build/obj/chregistry.o
LOAD build/obj/chsem.o
LOAD build/obj/chmtx.o
LOAD build/obj/chcond.o
LOAD build/obj/chevents.o
LOAD build/obj/chmsg.o
LOAD build/obj/chmboxes.o
LOAD build/obj/chqueues.o
LOAD build/obj/chmemcore.o
LOAD build/obj/chheap.o
LOAD build/obj/chmempools.o
LOAD build/obj/test.o
LOAD build/obj/testthd.o
LOAD build/obj/testsem.o
LOAD build/obj/testmtx.o
LOAD build/obj/testmsg.o
LOAD build/obj/testmbox.o
LOAD build/obj/testevt.o
LOAD build/obj/testheap.o
LOAD build/obj/testpools.o
LOAD build/obj/testdyn.o
LOAD build/obj/testqueues.o
LOAD build/obj/testbmk.o
LOAD build/obj/hal.o
LOAD build/obj/hal_queues.o
LOAD build/obj/hal_mmcsd.o
LOAD build/obj/adc.o
LOAD build/obj/can.o
LOAD build/obj/dac.o
LOAD build/obj/ext.o
LOAD build/obj/gpt.o
LOAD build/obj/i2c.o
LOAD build/obj/i2s.o
LOAD build/obj/icu.o
LOAD build/obj/mac.o
LOAD build/obj/mmc_spi.o
LOAD build/obj/pal.o
LOAD build/obj/pwm.o
LOAD build/obj/rtc.o
LOAD build/obj/sdc.o
LOAD build/obj/serial.o
LOAD build/obj/serial_usb.o
LOAD build/obj/spi.o
LOAD build/obj/st.o
LOAD build/obj/uart.o
LOAD build/obj/usb.o
LOAD build/obj/osal.o
LOAD build/obj/nvic.o
LOAD build/obj/stm32_dma.o
LOAD build/obj/hal_lld.o
LOAD build/obj/adc_lld.o
LOAD build/obj/ext_lld_isr.o
LOAD build/obj/can_lld.o
LOAD build/obj/ext_lld.o
LOAD build/obj/mac_lld.o
LOAD build/obj/sdc_lld.o
LOAD build/obj/dac_lld.o
LOAD build/obj/pal_lld.o
LOAD build/obj/i2c_lld.o
LOAD build/obj/usb_lld.o
LOAD build/obj/rtc_lld.o
LOAD build/obj/i2s_lld.o
LOAD build/obj/spi_lld.o
LOAD build/obj/gpt_lld.o
LOAD build/obj/icu_lld.o
LOAD build/obj/pwm_lld.o
LOAD build/obj/st_lld.o
LOAD build/obj/serial_lld.o
LOAD build/obj/uart_lld.o
LOAD build/obj/board.o
LOAD build/obj/fatfs_diskio.o
LOAD build/obj/fatfs_syscall.o
LOAD build/obj/ff.o
LOAD build/obj/unicode.o
LOAD build/obj/chprintf.o
LOAD build/obj/memstreams.o
LOAD build/obj/i2c_sensor.o
LOAD build/obj/bmp280.o
LOAD build/obj/si70x0.o
LOAD build/obj/ms5607.o
LOAD build/obj/hih6030.o
LOAD build/obj/lsm303.o
LOAD build/obj/rfm23bp.o
LOAD build/obj/rtd.o
LOAD build/obj/tmp275.o
LOAD build/obj/mpxm2102.o
LOAD build/obj/xbeepro.o
LOAD build/obj/datasample.o
LOAD build/obj/sensor_thread.o
LOAD build/obj/ustr.o
LOAD build/obj/umath.o
LOAD build/obj/gps.o
LOAD build/obj/sdmmcsimple.o
LOAD build/obj/datalogger.o
LOAD build/obj/main.o
                0x0000000020000000                __ram_start__ = ORIGIN (ram)
                0x0000000000010000                __ram_size__ = 0x10000
                0x0000000020010000                __ram_end__ = (__ram_start__ + __ram_size__)
                0x0000000000000000                . = 0x0
                0x0000000000000000                _text = .

startup         0x0000000008000000      0x1c0
 *(vectors)
 vectors        0x0000000008000000      0x1c0 /tmp/ccv8vRH2.ltrans2.ltrans.o
                0x0000000008000000                _vectors

constructors    0x00000000080001c0        0x0
                0x00000000080001c0                PROVIDE (__init_array_start, .)
 *(SORT(.init_array.*))
 *(.init_array)
                0x00000000080001c0                PROVIDE (__init_array_end, .)

destructors     0x00000000080001c0        0x0
                0x00000000080001c0                PROVIDE (__fini_array_start, .)
 *(.fini_array)
 *(SORT(.fini_array.*))
                0x00000000080001c0                PROVIDE (__fini_array_end, .)

.text           0x00000000080001c0     0x494c
 *(.text.startup.*)
 .text.startup.main
                0x00000000080001c0      0x890 /tmp/ccv8vRH2.ltrans1.ltrans.o
                0x00000000080001c0                main
 *(.text)
 .text          0x0000000008000a50       0x2e build/obj/chcoreasm_v7m.o
                0x0000000008000a50                _port_switch
                0x0000000008000a68                _port_thread_start
                0x0000000008000a76                _port_switch_from_isr
                0x0000000008000a7a                _port_exit_from_isr
 *fill*         0x0000000008000a7e        0x2 
 .text          0x0000000008000a80      0x370 /usr/bin/../lib/gcc/arm-none-eabi/4.8.4/armv7e-m/fpu/libgcc.a(_arm_addsubdf3.o)
                0x0000000008000a80                __aeabi_drsub
                0x0000000008000a88                __aeabi_dsub
                0x0000000008000a88                __subdf3
                0x0000000008000a8c                __adddf3
                0x0000000008000a8c                __aeabi_dadd
                0x0000000008000d04                __aeabi_ui2d
                0x0000000008000d04                __floatunsidf
                0x0000000008000d24                __floatsidf
                0x0000000008000d24                __aeabi_i2d
                0x0000000008000d48                __extendsfdf2
                0x0000000008000d48                __aeabi_f2d
                0x0000000008000d84                __aeabi_ul2d
                0x0000000008000d84                __floatundidf
                0x0000000008000d94                __floatdidf
                0x0000000008000d94                __aeabi_l2d
 .text          0x0000000008000df0      0x424 /usr/bin/../lib/gcc/arm-none-eabi/4.8.4/armv7e-m/fpu/libgcc.a(_arm_muldivdf3.o)
                0x0000000008000df0                __aeabi_dmul
                0x0000000008000df0                __muldf3
                0x0000000008001044                __aeabi_ddiv
                0x0000000008001044                __divdf3
 *fill*         0x0000000008001214        0xc 
 .text          0x0000000008001220       0x50 /usr/bin/../lib/gcc/arm-none-eabi/4.8.4/armv7e-m/fpu/libgcc.a(_arm_fixdfsi.o)
                0x0000000008001220                __fixdfsi
                0x0000000008001220                __aeabi_d2iz
 .text          0x0000000008001270       0xa0 /usr/bin/../lib/gcc/arm-none-eabi/4.8.4/armv7e-m/fpu/libgcc.a(_arm_truncdfsf2.o)
                0x0000000008001270                __aeabi_d2f
                0x0000000008001270                __truncdfsf2
 *(.text.*)
 .text.gpsRxErr.16068
                0x0000000008001310       0x10 /tmp/ccv8vRH2.ltrans0.ltrans.o
                0x0000000008001310                gpsRxErr.16068
 .text.gpsRxEnd.16065
                0x0000000008001320       0x10 /tmp/ccv8vRH2.ltrans0.ltrans.o
                0x0000000008001320                gpsRxEnd.16065
 .text.gpsTxC.16062
                0x0000000008001330       0x10 /tmp/ccv8vRH2.ltrans0.ltrans.o
                0x0000000008001330                gpsTxC.16062
 .text.gpsTxbufEnd.16059
                0x0000000008001340       0x10 /tmp/ccv8vRH2.ltrans0.ltrans.o
                0x0000000008001340                gpsTxbufEnd.16059
 .text.long_to_string_with_divisor.13045.4556
                0x0000000008001350       0x50 /tmp/ccv8vRH2.ltrans0.ltrans.o
 .text.chvprintf.4542
                0x00000000080013a0      0x3a0 /tmp/ccv8vRH2.ltrans0.ltrans.o
 .text.notify6.12010
                0x0000000008001740       0x10 /tmp/ccv8vRH2.ltrans0.ltrans.o
                0x0000000008001740                notify6.12010
 .text.notify2.12013
                0x0000000008001750       0x10 /tmp/ccv8vRH2.ltrans0.ltrans.o
                0x0000000008001750                notify2.12013
 .text.chSchWakeupS.constprop.38.4346
                0x0000000008001760       0x60 /tmp/ccv8vRH2.ltrans0.ltrans.o
 .text.i2c_lld_serve_rx_end_irq.11402
                0x00000000080017c0       0x70 /tmp/ccv8vRH2.ltrans0.ltrans.o
                0x00000000080017c0                i2c_lld_serve_rx_end_irq.11402
 .text.VectorD4
                0x0000000008001830       0x70 /tmp/ccv8vRH2.ltrans0.ltrans.o
                0x0000000008001830                VectorD4
 .text.gpsRxChar.16077
                0x00000000080018a0       0x90 /tmp/ccv8vRH2.ltrans0.ltrans.o
                0x00000000080018a0                gpsRxChar.16077
 .text.Vector164
                0x0000000008001930       0x30 /tmp/ccv8vRH2.ltrans0.ltrans.o
                0x0000000008001930                Vector164
 .text.VectorC0
                0x0000000008001960       0x30 /tmp/ccv8vRH2.ltrans0.ltrans.o
                0x0000000008001960                VectorC0
 .text.Vector160
                0x0000000008001990       0x20 /tmp/ccv8vRH2.ltrans0.ltrans.o
                0x0000000008001990                Vector160
 .text.VectorBC
                0x00000000080019b0       0x20 /tmp/ccv8vRH2.ltrans0.ltrans.o
                0x00000000080019b0                VectorBC
 .text.chSchGoSleepTimeoutS
                0x00000000080019d0       0xe0 /tmp/ccv8vRH2.ltrans0.ltrans.o
                0x00000000080019d0                chSchGoSleepTimeoutS
 .text.chThdSleep
                0x0000000008001ab0       0x20 /tmp/ccv8vRH2.ltrans0.ltrans.o
                0x0000000008001ab0                chThdSleep
 .text.chThdSleepUntil
                0x0000000008001ad0       0x20 /tmp/ccv8vRH2.ltrans0.ltrans.o
                0x0000000008001ad0                chThdSleepUntil
 .text.chThdEnqueueTimeoutS.4293
                0x0000000008001af0       0x30 /tmp/ccv8vRH2.ltrans0.ltrans.o
 .text.chIQGetTimeout.4238
                0x0000000008001b20       0x50 /tmp/ccv8vRH2.ltrans0.ltrans.o
 .text.gett.10196.4231
                0x0000000008001b70       0x10 /tmp/ccv8vRH2.ltrans0.ltrans.o
 .text.get.10200.4235
                0x0000000008001b80       0x10 /tmp/ccv8vRH2.ltrans0.ltrans.o
 .text.chIQReadTimeout.4253
                0x0000000008001b90       0x80 /tmp/ccv8vRH2.ltrans0.ltrans.o
 .text.readt.10173.4242
                0x0000000008001c10       0x10 /tmp/ccv8vRH2.ltrans0.ltrans.o
 .text.read.10180.4248
                0x0000000008001c20       0x10 /tmp/ccv8vRH2.ltrans0.ltrans.o
 .text.chOQPutTimeout.4268
                0x0000000008001c30       0x50 /tmp/ccv8vRH2.ltrans0.ltrans.o
 .text.putt.10203.4259
                0x0000000008001c80       0x10 /tmp/ccv8vRH2.ltrans0.ltrans.o
 .text.put.10208.4264
                0x0000000008001c90       0x10 /tmp/ccv8vRH2.ltrans0.ltrans.o
 .text.chOQWriteTimeout.4287
                0x0000000008001ca0       0x80 /tmp/ccv8vRH2.ltrans0.ltrans.o
 .text.writet.10185.4276
                0x0000000008001d20       0x10 /tmp/ccv8vRH2.ltrans0.ltrans.o
 .text.write.10191.4282
                0x0000000008001d30       0x10 /tmp/ccv8vRH2.ltrans0.ltrans.o
 .text.chThdCreateStatic
                0x0000000008001d40       0x80 /tmp/ccv8vRH2.ltrans0.ltrans.o
                0x0000000008001d40                chThdCreateStatic
 .text.chMtxUnlock
                0x0000000008001dc0       0x60 /tmp/ccv8vRH2.ltrans0.ltrans.o
                0x0000000008001dc0                chMtxUnlock
 .text.chTMStartMeasurementX.constprop.32
                0x0000000008001e20       0x10 /tmp/ccv8vRH2.ltrans0.ltrans.o
                0x0000000008001e20                chTMStartMeasurementX.constprop.32
 .text.sdObjectInit.constprop.27
                0x0000000008001e30       0x70 /tmp/ccv8vRH2.ltrans0.ltrans.o
                0x0000000008001e30                sdObjectInit.constprop.27
 .text.chprintf.13294.constprop.14
                0x0000000008001ea0       0x30 /tmp/ccv8vRH2.ltrans0.ltrans.o
                0x0000000008001ea0                chprintf.13294.constprop.14
 .text.I2CSensor_init
                0x0000000008001ed0       0x60 /tmp/ccv8vRH2.ltrans0.ltrans.o
                0x0000000008001ed0                I2CSensor_init
 .text.chprintf.13613.constprop.13
                0x0000000008001f30       0x30 /tmp/ccv8vRH2.ltrans0.ltrans.o
                0x0000000008001f30                chprintf.13613.constprop.13
 .text.uStrCpy.constprop.3
                0x0000000008001f60       0x40 /tmp/ccv8vRH2.ltrans0.ltrans.o
                0x0000000008001f60                uStrCpy.constprop.3
 .text.uStrInsertChar.constprop.2
                0x0000000008001fa0       0x40 /tmp/ccv8vRH2.ltrans0.ltrans.o
                0x0000000008001fa0                uStrInsertChar.constprop.2
 .text.chprintf.17288
                0x0000000008001fe0       0x20 /tmp/ccv8vRH2.ltrans0.ltrans.o
                0x0000000008001fe0                chprintf.17288
 .text.uStrPrependChar
                0x0000000008002000       0x30 /tmp/ccv8vRH2.ltrans0.ltrans.o
                0x0000000008002000                uStrPrependChar
 .text.chprintf.15697
                0x0000000008002030       0x20 /tmp/ccv8vRH2.ltrans0.ltrans.o
                0x0000000008002030                chprintf.15697
 .text.usart_stop.12171
                0x0000000008002050       0x50 /tmp/ccv8vRH2.ltrans0.ltrans.o
                0x0000000008002050                usart_stop.12171
 .text.I2CSensor_transact
                0x00000000080020a0      0x130 /tmp/ccv8vRH2.ltrans1.ltrans.o
                0x00000000080020a0                I2CSensor_transact
 .text.I2CSensor_transact_buf
                0x00000000080021d0       0x20 /tmp/ccv8vRH2.ltrans1.ltrans.o
                0x00000000080021d0                I2CSensor_transact_buf
 .text.si70x0_init
                0x00000000080021f0       0x90 /tmp/ccv8vRH2.ltrans1.ltrans.o
                0x00000000080021f0                si70x0_init
 .text.si70x0_heaterEnable
                0x0000000008002280       0x50 /tmp/ccv8vRH2.ltrans1.ltrans.o
                0x0000000008002280                si70x0_heaterEnable
 .text.si70x0_readTemperature
                0x00000000080022d0       0x60 /tmp/ccv8vRH2.ltrans1.ltrans.o
                0x00000000080022d0                si70x0_readTemperature
 .text.si70x0_readHumidity
                0x0000000008002330       0x70 /tmp/ccv8vRH2.ltrans1.ltrans.o
                0x0000000008002330                si70x0_readHumidity
 .text.sensorThread
                0x00000000080023a0      0x900 /tmp/ccv8vRH2.ltrans2.ltrans.o
                0x00000000080023a0                sensorThread
 .text.serve_interrupt.12020.4498
                0x0000000008002ca0      0x1a0 /tmp/ccv8vRH2.ltrans2.ltrans.o
 .text.Vector15C.4493
                0x0000000008002e40       0x20 /tmp/ccv8vRH2.ltrans2.ltrans.o
 .text.VectorD8.4496
                0x0000000008002e60       0x20 /tmp/ccv8vRH2.ltrans2.ltrans.o
 .text.Reset_Handler
                0x0000000008002e80      0x1c0 /tmp/ccv8vRH2.ltrans2.ltrans.o
                0x0000000008002e80                Reset_Handler
 .text.adc_lld_stop_conversion.4231
                0x0000000008003040       0x40 /tmp/ccv8vRH2.ltrans3.ltrans.o
 .text.chCoreAlloc
                0x0000000008003080       0x40 /tmp/ccv8vRH2.ltrans3.ltrans.o
                0x0000000008003080                chCoreAlloc
 .text.wakeup.4718
                0x00000000080030c0       0x70 /tmp/ccv8vRH2.ltrans3.ltrans.o
                0x00000000080030c0                wakeup.4718
 .text._idle_thread.4338
                0x0000000008003130       0x20 /tmp/ccv8vRH2.ltrans3.ltrans.o
                0x0000000008003130                _idle_thread.4338
 .text.SVC_Handler
                0x0000000008003150       0x20 /tmp/ccv8vRH2.ltrans3.ltrans.o
                0x0000000008003150                SVC_Handler
 .text.dmaStreamRelease
                0x0000000008003170       0x70 /tmp/ccv8vRH2.ltrans3.ltrans.o
                0x0000000008003170                dmaStreamRelease
 .text.dmaStreamAllocate
                0x00000000080031e0       0xc0 /tmp/ccv8vRH2.ltrans3.ltrans.o
                0x00000000080031e0                dmaStreamAllocate
 .text.chSchDoRescheduleAhead
                0x00000000080032a0       0x40 /tmp/ccv8vRH2.ltrans3.ltrans.o
                0x00000000080032a0                chSchDoRescheduleAhead
 .text.chSchRescheduleS
                0x00000000080032e0       0x20 /tmp/ccv8vRH2.ltrans3.ltrans.o
                0x00000000080032e0                chSchRescheduleS
 .text.chSchGoSleepS
                0x0000000008003300       0x30 /tmp/ccv8vRH2.ltrans3.ltrans.o
                0x0000000008003300                chSchGoSleepS
 .text._port_irq_epilogue
                0x0000000008003330       0x70 /tmp/ccv8vRH2.ltrans3.ltrans.o
                0x0000000008003330                _port_irq_epilogue
 .text.Vector158
                0x00000000080033a0       0x30 /tmp/ccv8vRH2.ltrans3.ltrans.o
                0x00000000080033a0                Vector158
 .text.Vector154
                0x00000000080033d0       0x30 /tmp/ccv8vRH2.ltrans3.ltrans.o
                0x00000000080033d0                Vector154
 .text.Vector150
                0x0000000008003400       0x30 /tmp/ccv8vRH2.ltrans3.ltrans.o
                0x0000000008003400                Vector150
 .text.Vector130
                0x0000000008003430       0x30 /tmp/ccv8vRH2.ltrans3.ltrans.o
                0x0000000008003430                Vector130
 .text.Vector12C
                0x0000000008003460       0x30 /tmp/ccv8vRH2.ltrans3.ltrans.o
                0x0000000008003460                Vector12C
 .text.Vector128
                0x0000000008003490       0x30 /tmp/ccv8vRH2.ltrans3.ltrans.o
                0x0000000008003490                Vector128
 .text.Vector124
                0x00000000080034c0       0x30 /tmp/ccv8vRH2.ltrans3.ltrans.o
                0x00000000080034c0                Vector124
 .text.Vector120
                0x00000000080034f0       0x30 /tmp/ccv8vRH2.ltrans3.ltrans.o
                0x00000000080034f0                Vector120
 .text.VectorFC
                0x0000000008003520       0x30 /tmp/ccv8vRH2.ltrans3.ltrans.o
                0x0000000008003520                VectorFC
 .text.Vector84
                0x0000000008003550       0x30 /tmp/ccv8vRH2.ltrans3.ltrans.o
                0x0000000008003550                Vector84
 .text.Vector80
                0x0000000008003580       0x30 /tmp/ccv8vRH2.ltrans3.ltrans.o
                0x0000000008003580                Vector80
 .text.Vector7C
                0x00000000080035b0       0x30 /tmp/ccv8vRH2.ltrans3.ltrans.o
                0x00000000080035b0                Vector7C
 .text.Vector78
                0x00000000080035e0       0x30 /tmp/ccv8vRH2.ltrans3.ltrans.o
                0x00000000080035e0                Vector78
 .text.Vector74
                0x0000000008003610       0x30 /tmp/ccv8vRH2.ltrans3.ltrans.o
                0x0000000008003610                Vector74
 .text.Vector70
                0x0000000008003640       0x30 /tmp/ccv8vRH2.ltrans3.ltrans.o
                0x0000000008003640                Vector70
 .text.Vector6C
                0x0000000008003670       0x30 /tmp/ccv8vRH2.ltrans3.ltrans.o
                0x0000000008003670                Vector6C
 .text.chSchReadyI
                0x00000000080036a0       0x30 /tmp/ccv8vRH2.ltrans3.ltrans.o
                0x00000000080036a0                chSchReadyI
 .text.chEvtBroadcastFlagsI
                0x00000000080036d0       0x60 /tmp/ccv8vRH2.ltrans3.ltrans.o
                0x00000000080036d0                chEvtBroadcastFlagsI
 .text.chMtxLockS
                0x0000000008003730       0xd0 /tmp/ccv8vRH2.ltrans3.ltrans.o
                0x0000000008003730                chMtxLockS
 .text.chThdResumeI
                0x0000000008003800       0x20 /tmp/ccv8vRH2.ltrans3.ltrans.o
                0x0000000008003800                chThdResumeI
 .text.i2c_lld_serve_error_interrupt.11412
                0x0000000008003820       0xb0 /tmp/ccv8vRH2.ltrans3.ltrans.o
                0x0000000008003820                i2c_lld_serve_error_interrupt.11412
 .text.i2c_lld_serve_event_interrupt.11409
                0x00000000080038d0      0x100 /tmp/ccv8vRH2.ltrans3.ltrans.o
                0x00000000080038d0                i2c_lld_serve_event_interrupt.11409
 .text.Vector88
                0x00000000080039d0       0x70 /tmp/ccv8vRH2.ltrans3.ltrans.o
                0x00000000080039d0                Vector88
 .text.adc_lld_serve_rx_interrupt.11091
                0x0000000008003a40       0xd0 /tmp/ccv8vRH2.ltrans3.ltrans.o
                0x0000000008003a40                adc_lld_serve_rx_interrupt.11091
 .text.chTMStopMeasurementX
                0x0000000008003b10       0x50 /tmp/ccv8vRH2.ltrans3.ltrans.o
                0x0000000008003b10                chTMStopMeasurementX
 .text._unhandled_exception.4367
                0x0000000008003b60       0x10 /tmp/ccv8vRH2.ltrans3.ltrans.o
                0x0000000008003b60                Vector58
                0x0000000008003b60                VectorE8
                0x0000000008003b60                Vector9C
                0x0000000008003b60                VectorAC
                0x0000000008003b60                DebugMon_Handler
                0x0000000008003b60                Vector1A0
                0x0000000008003b60                Vector5C
                0x0000000008003b60                Vector11C
                0x0000000008003b60                HardFault_Handler
                0x0000000008003b60                Vector1B8
                0x0000000008003b60                Vector19C
                0x0000000008003b60                Vector8C
                0x0000000008003b60                SysTick_Handler
                0x0000000008003b60                VectorDC
                0x0000000008003b60                PendSV_Handler
                0x0000000008003b60                Vector168
                0x0000000008003b60                NMI_Handler
                0x0000000008003b60                Vector110
                0x0000000008003b60                VectorC8
                0x0000000008003b60                Vector94
                0x0000000008003b60                VectorA8
                0x0000000008003b60                VectorB4
                0x0000000008003b60                Vector1B0
                0x0000000008003b60                UsageFault_Handler
                0x0000000008003b60                VectorEC
                0x0000000008003b60                Vector40
                0x0000000008003b60                VectorF8
                0x0000000008003b60                Vector108
                0x0000000008003b60                Vector190
                0x0000000008003b60                Vector148
                0x0000000008003b60                Vector188
                0x0000000008003b60                Vector198
                0x0000000008003b60                Vector118
                0x0000000008003b60                Vector64
                0x0000000008003b60                VectorCC
                0x0000000008003b60                Vector54
                0x0000000008003b60                Vector98
                0x0000000008003b60                Vector138
                0x0000000008003b60                Vector24
                0x0000000008003b60                Vector1AC
                0x0000000008003b60                Vector178
                0x0000000008003b60                Vector1A4
                0x0000000008003b60                VectorD0
                0x0000000008003b60                Vector1B4
                0x0000000008003b60                Vector140
                0x0000000008003b60                VectorE4
                0x0000000008003b60                Vector134
                0x0000000008003b60                VectorF0
                0x0000000008003b60                Vector13C
                0x0000000008003b60                Vector100
                0x0000000008003b60                VectorE0
                0x0000000008003b60                VectorF4
                0x0000000008003b60                MemManage_Handler
                0x0000000008003b60                VectorA0
                0x0000000008003b60                VectorC4
                0x0000000008003b60                Vector180
                0x0000000008003b60                Vector90
                0x0000000008003b60                Vector114
                0x0000000008003b60                Vector60
                0x0000000008003b60                Vector1C
                0x0000000008003b60                Vector1BC
                0x0000000008003b60                Vector17C
                0x0000000008003b60                Vector48
                0x0000000008003b60                Vector1A8
                0x0000000008003b60                Vector16C
                0x0000000008003b60                Vector4C
                0x0000000008003b60                Vector144
                0x0000000008003b60                Vector68
                0x0000000008003b60                Vector170
                0x0000000008003b60                Vector104
                0x0000000008003b60                Vector184
                0x0000000008003b60                Vector10C
                0x0000000008003b60                Vector14C
                0x0000000008003b60                BusFault_Handler
                0x0000000008003b60                Vector50
                0x0000000008003b60                Vector194
                0x0000000008003b60                Vector44
                0x0000000008003b60                Vector28
                0x0000000008003b60                VectorB8
                0x0000000008003b60                Vector34
                0x0000000008003b60                VectorA4
                0x0000000008003b60                Vector20
                0x0000000008003b60                Vector18C
                0x0000000008003b60                Vector174
 .text.i2c_lld_serve_tx_end_irq.11398.4378
                0x0000000008003b70       0x50 /tmp/ccv8vRH2.ltrans4.ltrans.o
 .text.uart_lld_serve_rx_end_irq.12164
                0x0000000008003bc0       0x90 /tmp/ccv8vRH2.ltrans4.ltrans.o
                0x0000000008003bc0                uart_lld_serve_rx_end_irq.12164
 .text.uart_lld_serve_tx_end_irq.12160
                0x0000000008003c50       0x60 /tmp/ccv8vRH2.ltrans4.ltrans.o
                0x0000000008003c50                uart_lld_serve_tx_end_irq.12160
 .text.gpsThread
                0x0000000008003cb0      0x3e0 /tmp/ccv8vRH2.ltrans4.ltrans.o
                0x0000000008003cb0                gpsThread
 .text.VectorB0
                0x0000000008004090       0x90 /tmp/ccv8vRH2.ltrans4.ltrans.o
                0x0000000008004090                VectorB0
 .text.beaconThread
                0x0000000008004120       0x40 /tmp/ccv8vRH2.ltrans4.ltrans.o
                0x0000000008004120                beaconThread
 .text.sd_lld_start
                0x0000000008004160       0xd0 /tmp/ccv8vRH2.ltrans4.ltrans.o
                0x0000000008004160                sd_lld_start
 .text.i2cStart
                0x0000000008004230      0x220 /tmp/ccv8vRH2.ltrans4.ltrans.o
                0x0000000008004230                i2cStart
 .text.chThdExit
                0x0000000008004450       0x50 /tmp/ccv8vRH2.ltrans5.ltrans.o
                0x0000000008004450                chThdExit
 .text.chSchDoReschedule
                0x00000000080044a0       0x10 /tmp/ccv8vRH2.ltrans5.ltrans.o
                0x00000000080044a0                chSchDoReschedule
 .text.strcpy   0x00000000080044b0       0xbc /usr/bin/../lib/gcc/arm-none-eabi/4.8.4/../../../../arm-none-eabi/lib/armv7e-m/fpu/libc.a(lib_a-strcpy.o)
                0x00000000080044b0                strcpy
 *fill*         0x000000000800456c        0x4 
 .text.strlen   0x0000000008004570       0x60 /usr/bin/../lib/gcc/arm-none-eabi/4.8.4/../../../../arm-none-eabi/lib/armv7e-m/fpu/libc.a(lib_a-strlen.o)
                0x0000000008004570                strlen
 .text.strncmp  0x00000000080045d0       0xb4 /usr/bin/../lib/gcc/arm-none-eabi/4.8.4/../../../../arm-none-eabi/lib/armv7e-m/fpu/libc.a(lib_a-strncmp.o)
                0x00000000080045d0                strncmp
 *(.rodata)
 *fill*         0x0000000008004684        0xc 
 .rodata        0x0000000008004690        0xc /tmp/ccv8vRH2.ltrans1.ltrans.o
 *fill*         0x000000000800469c        0x4 
 .rodata        0x00000000080046a0       0x18 /tmp/ccv8vRH2.ltrans2.ltrans.o
 *(.rodata.*)
 *fill*         0x00000000080046b8        0x8 
 .rodata.str1.4
                0x00000000080046c0       0x2b /tmp/ccv8vRH2.ltrans0.ltrans.o
                                         0x2c (size before relaxing)
 *fill*         0x00000000080046eb        0x5 
 .rodata.pow10.13096.4651
                0x00000000080046f0       0x24 /tmp/ccv8vRH2.ltrans0.ltrans.o
 *fill*         0x0000000008004714        0xc 
 .rodata.vmt.10284.4633
                0x0000000008004720       0x20 /tmp/ccv8vRH2.ltrans0.ltrans.o
 .rodata.str1.4
                0x0000000008004740       0xb5 /tmp/ccv8vRH2.ltrans1.ltrans.o
                                         0xb8 (size before relaxing)
 *fill*         0x00000000080047f5        0xb 
 .rodata.ch_debug
                0x0000000008004800       0x18 /tmp/ccv8vRH2.ltrans1.ltrans.o
 *fill*         0x0000000008004818        0x8 
 .rodata._stm32_dma_streams
                0x0000000008004820       0xc0 /tmp/ccv8vRH2.ltrans1.ltrans.o
 .rodata.analogGrp.15811.4748
                0x00000000080048e0       0x28 /tmp/ccv8vRH2.ltrans2.ltrans.o
 *fill*         0x0000000008004908        0x8 
 .rodata.ii2cCfg.15815.4751
                0x0000000008004910        0xc /tmp/ccv8vRH2.ltrans2.ltrans.o
 *fill*         0x000000000800491c        0x4 
 .rodata.ei2cCfg.15814.4752
                0x0000000008004920        0xc /tmp/ccv8vRH2.ltrans2.ltrans.o
 *fill*         0x000000000800492c        0x4 
 .rodata.str1.4
                0x0000000008004930      0x1af /tmp/ccv8vRH2.ltrans2.ltrans.o
                                        0x1b0 (size before relaxing)
 *fill*         0x0000000008004adf        0x1 
 .rodata.str1.4
                0x0000000008004ae0        0x5 /tmp/ccv8vRH2.ltrans3.ltrans.o
                                          0x8 (size before relaxing)
 *fill*         0x0000000008004ae5        0xb 
 .rodata.str1.4
                0x0000000008004af0        0xc /tmp/ccv8vRH2.ltrans4.ltrans.o
                                         0x18 (size before relaxing)
 *fill*         0x0000000008004afc        0x4 
 .rodata.default_config.12051.4517
                0x0000000008004b00        0xc /tmp/ccv8vRH2.ltrans4.ltrans.o
 *(.glue_7t)
 .glue_7t       0x0000000000000000        0x0 linker stubs
 *(.glue_7)
 .glue_7        0x0000000000000000        0x0 linker stubs
 *(.gcc*)

.vfp11_veneer   0x0000000008004b0c        0x0
 .vfp11_veneer  0x0000000000000000        0x0 linker stubs

.v4_bx          0x0000000008004b0c        0x0
 .v4_bx         0x0000000000000000        0x0 linker stubs

.iplt           0x0000000008004b0c        0x0
 .iplt          0x0000000000000000        0x0 build/obj/chcoreasm_v7m.o

.rel.dyn        0x0000000008004b0c        0x0
 .rel.iplt      0x0000000000000000        0x0 build/obj/chcoreasm_v7m.o

.ARM.extab
 *(.ARM.extab* .gnu.linkonce.armextab.*)

.ARM.exidx      0x0000000008004b0c        0x0
                0x0000000008004b0c                PROVIDE (__exidx_start, .)
 *(.ARM.exidx* .gnu.linkonce.armexidx.*)
                0x0000000008004b0c                PROVIDE (__exidx_end, .)

.eh_frame_hdr
 *(.eh_frame_hdr)

.eh_frame
 *(.eh_frame)

.textalign      0x0000000008004b0c        0x4
                0x0000000008004b10                . = ALIGN (0x8)
 *fill*         0x0000000008004b0c        0x4 
                0x0000000008004b10                . = ALIGN (0x4)
                0x0000000008004b10                _etext = .
                0x0000000008004b10                _textdata = _etext

.stacks         0x0000000020000000      0x800
                0x0000000020000000                . = ALIGN (0x8)
                0x0000000020000000                __main_stack_base__ = .
                0x0000000020000400                . = (. + __main_stack_size__)
 *fill*         0x0000000020000000      0x400 
                0x0000000020000400                . = ALIGN (0x8)
                0x0000000020000400                __main_stack_end__ = .
                0x0000000020000400                __process_stack_base__ = .
                0x0000000020000400                __main_thread_stack_base__ = .
                0x0000000020000800                . = (. + __process_stack_size__)
 *fill*         0x0000000020000400      0x400 
                0x0000000020000800                . = ALIGN (0x8)
                0x0000000020000800                __process_stack_end__ = .
                0x0000000020000800                __main_thread_stack_end__ = .

.data           0x0000000020000800       0x38 load address 0x0000000008004b10
                0x0000000020000800                . = ALIGN (0x4)
                0x0000000020000800                PROVIDE (_data, .)
 *(.data)
 *(.data.*)
 .data.serCfg.17355.4840
                0x0000000020000800        0xc /tmp/ccv8vRH2.ltrans1.ltrans.o
 .data.serGpsCfg.16145.4809
                0x000000002000080c       0x20 /tmp/ccv8vRH2.ltrans1.ltrans.o
 .data.xbeeSerCfg.15021.4841
                0x000000002000082c        0xc /tmp/ccv8vRH2.ltrans1.ltrans.o
 *(.ramtext)
                0x0000000020000838                . = ALIGN (0x4)
                0x0000000020000838                PROVIDE (_edata, .)

.igot.plt       0x0000000020000838        0x0 load address 0x0000000008004b48
 .igot.plt      0x0000000000000000        0x0 build/obj/chcoreasm_v7m.o

.bss            0x0000000020000838     0x26ec
                0x0000000020000838                . = ALIGN (0x4)
                0x0000000020000838                PROVIDE (_bss_start, .)
 *(.bss)
 *(.bss.*)
 .bss.dma_streams_mask.10838
                0x0000000020000838        0x4 /tmp/ccv8vRH2.ltrans1.ltrans.o
                0x0000000020000838                dma_streams_mask.10838
 .bss.nextmem.6820
                0x000000002000083c        0x4 /tmp/ccv8vRH2.ltrans1.ltrans.o
                0x000000002000083c                nextmem.6820
 .bss.dummytx.11757.4802
                0x0000000020000840        0x2 /tmp/ccv8vRH2.ltrans1.ltrans.o
 *fill*         0x0000000020000842        0x2 
 .bss.SPID3.4811
                0x0000000020000844       0x30 /tmp/ccv8vRH2.ltrans1.ltrans.o
 .bss.xbee.17353.4806
                0x0000000020000874        0x8 /tmp/ccv8vRH2.ltrans1.ltrans.o
 *fill*         0x000000002000087c        0x4 
 .bss.default_heap.6947.4918
                0x0000000020000880       0x20 /tmp/ccv8vRH2.ltrans1.ltrans.o
 .bss.GPS.16146
                0x00000000200008a0      0x140 /tmp/ccv8vRH2.ltrans1.ltrans.o
                0x00000000200008a0                GPS.16146
 .bss.dma_isr_redir.10833
                0x00000000200009e0       0x80 /tmp/ccv8vRH2.ltrans1.ltrans.o
                0x00000000200009e0                dma_isr_redir.10833
 .bss.waGps.17359.4827
                0x0000000020000a60      0x658 /tmp/ccv8vRH2.ltrans1.ltrans.o
 .bss.UARTD1    0x00000000200010b8       0x1c /tmp/ccv8vRH2.ltrans1.ltrans.o
                0x00000000200010b8                UARTD1
 *fill*         0x00000000200010d4        0x4 
 .bss._idle_thread_wa.4385.4917
                0x00000000200010d8      0x160 /tmp/ccv8vRH2.ltrans1.ltrans.o
 .bss.waSensor.17358.4829
                0x0000000020001238     0x1150 /tmp/ccv8vRH2.ltrans1.ltrans.o
 .bss.waBeacon.17357.4830
                0x0000000020002388      0x190 /tmp/ccv8vRH2.ltrans1.ltrans.o
 .bss.errors.13409.4803
                0x0000000020002518        0x4 /tmp/ccv8vRH2.ltrans1.ltrans.o
 .bss.endmem.6822
                0x000000002000251c        0x4 /tmp/ccv8vRH2.ltrans1.ltrans.o
                0x000000002000251c                endmem.6822
 .bss.mainthread.6320.4386.4810
                0x0000000020002520       0x44 /tmp/ccv8vRH2.ltrans1.ltrans.o
 .bss.sensCount.13865.4804
                0x0000000020002564        0x1 /tmp/ccv8vRH2.ltrans1.ltrans.o
 *fill*         0x0000000020002565        0x3 
 .bss.SD6       0x0000000020002568      0x458 /tmp/ccv8vRH2.ltrans2.ltrans.o
                0x0000000020002568                SD6
 .bss.sensCount.13663.4740
                0x00000000200029c0        0x1 /tmp/ccv8vRH2.ltrans2.ltrans.o
 .bss.sensCount.14051.4741
                0x00000000200029c1        0x1 /tmp/ccv8vRH2.ltrans2.ltrans.o
 .bss.activeAnalogCh.15816.4744
                0x00000000200029c2        0x1 /tmp/ccv8vRH2.ltrans2.ltrans.o
 .bss.sensCount.14409.4742
                0x00000000200029c3        0x1 /tmp/ccv8vRH2.ltrans2.ltrans.o
 .bss.ADCD1     0x00000000200029c4       0x34 /tmp/ccv8vRH2.ltrans2.ltrans.o
                0x00000000200029c4                ADCD1
 .bss.SD2       0x00000000200029f8      0x458 /tmp/ccv8vRH2.ltrans2.ltrans.o
                0x00000000200029f8                SD2
 .bss.analogSamples.15817.4753
                0x0000000020002e50        0xc /tmp/ccv8vRH2.ltrans2.ltrans.o
 .bss.sensCount.14811.4743
                0x0000000020002e5c        0x1 /tmp/ccv8vRH2.ltrans2.ltrans.o
 *fill*         0x0000000020002e5d        0x3 
 .bss.I2CD1     0x0000000020002e60       0x38 /tmp/ccv8vRH2.ltrans2.ltrans.o
                0x0000000020002e60                I2CD1
 .bss.I2CD3     0x0000000020002e98       0x38 /tmp/ccv8vRH2.ltrans2.ltrans.o
                0x0000000020002e98                I2CD3
 .bss.tokBuf.16147
                0x0000000020002ed0       0x14 /tmp/ccv8vRH2.ltrans4.ltrans.o
                0x0000000020002ed0                tokBuf.16147
 .bss.gpsSem    0x0000000020002ee4        0xc /tmp/ccv8vRH2.ltrans4.ltrans.o
                0x0000000020002ee4                gpsSem
 .bss.ch        0x0000000020002ef0       0x34 /tmp/ccv8vRH2.ltrans5.ltrans.o
                0x0000000020002ef0                ch
 *(COMMON)
                0x0000000020002f24                . = ALIGN (0x4)
                0x0000000020002f24                PROVIDE (_bss_end, .)
                0x0000000020002f24                PROVIDE (end, .)
                0x0000000020002f24                _end = .
                0x0000000020002f24                __heap_base__ = _end
                0x0000000020010000                __heap_end__ = __ram_end__
                0x0000000000000400                __process_stack_size__ = 0x400
                0x0000000000000400                __main_stack_size__ = 0x400
START GROUP
LOAD /usr/bin/../lib/gcc/arm-none-eabi/4.8.4/armv7e-m/fpu/libgcc.a
LOAD /usr/bin/../lib/gcc/arm-none-eabi/4.8.4/../../../../arm-none-eabi/lib/armv7e-m/fpu/libc.a
END GROUP
OUTPUT(build/stribog.elf elf32-littlearm)

.ARM.attributes
                0x0000000000000000       0x35
 .ARM.attributes
                0x0000000000000000       0x25 build/obj/chcoreasm_v7m.o
 .ARM.attributes
                0x0000000000000025       0x37 /tmp/ccv8vRH2.ltrans0.ltrans.o
 .ARM.attributes
                0x000000000000005c       0x37 /tmp/ccv8vRH2.ltrans1.ltrans.o
 .ARM.attributes
                0x0000000000000093       0x37 /tmp/ccv8vRH2.ltrans2.ltrans.o
 .ARM.attributes
                0x00000000000000ca       0x37 /tmp/ccv8vRH2.ltrans3.ltrans.o
 .ARM.attributes
                0x0000000000000101       0x37 /tmp/ccv8vRH2.ltrans4.ltrans.o
 .ARM.attributes
                0x0000000000000138       0x37 /tmp/ccv8vRH2.ltrans5.ltrans.o
 .ARM.attributes
                0x000000000000016f       0x22 /usr/bin/../lib/gcc/arm-none-eabi/4.8.4/armv7e-m/fpu/libgcc.a(_arm_addsubdf3.o)
 .ARM.attributes
                0x0000000000000191       0x22 /usr/bin/../lib/gcc/arm-none-eabi/4.8.4/armv7e-m/fpu/libgcc.a(_arm_muldivdf3.o)
 .ARM.attributes
                0x00000000000001b3       0x22 /usr/bin/../lib/gcc/arm-none-eabi/4.8.4/armv7e-m/fpu/libgcc.a(_arm_fixdfsi.o)
 .ARM.attributes
                0x00000000000001d5       0x22 /usr/bin/../lib/gcc/arm-none-eabi/4.8.4/armv7e-m/fpu/libgcc.a(_arm_truncdfsf2.o)
 .ARM.attributes
                0x00000000000001f7       0x34 /usr/bin/../lib/gcc/arm-none-eabi/4.8.4/../../../../arm-none-eabi/lib/armv7e-m/fpu/libc.a(lib_a-strcpy.o)
 .ARM.attributes
                0x000000000000022b       0x34 /usr/bin/../lib/gcc/arm-none-eabi/4.8.4/../../../../arm-none-eabi/lib/armv7e-m/fpu/libc.a(lib_a-strlen.o)
 .ARM.attributes
                0x000000000000025f       0x34 /usr/bin/../lib/gcc/arm-none-eabi/4.8.4/../../../../arm-none-eabi/lib/armv7e-m/fpu/libc.a(lib_a-strncmp.o)

.comment        0x0000000000000000       0x70
 .comment       0x0000000000000000       0x70 /tmp/ccv8vRH2.ltrans0.ltrans.o
                                         0x71 (size before relaxing)
 .comment       0x0000000000000000       0x71 /tmp/ccv8vRH2.ltrans1.ltrans.o
 .comment       0x0000000000000000       0x71 /tmp/ccv8vRH2.ltrans2.ltrans.o
 .comment       0x0000000000000000       0x71 /tmp/ccv8vRH2.ltrans3.ltrans.o
 .comment       0x0000000000000000       0x71 /tmp/ccv8vRH2.ltrans4.ltrans.o
 .comment       0x0000000000000000       0x71 /tmp/ccv8vRH2.ltrans5.ltrans.o

.debug_frame    0x0000000000000000       0x68
 .debug_frame   0x0000000000000000       0x20 /usr/bin/../lib/gcc/arm-none-eabi/4.8.4/../../../../arm-none-eabi/lib/armv7e-m/fpu/libc.a(lib_a-strcpy.o)
 .debug_frame   0x0000000000000020       0x20 /usr/bin/../lib/gcc/arm-none-eabi/4.8.4/../../../../arm-none-eabi/lib/armv7e-m/fpu/libc.a(lib_a-strlen.o)
 .debug_frame   0x0000000000000040       0x28 /usr/bin/../lib/gcc/arm-none-eabi/4.8.4/../../../../arm-none-eabi/lib/armv7e-m/fpu/libc.a(lib_a-strncmp.o)

Cross Reference Table

Symbol                                            File
ADCD1                                             /tmp/ccv8vRH2.ltrans2.ltrans.o
                                                  /tmp/ccv8vRH2.ltrans3.ltrans.o
                                                  /tmp/ccv8vRH2.ltrans1.ltrans.o
BusFault_Handler                                  /tmp/ccv8vRH2.ltrans3.ltrans.o
                                                  /tmp/ccv8vRH2.ltrans2.ltrans.o
DebugMon_Handler                                  /tmp/ccv8vRH2.ltrans3.ltrans.o
                                                  /tmp/ccv8vRH2.ltrans2.ltrans.o
GPS.16146                                         /tmp/ccv8vRH2.ltrans1.ltrans.o
                                                  /tmp/ccv8vRH2.ltrans4.ltrans.o
                                                  /tmp/ccv8vRH2.ltrans0.ltrans.o
HardFault_Handler                                 /tmp/ccv8vRH2.ltrans3.ltrans.o
                                                  /tmp/ccv8vRH2.ltrans2.ltrans.o
I2CD1                                             /tmp/ccv8vRH2.ltrans2.ltrans.o
                                                  /tmp/ccv8vRH2.ltrans4.ltrans.o
                                                  /tmp/ccv8vRH2.ltrans1.ltrans.o
                                                  /tmp/ccv8vRH2.ltrans0.ltrans.o
I2CD3                                             /tmp/ccv8vRH2.ltrans2.ltrans.o
                                                  /tmp/ccv8vRH2.ltrans4.ltrans.o
                                                  /tmp/ccv8vRH2.ltrans1.ltrans.o
                                                  /tmp/ccv8vRH2.ltrans0.ltrans.o
I2CSensor_init                                    /tmp/ccv8vRH2.ltrans0.ltrans.o
                                                  /tmp/ccv8vRH2.ltrans2.ltrans.o
                                                  /tmp/ccv8vRH2.ltrans1.ltrans.o
I2CSensor_transact                                /tmp/ccv8vRH2.ltrans1.ltrans.o
                                                  /tmp/ccv8vRH2.ltrans2.ltrans.o
I2CSensor_transact_buf                            /tmp/ccv8vRH2.ltrans1.ltrans.o
                                                  /tmp/ccv8vRH2.ltrans2.ltrans.o
MemManage_Handler                                 /tmp/ccv8vRH2.ltrans3.ltrans.o
                                                  /tmp/ccv8vRH2.ltrans2.ltrans.o
NMI_Handler                                       /tmp/ccv8vRH2.ltrans3.ltrans.o
                                                  /tmp/ccv8vRH2.ltrans2.ltrans.o
PendSV_Handler                                    /tmp/ccv8vRH2.ltrans3.ltrans.o
                                                  /tmp/ccv8vRH2.ltrans2.ltrans.o
Reset_Handler                                     /tmp/ccv8vRH2.ltrans2.ltrans.o
SD2                                               /tmp/ccv8vRH2.ltrans2.ltrans.o
                                                  /tmp/ccv8vRH2.ltrans4.ltrans.o
                                                  /tmp/ccv8vRH2.ltrans1.ltrans.o
SD6                                               /tmp/ccv8vRH2.ltrans2.ltrans.o
                                                  /tmp/ccv8vRH2.ltrans4.ltrans.o
                                                  /tmp/ccv8vRH2.ltrans1.ltrans.o
                                                  /tmp/ccv8vRH2.ltrans0.ltrans.o
SVC_Handler                                       /tmp/ccv8vRH2.ltrans3.ltrans.o
                                                  /tmp/ccv8vRH2.ltrans2.ltrans.o
SysTick_Handler                                   /tmp/ccv8vRH2.ltrans3.ltrans.o
                                                  /tmp/ccv8vRH2.ltrans2.ltrans.o
UARTD1                                            /tmp/ccv8vRH2.ltrans1.ltrans.o
                                                  /tmp/ccv8vRH2.ltrans4.ltrans.o
                                                  /tmp/ccv8vRH2.ltrans0.ltrans.o
UsageFault_Handler                                /tmp/ccv8vRH2.ltrans3.ltrans.o
                                                  /tmp/ccv8vRH2.ltrans2.ltrans.o
Vector100                                         /tmp/ccv8vRH2.ltrans3.ltrans.o
                                                  /tmp/ccv8vRH2.ltrans2.ltrans.o
Vector104                                         /tmp/ccv8vRH2.ltrans3.ltrans.o
                                                  /tmp/ccv8vRH2.ltrans2.ltrans.o
Vector108                                         /tmp/ccv8vRH2.ltrans3.ltrans.o
                                                  /tmp/ccv8vRH2.ltrans2.ltrans.o
Vector10C                                         /tmp/ccv8vRH2.ltrans3.ltrans.o
                                                  /tmp/ccv8vRH2.ltrans2.ltrans.o
Vector110                                         /tmp/ccv8vRH2.ltrans3.ltrans.o
                                                  /tmp/ccv8vRH2.ltrans2.ltrans.o
Vector114                                         /tmp/ccv8vRH2.ltrans3.ltrans.o
                                                  /tmp/ccv8vRH2.ltrans2.ltrans.o
Vector118                                         /tmp/ccv8vRH2.ltrans3.ltrans.o
                                                  /tmp/ccv8vRH2.ltrans2.ltrans.o
Vector11C                                         /tmp/ccv8vRH2.ltrans3.ltrans.o
                                                  /tmp/ccv8vRH2.ltrans2.ltrans.o
Vector120                                         /tmp/ccv8vRH2.ltrans3.ltrans.o
                                                  /tmp/ccv8vRH2.ltrans2.ltrans.o
Vector124                                         /tmp/ccv8vRH2.ltrans3.ltrans.o
                                                  /tmp/ccv8vRH2.ltrans2.ltrans.o
Vector128                                         /tmp/ccv8vRH2.ltrans3.ltrans.o
                                                  /tmp/ccv8vRH2.ltrans2.ltrans.o
Vector12C                                         /tmp/ccv8vRH2.ltrans3.ltrans.o
                                                  /tmp/ccv8vRH2.ltrans2.ltrans.o
Vector130                                         /tmp/ccv8vRH2.ltrans3.ltrans.o
                                                  /tmp/ccv8vRH2.ltrans2.ltrans.o
Vector134                                         /tmp/ccv8vRH2.ltrans3.ltrans.o
                                                  /tmp/ccv8vRH2.ltrans2.ltrans.o
Vector138                                         /tmp/ccv8vRH2.ltrans3.ltrans.o
                                                  /tmp/ccv8vRH2.ltrans2.ltrans.o
Vector13C                                         /tmp/ccv8vRH2.ltrans3.ltrans.o
                                                  /tmp/ccv8vRH2.ltrans2.ltrans.o
Vector140                                         /tmp/ccv8vRH2.ltrans3.ltrans.o
                                                  /tmp/ccv8vRH2.ltrans2.ltrans.o
Vector144                                         /tmp/ccv8vRH2.ltrans3.ltrans.o
                                                  /tmp/ccv8vRH2.ltrans2.ltrans.o
Vector148                                         /tmp/ccv8vRH2.ltrans3.ltrans.o
                                                  /tmp/ccv8vRH2.ltrans2.ltrans.o
Vector14C                                         /tmp/ccv8vRH2.ltrans3.ltrans.o
                                                  /tmp/ccv8vRH2.ltrans2.ltrans.o
Vector150                                         /tmp/ccv8vRH2.ltrans3.ltrans.o
                                                  /tmp/ccv8vRH2.ltrans2.ltrans.o
Vector154                                         /tmp/ccv8vRH2.ltrans3.ltrans.o
                                                  /tmp/ccv8vRH2.ltrans2.ltrans.o
Vector158                                         /tmp/ccv8vRH2.ltrans3.ltrans.o
                                                  /tmp/ccv8vRH2.ltrans2.ltrans.o
Vector160                                         /tmp/ccv8vRH2.ltrans0.ltrans.o
                                                  /tmp/ccv8vRH2.ltrans2.ltrans.o
Vector164                                         /tmp/ccv8vRH2.ltrans0.ltrans.o
                                                  /tmp/ccv8vRH2.ltrans2.ltrans.o
Vector168                                         /tmp/ccv8vRH2.ltrans3.ltrans.o
                                                  /tmp/ccv8vRH2.ltrans2.ltrans.o
Vector16C                                         /tmp/ccv8vRH2.ltrans3.ltrans.o
                                                  /tmp/ccv8vRH2.ltrans2.ltrans.o
Vector170                                         /tmp/ccv8vRH2.ltrans3.ltrans.o
                                                  /tmp/ccv8vRH2.ltrans2.ltrans.o
Vector174                                         /tmp/ccv8vRH2.ltrans3.ltrans.o
                                                  /tmp/ccv8vRH2.ltrans2.ltrans.o
Vector178                                         /tmp/ccv8vRH2.ltrans3.ltrans.o
                                                  /tmp/ccv8vRH2.ltrans2.ltrans.o
Vector17C                                         /tmp/ccv8vRH2.ltrans3.ltrans.o
                                                  /tmp/ccv8vRH2.ltrans2.ltrans.o
Vector180                                         /tmp/ccv8vRH2.ltrans3.ltrans.o
                                                  /tmp/ccv8vRH2.ltrans2.ltrans.o
Vector184                                         /tmp/ccv8vRH2.ltrans3.ltrans.o
                                                  /tmp/ccv8vRH2.ltrans2.ltrans.o
Vector188                                         /tmp/ccv8vRH2.ltrans3.ltrans.o
                                                  /tmp/ccv8vRH2.ltrans2.ltrans.o
Vector18C                                         /tmp/ccv8vRH2.ltrans3.ltrans.o
                                                  /tmp/ccv8vRH2.ltrans2.ltrans.o
Vector190                                         /tmp/ccv8vRH2.ltrans3.ltrans.o
                                                  /tmp/ccv8vRH2.ltrans2.ltrans.o
Vector194                                         /tmp/ccv8vRH2.ltrans3.ltrans.o
                                                  /tmp/ccv8vRH2.ltrans2.ltrans.o
Vector198                                         /tmp/ccv8vRH2.ltrans3.ltrans.o
                                                  /tmp/ccv8vRH2.ltrans2.ltrans.o
Vector19C                                         /tmp/ccv8vRH2.ltrans3.ltrans.o
                                                  /tmp/ccv8vRH2.ltrans2.ltrans.o
Vector1A0                                         /tmp/ccv8vRH2.ltrans3.ltrans.o
                                                  /tmp/ccv8vRH2.ltrans2.ltrans.o
Vector1A4                                         /tmp/ccv8vRH2.ltrans3.ltrans.o
                                                  /tmp/ccv8vRH2.ltrans2.ltrans.o
Vector1A8                                         /tmp/ccv8vRH2.ltrans3.ltrans.o
                                                  /tmp/ccv8vRH2.ltrans2.ltrans.o
Vector1AC                                         /tmp/ccv8vRH2.ltrans3.ltrans.o
                                                  /tmp/ccv8vRH2.ltrans2.ltrans.o
Vector1B0                                         /tmp/ccv8vRH2.ltrans3.ltrans.o
                                                  /tmp/ccv8vRH2.ltrans2.ltrans.o
Vector1B4                                         /tmp/ccv8vRH2.ltrans3.ltrans.o
                                                  /tmp/ccv8vRH2.ltrans2.ltrans.o
Vector1B8                                         /tmp/ccv8vRH2.ltrans3.ltrans.o
                                                  /tmp/ccv8vRH2.ltrans2.ltrans.o
Vector1BC                                         /tmp/ccv8vRH2.ltrans3.ltrans.o
                                                  /tmp/ccv8vRH2.ltrans2.ltrans.o
Vector1C                                          /tmp/ccv8vRH2.ltrans3.ltrans.o
                                                  /tmp/ccv8vRH2.ltrans2.ltrans.o
Vector20                                          /tmp/ccv8vRH2.ltrans3.ltrans.o
                                                  /tmp/ccv8vRH2.ltrans2.ltrans.o
Vector24                                          /tmp/ccv8vRH2.ltrans3.ltrans.o
                                                  /tmp/ccv8vRH2.ltrans2.ltrans.o
Vector28                                          /tmp/ccv8vRH2.ltrans3.ltrans.o
                                                  /tmp/ccv8vRH2.ltrans2.ltrans.o
Vector34                                          /tmp/ccv8vRH2.ltrans3.ltrans.o
                                                  /tmp/ccv8vRH2.ltrans2.ltrans.o
Vector40                                          /tmp/ccv8vRH2.ltrans3.ltrans.o
                                                  /tmp/ccv8vRH2.ltrans2.ltrans.o
Vector44                                          /tmp/ccv8vRH2.ltrans3.ltrans.o
                                                  /tmp/ccv8vRH2.ltrans2.ltrans.o
Vector48                                          /tmp/ccv8vRH2.ltrans3.ltrans.o
                                                  /tmp/ccv8vRH2.ltrans2.ltrans.o
Vector4C                                          /tmp/ccv8vRH2.ltrans3.ltrans.o
                                                  /tmp/ccv8vRH2.ltrans2.ltrans.o
Vector50                                          /tmp/ccv8vRH2.ltrans3.ltrans.o
                                                  /tmp/ccv8vRH2.ltrans2.ltrans.o
Vector54                                          /tmp/ccv8vRH2.ltrans3.ltrans.o
                                                  /tmp/ccv8vRH2.ltrans2.ltrans.o
Vector58                                          /tmp/ccv8vRH2.ltrans3.ltrans.o
                                                  /tmp/ccv8vRH2.ltrans2.ltrans.o
Vector5C                                          /tmp/ccv8vRH2.ltrans3.ltrans.o
                                                  /tmp/ccv8vRH2.ltrans2.ltrans.o
Vector60                                          /tmp/ccv8vRH2.ltrans3.ltrans.o
                                                  /tmp/ccv8vRH2.ltrans2.ltrans.o
Vector64                                          /tmp/ccv8vRH2.ltrans3.ltrans.o
                                                  /tmp/ccv8vRH2.ltrans2.ltrans.o
Vector68                                          /tmp/ccv8vRH2.ltrans3.ltrans.o
                                                  /tmp/ccv8vRH2.ltrans2.ltrans.o
Vector6C                                          /tmp/ccv8vRH2.ltrans3.ltrans.o
                                                  /tmp/ccv8vRH2.ltrans2.ltrans.o
Vector70                                          /tmp/ccv8vRH2.ltrans3.ltrans.o
                                                  /tmp/ccv8vRH2.ltrans2.ltrans.o
Vector74                                          /tmp/ccv8vRH2.ltrans3.ltrans.o
                                                  /tmp/ccv8vRH2.ltrans2.ltrans.o
Vector78                                          /tmp/ccv8vRH2.ltrans3.ltrans.o
                                                  /tmp/ccv8vRH2.ltrans2.ltrans.o
Vector7C                                          /tmp/ccv8vRH2.ltrans3.ltrans.o
                                                  /tmp/ccv8vRH2.ltrans2.ltrans.o
Vector80                                          /tmp/ccv8vRH2.ltrans3.ltrans.o
                                                  /tmp/ccv8vRH2.ltrans2.ltrans.o
Vector84                                          /tmp/ccv8vRH2.ltrans3.ltrans.o
                                                  /tmp/ccv8vRH2.ltrans2.ltrans.o
Vector88                                          /tmp/ccv8vRH2.ltrans3.ltrans.o
                                                  /tmp/ccv8vRH2.ltrans2.ltrans.o
Vector8C                                          /tmp/ccv8vRH2.ltrans3.ltrans.o
                                                  /tmp/ccv8vRH2.ltrans2.ltrans.o
Vector90                                          /tmp/ccv8vRH2.ltrans3.ltrans.o
                                                  /tmp/ccv8vRH2.ltrans2.ltrans.o
Vector94                                          /tmp/ccv8vRH2.ltrans3.ltrans.o
                                                  /tmp/ccv8vRH2.ltrans2.ltrans.o
Vector98                                          /tmp/ccv8vRH2.ltrans3.ltrans.o
                                                  /tmp/ccv8vRH2.ltrans2.ltrans.o
Vector9C                                          /tmp/ccv8vRH2.ltrans3.ltrans.o
                                                  /tmp/ccv8vRH2.ltrans2.ltrans.o
VectorA0                                          /tmp/ccv8vRH2.ltrans3.ltrans.o
                                                  /tmp/ccv8vRH2.ltrans2.ltrans.o
VectorA4                                          /tmp/ccv8vRH2.ltrans3.ltrans.o
                                                  /tmp/ccv8vRH2.ltrans2.ltrans.o
VectorA8                                          /tmp/ccv8vRH2.ltrans3.ltrans.o
                                                  /tmp/ccv8vRH2.ltrans2.ltrans.o
VectorAC                                          /tmp/ccv8vRH2.ltrans3.ltrans.o
                                                  /tmp/ccv8vRH2.ltrans2.ltrans.o
VectorB0                                          /tmp/ccv8vRH2.ltrans4.ltrans.o
                                                  /tmp/ccv8vRH2.ltrans2.ltrans.o
VectorB4                                          /tmp/ccv8vRH2.ltrans3.ltrans.o
                                                  /tmp/ccv8vRH2.ltrans2.ltrans.o
VectorB8                                          /tmp/ccv8vRH2.ltrans3.ltrans.o
                                                  /tmp/ccv8vRH2.ltrans2.ltrans.o
VectorBC                                          /tmp/ccv8vRH2.ltrans0.ltrans.o
                                                  /tmp/ccv8vRH2.ltrans2.ltrans.o
VectorC0                                          /tmp/ccv8vRH2.ltrans0.ltrans.o
                                                  /tmp/ccv8vRH2.ltrans2.ltrans.o
VectorC4                                          /tmp/ccv8vRH2.ltrans3.ltrans.o
                                                  /tmp/ccv8vRH2.ltrans2.ltrans.o
VectorC8                                          /tmp/ccv8vRH2.ltrans3.ltrans.o
                                                  /tmp/ccv8vRH2.ltrans2.ltrans.o
VectorCC                                          /tmp/ccv8vRH2.ltrans3.ltrans.o
                                                  /tmp/ccv8vRH2.ltrans2.ltrans.o
VectorD0                                          /tmp/ccv8vRH2.ltrans3.ltrans.o
                                                  /tmp/ccv8vRH2.ltrans2.ltrans.o
VectorD4                                          /tmp/ccv8vRH2.ltrans0.ltrans.o
                                                  /tmp/ccv8vRH2.ltrans2.ltrans.o
VectorDC                                          /tmp/ccv8vRH2.ltrans3.ltrans.o
                                                  /tmp/ccv8vRH2.ltrans2.ltrans.o
VectorE0                                          /tmp/ccv8vRH2.ltrans3.ltrans.o
                                                  /tmp/ccv8vRH2.ltrans2.ltrans.o
VectorE4                                          /tmp/ccv8vRH2.ltrans3.ltrans.o
                                                  /tmp/ccv8vRH2.ltrans2.ltrans.o
VectorE8                                          /tmp/ccv8vRH2.ltrans3.ltrans.o
                                                  /tmp/ccv8vRH2.ltrans2.ltrans.o
VectorEC                                          /tmp/ccv8vRH2.ltrans3.ltrans.o
                                                  /tmp/ccv8vRH2.ltrans2.ltrans.o
VectorF0                                          /tmp/ccv8vRH2.ltrans3.ltrans.o
                                                  /tmp/ccv8vRH2.ltrans2.ltrans.o
VectorF4                                          /tmp/ccv8vRH2.ltrans3.ltrans.o
                                                  /tmp/ccv8vRH2.ltrans2.ltrans.o
VectorF8                                          /tmp/ccv8vRH2.ltrans3.ltrans.o
                                                  /tmp/ccv8vRH2.ltrans2.ltrans.o
VectorFC                                          /tmp/ccv8vRH2.ltrans3.ltrans.o
                                                  /tmp/ccv8vRH2.ltrans2.ltrans.o
__adddf3                                          /usr/bin/../lib/gcc/arm-none-eabi/4.8.4/armv7e-m/fpu/libgcc.a(_arm_addsubdf3.o)
__aeabi_d2f                                       /usr/bin/../lib/gcc/arm-none-eabi/4.8.4/armv7e-m/fpu/libgcc.a(_arm_truncdfsf2.o)
                                                  /tmp/ccv8vRH2.ltrans0.ltrans.o
__aeabi_d2iz                                      /usr/bin/../lib/gcc/arm-none-eabi/4.8.4/armv7e-m/fpu/libgcc.a(_arm_fixdfsi.o)
                                                  /tmp/ccv8vRH2.ltrans0.ltrans.o
__aeabi_dadd                                      /usr/bin/../lib/gcc/arm-none-eabi/4.8.4/armv7e-m/fpu/libgcc.a(_arm_addsubdf3.o)
__aeabi_ddiv                                      /usr/bin/../lib/gcc/arm-none-eabi/4.8.4/armv7e-m/fpu/libgcc.a(_arm_muldivdf3.o)
__aeabi_dmul                                      /usr/bin/../lib/gcc/arm-none-eabi/4.8.4/armv7e-m/fpu/libgcc.a(_arm_muldivdf3.o)
                                                  /tmp/ccv8vRH2.ltrans0.ltrans.o
__aeabi_drsub                                     /usr/bin/../lib/gcc/arm-none-eabi/4.8.4/armv7e-m/fpu/libgcc.a(_arm_addsubdf3.o)
__aeabi_dsub                                      /usr/bin/../lib/gcc/arm-none-eabi/4.8.4/armv7e-m/fpu/libgcc.a(_arm_addsubdf3.o)
                                                  /tmp/ccv8vRH2.ltrans0.ltrans.o
__aeabi_f2d                                       /usr/bin/../lib/gcc/arm-none-eabi/4.8.4/armv7e-m/fpu/libgcc.a(_arm_addsubdf3.o)
                                                  /tmp/ccv8vRH2.ltrans2.ltrans.o
                                                  /tmp/ccv8vRH2.ltrans0.ltrans.o
__aeabi_i2d                                       /usr/bin/../lib/gcc/arm-none-eabi/4.8.4/armv7e-m/fpu/libgcc.a(_arm_addsubdf3.o)
                                                  /tmp/ccv8vRH2.ltrans0.ltrans.o
__aeabi_l2d                                       /usr/bin/../lib/gcc/arm-none-eabi/4.8.4/armv7e-m/fpu/libgcc.a(_arm_addsubdf3.o)
__aeabi_ui2d                                      /usr/bin/../lib/gcc/arm-none-eabi/4.8.4/armv7e-m/fpu/libgcc.a(_arm_addsubdf3.o)
                                                  /tmp/ccv8vRH2.ltrans0.ltrans.o
__aeabi_ul2d                                      /usr/bin/../lib/gcc/arm-none-eabi/4.8.4/armv7e-m/fpu/libgcc.a(_arm_addsubdf3.o)
__divdf3                                          /usr/bin/../lib/gcc/arm-none-eabi/4.8.4/armv7e-m/fpu/libgcc.a(_arm_muldivdf3.o)
__extendsfdf2                                     /usr/bin/../lib/gcc/arm-none-eabi/4.8.4/armv7e-m/fpu/libgcc.a(_arm_addsubdf3.o)
__fixdfsi                                         /usr/bin/../lib/gcc/arm-none-eabi/4.8.4/armv7e-m/fpu/libgcc.a(_arm_fixdfsi.o)
__floatdidf                                       /usr/bin/../lib/gcc/arm-none-eabi/4.8.4/armv7e-m/fpu/libgcc.a(_arm_addsubdf3.o)
__floatsidf                                       /usr/bin/../lib/gcc/arm-none-eabi/4.8.4/armv7e-m/fpu/libgcc.a(_arm_addsubdf3.o)
__floatundidf                                     /usr/bin/../lib/gcc/arm-none-eabi/4.8.4/armv7e-m/fpu/libgcc.a(_arm_addsubdf3.o)
__floatunsidf                                     /usr/bin/../lib/gcc/arm-none-eabi/4.8.4/armv7e-m/fpu/libgcc.a(_arm_addsubdf3.o)
__heap_base__                                     /tmp/ccv8vRH2.ltrans1.ltrans.o
__heap_end__                                      /tmp/ccv8vRH2.ltrans1.ltrans.o
__init_array_end                                  /tmp/ccv8vRH2.ltrans2.ltrans.o
__init_array_start                                /tmp/ccv8vRH2.ltrans2.ltrans.o
__main_stack_base__                               /tmp/ccv8vRH2.ltrans2.ltrans.o
__main_stack_end__                                /tmp/ccv8vRH2.ltrans2.ltrans.o
__muldf3                                          /usr/bin/../lib/gcc/arm-none-eabi/4.8.4/armv7e-m/fpu/libgcc.a(_arm_muldivdf3.o)
__process_stack_base__                            /tmp/ccv8vRH2.ltrans2.ltrans.o
__process_stack_end__                             /tmp/ccv8vRH2.ltrans2.ltrans.o
__subdf3                                          /usr/bin/../lib/gcc/arm-none-eabi/4.8.4/armv7e-m/fpu/libgcc.a(_arm_addsubdf3.o)
__truncdfsf2                                      /usr/bin/../lib/gcc/arm-none-eabi/4.8.4/armv7e-m/fpu/libgcc.a(_arm_truncdfsf2.o)
_bss_end                                          /tmp/ccv8vRH2.ltrans2.ltrans.o
_bss_start                                        /tmp/ccv8vRH2.ltrans2.ltrans.o
_data                                             /tmp/ccv8vRH2.ltrans2.ltrans.o
_edata                                            /tmp/ccv8vRH2.ltrans2.ltrans.o
_idle_thread.4338                                 /tmp/ccv8vRH2.ltrans3.ltrans.o
                                                  /tmp/ccv8vRH2.ltrans1.ltrans.o
_port_exit_from_isr                               build/obj/chcoreasm_v7m.o
                                                  /tmp/ccv8vRH2.ltrans3.ltrans.o
_port_irq_epilogue                                /tmp/ccv8vRH2.ltrans3.ltrans.o
                                                  /tmp/ccv8vRH2.ltrans4.ltrans.o
                                                  /tmp/ccv8vRH2.ltrans2.ltrans.o
                                                  /tmp/ccv8vRH2.ltrans0.ltrans.o
_port_switch                                      build/obj/chcoreasm_v7m.o
                                                  /tmp/ccv8vRH2.ltrans4.ltrans.o
                                                  /tmp/ccv8vRH2.ltrans3.ltrans.o
                                                  /tmp/ccv8vRH2.ltrans0.ltrans.o
_port_switch_from_isr                             build/obj/chcoreasm_v7m.o
                                                  /tmp/ccv8vRH2.ltrans3.ltrans.o
_port_thread_start                                build/obj/chcoreasm_v7m.o
                                                  /tmp/ccv8vRH2.ltrans0.ltrans.o
_textdata                                         /tmp/ccv8vRH2.ltrans2.ltrans.o
_vectors                                          /tmp/ccv8vRH2.ltrans2.ltrans.o
adc_lld_serve_rx_interrupt.11091                  /tmp/ccv8vRH2.ltrans3.ltrans.o
                                                  /tmp/ccv8vRH2.ltrans1.ltrans.o
beaconThread                                      /tmp/ccv8vRH2.ltrans4.ltrans.o
                                                  /tmp/ccv8vRH2.ltrans1.ltrans.o
ch                                                /tmp/ccv8vRH2.ltrans5.ltrans.o
                                                  /tmp/ccv8vRH2.ltrans4.ltrans.o
                                                  /tmp/ccv8vRH2.ltrans3.ltrans.o
                                                  /tmp/ccv8vRH2.ltrans2.ltrans.o
                                                  /tmp/ccv8vRH2.ltrans1.ltrans.o
                                                  /tmp/ccv8vRH2.ltrans0.ltrans.o
chCoreAlloc                                       /tmp/ccv8vRH2.ltrans3.ltrans.o
                                                  /tmp/ccv8vRH2.ltrans1.ltrans.o
chEvtBroadcastFlagsI                              /tmp/ccv8vRH2.ltrans3.ltrans.o
                                                  /tmp/ccv8vRH2.ltrans2.ltrans.o
chMtxLockS                                        /tmp/ccv8vRH2.ltrans3.ltrans.o
                                                  /tmp/ccv8vRH2.ltrans4.ltrans.o
                                                  /tmp/ccv8vRH2.ltrans1.ltrans.o
chMtxUnlock                                       /tmp/ccv8vRH2.ltrans0.ltrans.o
                                                  /tmp/ccv8vRH2.ltrans4.ltrans.o
                                                  /tmp/ccv8vRH2.ltrans1.ltrans.o
chSchDoReschedule                                 /tmp/ccv8vRH2.ltrans5.ltrans.o
                                                  build/obj/chcoreasm_v7m.o
chSchDoRescheduleAhead                            /tmp/ccv8vRH2.ltrans3.ltrans.o
                                                  /tmp/ccv8vRH2.ltrans5.ltrans.o
chSchGoSleepS                                     /tmp/ccv8vRH2.ltrans3.ltrans.o
                                                  /tmp/ccv8vRH2.ltrans5.ltrans.o
                                                  /tmp/ccv8vRH2.ltrans4.ltrans.o
                                                  /tmp/ccv8vRH2.ltrans2.ltrans.o
                                                  /tmp/ccv8vRH2.ltrans0.ltrans.o
chSchGoSleepTimeoutS                              /tmp/ccv8vRH2.ltrans0.ltrans.o
                                                  /tmp/ccv8vRH2.ltrans1.ltrans.o
chSchReadyI                                       /tmp/ccv8vRH2.ltrans3.ltrans.o
                                                  /tmp/ccv8vRH2.ltrans5.ltrans.o
                                                  /tmp/ccv8vRH2.ltrans4.ltrans.o
                                                  /tmp/ccv8vRH2.ltrans2.ltrans.o
                                                  /tmp/ccv8vRH2.ltrans0.ltrans.o
chSchRescheduleS                                  /tmp/ccv8vRH2.ltrans3.ltrans.o
                                                  /tmp/ccv8vRH2.ltrans4.ltrans.o
                                                  /tmp/ccv8vRH2.ltrans0.ltrans.o
chTMStartMeasurementX.constprop.32                /tmp/ccv8vRH2.ltrans0.ltrans.o
                                                  /tmp/ccv8vRH2.ltrans1.ltrans.o
chTMStopMeasurementX                              /tmp/ccv8vRH2.ltrans3.ltrans.o
                                                  /tmp/ccv8vRH2.ltrans1.ltrans.o
chThdCreateStatic                                 /tmp/ccv8vRH2.ltrans0.ltrans.o
                                                  /tmp/ccv8vRH2.ltrans1.ltrans.o
chThdExit                                         /tmp/ccv8vRH2.ltrans5.ltrans.o
                                                  build/obj/chcoreasm_v7m.o
chThdResumeI                                      /tmp/ccv8vRH2.ltrans3.ltrans.o
                                                  /tmp/ccv8vRH2.ltrans0.ltrans.o
chThdSleep                                        /tmp/ccv8vRH2.ltrans0.ltrans.o
                                                  /tmp/ccv8vRH2.ltrans4.ltrans.o
                                                  /tmp/ccv8vRH2.ltrans2.ltrans.o
                                                  /tmp/ccv8vRH2.ltrans1.ltrans.o
chThdSleepUntil                                   /tmp/ccv8vRH2.ltrans0.ltrans.o
                                                  /tmp/ccv8vRH2.ltrans2.ltrans.o
                                                  /tmp/ccv8vRH2.ltrans1.ltrans.o
chprintf.13294.constprop.14                       /tmp/ccv8vRH2.ltrans0.ltrans.o
                                                  /tmp/ccv8vRH2.ltrans1.ltrans.o
chprintf.13613.constprop.13                       /tmp/ccv8vRH2.ltrans0.ltrans.o
                                                  /tmp/ccv8vRH2.ltrans2.ltrans.o
chprintf.15697                                    /tmp/ccv8vRH2.ltrans0.ltrans.o
                                                  /tmp/ccv8vRH2.ltrans2.ltrans.o
chprintf.17288                                    /tmp/ccv8vRH2.ltrans0.ltrans.o
                                                  /tmp/ccv8vRH2.ltrans1.ltrans.o
dmaStreamAllocate                                 /tmp/ccv8vRH2.ltrans3.ltrans.o
                                                  /tmp/ccv8vRH2.ltrans4.ltrans.o
                                                  /tmp/ccv8vRH2.ltrans1.ltrans.o
dmaStreamRelease                                  /tmp/ccv8vRH2.ltrans3.ltrans.o
                                                  /tmp/ccv8vRH2.ltrans4.ltrans.o
dma_isr_redir.10833                               /tmp/ccv8vRH2.ltrans1.ltrans.o
                                                  /tmp/ccv8vRH2.ltrans3.ltrans.o
dma_streams_mask.10838                            /tmp/ccv8vRH2.ltrans1.ltrans.o
                                                  /tmp/ccv8vRH2.ltrans3.ltrans.o
endmem.6822                                       /tmp/ccv8vRH2.ltrans1.ltrans.o
                                                  /tmp/ccv8vRH2.ltrans3.ltrans.o
gpsRxChar.16077                                   /tmp/ccv8vRH2.ltrans0.ltrans.o
                                                  /tmp/ccv8vRH2.ltrans1.ltrans.o
gpsRxEnd.16065                                    /tmp/ccv8vRH2.ltrans0.ltrans.o
                                                  /tmp/ccv8vRH2.ltrans1.ltrans.o
gpsRxErr.16068                                    /tmp/ccv8vRH2.ltrans0.ltrans.o
                                                  /tmp/ccv8vRH2.ltrans1.ltrans.o
gpsSem                                            /tmp/ccv8vRH2.ltrans4.ltrans.o
                                                  /tmp/ccv8vRH2.ltrans0.ltrans.o
gpsThread                                         /tmp/ccv8vRH2.ltrans4.ltrans.o
                                                  /tmp/ccv8vRH2.ltrans1.ltrans.o
gpsTxC.16062                                      /tmp/ccv8vRH2.ltrans0.ltrans.o
                                                  /tmp/ccv8vRH2.ltrans1.ltrans.o
gpsTxbufEnd.16059                                 /tmp/ccv8vRH2.ltrans0.ltrans.o
                                                  /tmp/ccv8vRH2.ltrans1.ltrans.o
i2cStart                                          /tmp/ccv8vRH2.ltrans4.ltrans.o
                                                  /tmp/ccv8vRH2.ltrans2.ltrans.o
i2c_lld_serve_error_interrupt.11412               /tmp/ccv8vRH2.ltrans3.ltrans.o
                                                  /tmp/ccv8vRH2.ltrans0.ltrans.o
i2c_lld_serve_event_interrupt.11409               /tmp/ccv8vRH2.ltrans3.ltrans.o
                                                  /tmp/ccv8vRH2.ltrans0.ltrans.o
i2c_lld_serve_rx_end_irq.11402                    /tmp/ccv8vRH2.ltrans0.ltrans.o
                                                  /tmp/ccv8vRH2.ltrans4.ltrans.o
main                                              /tmp/ccv8vRH2.ltrans1.ltrans.o
                                                  /tmp/ccv8vRH2.ltrans2.ltrans.o
nextmem.6820                                      /tmp/ccv8vRH2.ltrans1.ltrans.o
                                                  /tmp/ccv8vRH2.ltrans3.ltrans.o
notify2.12013                                     /tmp/ccv8vRH2.ltrans0.ltrans.o
                                                  /tmp/ccv8vRH2.ltrans1.ltrans.o
notify6.12010                                     /tmp/ccv8vRH2.ltrans0.ltrans.o
                                                  /tmp/ccv8vRH2.ltrans1.ltrans.o
sdObjectInit.constprop.27                         /tmp/ccv8vRH2.ltrans0.ltrans.o
                                                  /tmp/ccv8vRH2.ltrans1.ltrans.o
sd_lld_start                                      /tmp/ccv8vRH2.ltrans4.ltrans.o
                                                  /tmp/ccv8vRH2.ltrans1.ltrans.o
sensorThread                                      /tmp/ccv8vRH2.ltrans2.ltrans.o
                                                  /tmp/ccv8vRH2.ltrans1.ltrans.o
si70x0_heaterEnable                               /tmp/ccv8vRH2.ltrans1.ltrans.o
                                                  /tmp/ccv8vRH2.ltrans2.ltrans.o
si70x0_init                                       /tmp/ccv8vRH2.ltrans1.ltrans.o
                                                  /tmp/ccv8vRH2.ltrans2.ltrans.o
si70x0_readHumidity                               /tmp/ccv8vRH2.ltrans1.ltrans.o
                                                  /tmp/ccv8vRH2.ltrans2.ltrans.o
si70x0_readTemperature                            /tmp/ccv8vRH2.ltrans1.ltrans.o
                                                  /tmp/ccv8vRH2.ltrans2.ltrans.o
strcpy                                            /usr/bin/../lib/gcc/arm-none-eabi/4.8.4/../../../../arm-none-eabi/lib/armv7e-m/fpu/libc.a(lib_a-strcpy.o)
                                                  /tmp/ccv8vRH2.ltrans1.ltrans.o
strlen                                            /usr/bin/../lib/gcc/arm-none-eabi/4.8.4/../../../../arm-none-eabi/lib/armv7e-m/fpu/libc.a(lib_a-strlen.o)
                                                  /tmp/ccv8vRH2.ltrans4.ltrans.o
strncmp                                           /usr/bin/../lib/gcc/arm-none-eabi/4.8.4/../../../../arm-none-eabi/lib/armv7e-m/fpu/libc.a(lib_a-strncmp.o)
                                                  /tmp/ccv8vRH2.ltrans4.ltrans.o
tokBuf.16147                                      /tmp/ccv8vRH2.ltrans4.ltrans.o
                                                  /tmp/ccv8vRH2.ltrans0.ltrans.o
uStrCpy.constprop.3                               /tmp/ccv8vRH2.ltrans0.ltrans.o
                                                  /tmp/ccv8vRH2.ltrans4.ltrans.o
uStrInsertChar.constprop.2                        /tmp/ccv8vRH2.ltrans0.ltrans.o
                                                  /tmp/ccv8vRH2.ltrans4.ltrans.o
uStrPrependChar                                   /tmp/ccv8vRH2.ltrans0.ltrans.o
                                                  /tmp/ccv8vRH2.ltrans4.ltrans.o
uart_lld_serve_rx_end_irq.12164                   /tmp/ccv8vRH2.ltrans4.ltrans.o
                                                  /tmp/ccv8vRH2.ltrans1.ltrans.o
uart_lld_serve_tx_end_irq.12160                   /tmp/ccv8vRH2.ltrans4.ltrans.o
                                                  /tmp/ccv8vRH2.ltrans1.ltrans.o
usart_stop.12171                                  /tmp/ccv8vRH2.ltrans0.ltrans.o
                                                  /tmp/ccv8vRH2.ltrans4.ltrans.o
                                                  /tmp/ccv8vRH2.ltrans1.ltrans.o
wakeup.4718                                       /tmp/ccv8vRH2.ltrans3.ltrans.o
                                                  /tmp/ccv8vRH2.ltrans0.ltrans.o
