Archive member included because of file (symbol)

/usr/bin/../lib/gcc/arm-none-eabi/4.8.4/armv7e-m/fpu/libgcc.a(_arm_addsubdf3.o)
                              /tmp/ccuJTHfv.ltrans0.ltrans.o (__aeabi_dsub)
/usr/bin/../lib/gcc/arm-none-eabi/4.8.4/armv7e-m/fpu/libgcc.a(_arm_muldivdf3.o)
                              /tmp/ccuJTHfv.ltrans0.ltrans.o (__aeabi_dmul)
/usr/bin/../lib/gcc/arm-none-eabi/4.8.4/armv7e-m/fpu/libgcc.a(_arm_fixdfsi.o)
                              /tmp/ccuJTHfv.ltrans0.ltrans.o (__aeabi_d2iz)
/usr/bin/../lib/gcc/arm-none-eabi/4.8.4/armv7e-m/fpu/libgcc.a(_arm_truncdfsf2.o)
                              /tmp/ccuJTHfv.ltrans0.ltrans.o (__aeabi_d2f)
/usr/bin/../lib/gcc/arm-none-eabi/4.8.4/../../../../arm-none-eabi/lib/armv7e-m/fpu/libc.a(lib_a-memcpy.o)
                              /tmp/ccuJTHfv.ltrans0.ltrans.o (memcpy)
/usr/bin/../lib/gcc/arm-none-eabi/4.8.4/../../../../arm-none-eabi/lib/armv7e-m/fpu/libc.a(lib_a-strcpy.o)
                              /tmp/ccuJTHfv.ltrans1.ltrans.o (strcpy)
/usr/bin/../lib/gcc/arm-none-eabi/4.8.4/../../../../arm-none-eabi/lib/armv7e-m/fpu/libc.a(lib_a-strlen.o)
                              /tmp/ccuJTHfv.ltrans4.ltrans.o (strlen)
/usr/bin/../lib/gcc/arm-none-eabi/4.8.4/../../../../arm-none-eabi/lib/armv7e-m/fpu/libc.a(lib_a-strncmp.o)
                              /tmp/ccuJTHfv.ltrans4.ltrans.o (strncmp)

Discarded input sections

 .data          0x0000000000000000        0x0 build/obj/chcoreasm_v7m.o
 .bss           0x0000000000000000        0x0 build/obj/chcoreasm_v7m.o
 .text          0x0000000000000000        0x0 build/obj/crt0.o (symbol from plugin)
 .text          0x0000000000000000        0x0 /tmp/ccuJTHfv.ltrans0.ltrans.o
 .data          0x0000000000000000        0x0 /tmp/ccuJTHfv.ltrans0.ltrans.o
 .bss           0x0000000000000000        0x0 /tmp/ccuJTHfv.ltrans0.ltrans.o
 .text          0x0000000000000000        0x0 /tmp/ccuJTHfv.ltrans1.ltrans.o
 .data          0x0000000000000000        0x0 /tmp/ccuJTHfv.ltrans1.ltrans.o
 .bss           0x0000000000000000        0x0 /tmp/ccuJTHfv.ltrans1.ltrans.o
 .text          0x0000000000000000        0x0 /tmp/ccuJTHfv.ltrans2.ltrans.o
 .data          0x0000000000000000        0x0 /tmp/ccuJTHfv.ltrans2.ltrans.o
 .bss           0x0000000000000000        0x0 /tmp/ccuJTHfv.ltrans2.ltrans.o
 .text          0x0000000000000000        0x0 /tmp/ccuJTHfv.ltrans3.ltrans.o
 .data          0x0000000000000000        0x0 /tmp/ccuJTHfv.ltrans3.ltrans.o
 .bss           0x0000000000000000        0x0 /tmp/ccuJTHfv.ltrans3.ltrans.o
 .text          0x0000000000000000        0x0 /tmp/ccuJTHfv.ltrans4.ltrans.o
 .data          0x0000000000000000        0x0 /tmp/ccuJTHfv.ltrans4.ltrans.o
 .bss           0x0000000000000000        0x0 /tmp/ccuJTHfv.ltrans4.ltrans.o
 .text          0x0000000000000000        0x0 /tmp/ccuJTHfv.ltrans5.ltrans.o
 .data          0x0000000000000000        0x0 /tmp/ccuJTHfv.ltrans5.ltrans.o
 .bss           0x0000000000000000        0x0 /tmp/ccuJTHfv.ltrans5.ltrans.o
 .text          0x0000000000000000        0x0 /tmp/ccuJTHfv.ltrans6.ltrans.o
 .data          0x0000000000000000        0x0 /tmp/ccuJTHfv.ltrans6.ltrans.o
 .bss           0x0000000000000000        0x0 /tmp/ccuJTHfv.ltrans6.ltrans.o
 .text          0x0000000000000000        0x0 /tmp/ccuJTHfv.ltrans7.ltrans.o
 .data          0x0000000000000000        0x0 /tmp/ccuJTHfv.ltrans7.ltrans.o
 .bss           0x0000000000000000        0x0 /tmp/ccuJTHfv.ltrans7.ltrans.o
 .data          0x0000000000000000        0x0 /usr/bin/../lib/gcc/arm-none-eabi/4.8.4/armv7e-m/fpu/libgcc.a(_arm_addsubdf3.o)
 .bss           0x0000000000000000        0x0 /usr/bin/../lib/gcc/arm-none-eabi/4.8.4/armv7e-m/fpu/libgcc.a(_arm_addsubdf3.o)
 .data          0x0000000000000000        0x0 /usr/bin/../lib/gcc/arm-none-eabi/4.8.4/armv7e-m/fpu/libgcc.a(_arm_muldivdf3.o)
 .bss           0x0000000000000000        0x0 /usr/bin/../lib/gcc/arm-none-eabi/4.8.4/armv7e-m/fpu/libgcc.a(_arm_muldivdf3.o)
 .data          0x0000000000000000        0x0 /usr/bin/../lib/gcc/arm-none-eabi/4.8.4/armv7e-m/fpu/libgcc.a(_arm_fixdfsi.o)
 .bss           0x0000000000000000        0x0 /usr/bin/../lib/gcc/arm-none-eabi/4.8.4/armv7e-m/fpu/libgcc.a(_arm_fixdfsi.o)
 .data          0x0000000000000000        0x0 /usr/bin/../lib/gcc/arm-none-eabi/4.8.4/armv7e-m/fpu/libgcc.a(_arm_truncdfsf2.o)
 .bss           0x0000000000000000        0x0 /usr/bin/../lib/gcc/arm-none-eabi/4.8.4/armv7e-m/fpu/libgcc.a(_arm_truncdfsf2.o)
 .data          0x0000000000000000        0x0 /usr/bin/../lib/gcc/arm-none-eabi/4.8.4/../../../../arm-none-eabi/lib/armv7e-m/fpu/libc.a(lib_a-memcpy.o)
 .bss           0x0000000000000000        0x0 /usr/bin/../lib/gcc/arm-none-eabi/4.8.4/../../../../arm-none-eabi/lib/armv7e-m/fpu/libc.a(lib_a-memcpy.o)
 .text          0x0000000000000000        0x0 /usr/bin/../lib/gcc/arm-none-eabi/4.8.4/../../../../arm-none-eabi/lib/armv7e-m/fpu/libc.a(lib_a-strcpy.o)
[...]
Memory Configuration

Name             Origin             Length             Attributes
flash            0x0000000008000000 0x0000000000040000
ram              0x0000000020000000 0x0000000000010000
*default*        0x0000000000000000 0xffffffffffffffff

Linker script and memory map

LOAD build/obj/chcoreasm_v7m.o
LOAD build/obj/crt0.o
LOAD /tmp/ccuJTHfv.ltrans0.ltrans.o
LOAD /tmp/ccuJTHfv.ltrans1.ltrans.o
LOAD /tmp/ccuJTHfv.ltrans2.ltrans.o
LOAD /tmp/ccuJTHfv.ltrans3.ltrans.o
LOAD /tmp/ccuJTHfv.ltrans4.ltrans.o
LOAD /tmp/ccuJTHfv.ltrans5.ltrans.o
LOAD /tmp/ccuJTHfv.ltrans6.ltrans.o
LOAD /tmp/ccuJTHfv.ltrans7.ltrans.o
LOAD /usr/bin/../lib/gcc/arm-none-eabi/4.8.4/armv7e-m/fpu/libgcc.a
LOAD /usr/bin/../lib/gcc/arm-none-eabi/4.8.4/../../../../arm-none-eabi/lib/armv7e-m/fpu/libc.a
LOAD build/obj/vectors.o
LOAD build/obj/chcore.o
LOAD build/obj/chcore_v7m.o
LOAD build/obj/chsys.o
LOAD build/obj/chdebug.o
LOAD build/obj/chtm.o
LOAD build/obj/chstats.o
LOAD build/obj/chschd.o
LOAD build/obj/chvt.o
LOAD build/obj/chthreads.o
LOAD build/obj/chdynamic.o
LOAD build/obj/chregistry.o
LOAD build/obj/chsem.o
LOAD build/obj/chmtx.o
LOAD build/obj/chcond.o
LOAD build/obj/chevents.o
LOAD build/obj/chmsg.o
LOAD build/obj/chmboxes.o
LOAD build/obj/chqueues.o
LOAD build/obj/chmemcore.o
LOAD build/obj/chheap.o
LOAD build/obj/chmempools.o
LOAD build/obj/test.o
LOAD build/obj/testthd.o
LOAD build/obj/testsem.o
LOAD build/obj/testmtx.o
LOAD build/obj/testmsg.o
LOAD build/obj/testmbox.o
LOAD build/obj/testevt.o
LOAD build/obj/testheap.o
LOAD build/obj/testpools.o
LOAD build/obj/testdyn.o
LOAD build/obj/testqueues.o
LOAD build/obj/testbmk.o
LOAD build/obj/hal.o
LOAD build/obj/hal_queues.o
LOAD build/obj/hal_mmcsd.o
LOAD build/obj/adc.o
LOAD build/obj/can.o
LOAD build/obj/dac.o
LOAD build/obj/ext.o
LOAD build/obj/gpt.o
LOAD build/obj/i2c.o
LOAD build/obj/i2s.o
LOAD build/obj/icu.o
LOAD build/obj/mac.o
LOAD build/obj/mmc_spi.o
LOAD build/obj/pal.o
LOAD build/obj/pwm.o
LOAD build/obj/rtc.o
LOAD build/obj/sdc.o
LOAD build/obj/serial.o
LOAD build/obj/serial_usb.o
LOAD build/obj/spi.o
LOAD build/obj/st.o
LOAD build/obj/uart.o
LOAD build/obj/usb.o
LOAD build/obj/osal.o
LOAD build/obj/nvic.o
LOAD build/obj/stm32_dma.o
LOAD build/obj/hal_lld.o
LOAD build/obj/adc_lld.o
LOAD build/obj/ext_lld_isr.o
LOAD build/obj/can_lld.o
LOAD build/obj/ext_lld.o
LOAD build/obj/mac_lld.o
LOAD build/obj/sdc_lld.o
LOAD build/obj/dac_lld.o
LOAD build/obj/pal_lld.o
LOAD build/obj/i2c_lld.o
LOAD build/obj/usb_lld.o
LOAD build/obj/rtc_lld.o
LOAD build/obj/i2s_lld.o
LOAD build/obj/spi_lld.o
LOAD build/obj/gpt_lld.o
LOAD build/obj/icu_lld.o
LOAD build/obj/pwm_lld.o
LOAD build/obj/st_lld.o
LOAD build/obj/serial_lld.o
LOAD build/obj/uart_lld.o
LOAD build/obj/board.o
LOAD build/obj/fatfs_diskio.o
LOAD build/obj/fatfs_syscall.o
LOAD build/obj/ff.o
LOAD build/obj/unicode.o
LOAD build/obj/chprintf.o
LOAD build/obj/memstreams.o
LOAD build/obj/i2c_sensor.o
LOAD build/obj/bmp280.o
LOAD build/obj/si70x0.o
LOAD build/obj/ms5607.o
LOAD build/obj/hih6030.o
LOAD build/obj/lsm303.o
LOAD build/obj/rfm23bp.o
LOAD build/obj/rtd.o
LOAD build/obj/tmp275.o
LOAD build/obj/mpxm2102.o
LOAD build/obj/xbeepro.o
LOAD build/obj/datasample.o
LOAD build/obj/sensor_thread.o
LOAD build/obj/ustr.o
LOAD build/obj/umath.o
LOAD build/obj/gps.o
LOAD build/obj/sdmmcsimple.o
LOAD build/obj/datalogger.o
LOAD build/obj/main.o
                0x0000000020000000                __ram_start__ = ORIGIN (ram)
                0x0000000000010000                __ram_size__ = 0x10000
                0x0000000020010000                __ram_end__ = (__ram_start__ + __ram_size__)
                0x0000000000000000                . = 0x0
                0x0000000000000000                _text = .

startup         0x0000000008000000      0x1c0
 *(vectors)
 vectors        0x0000000008000000      0x1c0 /tmp/ccuJTHfv.ltrans5.ltrans.o
                0x0000000008000000                _vectors

constructors    0x00000000080001c0        0x0
                0x00000000080001c0                PROVIDE (__init_array_start, .)
 *(SORT(.init_array.*))
 *(.init_array)
                0x00000000080001c0                PROVIDE (__init_array_end, .)

destructors     0x00000000080001c0        0x0
                0x00000000080001c0                PROVIDE (__fini_array_start, .)
 *(.fini_array)
 *(SORT(.fini_array.*))
                0x00000000080001c0                PROVIDE (__fini_array_end, .)

.text           0x00000000080001c0     0x7278
 *(.text.startup.*)
 .text.startup.main
                0x00000000080001c0      0xef0 /tmp/ccuJTHfv.ltrans1.ltrans.o
                0x00000000080001c0                main
 *(.text)
 .text          0x00000000080010b0       0x2e build/obj/chcoreasm_v7m.o
                0x00000000080010b0                _port_switch
                0x00000000080010c8                _port_thread_start
                0x00000000080010d6                _port_switch_from_isr
                0x00000000080010da                _port_exit_from_isr
 *fill*         0x00000000080010de        0x2 
 .text          0x00000000080010e0      0x370 /usr/bin/../lib/gcc/arm-none-eabi/4.8.4/armv7e-m/fpu/libgcc.a(_arm_addsubdf3.o)
                0x00000000080010e0                __aeabi_drsub
                0x00000000080010e8                __aeabi_dsub
                0x00000000080010e8                __subdf3
                0x00000000080010ec                __adddf3
                0x00000000080010ec                __aeabi_dadd
                0x0000000008001364                __aeabi_ui2d
                0x0000000008001364                __floatunsidf
                0x0000000008001384                __floatsidf
                0x0000000008001384                __aeabi_i2d
                0x00000000080013a8                __extendsfdf2
                0x00000000080013a8                __aeabi_f2d
                0x00000000080013e4                __aeabi_ul2d
                0x00000000080013e4                __floatundidf
                0x00000000080013f4                __floatdidf
                0x00000000080013f4                __aeabi_l2d
 .text          0x0000000008001450      0x424 /usr/bin/../lib/gcc/arm-none-eabi/4.8.4/armv7e-m/fpu/libgcc.a(_arm_muldivdf3.o)
                0x0000000008001450                __aeabi_dmul
                0x0000000008001450                __muldf3
                0x00000000080016a4                __aeabi_ddiv
                0x00000000080016a4                __divdf3
 *fill*         0x0000000008001874        0xc 
 .text          0x0000000008001880       0x50 /usr/bin/../lib/gcc/arm-none-eabi/4.8.4/armv7e-m/fpu/libgcc.a(_arm_fixdfsi.o)
                0x0000000008001880                __fixdfsi
                0x0000000008001880                __aeabi_d2iz
 .text          0x00000000080018d0       0xa0 /usr/bin/../lib/gcc/arm-none-eabi/4.8.4/armv7e-m/fpu/libgcc.a(_arm_truncdfsf2.o)
                0x00000000080018d0                __aeabi_d2f
                0x00000000080018d0                __truncdfsf2
 .text          0x0000000008001970      0x134 /usr/bin/../lib/gcc/arm-none-eabi/4.8.4/../../../../arm-none-eabi/lib/armv7e-m/fpu/libc.a(lib_a-memcpy.o)
                0x0000000008001970                memcpy
 *(.text.*)
 *fill*         0x0000000008001aa4        0xc 
 .text.get.13121
                0x0000000008001ab0       0x20 /tmp/ccuJTHfv.ltrans0.ltrans.o
                0x0000000008001ab0                get.13121
 .text.put.13111
                0x0000000008001ad0       0x20 /tmp/ccuJTHfv.ltrans0.ltrans.o
                0x0000000008001ad0                put.13111
 .text.long_to_string_with_divisor.13045.4066
                0x0000000008001af0       0x50 /tmp/ccuJTHfv.ltrans0.ltrans.o
 .text.mmc_lld_is_write_protected
                0x0000000008001b40       0x10 /tmp/ccuJTHfv.ltrans0.ltrans.o
                0x0000000008001b40                mmc_lld_is_write_protected
 .text.mmc_lld_is_card_inserted
                0x0000000008001b50       0x10 /tmp/ccuJTHfv.ltrans0.ltrans.o
                0x0000000008001b50                mmc_lld_is_card_inserted
 .text.notify6.12010
                0x0000000008001b60       0x10 /tmp/ccuJTHfv.ltrans0.ltrans.o
                0x0000000008001b60                notify6.12010
 .text.notify2.12013
                0x0000000008001b70       0x10 /tmp/ccuJTHfv.ltrans0.ltrans.o
                0x0000000008001b70                notify2.12013
 .text.adc_lld_stop_conversion.4484
                0x0000000008001b80       0x40 /tmp/ccuJTHfv.ltrans0.ltrans.o
 .text.mmcGetInfo
                0x0000000008001bc0       0x20 /tmp/ccuJTHfv.ltrans0.ltrans.o
                0x0000000008001bc0                mmcGetInfo
 .text.chCoreAlloc
                0x0000000008001be0       0x40 /tmp/ccuJTHfv.ltrans0.ltrans.o
                0x0000000008001be0                chCoreAlloc
 .text.wakeup.4718
                0x0000000008001c20       0x70 /tmp/ccuJTHfv.ltrans0.ltrans.o
                0x0000000008001c20                wakeup.4718
 .text._idle_thread.4338
                0x0000000008001c90       0x20 /tmp/ccuJTHfv.ltrans0.ltrans.o
                0x0000000008001c90                _idle_thread.4338
 .text.SVC_Handler
                0x0000000008001cb0       0x20 /tmp/ccuJTHfv.ltrans0.ltrans.o
                0x0000000008001cb0                SVC_Handler
 .text.writes.13130
                0x0000000008001cd0       0x30 /tmp/ccuJTHfv.ltrans0.ltrans.o
                0x0000000008001cd0                writes.13130
 .text.reads.13124
                0x0000000008001d00       0x30 /tmp/ccuJTHfv.ltrans0.ltrans.o
                0x0000000008001d00                reads.13124
 .text.chvprintf
                0x0000000008001d30      0x3a0 /tmp/ccuJTHfv.ltrans0.ltrans.o
                0x0000000008001d30                chvprintf
 .text.get_ldnumber.12784
                0x00000000080020d0       0x50 /tmp/ccuJTHfv.ltrans0.ltrans.o
                0x00000000080020d0                get_ldnumber.12784
 .text.usart_stop.12171
                0x0000000008002120       0x50 /tmp/ccuJTHfv.ltrans0.ltrans.o
                0x0000000008002120                usart_stop.12171
 .text.spiUnselect
                0x0000000008002170       0x20 /tmp/ccuJTHfv.ltrans0.ltrans.o
                0x0000000008002170                spiUnselect
 .text.spiSelect
                0x0000000008002190       0x20 /tmp/ccuJTHfv.ltrans0.ltrans.o
                0x0000000008002190                spiSelect
 .text.dmaStreamRelease
                0x00000000080021b0       0x70 /tmp/ccuJTHfv.ltrans0.ltrans.o
                0x00000000080021b0                dmaStreamRelease
 .text.spiStop  0x0000000008002220       0x50 /tmp/ccuJTHfv.ltrans0.ltrans.o
                0x0000000008002220                spiStop
 .text.dmaStreamAllocate
                0x0000000008002270       0xc0 /tmp/ccuJTHfv.ltrans0.ltrans.o
                0x0000000008002270                dmaStreamAllocate
 .text.spiStart
                0x0000000008002330       0xb0 /tmp/ccuJTHfv.ltrans0.ltrans.o
                0x0000000008002330                spiStart
 .text.chSchDoRescheduleAhead
                0x00000000080023e0       0x40 /tmp/ccuJTHfv.ltrans0.ltrans.o
                0x00000000080023e0                chSchDoRescheduleAhead
 .text.chSchRescheduleS
                0x0000000008002420       0x20 /tmp/ccuJTHfv.ltrans0.ltrans.o
                0x0000000008002420                chSchRescheduleS
 .text.chSchGoSleepS
                0x0000000008002440       0x30 /tmp/ccuJTHfv.ltrans0.ltrans.o
                0x0000000008002440                chSchGoSleepS
 .text.chThdSuspendS
                0x0000000008002470       0x30 /tmp/ccuJTHfv.ltrans0.ltrans.o
                0x0000000008002470                chThdSuspendS
 .text._port_irq_epilogue
                0x00000000080024a0       0x70 /tmp/ccuJTHfv.ltrans0.ltrans.o
                0x00000000080024a0                _port_irq_epilogue
 .text.Vector158
                0x0000000008002510       0x30 /tmp/ccuJTHfv.ltrans0.ltrans.o
                0x0000000008002510                Vector158
 .text.Vector154
                0x0000000008002540       0x30 /tmp/ccuJTHfv.ltrans0.ltrans.o
                0x0000000008002540                Vector154
 .text.Vector150
                0x0000000008002570       0x30 /tmp/ccuJTHfv.ltrans0.ltrans.o
                0x0000000008002570                Vector150
 .text.Vector130
                0x00000000080025a0       0x30 /tmp/ccuJTHfv.ltrans0.ltrans.o
                0x00000000080025a0                Vector130
 .text.Vector12C
                0x00000000080025d0       0x30 /tmp/ccuJTHfv.ltrans0.ltrans.o
                0x00000000080025d0                Vector12C
 .text.Vector128
                0x0000000008002600       0x30 /tmp/ccuJTHfv.ltrans0.ltrans.o
                0x0000000008002600                Vector128
 .text.Vector124
                0x0000000008002630       0x30 /tmp/ccuJTHfv.ltrans0.ltrans.o
                0x0000000008002630                Vector124
 .text.Vector120
                0x0000000008002660       0x30 /tmp/ccuJTHfv.ltrans0.ltrans.o
                0x0000000008002660                Vector120
 .text.VectorFC
                0x0000000008002690       0x30 /tmp/ccuJTHfv.ltrans0.ltrans.o
                0x0000000008002690                VectorFC
 .text.Vector84
                0x00000000080026c0       0x30 /tmp/ccuJTHfv.ltrans0.ltrans.o
                0x00000000080026c0                Vector84
 .text.Vector80
                0x00000000080026f0       0x30 /tmp/ccuJTHfv.ltrans0.ltrans.o
                0x00000000080026f0                Vector80
 .text.Vector7C
                0x0000000008002720       0x30 /tmp/ccuJTHfv.ltrans0.ltrans.o
                0x0000000008002720                Vector7C
 .text.Vector78
                0x0000000008002750       0x30 /tmp/ccuJTHfv.ltrans0.ltrans.o
                0x0000000008002750                Vector78
 .text.Vector74
                0x0000000008002780       0x30 /tmp/ccuJTHfv.ltrans0.ltrans.o
                0x0000000008002780                Vector74
 .text.Vector70
                0x00000000080027b0       0x30 /tmp/ccuJTHfv.ltrans0.ltrans.o
                0x00000000080027b0                Vector70
 .text.Vector6C
                0x00000000080027e0       0x30 /tmp/ccuJTHfv.ltrans0.ltrans.o
                0x00000000080027e0                Vector6C
 .text.chSchReadyI
                0x0000000008002810       0x30 /tmp/ccuJTHfv.ltrans0.ltrans.o
                0x0000000008002810                chSchReadyI
 .text.chEvtBroadcastFlagsI
                0x0000000008002840       0x60 /tmp/ccuJTHfv.ltrans0.ltrans.o
                0x0000000008002840                chEvtBroadcastFlagsI
 .text.chMtxLockS
                0x00000000080028a0       0xd0 /tmp/ccuJTHfv.ltrans0.ltrans.o
                0x00000000080028a0                chMtxLockS
 .text.chThdResumeI
                0x0000000008002970       0x20 /tmp/ccuJTHfv.ltrans0.ltrans.o
                0x0000000008002970                chThdResumeI
 .text.i2c_lld_serve_error_interrupt.11412.4373
                0x0000000008002990       0xb0 /tmp/ccuJTHfv.ltrans0.ltrans.o
 .text.Vector164
                0x0000000008002a40       0x30 /tmp/ccuJTHfv.ltrans0.ltrans.o
                0x0000000008002a40                Vector164
 .text.VectorC0
                0x0000000008002a70       0x30 /tmp/ccuJTHfv.ltrans0.ltrans.o
                0x0000000008002a70                VectorC0
 .text.i2c_lld_serve_event_interrupt.11409.4416
                0x0000000008002aa0      0x100 /tmp/ccuJTHfv.ltrans0.ltrans.o
 .text.Vector160
                0x0000000008002ba0       0x20 /tmp/ccuJTHfv.ltrans0.ltrans.o
                0x0000000008002ba0                Vector160
 .text.VectorBC
                0x0000000008002bc0       0x20 /tmp/ccuJTHfv.ltrans0.ltrans.o
                0x0000000008002bc0                VectorBC
 .text.Vector88
                0x0000000008002be0       0x70 /tmp/ccuJTHfv.ltrans0.ltrans.o
                0x0000000008002be0                Vector88
 .text.adc_lld_serve_rx_interrupt.11091
                0x0000000008002c50       0xd0 /tmp/ccuJTHfv.ltrans0.ltrans.o
                0x0000000008002c50                adc_lld_serve_rx_interrupt.11091
 .text.chTMStopMeasurementX
                0x0000000008002d20       0x50 /tmp/ccuJTHfv.ltrans0.ltrans.o
                0x0000000008002d20                chTMStopMeasurementX
 .text._unhandled_exception.4627
                0x0000000008002d70       0x10 /tmp/ccuJTHfv.ltrans0.ltrans.o
                0x0000000008002d70                Vector58
                0x0000000008002d70                VectorE8
                0x0000000008002d70                Vector9C
                0x0000000008002d70                VectorAC
                0x0000000008002d70                DebugMon_Handler
                0x0000000008002d70                Vector1A0
                0x0000000008002d70                Vector5C
                0x0000000008002d70                Vector11C
                0x0000000008002d70                HardFault_Handler
                0x0000000008002d70                Vector1B8
                0x0000000008002d70                Vector19C
                0x0000000008002d70                Vector8C
                0x0000000008002d70                SysTick_Handler
                0x0000000008002d70                VectorDC
                0x0000000008002d70                PendSV_Handler
                0x0000000008002d70                Vector168
                0x0000000008002d70                NMI_Handler
                0x0000000008002d70                Vector110
                0x0000000008002d70                VectorC8
                0x0000000008002d70                Vector94
                0x0000000008002d70                VectorA8
                0x0000000008002d70                VectorB4
                0x0000000008002d70                Vector1B0
                0x0000000008002d70                UsageFault_Handler
                0x0000000008002d70                VectorEC
                0x0000000008002d70                Vector40
                0x0000000008002d70                VectorF8
                0x0000000008002d70                Vector108
                0x0000000008002d70                Vector190
                0x0000000008002d70                Vector148
                0x0000000008002d70                Vector188
                0x0000000008002d70                Vector198
                0x0000000008002d70                Vector118
                0x0000000008002d70                Vector64
                0x0000000008002d70                VectorCC
                0x0000000008002d70                Vector54
                0x0000000008002d70                Vector98
                0x0000000008002d70                Vector138
                0x0000000008002d70                Vector24
                0x0000000008002d70                Vector1AC
                0x0000000008002d70                Vector178
                0x0000000008002d70                Vector1A4
                0x0000000008002d70                VectorD0
                0x0000000008002d70                Vector1B4
                0x0000000008002d70                Vector140
                0x0000000008002d70                VectorE4
                0x0000000008002d70                Vector134
                0x0000000008002d70                VectorF0
                0x0000000008002d70                Vector13C
                0x0000000008002d70                Vector100
                0x0000000008002d70                VectorE0
                0x0000000008002d70                VectorF4
                0x0000000008002d70                MemManage_Handler
                0x0000000008002d70                VectorA0
                0x0000000008002d70                VectorC4
                0x0000000008002d70                Vector180
                0x0000000008002d70                Vector90
                0x0000000008002d70                Vector114
                0x0000000008002d70                Vector60
                0x0000000008002d70                Vector1C
                0x0000000008002d70                Vector1BC
                0x0000000008002d70                Vector17C
                0x0000000008002d70                Vector48
                0x0000000008002d70                Vector1A8
                0x0000000008002d70                Vector16C
                0x0000000008002d70                Vector4C
                0x0000000008002d70                Vector144
                0x0000000008002d70                Vector68
                0x0000000008002d70                Vector170
                0x0000000008002d70                Vector104
                0x0000000008002d70                Vector184
                0x0000000008002d70                Vector10C
                0x0000000008002d70                Vector14C
                0x0000000008002d70                BusFault_Handler
                0x0000000008002d70                Vector50
                0x0000000008002d70                Vector194
                0x0000000008002d70                Vector44
                0x0000000008002d70                Vector28
                0x0000000008002d70                VectorB8
                0x0000000008002d70                Vector34
                0x0000000008002d70                VectorA4
                0x0000000008002d70                Vector20
                0x0000000008002d70                Vector18C
                0x0000000008002d70                Vector174
 .text.beaconThread
                0x0000000008002d80       0x40 /tmp/ccuJTHfv.ltrans2.ltrans.o
                0x0000000008002d80                beaconThread
 .text.sd_lld_start
                0x0000000008002dc0       0xd0 /tmp/ccuJTHfv.ltrans2.ltrans.o
                0x0000000008002dc0                sd_lld_start
 .text.i2c_lld_start
                0x0000000008002e90      0x200 /tmp/ccuJTHfv.ltrans2.ltrans.o
                0x0000000008002e90                i2c_lld_start
 .text.f_close  0x0000000008003090      0x170 /tmp/ccuJTHfv.ltrans2.ltrans.o
                0x0000000008003090                f_close
 .text.create_chain.12846
                0x0000000008003200       0xd0 /tmp/ccuJTHfv.ltrans2.ltrans.o
                0x0000000008003200                create_chain.12846
 .text.dir_next.12850.4466
                0x00000000080032d0      0x140 /tmp/ccuJTHfv.ltrans2.ltrans.o
 .text.f_open   0x0000000008003410      0x470 /tmp/ccuJTHfv.ltrans2.ltrans.o
                0x0000000008003410                f_open
 .text.openNewLogfile.part.0.17310
                0x0000000008003880       0xd0 /tmp/ccuJTHfv.ltrans2.ltrans.o
                0x0000000008003880                openNewLogfile.part.0.17310
 .text.chThdSleep
                0x0000000008003950       0x20 /tmp/ccuJTHfv.ltrans3.ltrans.o
                0x0000000008003950                chThdSleep
 .text.wait.isra.1.9875.4377
                0x0000000008003970       0x40 /tmp/ccuJTHfv.ltrans3.ltrans.o
 .text.mmcSequentialWrite
                0x00000000080039b0       0x80 /tmp/ccuJTHfv.ltrans3.ltrans.o
                0x00000000080039b0                mmcSequentialWrite
 .text.send_hdr.9878.4372
                0x0000000008003a30       0x70 /tmp/ccuJTHfv.ltrans3.ltrans.o
 .text.mmcStartSequentialWrite
                0x0000000008003aa0       0x60 /tmp/ccuJTHfv.ltrans3.ltrans.o
                0x0000000008003aa0                mmcStartSequentialWrite
 .text.disk_write
                0x0000000008003b00       0x80 /tmp/ccuJTHfv.ltrans3.ltrans.o
                0x0000000008003b00                disk_write
 .text.sync_window.part.3.12801
                0x0000000008003b80       0x60 /tmp/ccuJTHfv.ltrans3.ltrans.o
                0x0000000008003b80                sync_window.part.3.12801
 .text.mmcStartSequentialRead.4345
                0x0000000008003be0       0x60 /tmp/ccuJTHfv.ltrans3.ltrans.o
 .text.disk_read.constprop.57
                0x0000000008003c40       0x50 /tmp/ccuJTHfv.ltrans3.ltrans.o
                0x0000000008003c40                disk_read.constprop.57
 .text.move_window.12811
                0x0000000008003c90       0x40 /tmp/ccuJTHfv.ltrans3.ltrans.o
                0x0000000008003c90                move_window.12811
 .text.put_fat.part.8.12841
                0x0000000008003cd0      0x100 /tmp/ccuJTHfv.ltrans3.ltrans.o
                0x0000000008003cd0                put_fat.part.8.12841
 .text.get_fat.part.6.12827
                0x0000000008003dd0       0xd0 /tmp/ccuJTHfv.ltrans3.ltrans.o
                0x0000000008003dd0                get_fat.part.6.12827
 .text.dir_sdi.12831.constprop.53
                0x0000000008003ea0       0x80 /tmp/ccuJTHfv.ltrans3.ltrans.o
                0x0000000008003ea0                dir_sdi.12831.constprop.53
 .text.check_fs.12818.4274
                0x0000000008003f20       0x90 /tmp/ccuJTHfv.ltrans3.ltrans.o
 .text.find_volume.12822
                0x0000000008003fb0      0x320 /tmp/ccuJTHfv.ltrans3.ltrans.o
                0x0000000008003fb0                find_volume.12822
 .text.f_mount  0x00000000080042d0       0x60 /tmp/ccuJTHfv.ltrans3.ltrans.o
                0x00000000080042d0                f_mount
 .text.mmc_read.9961
                0x0000000008004330       0x40 /tmp/ccuJTHfv.ltrans3.ltrans.o
                0x0000000008004330                mmc_read.9961
 .text.read_CxD.9894
                0x0000000008004370       0xb0 /tmp/ccuJTHfv.ltrans3.ltrans.o
                0x0000000008004370                read_CxD.9894
 .text.send_command_R1.9889
                0x0000000008004420       0x30 /tmp/ccuJTHfv.ltrans3.ltrans.o
                0x0000000008004420                send_command_R1.9889
 .text.send_command_R3.9883
                0x0000000008004450       0x40 /tmp/ccuJTHfv.ltrans3.ltrans.o
                0x0000000008004450                send_command_R3.9883
 .text.sync.isra.2.9902.4392
                0x0000000008004490       0x40 /tmp/ccuJTHfv.ltrans3.ltrans.o
 .text.mmcSync  0x00000000080044d0       0x30 /tmp/ccuJTHfv.ltrans3.ltrans.o
                0x00000000080044d0                mmcSync
 .text.mmcDisconnect
                0x0000000008004500       0x50 /tmp/ccuJTHfv.ltrans3.ltrans.o
                0x0000000008004500                mmcDisconnect
 .text.chThdSleepUntil
                0x0000000008004550       0x20 /tmp/ccuJTHfv.ltrans3.ltrans.o
                0x0000000008004550                chThdSleepUntil
 .text.i2c_lld_serve_tx_end_irq.11398
                0x0000000008004570       0x50 /tmp/ccuJTHfv.ltrans4.ltrans.o
                0x0000000008004570                i2c_lld_serve_tx_end_irq.11398
 .text.spi_lld_serve_tx_interrupt.11700
                0x00000000080045c0       0x20 /tmp/ccuJTHfv.ltrans4.ltrans.o
                0x00000000080045c0                spi_lld_serve_tx_interrupt.11700
 .text.uart_lld_serve_rx_end_irq.12164
                0x00000000080045e0       0x90 /tmp/ccuJTHfv.ltrans4.ltrans.o
                0x00000000080045e0                uart_lld_serve_rx_end_irq.12164
 .text.uart_lld_serve_tx_end_irq.12160
                0x0000000008004670       0x60 /tmp/ccuJTHfv.ltrans4.ltrans.o
                0x0000000008004670                uart_lld_serve_tx_end_irq.12160
 .text.mmcConnect
                0x00000000080046d0      0x170 /tmp/ccuJTHfv.ltrans4.ltrans.o
                0x00000000080046d0                mmcConnect
 .text.spi_lld_serve_rx_interrupt.11704
                0x0000000008004840       0x90 /tmp/ccuJTHfv.ltrans4.ltrans.o
                0x0000000008004840                spi_lld_serve_rx_interrupt.11704
 .text.VectorB0
                0x00000000080048d0       0x90 /tmp/ccuJTHfv.ltrans4.ltrans.o
                0x00000000080048d0                VectorB0
 .text.gpsThread
                0x0000000008004960      0x3d0 /tmp/ccuJTHfv.ltrans4.ltrans.o
                0x0000000008004960                gpsThread
 .text.I2CSensor_transact
                0x0000000008004d30      0x130 /tmp/ccuJTHfv.ltrans4.ltrans.o
                0x0000000008004d30                I2CSensor_transact
 .text.I2CSensor_transact_buf
                0x0000000008004e60       0x20 /tmp/ccuJTHfv.ltrans4.ltrans.o
                0x0000000008004e60                I2CSensor_transact_buf
 .text.si70x0_init
                0x0000000008004e80       0x90 /tmp/ccuJTHfv.ltrans4.ltrans.o
                0x0000000008004e80                si70x0_init
 .text.si70x0_heaterEnable
                0x0000000008004f10       0x50 /tmp/ccuJTHfv.ltrans4.ltrans.o
                0x0000000008004f10                si70x0_heaterEnable
 .text.si70x0_readTemperature
                0x0000000008004f60       0x60 /tmp/ccuJTHfv.ltrans4.ltrans.o
                0x0000000008004f60                si70x0_readTemperature
 .text.si70x0_readHumidity
                0x0000000008004fc0       0x70 /tmp/ccuJTHfv.ltrans4.ltrans.o
                0x0000000008004fc0                si70x0_readHumidity
 .text.sensorThread
                0x0000000008005030      0x8e0 /tmp/ccuJTHfv.ltrans5.ltrans.o
                0x0000000008005030                sensorThread
 .text.mmc_write.9978
                0x0000000008005910       0x60 /tmp/ccuJTHfv.ltrans5.ltrans.o
                0x0000000008005910                mmc_write.9978
 .text.serve_interrupt.12020.4587
                0x0000000008005970      0x1a0 /tmp/ccuJTHfv.ltrans5.ltrans.o
 .text.Vector15C.4582
                0x0000000008005b10       0x20 /tmp/ccuJTHfv.ltrans5.ltrans.o
 .text.VectorD8.4585
                0x0000000008005b30       0x20 /tmp/ccuJTHfv.ltrans5.ltrans.o
 .text.Reset_Handler
                0x0000000008005b50      0x1c0 /tmp/ccuJTHfv.ltrans5.ltrans.o
                0x0000000008005b50                Reset_Handler
 .text.gpsRxErr.16068
                0x0000000008005d10       0x10 /tmp/ccuJTHfv.ltrans6.ltrans.o
                0x0000000008005d10                gpsRxErr.16068
 .text.gpsRxEnd.16065
                0x0000000008005d20       0x10 /tmp/ccuJTHfv.ltrans6.ltrans.o
                0x0000000008005d20                gpsRxEnd.16065
 .text.gpsTxC.16062
                0x0000000008005d30       0x10 /tmp/ccuJTHfv.ltrans6.ltrans.o
                0x0000000008005d30                gpsTxC.16062
 .text.gpsTxbufEnd.16059
                0x0000000008005d40       0x10 /tmp/ccuJTHfv.ltrans6.ltrans.o
                0x0000000008005d40                gpsTxbufEnd.16059
 .text.chSchWakeupS.constprop.44.4527
                0x0000000008005d50       0x60 /tmp/ccuJTHfv.ltrans6.ltrans.o
 .text.i2c_lld_serve_rx_end_irq.11402
                0x0000000008005db0       0x70 /tmp/ccuJTHfv.ltrans6.ltrans.o
                0x0000000008005db0                i2c_lld_serve_rx_end_irq.11402
 .text.VectorD4
                0x0000000008005e20       0x70 /tmp/ccuJTHfv.ltrans6.ltrans.o
                0x0000000008005e20                VectorD4
 .text.gpsRxChar.16077
                0x0000000008005e90       0x90 /tmp/ccuJTHfv.ltrans6.ltrans.o
                0x0000000008005e90                gpsRxChar.16077
 .text.chSchGoSleepTimeoutS
                0x0000000008005f20       0xe0 /tmp/ccuJTHfv.ltrans6.ltrans.o
                0x0000000008005f20                chSchGoSleepTimeoutS
 .text.chThdEnqueueTimeoutS.4288
                0x0000000008006000       0x30 /tmp/ccuJTHfv.ltrans6.ltrans.o
 .text.chIQGetTimeout.4233
                0x0000000008006030       0x50 /tmp/ccuJTHfv.ltrans6.ltrans.o
 .text.gett.10196.4226
                0x0000000008006080       0x10 /tmp/ccuJTHfv.ltrans6.ltrans.o
 .text.get.10200.4230
                0x0000000008006090       0x10 /tmp/ccuJTHfv.ltrans6.ltrans.o
 .text.chIQReadTimeout.4248
                0x00000000080060a0       0x80 /tmp/ccuJTHfv.ltrans6.ltrans.o
 .text.readt.10173.4237
                0x0000000008006120       0x10 /tmp/ccuJTHfv.ltrans6.ltrans.o
 .text.read.10180.4243
                0x0000000008006130       0x10 /tmp/ccuJTHfv.ltrans6.ltrans.o
 .text.chOQPutTimeout.4263
                0x0000000008006140       0x50 /tmp/ccuJTHfv.ltrans6.ltrans.o
 .text.putt.10203.4254
                0x0000000008006190       0x10 /tmp/ccuJTHfv.ltrans6.ltrans.o
 .text.put.10208.4259
                0x00000000080061a0       0x10 /tmp/ccuJTHfv.ltrans6.ltrans.o
 .text.chOQWriteTimeout.4282
                0x00000000080061b0       0x80 /tmp/ccuJTHfv.ltrans6.ltrans.o
 .text.writet.10185.4271
                0x0000000008006230       0x10 /tmp/ccuJTHfv.ltrans6.ltrans.o
 .text.write.10191.4277
                0x0000000008006240       0x10 /tmp/ccuJTHfv.ltrans6.ltrans.o
 .text.disk_status
                0x0000000008006250       0x20 /tmp/ccuJTHfv.ltrans6.ltrans.o
                0x0000000008006250                disk_status
 .text.validate.12787
                0x0000000008006270       0x30 /tmp/ccuJTHfv.ltrans6.ltrans.o
                0x0000000008006270                validate.12787
 .text.chprintf.17298.constprop.65
                0x00000000080062a0       0x30 /tmp/ccuJTHfv.ltrans6.ltrans.o
                0x00000000080062a0                chprintf.17298.constprop.65
 .text.spiSend  0x00000000080062d0       0x50 /tmp/ccuJTHfv.ltrans6.ltrans.o
                0x00000000080062d0                spiSend
 .text.spiReceive
                0x0000000008006320       0x50 /tmp/ccuJTHfv.ltrans6.ltrans.o
                0x0000000008006320                spiReceive
 .text.recvr1.isra.0.9868
                0x0000000008006370       0x30 /tmp/ccuJTHfv.ltrans6.ltrans.o
                0x0000000008006370                recvr1.isra.0.9868
 .text.mmcStopSequentialRead.part.7.9923
                0x00000000080063a0       0x30 /tmp/ccuJTHfv.ltrans6.ltrans.o
                0x00000000080063a0                mmcStopSequentialRead.part.7.9923
 .text.spiIgnore
                0x00000000080063d0       0x60 /tmp/ccuJTHfv.ltrans6.ltrans.o
                0x00000000080063d0                spiIgnore
 .text.mmcSequentialRead
                0x0000000008006430       0x60 /tmp/ccuJTHfv.ltrans6.ltrans.o
                0x0000000008006430                mmcSequentialRead
 .text.chsnprintf
                0x0000000008006490       0x60 /tmp/ccuJTHfv.ltrans6.ltrans.o
                0x0000000008006490                chsnprintf
 .text.chThdCreateStatic
                0x00000000080064f0       0x80 /tmp/ccuJTHfv.ltrans6.ltrans.o
                0x00000000080064f0                chThdCreateStatic
 .text.chMtxUnlock
                0x0000000008006570       0x60 /tmp/ccuJTHfv.ltrans6.ltrans.o
                0x0000000008006570                chMtxUnlock
 .text.chTMStartMeasurementX.constprop.31
                0x00000000080065d0       0x10 /tmp/ccuJTHfv.ltrans6.ltrans.o
                0x00000000080065d0                chTMStartMeasurementX.constprop.31
 .text.sdObjectInit.constprop.26
                0x00000000080065e0       0x70 /tmp/ccuJTHfv.ltrans6.ltrans.o
                0x00000000080065e0                sdObjectInit.constprop.26
 .text.chprintf.13294.constprop.13
                0x0000000008006650       0x30 /tmp/ccuJTHfv.ltrans6.ltrans.o
                0x0000000008006650                chprintf.13294.constprop.13
 .text.I2CSensor_init
                0x0000000008006680       0x60 /tmp/ccuJTHfv.ltrans6.ltrans.o
                0x0000000008006680                I2CSensor_init
 .text.chprintf.13613.constprop.12
                0x00000000080066e0       0x30 /tmp/ccuJTHfv.ltrans6.ltrans.o
                0x00000000080066e0                chprintf.13613.constprop.12
 .text.uStrInsertChar.constprop.2
                0x0000000008006710       0x40 /tmp/ccuJTHfv.ltrans6.ltrans.o
                0x0000000008006710                uStrInsertChar.constprop.2
 .text.chprintf.16717
                0x0000000008006750       0x20 /tmp/ccuJTHfv.ltrans6.ltrans.o
                0x0000000008006750                chprintf.16717
 .text.chprintf.16359
                0x0000000008006770       0x20 /tmp/ccuJTHfv.ltrans6.ltrans.o
                0x0000000008006770                chprintf.16359
 .text.uStrPrependChar
                0x0000000008006790       0x30 /tmp/ccuJTHfv.ltrans6.ltrans.o
                0x0000000008006790                uStrPrependChar
 .text.uStrCpy  0x00000000080067c0       0x30 /tmp/ccuJTHfv.ltrans6.ltrans.o
                0x00000000080067c0                uStrCpy
 .text.chprintf.15698
                0x00000000080067f0       0x20 /tmp/ccuJTHfv.ltrans6.ltrans.o
                0x00000000080067f0                chprintf.15698
 .text.chThdExit
                0x0000000008006810       0x50 /tmp/ccuJTHfv.ltrans7.ltrans.o
                0x0000000008006810                chThdExit
 .text.chSchDoReschedule
                0x0000000008006860       0x10 /tmp/ccuJTHfv.ltrans7.ltrans.o
                0x0000000008006860                chSchDoReschedule
 .text.strcpy   0x0000000008006870       0xbc /usr/bin/../lib/gcc/arm-none-eabi/4.8.4/../../../../arm-none-eabi/lib/armv7e-m/fpu/libc.a(lib_a-strcpy.o)
                0x0000000008006870                strcpy
 *fill*         0x000000000800692c        0x4 
 .text.strlen   0x0000000008006930       0x60 /usr/bin/../lib/gcc/arm-none-eabi/4.8.4/../../../../arm-none-eabi/lib/armv7e-m/fpu/libc.a(lib_a-strlen.o)
                0x0000000008006930                strlen
 .text.strncmp  0x0000000008006990       0xb4 /usr/bin/../lib/gcc/arm-none-eabi/4.8.4/../../../../arm-none-eabi/lib/armv7e-m/fpu/libc.a(lib_a-strncmp.o)
                0x0000000008006990                strncmp
 *(.rodata)
 *fill*         0x0000000008006a44        0xc 
 .rodata        0x0000000008006a50        0xc /tmp/ccuJTHfv.ltrans4.ltrans.o
 *fill*         0x0000000008006a5c        0x4 
 .rodata        0x0000000008006a60       0x18 /tmp/ccuJTHfv.ltrans5.ltrans.o
 *(.rodata.*)
 *fill*         0x0000000008006a78        0x8 
 .rodata.str1.4
                0x0000000008006a80        0xf /tmp/ccuJTHfv.ltrans0.ltrans.o
                                         0x10 (size before relaxing)
 *fill*         0x0000000008006a8f        0x1 
 .rodata.pow10.13096.4724
                0x0000000008006a90       0x24 /tmp/ccuJTHfv.ltrans0.ltrans.o
 *fill*         0x0000000008006ab4        0xc 
 .rodata._stm32_dma_streams
                0x0000000008006ac0       0xc0 /tmp/ccuJTHfv.ltrans1.ltrans.o
 .rodata.ch_debug
                0x0000000008006b80       0x18 /tmp/ccuJTHfv.ltrans1.ltrans.o
 *fill*         0x0000000008006b98        0x8 
 .rodata.str1.4
                0x0000000008006ba0      0x339 /tmp/ccuJTHfv.ltrans1.ltrans.o
                                        0x344 (size before relaxing)
 *fill*         0x0000000008006ed9        0x7 
 .rodata.str1.4
                0x0000000008006ee0       0xec /tmp/ccuJTHfv.ltrans2.ltrans.o
 *fill*         0x0000000008006fcc        0x4 
 .rodata.default_config.12051.4576
                0x0000000008006fd0        0xc /tmp/ccuJTHfv.ltrans2.ltrans.o
 *fill*         0x0000000008006fdc        0x4 
 .rodata.ExCvt.12997.4580
                0x0000000008006fe0       0x80 /tmp/ccuJTHfv.ltrans2.ltrans.o
 .rodata.crc7_lookup_table.10006.4458
                0x0000000008007060      0x100 /tmp/ccuJTHfv.ltrans3.ltrans.o
 .rodata.start.7726.10005.4457
                0x0000000008007160        0x4 /tmp/ccuJTHfv.ltrans3.ltrans.o
 *fill*         0x0000000008007164        0xc 
 .rodata.str1.4
                0x0000000008007170       0x3d /tmp/ccuJTHfv.ltrans4.ltrans.o
                                         0x40 (size before relaxing)
 *fill*         0x00000000080071ad        0x3 
 .rodata.analogGrp.15811.4879
                0x00000000080071b0       0x28 /tmp/ccuJTHfv.ltrans5.ltrans.o
 *fill*         0x00000000080071d8        0x8 
 .rodata.ii2cCfg.15815.4882
                0x00000000080071e0        0xc /tmp/ccuJTHfv.ltrans5.ltrans.o
 *fill*         0x00000000080071ec        0x4 
 .rodata.str1.4
                0x00000000080071f0      0x1af /tmp/ccuJTHfv.ltrans5.ltrans.o
                                        0x1b0 (size before relaxing)
 *fill*         0x000000000800739f        0x1 
 .rodata.ei2cCfg.15814.4883
                0x00000000080073a0        0xc /tmp/ccuJTHfv.ltrans5.ltrans.o
 *fill*         0x00000000080073ac        0x4 
 .rodata.mmc_vmt.10007
                0x00000000080073b0       0x20 /tmp/ccuJTHfv.ltrans5.ltrans.o
                0x00000000080073b0                mmc_vmt.10007
 .rodata.stop.7732.10004
                0x00000000080073d0        0x4 /tmp/ccuJTHfv.ltrans5.ltrans.o
                0x00000000080073d0                stop.7732.10004
 *fill*         0x00000000080073d4        0xc 
 .rodata.vmt.10284.4806
                0x00000000080073e0       0x20 /tmp/ccuJTHfv.ltrans6.ltrans.o
 .rodata.vmt.13154.4805
                0x0000000008007400       0x10 /tmp/ccuJTHfv.ltrans6.ltrans.o
 .rodata.str1.4
                0x0000000008007410       0x18 /tmp/ccuJTHfv.ltrans6.ltrans.o
                                         0x24 (size before relaxing)
 *fill*         0x0000000008007428        0x8 
 .rodata.stopcmd.7715.10003.4799
                0x0000000008007430        0x8 /tmp/ccuJTHfv.ltrans6.ltrans.o
 *(.glue_7t)
 .glue_7t       0x0000000000000000        0x0 linker stubs
 *(.glue_7)
 .glue_7        0x0000000000000000        0x0 linker stubs
 *(.gcc*)

.vfp11_veneer   0x0000000008007438        0x0
 .vfp11_veneer  0x0000000000000000        0x0 linker stubs

.v4_bx          0x0000000008007438        0x0
 .v4_bx         0x0000000000000000        0x0 linker stubs

.iplt           0x0000000008007438        0x0
 .iplt          0x0000000000000000        0x0 build/obj/chcoreasm_v7m.o

.rel.dyn        0x0000000008007438        0x0
 .rel.iplt      0x0000000000000000        0x0 build/obj/chcoreasm_v7m.o

.ARM.extab
 *(.ARM.extab* .gnu.linkonce.armextab.*)

.ARM.exidx      0x0000000008007438        0x0
                0x0000000008007438                PROVIDE (__exidx_start, .)
 *(.ARM.exidx* .gnu.linkonce.armexidx.*)
                0x0000000008007438                PROVIDE (__exidx_end, .)

.eh_frame_hdr
 *(.eh_frame_hdr)

.eh_frame
 *(.eh_frame)

.textalign      0x0000000008007438        0x0
                0x0000000008007438                . = ALIGN (0x8)
                0x0000000008007438                . = ALIGN (0x4)
                0x0000000008007438                _etext = .
                0x0000000008007438                _textdata = _etext

.stacks         0x0000000020000000      0xa00
                0x0000000020000000                . = ALIGN (0x8)
                0x0000000020000000                __main_stack_base__ = .
                0x0000000020000400                . = (. + __main_stack_size__)
 *fill*         0x0000000020000000      0x400 
                0x0000000020000400                . = ALIGN (0x8)
                0x0000000020000400                __main_stack_end__ = .
                0x0000000020000400                __process_stack_base__ = .
                0x0000000020000400                __main_thread_stack_base__ = .
                0x0000000020000a00                . = (. + __process_stack_size__)
 *fill*         0x0000000020000400      0x600 
                0x0000000020000a00                . = ALIGN (0x8)
                0x0000000020000a00                __process_stack_end__ = .
                0x0000000020000a00                __main_thread_stack_end__ = .

.data           0x0000000020000a00       0x5c load address 0x0000000008007438
                0x0000000020000a00                . = ALIGN (0x4)
                0x0000000020000a00                PROVIDE (_data, .)
 *(.data)
 *(.data.*)
 .data.mmcCfg.16494.4995
                0x0000000020000a00        0xc /tmp/ccuJTHfv.ltrans1.ltrans.o
 .data.lsCfg.16496.4997
                0x0000000020000a0c        0xc /tmp/ccuJTHfv.ltrans1.ltrans.o
 .data.serCfg.17371.5031
                0x0000000020000a18        0xc /tmp/ccuJTHfv.ltrans1.ltrans.o
 .data.serGpsCfg.16145.5002
                0x0000000020000a24       0x20 /tmp/ccuJTHfv.ltrans1.ltrans.o
 .data.xbeeSerCfg.15021.5034
                0x0000000020000a44        0xc /tmp/ccuJTHfv.ltrans1.ltrans.o
 .data.hsCfg.16497.4998
                0x0000000020000a50        0xc /tmp/ccuJTHfv.ltrans1.ltrans.o
 *(.ramtext)
                0x0000000020000a5c                . = ALIGN (0x4)
                0x0000000020000a5c                PROVIDE (_edata, .)

.igot.plt       0x0000000020000a5c        0x0 load address 0x0000000008007494
 .igot.plt      0x0000000000000000        0x0 build/obj/chcoreasm_v7m.o

.bss            0x0000000020000a5c     0x2e2c
                0x0000000020000a5c                . = ALIGN (0x4)
                0x0000000020000a5c                PROVIDE (_bss_start, .)
 *(.bss)
 *(.bss.*)
 .bss.nextmem.6820
                0x0000000020000a5c        0x4 /tmp/ccuJTHfv.ltrans1.ltrans.o
                0x0000000020000a5c                nextmem.6820
 .bss.xbee.17369.4999
                0x0000000020000a60        0x8 /tmp/ccuJTHfv.ltrans1.ltrans.o
 .bss.waSensor.17375.5020
                0x0000000020000a68     0x1150 /tmp/ccuJTHfv.ltrans1.ltrans.o
 .bss.SPID3     0x0000000020001bb8       0x30 /tmp/ccuJTHfv.ltrans1.ltrans.o
                0x0000000020001bb8                SPID3
 .bss.GPS.16146
                0x0000000020001be8      0x140 /tmp/ccuJTHfv.ltrans1.ltrans.o
                0x0000000020001be8                GPS.16146
 .bss.dummytx.11757
                0x0000000020001d28        0x2 /tmp/ccuJTHfv.ltrans1.ltrans.o
                0x0000000020001d28                dummytx.11757
 *fill*         0x0000000020001d2a        0x6 
 .bss.waGps.17376.5018
                0x0000000020001d30      0x658 /tmp/ccuJTHfv.ltrans1.ltrans.o
 .bss.endmem.6822
                0x0000000020002388        0x4 /tmp/ccuJTHfv.ltrans1.ltrans.o
                0x0000000020002388                endmem.6822
 .bss.FS.16493.5032
                0x000000002000238c      0x230 /tmp/ccuJTHfv.ltrans1.ltrans.o
 .bss.serialPort.16498.4984
                0x00000000200025bc        0x4 /tmp/ccuJTHfv.ltrans1.ltrans.o
 .bss.default_heap.6947.5111
                0x00000000200025c0       0x20 /tmp/ccuJTHfv.ltrans1.ltrans.o
 .bss.dataPrintBuf.15385.4989
                0x00000000200025e0      0x180 /tmp/ccuJTHfv.ltrans1.ltrans.o
 .bss.dma_isr_redir.10833
                0x0000000020002760       0x80 /tmp/ccuJTHfv.ltrans1.ltrans.o
                0x0000000020002760                dma_isr_redir.10833
 .bss.dma_streams_mask.10838
                0x00000000200027e0        0x4 /tmp/ccuJTHfv.ltrans1.ltrans.o
                0x00000000200027e0                dma_streams_mask.10838
 .bss.sd.17367.4992
                0x00000000200027e4       0x10 /tmp/ccuJTHfv.ltrans1.ltrans.o
 .bss.sensorLog.17362
                0x00000000200027f4       0x18 /tmp/ccuJTHfv.ltrans1.ltrans.o
                0x00000000200027f4                sensorLog.17362
 .bss.masterSample.17373.4987
                0x000000002000280c       0xe4 /tmp/ccuJTHfv.ltrans1.ltrans.o
 .bss.waBeacon.17374.5021
                0x00000000200028f0      0x190 /tmp/ccuJTHfv.ltrans1.ltrans.o
 .bss.mainthread.6320.4386.5003
                0x0000000020002a80       0x44 /tmp/ccuJTHfv.ltrans1.ltrans.o
 .bss.DEBUG.16866
                0x0000000020002ac4        0x4 /tmp/ccuJTHfv.ltrans1.ltrans.o
                0x0000000020002ac4                DEBUG.16866
 .bss._idle_thread_wa.4385.5110
                0x0000000020002ac8      0x160 /tmp/ccuJTHfv.ltrans1.ltrans.o
 .bss.MMCD1     0x0000000020002c28       0x34 /tmp/ccuJTHfv.ltrans1.ltrans.o
                0x0000000020002c28                MMCD1
 .bss.logger.17363
                0x0000000020002c5c       0x10 /tmp/ccuJTHfv.ltrans1.ltrans.o
                0x0000000020002c5c                logger.17363
 .bss.SD.16499.4985
                0x0000000020002c6c        0x4 /tmp/ccuJTHfv.ltrans1.ltrans.o
 .bss.UARTD1    0x0000000020002c70       0x1c /tmp/ccuJTHfv.ltrans1.ltrans.o
                0x0000000020002c70                UARTD1
 .bss.lfNum.17377.4571
                0x0000000020002c8c        0x2 /tmp/ccuJTHfv.ltrans2.ltrans.o
 *fill*         0x0000000020002c8e        0x2 
 .bss.lFile.4574
                0x0000000020002c90      0x224 /tmp/ccuJTHfv.ltrans2.ltrans.o
 .bss.FatFs.12998.4452
                0x0000000020002eb4        0x4 /tmp/ccuJTHfv.ltrans3.ltrans.o
 .bss.Fsid.12999.4453
                0x0000000020002eb8        0x2 /tmp/ccuJTHfv.ltrans3.ltrans.o
 *fill*         0x0000000020002eba        0x2 
 .bss.tokBuf.16147
                0x0000000020002ebc       0x14 /tmp/ccuJTHfv.ltrans4.ltrans.o
                0x0000000020002ebc                tokBuf.16147
 .bss.gpsSem    0x0000000020002ed0        0xc /tmp/ccuJTHfv.ltrans4.ltrans.o
                0x0000000020002ed0                gpsSem
 .bss.errors.13409.4686
                0x0000000020002edc        0x4 /tmp/ccuJTHfv.ltrans4.ltrans.o
 .bss.sensCount.13865.4687
                0x0000000020002ee0        0x1 /tmp/ccuJTHfv.ltrans4.ltrans.o
 *fill*         0x0000000020002ee1        0x3 
 .bss.analogSamples.15817.4884
                0x0000000020002ee4        0xc /tmp/ccuJTHfv.ltrans5.ltrans.o
 .bss.sensCount.14811.4874
                0x0000000020002ef0        0x1 /tmp/ccuJTHfv.ltrans5.ltrans.o
 *fill*         0x0000000020002ef1        0x3 
 .bss.ADCD1     0x0000000020002ef4       0x34 /tmp/ccuJTHfv.ltrans5.ltrans.o
                0x0000000020002ef4                ADCD1
 .bss.SD6       0x0000000020002f28      0x458 /tmp/ccuJTHfv.ltrans5.ltrans.o
                0x0000000020002f28                SD6
 .bss.sensCount.14409.4873
                0x0000000020003380        0x1 /tmp/ccuJTHfv.ltrans5.ltrans.o
 .bss.sensCount.13663.4871
                0x0000000020003381        0x1 /tmp/ccuJTHfv.ltrans5.ltrans.o
 .bss.sensCount.14051.4872
                0x0000000020003382        0x1 /tmp/ccuJTHfv.ltrans5.ltrans.o
 *fill*         0x0000000020003383        0x1 
 .bss.SD2       0x0000000020003384      0x458 /tmp/ccuJTHfv.ltrans5.ltrans.o
                0x0000000020003384                SD2
 .bss.activeAnalogCh.15816.4875
                0x00000000200037dc        0x1 /tmp/ccuJTHfv.ltrans5.ltrans.o
 *fill*         0x00000000200037dd        0x3 
 .bss.I2CD1     0x00000000200037e0       0x38 /tmp/ccuJTHfv.ltrans5.ltrans.o
                0x00000000200037e0                I2CD1
 .bss.I2CD3     0x0000000020003818       0x38 /tmp/ccuJTHfv.ltrans5.ltrans.o
                0x0000000020003818                I2CD3
 .bss.dummyrx.11759.4803
                0x0000000020003850        0x2 /tmp/ccuJTHfv.ltrans6.ltrans.o
 *fill*         0x0000000020003852        0x2 
 .bss.ch        0x0000000020003854       0x34 /tmp/ccuJTHfv.ltrans7.ltrans.o
                0x0000000020003854                ch
 *(COMMON)
                0x0000000020003888                . = ALIGN (0x4)
                0x0000000020003888                PROVIDE (_bss_end, .)
                0x0000000020003888                PROVIDE (end, .)
                0x0000000020003888                _end = .
                0x0000000020003888                __heap_base__ = _end
                0x0000000020010000                __heap_end__ = __ram_end__
                0x0000000000000600                __process_stack_size__ = 0x600
                0x0000000000000400                __main_stack_size__ = 0x400
START GROUP
LOAD /usr/bin/../lib/gcc/arm-none-eabi/4.8.4/armv7e-m/fpu/libgcc.a
LOAD /usr/bin/../lib/gcc/arm-none-eabi/4.8.4/../../../../arm-none-eabi/lib/armv7e-m/fpu/libc.a
END GROUP
OUTPUT(build/stribog.elf elf32-littlearm)

.ARM.attributes
                0x0000000000000000       0x35
 .ARM.attributes
                0x0000000000000000       0x25 build/obj/chcoreasm_v7m.o
 .ARM.attributes
                0x0000000000000025       0x37 /tmp/ccuJTHfv.ltrans0.ltrans.o
 .ARM.attributes
                0x000000000000005c       0x37 /tmp/ccuJTHfv.ltrans1.ltrans.o
 .ARM.attributes
                0x0000000000000093       0x37 /tmp/ccuJTHfv.ltrans2.ltrans.o
 .ARM.attributes
                0x00000000000000ca       0x37 /tmp/ccuJTHfv.ltrans3.ltrans.o
 .ARM.attributes
                0x0000000000000101       0x37 /tmp/ccuJTHfv.ltrans4.ltrans.o
 .ARM.attributes
                0x0000000000000138       0x37 /tmp/ccuJTHfv.ltrans5.ltrans.o
 .ARM.attributes
                0x000000000000016f       0x37 /tmp/ccuJTHfv.ltrans6.ltrans.o
 .ARM.attributes
                0x00000000000001a6       0x37 /tmp/ccuJTHfv.ltrans7.ltrans.o
 .ARM.attributes
                0x00000000000001dd       0x22 /usr/bin/../lib/gcc/arm-none-eabi/4.8.4/armv7e-m/fpu/libgcc.a(_arm_addsubdf3.o)
 .ARM.attributes
                0x00000000000001ff       0x22 /usr/bin/../lib/gcc/arm-none-eabi/4.8.4/armv7e-m/fpu/libgcc.a(_arm_muldivdf3.o)
 .ARM.attributes
                0x0000000000000221       0x22 /usr/bin/../lib/gcc/arm-none-eabi/4.8.4/armv7e-m/fpu/libgcc.a(_arm_fixdfsi.o)
 .ARM.attributes
                0x0000000000000243       0x22 /usr/bin/../lib/gcc/arm-none-eabi/4.8.4/armv7e-m/fpu/libgcc.a(_arm_truncdfsf2.o)
 .ARM.attributes
                0x0000000000000265       0x20 /usr/bin/../lib/gcc/arm-none-eabi/4.8.4/../../../../arm-none-eabi/lib/armv7e-m/fpu/libc.a(lib_a-memcpy.o)
 .ARM.attributes
                0x0000000000000285       0x34 /usr/bin/../lib/gcc/arm-none-eabi/4.8.4/../../../../arm-none-eabi/lib/armv7e-m/fpu/libc.a(lib_a-strcpy.o)
 .ARM.attributes
                0x00000000000002b9       0x34 /usr/bin/../lib/gcc/arm-none-eabi/4.8.4/../../../../arm-none-eabi/lib/armv7e-m/fpu/libc.a(lib_a-strlen.o)
 .ARM.attributes
                0x00000000000002ed       0x34 /usr/bin/../lib/gcc/arm-none-eabi/4.8.4/../../../../arm-none-eabi/lib/armv7e-m/fpu/libc.a(lib_a-strncmp.o)

.comment        0x0000000000000000       0x70
 .comment       0x0000000000000000       0x70 /tmp/ccuJTHfv.ltrans0.ltrans.o
                                         0x71 (size before relaxing)
 .comment       0x0000000000000000       0x71 /tmp/ccuJTHfv.ltrans1.ltrans.o
 .comment       0x0000000000000000       0x71 /tmp/ccuJTHfv.ltrans2.ltrans.o
 .comment       0x0000000000000000       0x71 /tmp/ccuJTHfv.ltrans3.ltrans.o
 .comment       0x0000000000000000       0x71 /tmp/ccuJTHfv.ltrans4.ltrans.o
 .comment       0x0000000000000000       0x71 /tmp/ccuJTHfv.ltrans5.ltrans.o
 .comment       0x0000000000000000       0x71 /tmp/ccuJTHfv.ltrans6.ltrans.o
 .comment       0x0000000000000000       0x71 /tmp/ccuJTHfv.ltrans7.ltrans.o

.debug_frame    0x0000000000000000       0x68
 .debug_frame   0x0000000000000000       0x20 /usr/bin/../lib/gcc/arm-none-eabi/4.8.4/../../../../arm-none-eabi/lib/armv7e-m/fpu/libc.a(lib_a-strcpy.o)
 .debug_frame   0x0000000000000020       0x20 /usr/bin/../lib/gcc/arm-none-eabi/4.8.4/../../../../arm-none-eabi/lib/armv7e-m/fpu/libc.a(lib_a-strlen.o)
 .debug_frame   0x0000000000000040       0x28 /usr/bin/../lib/gcc/arm-none-eabi/4.8.4/../../../../arm-none-eabi/lib/armv7e-m/fpu/libc.a(lib_a-strncmp.o)

Cross Reference Table

Symbol                                            File
ADCD1                                             /tmp/ccuJTHfv.ltrans5.ltrans.o
                                                  /tmp/ccuJTHfv.ltrans1.ltrans.o
                                                  /tmp/ccuJTHfv.ltrans0.ltrans.o
BusFault_Handler                                  /tmp/ccuJTHfv.ltrans0.ltrans.o
                                                  /tmp/ccuJTHfv.ltrans5.ltrans.o
DEBUG.16866                                       /tmp/ccuJTHfv.ltrans1.ltrans.o
                                                  /tmp/ccuJTHfv.ltrans2.ltrans.o
DebugMon_Handler                                  /tmp/ccuJTHfv.ltrans0.ltrans.o
                                                  /tmp/ccuJTHfv.ltrans5.ltrans.o
GPS.16146                                         /tmp/ccuJTHfv.ltrans1.ltrans.o
                                                  /tmp/ccuJTHfv.ltrans6.ltrans.o
                                                  /tmp/ccuJTHfv.ltrans4.ltrans.o
HardFault_Handler                                 /tmp/ccuJTHfv.ltrans0.ltrans.o
                                                  /tmp/ccuJTHfv.ltrans5.ltrans.o
I2CD1                                             /tmp/ccuJTHfv.ltrans5.ltrans.o
                                                  /tmp/ccuJTHfv.ltrans2.ltrans.o
                                                  /tmp/ccuJTHfv.ltrans1.ltrans.o
                                                  /tmp/ccuJTHfv.ltrans0.ltrans.o
I2CD3                                             /tmp/ccuJTHfv.ltrans5.ltrans.o
                                                  /tmp/ccuJTHfv.ltrans2.ltrans.o
                                                  /tmp/ccuJTHfv.ltrans1.ltrans.o
                                                  /tmp/ccuJTHfv.ltrans0.ltrans.o
I2CSensor_init                                    /tmp/ccuJTHfv.ltrans6.ltrans.o
                                                  /tmp/ccuJTHfv.ltrans5.ltrans.o
                                                  /tmp/ccuJTHfv.ltrans4.ltrans.o
I2CSensor_transact                                /tmp/ccuJTHfv.ltrans4.ltrans.o
                                                  /tmp/ccuJTHfv.ltrans5.ltrans.o
I2CSensor_transact_buf                            /tmp/ccuJTHfv.ltrans4.ltrans.o
                                                  /tmp/ccuJTHfv.ltrans5.ltrans.o
MMCD1                                             /tmp/ccuJTHfv.ltrans1.ltrans.o
                                                  /tmp/ccuJTHfv.ltrans6.ltrans.o
                                                  /tmp/ccuJTHfv.ltrans3.ltrans.o
MemManage_Handler                                 /tmp/ccuJTHfv.ltrans0.ltrans.o
                                                  /tmp/ccuJTHfv.ltrans5.ltrans.o
NMI_Handler                                       /tmp/ccuJTHfv.ltrans0.ltrans.o
                                                  /tmp/ccuJTHfv.ltrans5.ltrans.o
PendSV_Handler                                    /tmp/ccuJTHfv.ltrans0.ltrans.o
                                                  /tmp/ccuJTHfv.ltrans5.ltrans.o
Reset_Handler                                     /tmp/ccuJTHfv.ltrans5.ltrans.o
SD2                                               /tmp/ccuJTHfv.ltrans5.ltrans.o
                                                  /tmp/ccuJTHfv.ltrans2.ltrans.o
                                                  /tmp/ccuJTHfv.ltrans1.ltrans.o
SD6                                               /tmp/ccuJTHfv.ltrans5.ltrans.o
                                                  /tmp/ccuJTHfv.ltrans6.ltrans.o
                                                  /tmp/ccuJTHfv.ltrans4.ltrans.o
                                                  /tmp/ccuJTHfv.ltrans2.ltrans.o
                                                  /tmp/ccuJTHfv.ltrans1.ltrans.o
SPID3                                             /tmp/ccuJTHfv.ltrans1.ltrans.o
                                                  /tmp/ccuJTHfv.ltrans0.ltrans.o
SVC_Handler                                       /tmp/ccuJTHfv.ltrans0.ltrans.o
                                                  /tmp/ccuJTHfv.ltrans5.ltrans.o
SysTick_Handler                                   /tmp/ccuJTHfv.ltrans0.ltrans.o
                                                  /tmp/ccuJTHfv.ltrans5.ltrans.o
UARTD1                                            /tmp/ccuJTHfv.ltrans1.ltrans.o
                                                  /tmp/ccuJTHfv.ltrans6.ltrans.o
                                                  /tmp/ccuJTHfv.ltrans4.ltrans.o
UsageFault_Handler                                /tmp/ccuJTHfv.ltrans0.ltrans.o
                                                  /tmp/ccuJTHfv.ltrans5.ltrans.o
Vector100                                         /tmp/ccuJTHfv.ltrans0.ltrans.o
                                                  /tmp/ccuJTHfv.ltrans5.ltrans.o
Vector104                                         /tmp/ccuJTHfv.ltrans0.ltrans.o
                                                  /tmp/ccuJTHfv.ltrans5.ltrans.o
Vector108                                         /tmp/ccuJTHfv.ltrans0.ltrans.o
                                                  /tmp/ccuJTHfv.ltrans5.ltrans.o
Vector10C                                         /tmp/ccuJTHfv.ltrans0.ltrans.o
                                                  /tmp/ccuJTHfv.ltrans5.ltrans.o
Vector110                                         /tmp/ccuJTHfv.ltrans0.ltrans.o
                                                  /tmp/ccuJTHfv.ltrans5.ltrans.o
Vector114                                         /tmp/ccuJTHfv.ltrans0.ltrans.o
                                                  /tmp/ccuJTHfv.ltrans5.ltrans.o
Vector118                                         /tmp/ccuJTHfv.ltrans0.ltrans.o
                                                  /tmp/ccuJTHfv.ltrans5.ltrans.o
Vector11C                                         /tmp/ccuJTHfv.ltrans0.ltrans.o
                                                  /tmp/ccuJTHfv.ltrans5.ltrans.o
Vector120                                         /tmp/ccuJTHfv.ltrans0.ltrans.o
                                                  /tmp/ccuJTHfv.ltrans5.ltrans.o
Vector124                                         /tmp/ccuJTHfv.ltrans0.ltrans.o
                                                  /tmp/ccuJTHfv.ltrans5.ltrans.o
Vector128                                         /tmp/ccuJTHfv.ltrans0.ltrans.o
                                                  /tmp/ccuJTHfv.ltrans5.ltrans.o
Vector12C                                         /tmp/ccuJTHfv.ltrans0.ltrans.o
                                                  /tmp/ccuJTHfv.ltrans5.ltrans.o
Vector130                                         /tmp/ccuJTHfv.ltrans0.ltrans.o
                                                  /tmp/ccuJTHfv.ltrans5.ltrans.o
Vector134                                         /tmp/ccuJTHfv.ltrans0.ltrans.o
                                                  /tmp/ccuJTHfv.ltrans5.ltrans.o
Vector138                                         /tmp/ccuJTHfv.ltrans0.ltrans.o
                                                  /tmp/ccuJTHfv.ltrans5.ltrans.o
Vector13C                                         /tmp/ccuJTHfv.ltrans0.ltrans.o
                                                  /tmp/ccuJTHfv.ltrans5.ltrans.o
Vector140                                         /tmp/ccuJTHfv.ltrans0.ltrans.o
                                                  /tmp/ccuJTHfv.ltrans5.ltrans.o
Vector144                                         /tmp/ccuJTHfv.ltrans0.ltrans.o
                                                  /tmp/ccuJTHfv.ltrans5.ltrans.o
Vector148                                         /tmp/ccuJTHfv.ltrans0.ltrans.o
                                                  /tmp/ccuJTHfv.ltrans5.ltrans.o
Vector14C                                         /tmp/ccuJTHfv.ltrans0.ltrans.o
                                                  /tmp/ccuJTHfv.ltrans5.ltrans.o
Vector150                                         /tmp/ccuJTHfv.ltrans0.ltrans.o
                                                  /tmp/ccuJTHfv.ltrans5.ltrans.o
Vector154                                         /tmp/ccuJTHfv.ltrans0.ltrans.o
                                                  /tmp/ccuJTHfv.ltrans5.ltrans.o
Vector158                                         /tmp/ccuJTHfv.ltrans0.ltrans.o
                                                  /tmp/ccuJTHfv.ltrans5.ltrans.o
Vector160                                         /tmp/ccuJTHfv.ltrans0.ltrans.o
                                                  /tmp/ccuJTHfv.ltrans5.ltrans.o
Vector164                                         /tmp/ccuJTHfv.ltrans0.ltrans.o
                                                  /tmp/ccuJTHfv.ltrans5.ltrans.o
Vector168                                         /tmp/ccuJTHfv.ltrans0.ltrans.o
                                                  /tmp/ccuJTHfv.ltrans5.ltrans.o
Vector16C                                         /tmp/ccuJTHfv.ltrans0.ltrans.o
                                                  /tmp/ccuJTHfv.ltrans5.ltrans.o
Vector170                                         /tmp/ccuJTHfv.ltrans0.ltrans.o
                                                  /tmp/ccuJTHfv.ltrans5.ltrans.o
Vector174                                         /tmp/ccuJTHfv.ltrans0.ltrans.o
                                                  /tmp/ccuJTHfv.ltrans5.ltrans.o
Vector178                                         /tmp/ccuJTHfv.ltrans0.ltrans.o
                                                  /tmp/ccuJTHfv.ltrans5.ltrans.o
Vector17C                                         /tmp/ccuJTHfv.ltrans0.ltrans.o
                                                  /tmp/ccuJTHfv.ltrans5.ltrans.o
Vector180                                         /tmp/ccuJTHfv.ltrans0.ltrans.o
                                                  /tmp/ccuJTHfv.ltrans5.ltrans.o
Vector184                                         /tmp/ccuJTHfv.ltrans0.ltrans.o
                                                  /tmp/ccuJTHfv.ltrans5.ltrans.o
Vector188                                         /tmp/ccuJTHfv.ltrans0.ltrans.o
                                                  /tmp/ccuJTHfv.ltrans5.ltrans.o
Vector18C                                         /tmp/ccuJTHfv.ltrans0.ltrans.o
                                                  /tmp/ccuJTHfv.ltrans5.ltrans.o
Vector190                                         /tmp/ccuJTHfv.ltrans0.ltrans.o
                                                  /tmp/ccuJTHfv.ltrans5.ltrans.o
Vector194                                         /tmp/ccuJTHfv.ltrans0.ltrans.o
                                                  /tmp/ccuJTHfv.ltrans5.ltrans.o
Vector198                                         /tmp/ccuJTHfv.ltrans0.ltrans.o
                                                  /tmp/ccuJTHfv.ltrans5.ltrans.o
Vector19C                                         /tmp/ccuJTHfv.ltrans0.ltrans.o
                                                  /tmp/ccuJTHfv.ltrans5.ltrans.o
Vector1A0                                         /tmp/ccuJTHfv.ltrans0.ltrans.o
                                                  /tmp/ccuJTHfv.ltrans5.ltrans.o
Vector1A4                                         /tmp/ccuJTHfv.ltrans0.ltrans.o
                                                  /tmp/ccuJTHfv.ltrans5.ltrans.o
Vector1A8                                         /tmp/ccuJTHfv.ltrans0.ltrans.o
                                                  /tmp/ccuJTHfv.ltrans5.ltrans.o
Vector1AC                                         /tmp/ccuJTHfv.ltrans0.ltrans.o
                                                  /tmp/ccuJTHfv.ltrans5.ltrans.o
Vector1B0                                         /tmp/ccuJTHfv.ltrans0.ltrans.o
                                                  /tmp/ccuJTHfv.ltrans5.ltrans.o
Vector1B4                                         /tmp/ccuJTHfv.ltrans0.ltrans.o
                                                  /tmp/ccuJTHfv.ltrans5.ltrans.o
Vector1B8                                         /tmp/ccuJTHfv.ltrans0.ltrans.o
                                                  /tmp/ccuJTHfv.ltrans5.ltrans.o
Vector1BC                                         /tmp/ccuJTHfv.ltrans0.ltrans.o
                                                  /tmp/ccuJTHfv.ltrans5.ltrans.o
Vector1C                                          /tmp/ccuJTHfv.ltrans0.ltrans.o
                                                  /tmp/ccuJTHfv.ltrans5.ltrans.o
Vector20                                          /tmp/ccuJTHfv.ltrans0.ltrans.o
                                                  /tmp/ccuJTHfv.ltrans5.ltrans.o
Vector24                                          /tmp/ccuJTHfv.ltrans0.ltrans.o
                                                  /tmp/ccuJTHfv.ltrans5.ltrans.o
Vector28                                          /tmp/ccuJTHfv.ltrans0.ltrans.o
                                                  /tmp/ccuJTHfv.ltrans5.ltrans.o
Vector34                                          /tmp/ccuJTHfv.ltrans0.ltrans.o
                                                  /tmp/ccuJTHfv.ltrans5.ltrans.o
Vector40                                          /tmp/ccuJTHfv.ltrans0.ltrans.o
                                                  /tmp/ccuJTHfv.ltrans5.ltrans.o
Vector44                                          /tmp/ccuJTHfv.ltrans0.ltrans.o
                                                  /tmp/ccuJTHfv.ltrans5.ltrans.o
Vector48                                          /tmp/ccuJTHfv.ltrans0.ltrans.o
                                                  /tmp/ccuJTHfv.ltrans5.ltrans.o
Vector4C                                          /tmp/ccuJTHfv.ltrans0.ltrans.o
                                                  /tmp/ccuJTHfv.ltrans5.ltrans.o
Vector50                                          /tmp/ccuJTHfv.ltrans0.ltrans.o
                                                  /tmp/ccuJTHfv.ltrans5.ltrans.o
Vector54                                          /tmp/ccuJTHfv.ltrans0.ltrans.o
                                                  /tmp/ccuJTHfv.ltrans5.ltrans.o
Vector58                                          /tmp/ccuJTHfv.ltrans0.ltrans.o
                                                  /tmp/ccuJTHfv.ltrans5.ltrans.o
Vector5C                                          /tmp/ccuJTHfv.ltrans0.ltrans.o
                                                  /tmp/ccuJTHfv.ltrans5.ltrans.o
Vector60                                          /tmp/ccuJTHfv.ltrans0.ltrans.o
                                                  /tmp/ccuJTHfv.ltrans5.ltrans.o
Vector64                                          /tmp/ccuJTHfv.ltrans0.ltrans.o
                                                  /tmp/ccuJTHfv.ltrans5.ltrans.o
Vector68                                          /tmp/ccuJTHfv.ltrans0.ltrans.o
                                                  /tmp/ccuJTHfv.ltrans5.ltrans.o
Vector6C                                          /tmp/ccuJTHfv.ltrans0.ltrans.o
                                                  /tmp/ccuJTHfv.ltrans5.ltrans.o
Vector70                                          /tmp/ccuJTHfv.ltrans0.ltrans.o
                                                  /tmp/ccuJTHfv.ltrans5.ltrans.o
Vector74                                          /tmp/ccuJTHfv.ltrans0.ltrans.o
                                                  /tmp/ccuJTHfv.ltrans5.ltrans.o
Vector78                                          /tmp/ccuJTHfv.ltrans0.ltrans.o
                                                  /tmp/ccuJTHfv.ltrans5.ltrans.o
Vector7C                                          /tmp/ccuJTHfv.ltrans0.ltrans.o
                                                  /tmp/ccuJTHfv.ltrans5.ltrans.o
Vector80                                          /tmp/ccuJTHfv.ltrans0.ltrans.o
                                                  /tmp/ccuJTHfv.ltrans5.ltrans.o
Vector84                                          /tmp/ccuJTHfv.ltrans0.ltrans.o
                                                  /tmp/ccuJTHfv.ltrans5.ltrans.o
Vector88                                          /tmp/ccuJTHfv.ltrans0.ltrans.o
                                                  /tmp/ccuJTHfv.ltrans5.ltrans.o
Vector8C                                          /tmp/ccuJTHfv.ltrans0.ltrans.o
                                                  /tmp/ccuJTHfv.ltrans5.ltrans.o
Vector90                                          /tmp/ccuJTHfv.ltrans0.ltrans.o
                                                  /tmp/ccuJTHfv.ltrans5.ltrans.o
Vector94                                          /tmp/ccuJTHfv.ltrans0.ltrans.o
                                                  /tmp/ccuJTHfv.ltrans5.ltrans.o
Vector98                                          /tmp/ccuJTHfv.ltrans0.ltrans.o
                                                  /tmp/ccuJTHfv.ltrans5.ltrans.o
Vector9C                                          /tmp/ccuJTHfv.ltrans0.ltrans.o
                                                  /tmp/ccuJTHfv.ltrans5.ltrans.o
VectorA0                                          /tmp/ccuJTHfv.ltrans0.ltrans.o
                                                  /tmp/ccuJTHfv.ltrans5.ltrans.o
VectorA4                                          /tmp/ccuJTHfv.ltrans0.ltrans.o
                                                  /tmp/ccuJTHfv.ltrans5.ltrans.o
VectorA8                                          /tmp/ccuJTHfv.ltrans0.ltrans.o
                                                  /tmp/ccuJTHfv.ltrans5.ltrans.o
VectorAC                                          /tmp/ccuJTHfv.ltrans0.ltrans.o
                                                  /tmp/ccuJTHfv.ltrans5.ltrans.o
VectorB0                                          /tmp/ccuJTHfv.ltrans4.ltrans.o
                                                  /tmp/ccuJTHfv.ltrans5.ltrans.o
VectorB4                                          /tmp/ccuJTHfv.ltrans0.ltrans.o
                                                  /tmp/ccuJTHfv.ltrans5.ltrans.o
VectorB8                                          /tmp/ccuJTHfv.ltrans0.ltrans.o
                                                  /tmp/ccuJTHfv.ltrans5.ltrans.o
VectorBC                                          /tmp/ccuJTHfv.ltrans0.ltrans.o
                                                  /tmp/ccuJTHfv.ltrans5.ltrans.o
VectorC0                                          /tmp/ccuJTHfv.ltrans0.ltrans.o
                                                  /tmp/ccuJTHfv.ltrans5.ltrans.o
VectorC4                                          /tmp/ccuJTHfv.ltrans0.ltrans.o
                                                  /tmp/ccuJTHfv.ltrans5.ltrans.o
VectorC8                                          /tmp/ccuJTHfv.ltrans0.ltrans.o
                                                  /tmp/ccuJTHfv.ltrans5.ltrans.o
VectorCC                                          /tmp/ccuJTHfv.ltrans0.ltrans.o
                                                  /tmp/ccuJTHfv.ltrans5.ltrans.o
VectorD0                                          /tmp/ccuJTHfv.ltrans0.ltrans.o
                                                  /tmp/ccuJTHfv.ltrans5.ltrans.o
VectorD4                                          /tmp/ccuJTHfv.ltrans6.ltrans.o
                                                  /tmp/ccuJTHfv.ltrans5.ltrans.o
VectorDC                                          /tmp/ccuJTHfv.ltrans0.ltrans.o
                                                  /tmp/ccuJTHfv.ltrans5.ltrans.o
VectorE0                                          /tmp/ccuJTHfv.ltrans0.ltrans.o
                                                  /tmp/ccuJTHfv.ltrans5.ltrans.o
VectorE4                                          /tmp/ccuJTHfv.ltrans0.ltrans.o
                                                  /tmp/ccuJTHfv.ltrans5.ltrans.o
VectorE8                                          /tmp/ccuJTHfv.ltrans0.ltrans.o
                                                  /tmp/ccuJTHfv.ltrans5.ltrans.o
VectorEC                                          /tmp/ccuJTHfv.ltrans0.ltrans.o
                                                  /tmp/ccuJTHfv.ltrans5.ltrans.o
VectorF0                                          /tmp/ccuJTHfv.ltrans0.ltrans.o
                                                  /tmp/ccuJTHfv.ltrans5.ltrans.o
VectorF4                                          /tmp/ccuJTHfv.ltrans0.ltrans.o
                                                  /tmp/ccuJTHfv.ltrans5.ltrans.o
VectorF8                                          /tmp/ccuJTHfv.ltrans0.ltrans.o
                                                  /tmp/ccuJTHfv.ltrans5.ltrans.o
VectorFC                                          /tmp/ccuJTHfv.ltrans0.ltrans.o
                                                  /tmp/ccuJTHfv.ltrans5.ltrans.o
__adddf3                                          /usr/bin/../lib/gcc/arm-none-eabi/4.8.4/armv7e-m/fpu/libgcc.a(_arm_addsubdf3.o)
__aeabi_d2f                                       /usr/bin/../lib/gcc/arm-none-eabi/4.8.4/armv7e-m/fpu/libgcc.a(_arm_truncdfsf2.o)
                                                  /tmp/ccuJTHfv.ltrans0.ltrans.o
__aeabi_d2iz                                      /usr/bin/../lib/gcc/arm-none-eabi/4.8.4/armv7e-m/fpu/libgcc.a(_arm_fixdfsi.o)
                                                  /tmp/ccuJTHfv.ltrans0.ltrans.o
__aeabi_dadd                                      /usr/bin/../lib/gcc/arm-none-eabi/4.8.4/armv7e-m/fpu/libgcc.a(_arm_addsubdf3.o)
__aeabi_ddiv                                      /usr/bin/../lib/gcc/arm-none-eabi/4.8.4/armv7e-m/fpu/libgcc.a(_arm_muldivdf3.o)
__aeabi_dmul                                      /usr/bin/../lib/gcc/arm-none-eabi/4.8.4/armv7e-m/fpu/libgcc.a(_arm_muldivdf3.o)
                                                  /tmp/ccuJTHfv.ltrans0.ltrans.o
__aeabi_drsub                                     /usr/bin/../lib/gcc/arm-none-eabi/4.8.4/armv7e-m/fpu/libgcc.a(_arm_addsubdf3.o)
__aeabi_dsub                                      /usr/bin/../lib/gcc/arm-none-eabi/4.8.4/armv7e-m/fpu/libgcc.a(_arm_addsubdf3.o)
                                                  /tmp/ccuJTHfv.ltrans0.ltrans.o
__aeabi_f2d                                       /usr/bin/../lib/gcc/arm-none-eabi/4.8.4/armv7e-m/fpu/libgcc.a(_arm_addsubdf3.o)
                                                  /tmp/ccuJTHfv.ltrans5.ltrans.o
                                                  /tmp/ccuJTHfv.ltrans0.ltrans.o
__aeabi_i2d                                       /usr/bin/../lib/gcc/arm-none-eabi/4.8.4/armv7e-m/fpu/libgcc.a(_arm_addsubdf3.o)
                                                  /tmp/ccuJTHfv.ltrans0.ltrans.o
__aeabi_l2d                                       /usr/bin/../lib/gcc/arm-none-eabi/4.8.4/armv7e-m/fpu/libgcc.a(_arm_addsubdf3.o)
__aeabi_ui2d                                      /usr/bin/../lib/gcc/arm-none-eabi/4.8.4/armv7e-m/fpu/libgcc.a(_arm_addsubdf3.o)
                                                  /tmp/ccuJTHfv.ltrans0.ltrans.o
__aeabi_ul2d                                      /usr/bin/../lib/gcc/arm-none-eabi/4.8.4/armv7e-m/fpu/libgcc.a(_arm_addsubdf3.o)
__divdf3                                          /usr/bin/../lib/gcc/arm-none-eabi/4.8.4/armv7e-m/fpu/libgcc.a(_arm_muldivdf3.o)
__extendsfdf2                                     /usr/bin/../lib/gcc/arm-none-eabi/4.8.4/armv7e-m/fpu/libgcc.a(_arm_addsubdf3.o)
__fixdfsi                                         /usr/bin/../lib/gcc/arm-none-eabi/4.8.4/armv7e-m/fpu/libgcc.a(_arm_fixdfsi.o)
__floatdidf                                       /usr/bin/../lib/gcc/arm-none-eabi/4.8.4/armv7e-m/fpu/libgcc.a(_arm_addsubdf3.o)
__floatsidf                                       /usr/bin/../lib/gcc/arm-none-eabi/4.8.4/armv7e-m/fpu/libgcc.a(_arm_addsubdf3.o)
__floatundidf                                     /usr/bin/../lib/gcc/arm-none-eabi/4.8.4/armv7e-m/fpu/libgcc.a(_arm_addsubdf3.o)
__floatunsidf                                     /usr/bin/../lib/gcc/arm-none-eabi/4.8.4/armv7e-m/fpu/libgcc.a(_arm_addsubdf3.o)
__heap_base__                                     /tmp/ccuJTHfv.ltrans1.ltrans.o
__heap_end__                                      /tmp/ccuJTHfv.ltrans1.ltrans.o
__init_array_end                                  /tmp/ccuJTHfv.ltrans5.ltrans.o
__init_array_start                                /tmp/ccuJTHfv.ltrans5.ltrans.o
__main_stack_base__                               /tmp/ccuJTHfv.ltrans5.ltrans.o
__main_stack_end__                                /tmp/ccuJTHfv.ltrans5.ltrans.o
__muldf3                                          /usr/bin/../lib/gcc/arm-none-eabi/4.8.4/armv7e-m/fpu/libgcc.a(_arm_muldivdf3.o)
__process_stack_base__                            /tmp/ccuJTHfv.ltrans5.ltrans.o
__process_stack_end__                             /tmp/ccuJTHfv.ltrans5.ltrans.o
__subdf3                                          /usr/bin/../lib/gcc/arm-none-eabi/4.8.4/armv7e-m/fpu/libgcc.a(_arm_addsubdf3.o)
__truncdfsf2                                      /usr/bin/../lib/gcc/arm-none-eabi/4.8.4/armv7e-m/fpu/libgcc.a(_arm_truncdfsf2.o)
_bss_end                                          /tmp/ccuJTHfv.ltrans5.ltrans.o
_bss_start                                        /tmp/ccuJTHfv.ltrans5.ltrans.o
_data                                             /tmp/ccuJTHfv.ltrans5.ltrans.o
_edata                                            /tmp/ccuJTHfv.ltrans5.ltrans.o
_idle_thread.4338                                 /tmp/ccuJTHfv.ltrans0.ltrans.o
                                                  /tmp/ccuJTHfv.ltrans1.ltrans.o
_port_exit_from_isr                               build/obj/chcoreasm_v7m.o
                                                  /tmp/ccuJTHfv.ltrans0.ltrans.o
_port_irq_epilogue                                /tmp/ccuJTHfv.ltrans0.ltrans.o
                                                  /tmp/ccuJTHfv.ltrans6.ltrans.o
                                                  /tmp/ccuJTHfv.ltrans5.ltrans.o
                                                  /tmp/ccuJTHfv.ltrans4.ltrans.o
_port_switch                                      build/obj/chcoreasm_v7m.o
                                                  /tmp/ccuJTHfv.ltrans6.ltrans.o
                                                  /tmp/ccuJTHfv.ltrans4.ltrans.o
                                                  /tmp/ccuJTHfv.ltrans0.ltrans.o
_port_switch_from_isr                             build/obj/chcoreasm_v7m.o
                                                  /tmp/ccuJTHfv.ltrans0.ltrans.o
_port_thread_start                                build/obj/chcoreasm_v7m.o
                                                  /tmp/ccuJTHfv.ltrans6.ltrans.o
_textdata                                         /tmp/ccuJTHfv.ltrans5.ltrans.o
_vectors                                          /tmp/ccuJTHfv.ltrans5.ltrans.o
adc_lld_serve_rx_interrupt.11091                  /tmp/ccuJTHfv.ltrans0.ltrans.o
                                                  /tmp/ccuJTHfv.ltrans1.ltrans.o
beaconThread                                      /tmp/ccuJTHfv.ltrans2.ltrans.o
                                                  /tmp/ccuJTHfv.ltrans1.ltrans.o
ch                                                /tmp/ccuJTHfv.ltrans7.ltrans.o
                                                  /tmp/ccuJTHfv.ltrans6.ltrans.o
                                                  /tmp/ccuJTHfv.ltrans4.ltrans.o
                                                  /tmp/ccuJTHfv.ltrans1.ltrans.o
                                                  /tmp/ccuJTHfv.ltrans0.ltrans.o
chCoreAlloc                                       /tmp/ccuJTHfv.ltrans0.ltrans.o
                                                  /tmp/ccuJTHfv.ltrans1.ltrans.o
chEvtBroadcastFlagsI                              /tmp/ccuJTHfv.ltrans0.ltrans.o
                                                  /tmp/ccuJTHfv.ltrans5.ltrans.o
chMtxLockS                                        /tmp/ccuJTHfv.ltrans0.ltrans.o
                                                  /tmp/ccuJTHfv.ltrans4.ltrans.o
                                                  /tmp/ccuJTHfv.ltrans1.ltrans.o
chMtxUnlock                                       /tmp/ccuJTHfv.ltrans6.ltrans.o
                                                  /tmp/ccuJTHfv.ltrans4.ltrans.o
                                                  /tmp/ccuJTHfv.ltrans1.ltrans.o
chSchDoReschedule                                 /tmp/ccuJTHfv.ltrans7.ltrans.o
                                                  build/obj/chcoreasm_v7m.o
chSchDoRescheduleAhead                            /tmp/ccuJTHfv.ltrans0.ltrans.o
                                                  /tmp/ccuJTHfv.ltrans7.ltrans.o
chSchGoSleepS                                     /tmp/ccuJTHfv.ltrans0.ltrans.o
                                                  /tmp/ccuJTHfv.ltrans7.ltrans.o
                                                  /tmp/ccuJTHfv.ltrans6.ltrans.o
                                                  /tmp/ccuJTHfv.ltrans4.ltrans.o
chSchGoSleepTimeoutS                              /tmp/ccuJTHfv.ltrans6.ltrans.o
                                                  /tmp/ccuJTHfv.ltrans4.ltrans.o
                                                  /tmp/ccuJTHfv.ltrans3.ltrans.o
chSchReadyI                                       /tmp/ccuJTHfv.ltrans0.ltrans.o
                                                  /tmp/ccuJTHfv.ltrans7.ltrans.o
                                                  /tmp/ccuJTHfv.ltrans6.ltrans.o
                                                  /tmp/ccuJTHfv.ltrans5.ltrans.o
                                                  /tmp/ccuJTHfv.ltrans4.ltrans.o
chSchRescheduleS                                  /tmp/ccuJTHfv.ltrans0.ltrans.o
                                                  /tmp/ccuJTHfv.ltrans6.ltrans.o
                                                  /tmp/ccuJTHfv.ltrans4.ltrans.o
chTMStartMeasurementX.constprop.31                /tmp/ccuJTHfv.ltrans6.ltrans.o
                                                  /tmp/ccuJTHfv.ltrans1.ltrans.o
chTMStopMeasurementX                              /tmp/ccuJTHfv.ltrans0.ltrans.o
                                                  /tmp/ccuJTHfv.ltrans1.ltrans.o
chThdCreateStatic                                 /tmp/ccuJTHfv.ltrans6.ltrans.o
                                                  /tmp/ccuJTHfv.ltrans1.ltrans.o
chThdExit                                         /tmp/ccuJTHfv.ltrans7.ltrans.o
                                                  build/obj/chcoreasm_v7m.o
chThdResumeI                                      /tmp/ccuJTHfv.ltrans0.ltrans.o
                                                  /tmp/ccuJTHfv.ltrans6.ltrans.o
                                                  /tmp/ccuJTHfv.ltrans4.ltrans.o
chThdSleep                                        /tmp/ccuJTHfv.ltrans3.ltrans.o
                                                  /tmp/ccuJTHfv.ltrans5.ltrans.o
                                                  /tmp/ccuJTHfv.ltrans4.ltrans.o
                                                  /tmp/ccuJTHfv.ltrans2.ltrans.o
                                                  /tmp/ccuJTHfv.ltrans1.ltrans.o
chThdSleepUntil                                   /tmp/ccuJTHfv.ltrans3.ltrans.o
                                                  /tmp/ccuJTHfv.ltrans5.ltrans.o
                                                  /tmp/ccuJTHfv.ltrans1.ltrans.o
chThdSuspendS                                     /tmp/ccuJTHfv.ltrans0.ltrans.o
                                                  /tmp/ccuJTHfv.ltrans6.ltrans.o
                                                  /tmp/ccuJTHfv.ltrans5.ltrans.o
chprintf.13294.constprop.13                       /tmp/ccuJTHfv.ltrans6.ltrans.o
                                                  /tmp/ccuJTHfv.ltrans4.ltrans.o
chprintf.13613.constprop.12                       /tmp/ccuJTHfv.ltrans6.ltrans.o
                                                  /tmp/ccuJTHfv.ltrans5.ltrans.o
chprintf.15698                                    /tmp/ccuJTHfv.ltrans6.ltrans.o
                                                  /tmp/ccuJTHfv.ltrans5.ltrans.o
chprintf.16359                                    /tmp/ccuJTHfv.ltrans6.ltrans.o
                                                  /tmp/ccuJTHfv.ltrans1.ltrans.o
chprintf.16717                                    /tmp/ccuJTHfv.ltrans6.ltrans.o
                                                  /tmp/ccuJTHfv.ltrans2.ltrans.o
                                                  /tmp/ccuJTHfv.ltrans1.ltrans.o
chprintf.17298.constprop.65                       /tmp/ccuJTHfv.ltrans6.ltrans.o
                                                  /tmp/ccuJTHfv.ltrans2.ltrans.o
                                                  /tmp/ccuJTHfv.ltrans1.ltrans.o
chsnprintf                                        /tmp/ccuJTHfv.ltrans6.ltrans.o
                                                  /tmp/ccuJTHfv.ltrans2.ltrans.o
                                                  /tmp/ccuJTHfv.ltrans1.ltrans.o
chvprintf                                         /tmp/ccuJTHfv.ltrans0.ltrans.o
                                                  /tmp/ccuJTHfv.ltrans6.ltrans.o
create_chain.12846                                /tmp/ccuJTHfv.ltrans2.ltrans.o
                                                  /tmp/ccuJTHfv.ltrans1.ltrans.o
dir_sdi.12831.constprop.53                        /tmp/ccuJTHfv.ltrans3.ltrans.o
                                                  /tmp/ccuJTHfv.ltrans2.ltrans.o
disk_read.constprop.57                            /tmp/ccuJTHfv.ltrans3.ltrans.o
                                                  /tmp/ccuJTHfv.ltrans1.ltrans.o
disk_status                                       /tmp/ccuJTHfv.ltrans6.ltrans.o
                                                  /tmp/ccuJTHfv.ltrans3.ltrans.o
disk_write                                        /tmp/ccuJTHfv.ltrans3.ltrans.o
                                                  /tmp/ccuJTHfv.ltrans2.ltrans.o
                                                  /tmp/ccuJTHfv.ltrans1.ltrans.o
dmaStreamAllocate                                 /tmp/ccuJTHfv.ltrans0.ltrans.o
                                                  /tmp/ccuJTHfv.ltrans2.ltrans.o
                                                  /tmp/ccuJTHfv.ltrans1.ltrans.o
dmaStreamRelease                                  /tmp/ccuJTHfv.ltrans0.ltrans.o
                                                  /tmp/ccuJTHfv.ltrans4.ltrans.o
dma_isr_redir.10833                               /tmp/ccuJTHfv.ltrans1.ltrans.o
                                                  /tmp/ccuJTHfv.ltrans0.ltrans.o
dma_streams_mask.10838                            /tmp/ccuJTHfv.ltrans1.ltrans.o
                                                  /tmp/ccuJTHfv.ltrans0.ltrans.o
dummytx.11757                                     /tmp/ccuJTHfv.ltrans1.ltrans.o
                                                  /tmp/ccuJTHfv.ltrans6.ltrans.o
endmem.6822                                       /tmp/ccuJTHfv.ltrans1.ltrans.o
                                                  /tmp/ccuJTHfv.ltrans0.ltrans.o
f_close                                           /tmp/ccuJTHfv.ltrans2.ltrans.o
                                                  /tmp/ccuJTHfv.ltrans1.ltrans.o
f_mount                                           /tmp/ccuJTHfv.ltrans3.ltrans.o
                                                  /tmp/ccuJTHfv.ltrans1.ltrans.o
f_open                                            /tmp/ccuJTHfv.ltrans2.ltrans.o
find_volume.12822                                 /tmp/ccuJTHfv.ltrans3.ltrans.o
                                                  /tmp/ccuJTHfv.ltrans2.ltrans.o
get.13121                                         /tmp/ccuJTHfv.ltrans0.ltrans.o
                                                  /tmp/ccuJTHfv.ltrans6.ltrans.o
get_fat.part.6.12827                              /tmp/ccuJTHfv.ltrans3.ltrans.o
                                                  /tmp/ccuJTHfv.ltrans2.ltrans.o
get_ldnumber.12784                                /tmp/ccuJTHfv.ltrans0.ltrans.o
                                                  /tmp/ccuJTHfv.ltrans3.ltrans.o
gpsRxChar.16077                                   /tmp/ccuJTHfv.ltrans6.ltrans.o
                                                  /tmp/ccuJTHfv.ltrans1.ltrans.o
gpsRxEnd.16065                                    /tmp/ccuJTHfv.ltrans6.ltrans.o
                                                  /tmp/ccuJTHfv.ltrans1.ltrans.o
gpsRxErr.16068                                    /tmp/ccuJTHfv.ltrans6.ltrans.o
                                                  /tmp/ccuJTHfv.ltrans1.ltrans.o
gpsSem                                            /tmp/ccuJTHfv.ltrans4.ltrans.o
                                                  /tmp/ccuJTHfv.ltrans6.ltrans.o
gpsThread                                         /tmp/ccuJTHfv.ltrans4.ltrans.o
                                                  /tmp/ccuJTHfv.ltrans1.ltrans.o
gpsTxC.16062                                      /tmp/ccuJTHfv.ltrans6.ltrans.o
                                                  /tmp/ccuJTHfv.ltrans1.ltrans.o
gpsTxbufEnd.16059                                 /tmp/ccuJTHfv.ltrans6.ltrans.o
                                                  /tmp/ccuJTHfv.ltrans1.ltrans.o
i2c_lld_serve_rx_end_irq.11402                    /tmp/ccuJTHfv.ltrans6.ltrans.o
                                                  /tmp/ccuJTHfv.ltrans2.ltrans.o
i2c_lld_serve_tx_end_irq.11398                    /tmp/ccuJTHfv.ltrans4.ltrans.o
                                                  /tmp/ccuJTHfv.ltrans2.ltrans.o
i2c_lld_start                                     /tmp/ccuJTHfv.ltrans2.ltrans.o
                                                  /tmp/ccuJTHfv.ltrans5.ltrans.o
logger.17363                                      /tmp/ccuJTHfv.ltrans1.ltrans.o
                                                  /tmp/ccuJTHfv.ltrans2.ltrans.o
main                                              /tmp/ccuJTHfv.ltrans1.ltrans.o
                                                  /tmp/ccuJTHfv.ltrans5.ltrans.o
memcpy                                            /usr/bin/../lib/gcc/arm-none-eabi/4.8.4/../../../../arm-none-eabi/lib/armv7e-m/fpu/libc.a(lib_a-memcpy.o)
                                                  /tmp/ccuJTHfv.ltrans0.ltrans.o
mmcConnect                                        /tmp/ccuJTHfv.ltrans4.ltrans.o
                                                  /tmp/ccuJTHfv.ltrans5.ltrans.o
                                                  /tmp/ccuJTHfv.ltrans1.ltrans.o
mmcDisconnect                                     /tmp/ccuJTHfv.ltrans3.ltrans.o
                                                  /tmp/ccuJTHfv.ltrans5.ltrans.o
                                                  /tmp/ccuJTHfv.ltrans1.ltrans.o
mmcGetInfo                                        /tmp/ccuJTHfv.ltrans0.ltrans.o
                                                  /tmp/ccuJTHfv.ltrans5.ltrans.o
mmcSequentialRead                                 /tmp/ccuJTHfv.ltrans6.ltrans.o
                                                  /tmp/ccuJTHfv.ltrans3.ltrans.o
mmcSequentialWrite                                /tmp/ccuJTHfv.ltrans3.ltrans.o
                                                  /tmp/ccuJTHfv.ltrans5.ltrans.o
mmcStartSequentialWrite                           /tmp/ccuJTHfv.ltrans3.ltrans.o
                                                  /tmp/ccuJTHfv.ltrans5.ltrans.o
mmcStopSequentialRead.part.7.9923                 /tmp/ccuJTHfv.ltrans6.ltrans.o
                                                  /tmp/ccuJTHfv.ltrans3.ltrans.o
mmcSync                                           /tmp/ccuJTHfv.ltrans3.ltrans.o
                                                  /tmp/ccuJTHfv.ltrans5.ltrans.o
mmc_lld_is_card_inserted                          /tmp/ccuJTHfv.ltrans0.ltrans.o
                                                  /tmp/ccuJTHfv.ltrans5.ltrans.o
mmc_lld_is_write_protected                        /tmp/ccuJTHfv.ltrans0.ltrans.o