Archive member included because of file (symbol)

/usr/bin/../lib/gcc/arm-none-eabi/4.8.4/armv7e-m/fpu/libgcc.a(_arm_addsubdf3.o)
                              /tmp/ccLwtHdD.ltrans7.ltrans.o (__aeabi_dsub)
/usr/bin/../lib/gcc/arm-none-eabi/4.8.4/armv7e-m/fpu/libgcc.a(_arm_muldivdf3.o)
                              /tmp/ccLwtHdD.ltrans7.ltrans.o (__aeabi_dmul)
/usr/bin/../lib/gcc/arm-none-eabi/4.8.4/armv7e-m/fpu/libgcc.a(_arm_fixdfsi.o)
                              /tmp/ccLwtHdD.ltrans7.ltrans.o (__aeabi_d2iz)
/usr/bin/../lib/gcc/arm-none-eabi/4.8.4/armv7e-m/fpu/libgcc.a(_arm_truncdfsf2.o)
                              /tmp/ccLwtHdD.ltrans7.ltrans.o (__aeabi_d2f)
/usr/bin/../lib/gcc/arm-none-eabi/4.8.4/../../../../arm-none-eabi/lib/armv7e-m/fpu/libc.a(lib_a-memcpy.o)
                              /tmp/ccLwtHdD.ltrans7.ltrans.o (memcpy)
/usr/bin/../lib/gcc/arm-none-eabi/4.8.4/../../../../arm-none-eabi/lib/armv7e-m/fpu/libc.a(lib_a-strcpy.o)
                              /tmp/ccLwtHdD.ltrans0.ltrans.o (strcpy)
/usr/bin/../lib/gcc/arm-none-eabi/4.8.4/../../../../arm-none-eabi/lib/armv7e-m/fpu/libc.a(lib_a-strlen.o)
                              /tmp/ccLwtHdD.ltrans3.ltrans.o (strlen)
/usr/bin/../lib/gcc/arm-none-eabi/4.8.4/../../../../arm-none-eabi/lib/armv7e-m/fpu/libc.a(lib_a-strncmp.o)
                              /tmp/ccLwtHdD.ltrans3.ltrans.o (strncmp)

Discarded input sections

 .data          0x0000000000000000        0x0 build/obj/chcoreasm_v7m.o
 .bss           0x0000000000000000        0x0 build/obj/chcoreasm_v7m.o
 .text          0x0000000000000000        0x0 build/obj/crt0.o (symbol from plugin)
 .text          0x0000000000000000        0x0 /tmp/ccLwtHdD.ltrans0.ltrans.o
 .data          0x0000000000000000        0x0 /tmp/ccLwtHdD.ltrans0.ltrans.o
 .bss           0x0000000000000000        0x0 /tmp/ccLwtHdD.ltrans0.ltrans.o
 .text          0x0000000000000000        0x0 /tmp/ccLwtHdD.ltrans1.ltrans.o
 .data          0x0000000000000000        0x0 /tmp/ccLwtHdD.ltrans1.ltrans.o
 .bss           0x0000000000000000        0x0 /tmp/ccLwtHdD.ltrans1.ltrans.o
 .text          0x0000000000000000        0x0 /tmp/ccLwtHdD.ltrans2.ltrans.o
 .data          0x0000000000000000        0x0 /tmp/ccLwtHdD.ltrans2.ltrans.o
 .bss           0x0000000000000000        0x0 /tmp/ccLwtHdD.ltrans2.ltrans.o
 .text          0x0000000000000000        0x0 /tmp/ccLwtHdD.ltrans3.ltrans.o
 .data          0x0000000000000000        0x0 /tmp/ccLwtHdD.ltrans3.ltrans.o
 .bss           0x0000000000000000        0x0 /tmp/ccLwtHdD.ltrans3.ltrans.o
 .text          0x0000000000000000        0x0 /tmp/ccLwtHdD.ltrans4.ltrans.o
 .data          0x0000000000000000        0x0 /tmp/ccLwtHdD.ltrans4.ltrans.o
 .bss           0x0000000000000000        0x0 /tmp/ccLwtHdD.ltrans4.ltrans.o
 .text          0x0000000000000000        0x0 /tmp/ccLwtHdD.ltrans5.ltrans.o
 .data          0x0000000000000000        0x0 /tmp/ccLwtHdD.ltrans5.ltrans.o
 .bss           0x0000000000000000        0x0 /tmp/ccLwtHdD.ltrans5.ltrans.o
 .text          0x0000000000000000        0x0 /tmp/ccLwtHdD.ltrans6.ltrans.o
 .data          0x0000000000000000        0x0 /tmp/ccLwtHdD.ltrans6.ltrans.o
 .bss           0x0000000000000000        0x0 /tmp/ccLwtHdD.ltrans6.ltrans.o
 .text.unlikely.logfileOpenAppend.constprop.53
                0x0000000000000000      0x164 /tmp/ccLwtHdD.ltrans6.ltrans.o
 .text          0x0000000000000000        0x0 /tmp/ccLwtHdD.ltrans7.ltrans.o
 .data          0x0000000000000000        0x0 /tmp/ccLwtHdD.ltrans7.ltrans.o
 .bss           0x0000000000000000        0x0 /tmp/ccLwtHdD.ltrans7.ltrans.o
 .text          0x0000000000000000        0x0 /tmp/ccLwtHdD.ltrans8.ltrans.o
 .data          0x0000000000000000        0x0 /tmp/ccLwtHdD.ltrans8.ltrans.o
 .bss           0x0000000000000000        0x0 /tmp/ccLwtHdD.ltrans8.ltrans.o
 .data          0x0000000000000000        0x0 /usr/bin/../lib/gcc/arm-none-eabi/4.8.4/armv7e-m/fpu/libgcc.a(_arm_addsubdf3.o)
 .bss           0x0000000000000000        0x0 /usr/bin/../lib/gcc/arm-none-eabi/4.8.4/armv7e-m/fpu/libgcc.a(_arm_addsubdf3.o)
 .data          0x0000000000000000        0x0 /usr/bin/../lib/gcc/arm-none-eabi/4.8.4/armv7e-m/fpu/libgcc.a(_arm_muldivdf3.o)
 .bss           0x0000000000000000        0x0 /usr/bin/../lib/gcc/arm-none-eabi/4.8.4/armv7e-m/fpu/libgcc.a(_arm_muldivdf3.o)
 .data          0x0000000000000000        0x0 /usr/bin/../lib/gcc/arm-none-eabi/4.8.4/armv7e-m/fpu/libgcc.a(_arm_fixdfsi.o)
 .bss           0x0000000000000000        0x0 /usr/bin/../lib/gcc/arm-none-eabi/4.8.4/armv7e-m/fpu/libgcc.a(_arm_fixdfsi.o)
 .data          0x0000000000000000        0x0 /usr/bin/../lib/gcc/arm-none-eabi/4.8.4/armv7e-m/fpu/libgcc.a(_arm_truncdfsf2.o)
 .bss           0x0000000000000000        0x0 /usr/bin/../lib/gcc/arm-none-eabi/4.8.4/armv7e-m/fpu/libgcc.a(_arm_truncdfsf2.o)
 .data          0x0000000000000000        0x0 /usr/bin/../lib/gcc/arm-none-eabi/4.8.4/../../../../arm-none-eabi/lib/armv7e-m/fpu/libc.a(lib_a-memcpy.o)
[...]
Memory Configuration

Name             Origin             Length             Attributes
flash            0x0000000008000000 0x0000000000040000
ram              0x0000000020000000 0x0000000000010000
*default*        0x0000000000000000 0xffffffffffffffff

Linker script and memory map

LOAD build/obj/chcoreasm_v7m.o
LOAD build/obj/crt0.o
LOAD /tmp/ccLwtHdD.ltrans0.ltrans.o
LOAD /tmp/ccLwtHdD.ltrans1.ltrans.o
LOAD /tmp/ccLwtHdD.ltrans2.ltrans.o
LOAD /tmp/ccLwtHdD.ltrans3.ltrans.o
LOAD /tmp/ccLwtHdD.ltrans4.ltrans.o
LOAD /tmp/ccLwtHdD.ltrans5.ltrans.o
LOAD /tmp/ccLwtHdD.ltrans6.ltrans.o
LOAD /tmp/ccLwtHdD.ltrans7.ltrans.o
LOAD /tmp/ccLwtHdD.ltrans8.ltrans.o
LOAD /usr/bin/../lib/gcc/arm-none-eabi/4.8.4/armv7e-m/fpu/libgcc.a
LOAD /usr/bin/../lib/gcc/arm-none-eabi/4.8.4/../../../../arm-none-eabi/lib/armv7e-m/fpu/libc.a
LOAD build/obj/vectors.o
LOAD build/obj/chcore.o
LOAD build/obj/chcore_v7m.o
LOAD build/obj/chsys.o
LOAD build/obj/chdebug.o
LOAD build/obj/chtm.o
LOAD build/obj/chstats.o
LOAD build/obj/chschd.o
LOAD build/obj/chvt.o
LOAD build/obj/chthreads.o
LOAD build/obj/chdynamic.o
LOAD build/obj/chregistry.o
LOAD build/obj/chsem.o
LOAD build/obj/chmtx.o
LOAD build/obj/chcond.o
LOAD build/obj/chevents.o
LOAD build/obj/chmsg.o
LOAD build/obj/chmboxes.o
LOAD build/obj/chqueues.o
LOAD build/obj/chmemcore.o
LOAD build/obj/chheap.o
LOAD build/obj/chmempools.o
LOAD build/obj/test.o
LOAD build/obj/testthd.o
LOAD build/obj/testsem.o
LOAD build/obj/testmtx.o
LOAD build/obj/testmsg.o
LOAD build/obj/testmbox.o
LOAD build/obj/testevt.o
LOAD build/obj/testheap.o
LOAD build/obj/testpools.o
LOAD build/obj/testdyn.o
LOAD build/obj/testqueues.o
LOAD build/obj/testbmk.o
LOAD build/obj/hal.o
LOAD build/obj/hal_queues.o
LOAD build/obj/hal_mmcsd.o
LOAD build/obj/adc.o
LOAD build/obj/can.o
LOAD build/obj/dac.o
LOAD build/obj/ext.o
LOAD build/obj/gpt.o
LOAD build/obj/i2c.o
LOAD build/obj/i2s.o
LOAD build/obj/icu.o
LOAD build/obj/mac.o
LOAD build/obj/mmc_spi.o
LOAD build/obj/pal.o
LOAD build/obj/pwm.o
LOAD build/obj/rtc.o
LOAD build/obj/sdc.o
LOAD build/obj/serial.o
LOAD build/obj/serial_usb.o
LOAD build/obj/spi.o
LOAD build/obj/st.o
LOAD build/obj/uart.o
LOAD build/obj/usb.o
LOAD build/obj/osal.o
LOAD build/obj/nvic.o
LOAD build/obj/stm32_dma.o
LOAD build/obj/hal_lld.o
LOAD build/obj/adc_lld.o
LOAD build/obj/ext_lld_isr.o
LOAD build/obj/can_lld.o
LOAD build/obj/ext_lld.o
LOAD build/obj/mac_lld.o
LOAD build/obj/sdc_lld.o
LOAD build/obj/dac_lld.o
LOAD build/obj/pal_lld.o
LOAD build/obj/i2c_lld.o
LOAD build/obj/usb_lld.o
LOAD build/obj/rtc_lld.o
LOAD build/obj/i2s_lld.o
LOAD build/obj/spi_lld.o
LOAD build/obj/gpt_lld.o
LOAD build/obj/icu_lld.o
LOAD build/obj/pwm_lld.o
LOAD build/obj/st_lld.o
LOAD build/obj/serial_lld.o
LOAD build/obj/uart_lld.o
LOAD build/obj/board.o
LOAD build/obj/fatfs_diskio.o
LOAD build/obj/fatfs_syscall.o
LOAD build/obj/ff.o
LOAD build/obj/unicode.o
LOAD build/obj/chprintf.o
LOAD build/obj/memstreams.o
LOAD build/obj/i2c_sensor.o
LOAD build/obj/bmp280.o
LOAD build/obj/si70x0.o
LOAD build/obj/ms5607.o
LOAD build/obj/hih6030.o
LOAD build/obj/lsm303.o
LOAD build/obj/rfm23bp.o
LOAD build/obj/rtd.o
LOAD build/obj/tmp275.o
LOAD build/obj/mpxm2102.o
LOAD build/obj/xbeepro.o
LOAD build/obj/datasample.o
LOAD build/obj/sensor_thread.o
LOAD build/obj/ustr.o
LOAD build/obj/umath.o
LOAD build/obj/gps.o
LOAD build/obj/sdmmcsimple.o
LOAD build/obj/datalogger.o
LOAD build/obj/watchdog.o
LOAD build/obj/main.o
                0x0000000020000000                __ram_start__ = ORIGIN (ram)
                0x0000000000010000                __ram_size__ = 0x10000
                0x0000000020010000                __ram_end__ = (__ram_start__ + __ram_size__)
                0x0000000000000000                . = 0x0
                0x0000000000000000                _text = .

startup         0x0000000008000000      0x1c0
 *(vectors)
 vectors        0x0000000008000000      0x1c0 /tmp/ccLwtHdD.ltrans8.ltrans.o
                0x0000000008000000                _vectors

constructors    0x00000000080001c0        0x0
                0x00000000080001c0                PROVIDE (__init_array_start, .)
 *(SORT(.init_array.*))
 *(.init_array)
                0x00000000080001c0                PROVIDE (__init_array_end, .)

destructors     0x00000000080001c0        0x0
                0x00000000080001c0                PROVIDE (__fini_array_start, .)
 *(.fini_array)
 *(SORT(.fini_array.*))
                0x00000000080001c0                PROVIDE (__fini_array_end, .)

.text           0x00000000080001c0     0x7730
 *(.text.startup.*)
 .text.startup.main
                0x00000000080001c0      0xf20 /tmp/ccLwtHdD.ltrans0.ltrans.o
                0x00000000080001c0                main
 *(.text)
 .text          0x00000000080010e0       0x2e build/obj/chcoreasm_v7m.o
                0x00000000080010e0                _port_switch
                0x00000000080010f8                _port_thread_start
                0x0000000008001106                _port_switch_from_isr
                0x000000000800110a                _port_exit_from_isr
 *fill*         0x000000000800110e        0x2 
 .text          0x0000000008001110      0x370 /usr/bin/../lib/gcc/arm-none-eabi/4.8.4/armv7e-m/fpu/libgcc.a(_arm_addsubdf3.o)
                0x0000000008001110                __aeabi_drsub
                0x0000000008001118                __aeabi_dsub
                0x0000000008001118                __subdf3
                0x000000000800111c                __adddf3
                0x000000000800111c                __aeabi_dadd
                0x0000000008001394                __aeabi_ui2d
                0x0000000008001394                __floatunsidf
                0x00000000080013b4                __floatsidf
                0x00000000080013b4                __aeabi_i2d
                0x00000000080013d8                __extendsfdf2
                0x00000000080013d8                __aeabi_f2d
                0x0000000008001414                __aeabi_ul2d
                0x0000000008001414                __floatundidf
                0x0000000008001424                __floatdidf
                0x0000000008001424                __aeabi_l2d
 .text          0x0000000008001480      0x424 /usr/bin/../lib/gcc/arm-none-eabi/4.8.4/armv7e-m/fpu/libgcc.a(_arm_muldivdf3.o)
                0x0000000008001480                __aeabi_dmul
                0x0000000008001480                __muldf3
                0x00000000080016d4                __aeabi_ddiv
                0x00000000080016d4                __divdf3
 *fill*         0x00000000080018a4        0xc 
 .text          0x00000000080018b0       0x50 /usr/bin/../lib/gcc/arm-none-eabi/4.8.4/armv7e-m/fpu/libgcc.a(_arm_fixdfsi.o)
                0x00000000080018b0                __fixdfsi
                0x00000000080018b0                __aeabi_d2iz
 .text          0x0000000008001900       0xa0 /usr/bin/../lib/gcc/arm-none-eabi/4.8.4/armv7e-m/fpu/libgcc.a(_arm_truncdfsf2.o)
                0x0000000008001900                __aeabi_d2f
                0x0000000008001900                __truncdfsf2
 .text          0x00000000080019a0      0x134 /usr/bin/../lib/gcc/arm-none-eabi/4.8.4/../../../../arm-none-eabi/lib/armv7e-m/fpu/libc.a(lib_a-memcpy.o)
                0x00000000080019a0                memcpy
 *(.text.*)
 *fill*         0x0000000008001ad4        0xc 
 .text.move_window.12811
                0x0000000008001ae0       0x40 /tmp/ccLwtHdD.ltrans1.ltrans.o
                0x0000000008001ae0                move_window.12811
 .text.f_close  0x0000000008001b20      0x170 /tmp/ccLwtHdD.ltrans1.ltrans.o
                0x0000000008001b20                f_close
 .text.put_fat.part.8.12841
                0x0000000008001c90      0x100 /tmp/ccLwtHdD.ltrans1.ltrans.o
                0x0000000008001c90                put_fat.part.8.12841
 .text.get_fat.part.6.12827
                0x0000000008001d90       0xd0 /tmp/ccLwtHdD.ltrans1.ltrans.o
                0x0000000008001d90                get_fat.part.6.12827
 .text.create_chain.12846
                0x0000000008001e60       0xd0 /tmp/ccLwtHdD.ltrans1.ltrans.o
                0x0000000008001e60                create_chain.12846
 .text.dir_next.12850
                0x0000000008001f30      0x140 /tmp/ccLwtHdD.ltrans1.ltrans.o
                0x0000000008001f30                dir_next.12850
 .text.f_write  0x0000000008002070      0x1d0 /tmp/ccLwtHdD.ltrans1.ltrans.o
                0x0000000008002070                f_write
 .text.dir_sdi.12831.constprop.55
                0x0000000008002240       0x80 /tmp/ccLwtHdD.ltrans1.ltrans.o
                0x0000000008002240                dir_sdi.12831.constprop.55
 .text.check_fs.12818.4335
                0x00000000080022c0       0x90 /tmp/ccLwtHdD.ltrans1.ltrans.o
 .text.find_volume.12822
                0x0000000008002350      0x320 /tmp/ccLwtHdD.ltrans1.ltrans.o
                0x0000000008002350                find_volume.12822
 .text.f_mount  0x0000000008002670       0x60 /tmp/ccLwtHdD.ltrans1.ltrans.o
                0x0000000008002670                f_mount
 .text.spiReceive.4498
                0x00000000080026d0       0x50 /tmp/ccLwtHdD.ltrans2.ltrans.o
 .text.recvr1.isra.0.9868.4488
                0x0000000008002720       0x30 /tmp/ccLwtHdD.ltrans2.ltrans.o
 .text.chSchGoSleepTimeoutS
                0x0000000008002750       0xe0 /tmp/ccLwtHdD.ltrans2.ltrans.o
                0x0000000008002750                chSchGoSleepTimeoutS
 .text.chThdSleep
                0x0000000008002830       0x20 /tmp/ccLwtHdD.ltrans2.ltrans.o
                0x0000000008002830                chThdSleep
 .text.wait.isra.1.9875.4325
                0x0000000008002850       0x40 /tmp/ccLwtHdD.ltrans2.ltrans.o
 .text.sync.isra.2.9902.4340
                0x0000000008002890       0x40 /tmp/ccLwtHdD.ltrans2.ltrans.o
 .text.mmcSync  0x00000000080028d0       0x30 /tmp/ccLwtHdD.ltrans2.ltrans.o
                0x00000000080028d0                mmcSync
 .text.mmcDisconnect
                0x0000000008002900       0x50 /tmp/ccLwtHdD.ltrans2.ltrans.o
                0x0000000008002900                mmcDisconnect
 .text.chThdSleepUntil
                0x0000000008002950       0x20 /tmp/ccLwtHdD.ltrans2.ltrans.o
                0x0000000008002950                chThdSleepUntil
 .text.chThdEnqueueTimeoutS.4427
                0x0000000008002970       0x30 /tmp/ccLwtHdD.ltrans2.ltrans.o
 .text.chIQGetTimeout.4359
                0x00000000080029a0       0x50 /tmp/ccLwtHdD.ltrans2.ltrans.o
 .text.gett.10196
                0x00000000080029f0       0x10 /tmp/ccLwtHdD.ltrans2.ltrans.o
                0x00000000080029f0                gett.10196
 .text.get.10200
                0x0000000008002a00       0x10 /tmp/ccLwtHdD.ltrans2.ltrans.o
                0x0000000008002a00                get.10200
 .text.chIQReadTimeout.4386
                0x0000000008002a10       0x80 /tmp/ccLwtHdD.ltrans2.ltrans.o
 .text.readt.10173
                0x0000000008002a90       0x10 /tmp/ccLwtHdD.ltrans2.ltrans.o
                0x0000000008002a90                readt.10173
 .text.read.10180
                0x0000000008002aa0       0x10 /tmp/ccLwtHdD.ltrans2.ltrans.o
                0x0000000008002aa0                read.10180
 .text.chOQPutTimeout.4401
                0x0000000008002ab0       0x50 /tmp/ccLwtHdD.ltrans2.ltrans.o
 .text.putt.10203
                0x0000000008002b00       0x10 /tmp/ccLwtHdD.ltrans2.ltrans.o
                0x0000000008002b00                putt.10203
 .text.put.10208
                0x0000000008002b10       0x10 /tmp/ccLwtHdD.ltrans2.ltrans.o
                0x0000000008002b10                put.10208
 .text.chOQWriteTimeout.4421
                0x0000000008002b20       0x80 /tmp/ccLwtHdD.ltrans2.ltrans.o
 .text.writet.10185
                0x0000000008002ba0       0x10 /tmp/ccLwtHdD.ltrans2.ltrans.o
                0x0000000008002ba0                writet.10185
 .text.write.10191
                0x0000000008002bb0       0x10 /tmp/ccLwtHdD.ltrans2.ltrans.o
                0x0000000008002bb0                write.10191
 .text.disk_status
                0x0000000008002bc0       0x20 /tmp/ccLwtHdD.ltrans2.ltrans.o
                0x0000000008002bc0                disk_status
 .text.validate.12787
                0x0000000008002be0       0x30 /tmp/ccLwtHdD.ltrans2.ltrans.o
                0x0000000008002be0                validate.12787
 .text.spiSend  0x0000000008002c10       0x50 /tmp/ccLwtHdD.ltrans2.ltrans.o
                0x0000000008002c10                spiSend
 .text.send_hdr.9878.4320
                0x0000000008002c60       0x70 /tmp/ccLwtHdD.ltrans2.ltrans.o
 .text.mmcStartSequentialWrite
                0x0000000008002cd0       0x60 /tmp/ccLwtHdD.ltrans2.ltrans.o
                0x0000000008002cd0                mmcStartSequentialWrite
 .text.mmcStartSequentialRead.4293
                0x0000000008002d30       0x60 /tmp/ccLwtHdD.ltrans2.ltrans.o
 .text.send_command_R1.9889
                0x0000000008002d90       0x30 /tmp/ccLwtHdD.ltrans2.ltrans.o
                0x0000000008002d90                send_command_R1.9889
 .text.send_command_R3.9883
                0x0000000008002dc0       0x40 /tmp/ccLwtHdD.ltrans2.ltrans.o
                0x0000000008002dc0                send_command_R3.9883
 .text.mmcStopSequentialRead.part.7.9923.4472
                0x0000000008002e00       0x30 /tmp/ccLwtHdD.ltrans2.ltrans.o
 .text.spiIgnore
                0x0000000008002e30       0x60 /tmp/ccLwtHdD.ltrans2.ltrans.o
                0x0000000008002e30                spiIgnore
 .text.mmcSequentialWrite
                0x0000000008002e90       0x80 /tmp/ccLwtHdD.ltrans2.ltrans.o
                0x0000000008002e90                mmcSequentialWrite
 .text.disk_write
                0x0000000008002f10       0x80 /tmp/ccLwtHdD.ltrans2.ltrans.o
                0x0000000008002f10                disk_write
 .text.sync_window.part.3.12801
                0x0000000008002f90       0x60 /tmp/ccLwtHdD.ltrans2.ltrans.o
                0x0000000008002f90                sync_window.part.3.12801
 .text.read_CxD.9894
                0x0000000008002ff0       0xb0 /tmp/ccLwtHdD.ltrans2.ltrans.o
                0x0000000008002ff0                read_CxD.9894
 .text.mmcSequentialRead.4491
                0x00000000080030a0       0x60 /tmp/ccLwtHdD.ltrans2.ltrans.o
 .text.disk_read.constprop.57
                0x0000000008003100       0x50 /tmp/ccLwtHdD.ltrans2.ltrans.o
                0x0000000008003100                disk_read.constprop.57
 .text.mmc_read.9961
                0x0000000008003150       0x40 /tmp/ccLwtHdD.ltrans2.ltrans.o
                0x0000000008003150                mmc_read.9961
 .text.chsnprintf
                0x0000000008003190       0x60 /tmp/ccLwtHdD.ltrans2.ltrans.o
                0x0000000008003190                chsnprintf
 .text.chThdCreateStatic
                0x00000000080031f0       0x80 /tmp/ccLwtHdD.ltrans2.ltrans.o
                0x00000000080031f0                chThdCreateStatic
 .text.chMtxUnlock
                0x0000000008003270       0x60 /tmp/ccLwtHdD.ltrans2.ltrans.o
                0x0000000008003270                chMtxUnlock
 .text.i2c_lld_serve_tx_end_irq.11398
                0x00000000080032d0       0x50 /tmp/ccLwtHdD.ltrans3.ltrans.o
                0x00000000080032d0                i2c_lld_serve_tx_end_irq.11398
 .text.spi_lld_serve_tx_interrupt.11700
                0x0000000008003320       0x20 /tmp/ccLwtHdD.ltrans3.ltrans.o
                0x0000000008003320                spi_lld_serve_tx_interrupt.11700
 .text.uart_lld_serve_rx_end_irq.12164
                0x0000000008003340       0x90 /tmp/ccLwtHdD.ltrans3.ltrans.o
                0x0000000008003340                uart_lld_serve_rx_end_irq.12164
 .text.uart_lld_serve_tx_end_irq.12160
                0x00000000080033d0       0x60 /tmp/ccLwtHdD.ltrans3.ltrans.o
                0x00000000080033d0                uart_lld_serve_tx_end_irq.12160
 .text.mmcConnect
                0x0000000008003430      0x170 /tmp/ccLwtHdD.ltrans3.ltrans.o
                0x0000000008003430                mmcConnect
 .text.spi_lld_serve_rx_interrupt.11704
                0x00000000080035a0       0x90 /tmp/ccLwtHdD.ltrans3.ltrans.o
                0x00000000080035a0                spi_lld_serve_rx_interrupt.11704
 .text.gpsThread
                0x0000000008003630      0x3e0 /tmp/ccLwtHdD.ltrans3.ltrans.o
                0x0000000008003630                gpsThread
 .text.I2CSensor_transact
                0x0000000008003a10      0x130 /tmp/ccLwtHdD.ltrans3.ltrans.o
                0x0000000008003a10                I2CSensor_transact
 .text.I2CSensor_transact_buf
                0x0000000008003b40       0x20 /tmp/ccLwtHdD.ltrans3.ltrans.o
                0x0000000008003b40                I2CSensor_transact_buf
 .text.si70x0_heaterEnable
                0x0000000008003b60       0x50 /tmp/ccLwtHdD.ltrans3.ltrans.o
                0x0000000008003b60                si70x0_heaterEnable
 .text.si70x0_readTemperature
                0x0000000008003bb0       0x60 /tmp/ccLwtHdD.ltrans3.ltrans.o
                0x0000000008003bb0                si70x0_readTemperature
 .text.si70x0_readHumidity
                0x0000000008003c10       0x70 /tmp/ccLwtHdD.ltrans3.ltrans.o
                0x0000000008003c10                si70x0_readHumidity
 .text.sd_lld_start
                0x0000000008003c80       0xd0 /tmp/ccLwtHdD.ltrans3.ltrans.o
                0x0000000008003c80                sd_lld_start
 .text.si70x0_init.4697
                0x0000000008003d50       0x90 /tmp/ccLwtHdD.ltrans4.ltrans.o
 .text.sensorThread
                0x0000000008003de0      0xa00 /tmp/ccLwtHdD.ltrans4.ltrans.o
                0x0000000008003de0                sensorThread
 .text.mmc_write.9978
                0x00000000080047e0       0x60 /tmp/ccLwtHdD.ltrans4.ltrans.o
                0x00000000080047e0                mmc_write.9978
 .text.serve_interrupt.12020.4673
                0x0000000008004840      0x1a0 /tmp/ccLwtHdD.ltrans4.ltrans.o
 .text.Vector15C
                0x00000000080049e0       0x20 /tmp/ccLwtHdD.ltrans4.ltrans.o
                0x00000000080049e0                Vector15C
 .text.VectorD8
                0x0000000008004a00       0x20 /tmp/ccLwtHdD.ltrans4.ltrans.o
                0x0000000008004a00                VectorD8
 .text.writeHeader
                0x0000000008004a20       0x50 /tmp/ccLwtHdD.ltrans4.ltrans.o
                0x0000000008004a20                writeHeader
 .text.adc_lld_stop_conversion.4231
                0x0000000008004a70       0x40 /tmp/ccLwtHdD.ltrans5.ltrans.o
 .text.mmcGetInfo
                0x0000000008004ab0       0x20 /tmp/ccLwtHdD.ltrans5.ltrans.o
                0x0000000008004ab0                mmcGetInfo
 .text.chCoreAlloc
                0x0000000008004ad0       0x40 /tmp/ccLwtHdD.ltrans5.ltrans.o
                0x0000000008004ad0                chCoreAlloc
 .text.wakeup.4718
                0x0000000008004b10       0x70 /tmp/ccLwtHdD.ltrans5.ltrans.o
                0x0000000008004b10                wakeup.4718
 .text._idle_thread.4338
                0x0000000008004b80       0x20 /tmp/ccLwtHdD.ltrans5.ltrans.o
                0x0000000008004b80                _idle_thread.4338
 .text.SVC_Handler
                0x0000000008004ba0       0x20 /tmp/ccLwtHdD.ltrans5.ltrans.o
                0x0000000008004ba0                SVC_Handler
 .text.dmaStreamRelease
                0x0000000008004bc0       0x70 /tmp/ccLwtHdD.ltrans5.ltrans.o
                0x0000000008004bc0                dmaStreamRelease
 .text.dmaStreamAllocate
                0x0000000008004c30       0xc0 /tmp/ccLwtHdD.ltrans5.ltrans.o
                0x0000000008004c30                dmaStreamAllocate
 .text.chSchDoRescheduleAhead
                0x0000000008004cf0       0x40 /tmp/ccLwtHdD.ltrans5.ltrans.o
                0x0000000008004cf0                chSchDoRescheduleAhead
 .text.chSchRescheduleS
                0x0000000008004d30       0x20 /tmp/ccLwtHdD.ltrans5.ltrans.o
                0x0000000008004d30                chSchRescheduleS
 .text.chSchGoSleepS
                0x0000000008004d50       0x30 /tmp/ccLwtHdD.ltrans5.ltrans.o
                0x0000000008004d50                chSchGoSleepS
 .text.chThdSuspendS
                0x0000000008004d80       0x30 /tmp/ccLwtHdD.ltrans5.ltrans.o
                0x0000000008004d80                chThdSuspendS
 .text._port_irq_epilogue
                0x0000000008004db0       0x70 /tmp/ccLwtHdD.ltrans5.ltrans.o
                0x0000000008004db0                _port_irq_epilogue
 .text.Vector158
                0x0000000008004e20       0x30 /tmp/ccLwtHdD.ltrans5.ltrans.o
                0x0000000008004e20                Vector158
 .text.Vector154
                0x0000000008004e50       0x30 /tmp/ccLwtHdD.ltrans5.ltrans.o
                0x0000000008004e50                Vector154
 .text.Vector150
                0x0000000008004e80       0x30 /tmp/ccLwtHdD.ltrans5.ltrans.o
                0x0000000008004e80                Vector150
 .text.Vector130
                0x0000000008004eb0       0x30 /tmp/ccLwtHdD.ltrans5.ltrans.o
                0x0000000008004eb0                Vector130
 .text.Vector12C
                0x0000000008004ee0       0x30 /tmp/ccLwtHdD.ltrans5.ltrans.o
                0x0000000008004ee0                Vector12C
 .text.Vector128
                0x0000000008004f10       0x30 /tmp/ccLwtHdD.ltrans5.ltrans.o
                0x0000000008004f10                Vector128
 .text.Vector124
                0x0000000008004f40       0x30 /tmp/ccLwtHdD.ltrans5.ltrans.o
                0x0000000008004f40                Vector124
 .text.Vector120
                0x0000000008004f70       0x30 /tmp/ccLwtHdD.ltrans5.ltrans.o
                0x0000000008004f70                Vector120
 .text.VectorFC
                0x0000000008004fa0       0x30 /tmp/ccLwtHdD.ltrans5.ltrans.o
                0x0000000008004fa0                VectorFC
 .text.Vector84
                0x0000000008004fd0       0x30 /tmp/ccLwtHdD.ltrans5.ltrans.o
                0x0000000008004fd0                Vector84
 .text.Vector80
                0x0000000008005000       0x30 /tmp/ccLwtHdD.ltrans5.ltrans.o
                0x0000000008005000                Vector80
 .text.Vector7C
                0x0000000008005030       0x30 /tmp/ccLwtHdD.ltrans5.ltrans.o
                0x0000000008005030                Vector7C
 .text.Vector78
                0x0000000008005060       0x30 /tmp/ccLwtHdD.ltrans5.ltrans.o
                0x0000000008005060                Vector78
 .text.Vector74
                0x0000000008005090       0x30 /tmp/ccLwtHdD.ltrans5.ltrans.o
                0x0000000008005090                Vector74
 .text.Vector70
                0x00000000080050c0       0x30 /tmp/ccLwtHdD.ltrans5.ltrans.o
                0x00000000080050c0                Vector70
 .text.Vector6C
                0x00000000080050f0       0x30 /tmp/ccLwtHdD.ltrans5.ltrans.o
                0x00000000080050f0                Vector6C
 .text.chSchReadyI
                0x0000000008005120       0x30 /tmp/ccLwtHdD.ltrans5.ltrans.o
                0x0000000008005120                chSchReadyI
 .text.chEvtBroadcastFlagsI
                0x0000000008005150       0x60 /tmp/ccLwtHdD.ltrans5.ltrans.o
                0x0000000008005150                chEvtBroadcastFlagsI
 .text.chMtxLockS
                0x00000000080051b0       0xd0 /tmp/ccLwtHdD.ltrans5.ltrans.o
                0x00000000080051b0                chMtxLockS
 .text.chThdResumeI
                0x0000000008005280       0x20 /tmp/ccLwtHdD.ltrans5.ltrans.o
                0x0000000008005280                chThdResumeI
 .text.i2c_lld_serve_error_interrupt.11412
                0x00000000080052a0       0xb0 /tmp/ccLwtHdD.ltrans5.ltrans.o
                0x00000000080052a0                i2c_lld_serve_error_interrupt.11412
 .text.i2c_lld_serve_event_interrupt.11409
                0x0000000008005350      0x100 /tmp/ccLwtHdD.ltrans5.ltrans.o
                0x0000000008005350                i2c_lld_serve_event_interrupt.11409
 .text.Vector88
                0x0000000008005450       0x70 /tmp/ccLwtHdD.ltrans5.ltrans.o
                0x0000000008005450                Vector88
 .text.adc_lld_serve_rx_interrupt.11091
                0x00000000080054c0       0xd0 /tmp/ccLwtHdD.ltrans5.ltrans.o
                0x00000000080054c0                adc_lld_serve_rx_interrupt.11091
 .text.chTMStopMeasurementX
                0x0000000008005590       0x50 /tmp/ccLwtHdD.ltrans5.ltrans.o
                0x0000000008005590                chTMStopMeasurementX
 .text._unhandled_exception.4457
                0x00000000080055e0       0x10 /tmp/ccLwtHdD.ltrans5.ltrans.o
                0x00000000080055e0                Vector58
                0x00000000080055e0                VectorE8
                0x00000000080055e0                Vector9C
                0x00000000080055e0                VectorAC
                0x00000000080055e0                DebugMon_Handler
                0x00000000080055e0                Vector1A0
                0x00000000080055e0                Vector5C
                0x00000000080055e0                Vector11C
                0x00000000080055e0                HardFault_Handler
                0x00000000080055e0                Vector1B8
                0x00000000080055e0                Vector19C
                0x00000000080055e0                Vector8C
                0x00000000080055e0                SysTick_Handler
                0x00000000080055e0                VectorDC
                0x00000000080055e0                PendSV_Handler
                0x00000000080055e0                Vector168
                0x00000000080055e0                NMI_Handler
                0x00000000080055e0                Vector110
                0x00000000080055e0                VectorC8
                0x00000000080055e0                Vector94
                0x00000000080055e0                VectorA8
                0x00000000080055e0                VectorB4
                0x00000000080055e0                Vector1B0
                0x00000000080055e0                UsageFault_Handler
                0x00000000080055e0                VectorEC
                0x00000000080055e0                Vector40
                0x00000000080055e0                VectorF8
                0x00000000080055e0                Vector108
                0x00000000080055e0                Vector190
                0x00000000080055e0                Vector148
                0x00000000080055e0                Vector188
                0x00000000080055e0                Vector198
                0x00000000080055e0                Vector118
                0x00000000080055e0                Vector64
                0x00000000080055e0                VectorCC
                0x00000000080055e0                Vector54
                0x00000000080055e0                Vector98
                0x00000000080055e0                Vector138
                0x00000000080055e0                Vector24
                0x00000000080055e0                Vector1AC
                0x00000000080055e0                Vector178
                0x00000000080055e0                Vector1A4
                0x00000000080055e0                VectorD0
                0x00000000080055e0                Vector1B4
                0x00000000080055e0                Vector140
                0x00000000080055e0                VectorE4
                0x00000000080055e0                Vector134
                0x00000000080055e0                VectorF0
                0x00000000080055e0                Vector13C
                0x00000000080055e0                Vector100
                0x00000000080055e0                VectorE0
                0x00000000080055e0                VectorF4
                0x00000000080055e0                MemManage_Handler
                0x00000000080055e0                VectorA0
                0x00000000080055e0                VectorC4
                0x00000000080055e0                Vector180
                0x00000000080055e0                Vector90
                0x00000000080055e0                Vector114
                0x00000000080055e0                Vector60
                0x00000000080055e0                Vector1C
                0x00000000080055e0                Vector1BC
                0x00000000080055e0                Vector17C
                0x00000000080055e0                Vector48
                0x00000000080055e0                Vector1A8
                0x00000000080055e0                Vector16C
                0x00000000080055e0                Vector4C
                0x00000000080055e0                Vector144
                0x00000000080055e0                Vector68
                0x00000000080055e0                Vector170
                0x00000000080055e0                Vector104
                0x00000000080055e0                Vector184
                0x00000000080055e0                Vector10C
                0x00000000080055e0                Vector14C
                0x00000000080055e0                BusFault_Handler
                0x00000000080055e0                Vector50
                0x00000000080055e0                Vector194
                0x00000000080055e0                Vector44
                0x00000000080055e0                Vector28
                0x00000000080055e0                VectorB8
                0x00000000080055e0                Vector34
                0x00000000080055e0                VectorA4
                0x00000000080055e0                Vector20
                0x00000000080055e0                Vector18C
                0x00000000080055e0                Vector174
 .text.VectorB0
                0x00000000080055f0       0x90 /tmp/ccLwtHdD.ltrans6.ltrans.o
                0x00000000080055f0                VectorB0
 .text.beaconThread
                0x0000000008005680       0x40 /tmp/ccLwtHdD.ltrans6.ltrans.o
                0x0000000008005680                beaconThread
 .text.f_open.4375
                0x00000000080056c0      0x470 /tmp/ccLwtHdD.ltrans6.ltrans.o
 .text.i2cStart
                0x0000000008005b30      0x220 /tmp/ccLwtHdD.ltrans6.ltrans.o
                0x0000000008005b30                i2cStart
 .text.openNewLogfile.part.0.17361
                0x0000000008005d50       0xd0 /tmp/ccLwtHdD.ltrans6.ltrans.o
                0x0000000008005d50                openNewLogfile.part.0.17361
 .text.gpsRxErr.16075
                0x0000000008005e20       0x10 /tmp/ccLwtHdD.ltrans7.ltrans.o
                0x0000000008005e20                gpsRxErr.16075
 .text.gpsRxEnd.16072
                0x0000000008005e30       0x10 /tmp/ccLwtHdD.ltrans7.ltrans.o
                0x0000000008005e30                gpsRxEnd.16072
 .text.gpsTxC.16069
                0x0000000008005e40       0x10 /tmp/ccLwtHdD.ltrans7.ltrans.o
                0x0000000008005e40                gpsTxC.16069
 .text.gpsTxbufEnd.16066
                0x0000000008005e50       0x10 /tmp/ccLwtHdD.ltrans7.ltrans.o
                0x0000000008005e50                gpsTxbufEnd.16066
 .text.get.13121
                0x0000000008005e60       0x20 /tmp/ccLwtHdD.ltrans7.ltrans.o
                0x0000000008005e60                get.13121
 .text.put.13111
                0x0000000008005e80       0x20 /tmp/ccLwtHdD.ltrans7.ltrans.o
                0x0000000008005e80                put.13111
 .text.long_to_string_with_divisor.13045.4467
                0x0000000008005ea0       0x50 /tmp/ccLwtHdD.ltrans7.ltrans.o
 .text.mmc_lld_is_write_protected
                0x0000000008005ef0       0x10 /tmp/ccLwtHdD.ltrans7.ltrans.o
                0x0000000008005ef0                mmc_lld_is_write_protected
 .text.mmc_lld_is_card_inserted
                0x0000000008005f00       0x10 /tmp/ccLwtHdD.ltrans7.ltrans.o
                0x0000000008005f00                mmc_lld_is_card_inserted
 .text.notify6.12010
                0x0000000008005f10       0x10 /tmp/ccLwtHdD.ltrans7.ltrans.o
                0x0000000008005f10                notify6.12010
 .text.notify2.12013
                0x0000000008005f20       0x10 /tmp/ccLwtHdD.ltrans7.ltrans.o
                0x0000000008005f20                notify2.12013
 .text.i2c_lld_serve_rx_end_irq.11402
                0x0000000008005f30       0x70 /tmp/ccLwtHdD.ltrans7.ltrans.o
                0x0000000008005f30                i2c_lld_serve_rx_end_irq.11402
 .text.VectorD4
                0x0000000008005fa0       0x70 /tmp/ccLwtHdD.ltrans7.ltrans.o
                0x0000000008005fa0                VectorD4
 .text.gpsRxChar.16096
                0x0000000008006010       0x90 /tmp/ccLwtHdD.ltrans7.ltrans.o
                0x0000000008006010                gpsRxChar.16096
 .text.writes.13130
                0x00000000080060a0       0x30 /tmp/ccLwtHdD.ltrans7.ltrans.o
                0x00000000080060a0                writes.13130
 .text.reads.13124
                0x00000000080060d0       0x30 /tmp/ccLwtHdD.ltrans7.ltrans.o
                0x00000000080060d0                reads.13124
 .text.Vector164
                0x0000000008006100       0x30 /tmp/ccLwtHdD.ltrans7.ltrans.o
                0x0000000008006100                Vector164
 .text.VectorC0
                0x0000000008006130       0x30 /tmp/ccLwtHdD.ltrans7.ltrans.o
                0x0000000008006130                VectorC0
 .text.Vector160
                0x0000000008006160       0x20 /tmp/ccLwtHdD.ltrans7.ltrans.o
                0x0000000008006160                Vector160
 .text.VectorBC
                0x0000000008006180       0x20 /tmp/ccLwtHdD.ltrans7.ltrans.o
                0x0000000008006180                VectorBC
 .text.chSchWakeupS.constprop.44
                0x00000000080061a0       0x60 /tmp/ccLwtHdD.ltrans7.ltrans.o
                0x00000000080061a0                chSchWakeupS.constprop.44
 .text.chTMStartMeasurementX.constprop.31
                0x0000000008006200       0x10 /tmp/ccLwtHdD.ltrans7.ltrans.o
                0x0000000008006200                chTMStartMeasurementX.constprop.31
 .text.sdObjectInit.constprop.26
                0x0000000008006210       0x70 /tmp/ccLwtHdD.ltrans7.ltrans.o
                0x0000000008006210                sdObjectInit.constprop.26
 .text.uStrInsertChar.constprop.3
                0x0000000008006280       0x40 /tmp/ccLwtHdD.ltrans7.ltrans.o
                0x0000000008006280                uStrInsertChar.constprop.3
 .text.uStrPrependChar
                0x00000000080062c0       0x30 /tmp/ccLwtHdD.ltrans7.ltrans.o
                0x00000000080062c0                uStrPrependChar
 .text.uStrCpy  0x00000000080062f0       0x30 /tmp/ccLwtHdD.ltrans7.ltrans.o
                0x00000000080062f0                uStrCpy
 .text.chvprintf
                0x0000000008006320      0x3a0 /tmp/ccLwtHdD.ltrans7.ltrans.o
                0x0000000008006320                chvprintf
 .text.chprintf.13294.constprop.13
                0x00000000080066c0       0x30 /tmp/ccLwtHdD.ltrans7.ltrans.o
                0x00000000080066c0                chprintf.13294.constprop.13
 .text.I2CSensor_init
                0x00000000080066f0       0x60 /tmp/ccLwtHdD.ltrans7.ltrans.o
                0x00000000080066f0                I2CSensor_init
 .text.chprintf.13613.constprop.12
                0x0000000008006750       0x30 /tmp/ccLwtHdD.ltrans7.ltrans.o
                0x0000000008006750                chprintf.13613.constprop.12
 .text.chprintf.16082.constprop.1
                0x0000000008006780       0x30 /tmp/ccLwtHdD.ltrans7.ltrans.o
                0x0000000008006780                chprintf.16082.constprop.1
 .text.chprintf.17349
                0x00000000080067b0       0x20 /tmp/ccLwtHdD.ltrans7.ltrans.o
                0x00000000080067b0                chprintf.17349
 .text.chprintf.16741
                0x00000000080067d0       0x20 /tmp/ccLwtHdD.ltrans7.ltrans.o
                0x00000000080067d0                chprintf.16741
 .text.chprintf.16383
                0x00000000080067f0       0x20 /tmp/ccLwtHdD.ltrans7.ltrans.o
                0x00000000080067f0                chprintf.16383
 .text.chprintf.15657
                0x0000000008006810       0x20 /tmp/ccLwtHdD.ltrans7.ltrans.o
                0x0000000008006810                chprintf.15657
 .text.get_ldnumber.12784
                0x0000000008006830       0x50 /tmp/ccLwtHdD.ltrans7.ltrans.o
                0x0000000008006830                get_ldnumber.12784
 .text.usart_stop.12171
                0x0000000008006880       0x50 /tmp/ccLwtHdD.ltrans7.ltrans.o
                0x0000000008006880                usart_stop.12171
 .text.spiUnselect
                0x00000000080068d0       0x20 /tmp/ccLwtHdD.ltrans7.ltrans.o
                0x00000000080068d0                spiUnselect
 .text.spiSelect
                0x00000000080068f0       0x20 /tmp/ccLwtHdD.ltrans7.ltrans.o
                0x00000000080068f0                spiSelect
 .text.spiStop  0x0000000008006910       0x50 /tmp/ccLwtHdD.ltrans7.ltrans.o
                0x0000000008006910                spiStop
 .text.spiStart
                0x0000000008006960       0xb0 /tmp/ccLwtHdD.ltrans7.ltrans.o
                0x0000000008006960                spiStart
 .text.Reset_Handler
                0x0000000008006a10      0x1c0 /tmp/ccLwtHdD.ltrans8.ltrans.o
                0x0000000008006a10                Reset_Handler
 .text.chThdExit
                0x0000000008006bd0       0x50 /tmp/ccLwtHdD.ltrans8.ltrans.o
                0x0000000008006bd0                chThdExit
 .text.chSchDoReschedule
                0x0000000008006c20       0x10 /tmp/ccLwtHdD.ltrans8.ltrans.o
                0x0000000008006c20                chSchDoReschedule
 .text.strcpy   0x0000000008006c30       0xbc /usr/bin/../lib/gcc/arm-none-eabi/4.8.4/../../../../arm-none-eabi/lib/armv7e-m/fpu/libc.a(lib_a-strcpy.o)
                0x0000000008006c30                strcpy
 *fill*         0x0000000008006cec        0x4 
 .text.strlen   0x0000000008006cf0       0x60 /usr/bin/../lib/gcc/arm-none-eabi/4.8.4/../../../../arm-none-eabi/lib/armv7e-m/fpu/libc.a(lib_a-strlen.o)
                0x0000000008006cf0                strlen
 .text.strncmp  0x0000000008006d50       0xb4 /usr/bin/../lib/gcc/arm-none-eabi/4.8.4/../../../../arm-none-eabi/lib/armv7e-m/fpu/libc.a(lib_a-strncmp.o)
                0x0000000008006d50                strncmp
 *(.rodata)
 *fill*         0x0000000008006e04        0xc 
 .rodata        0x0000000008006e10       0x24 /tmp/ccLwtHdD.ltrans4.ltrans.o
 *(.rodata.*)
 *fill*         0x0000000008006e34        0xc 
 .rodata._stm32_dma_streams
                0x0000000008006e40       0xc0 /tmp/ccLwtHdD.ltrans0.ltrans.o
 .rodata.ch_debug
                0x0000000008006f00       0x18 /tmp/ccLwtHdD.ltrans0.ltrans.o
 *fill*         0x0000000008006f18        0x8 
 .rodata.str1.4
                0x0000000008006f20      0x371 /tmp/ccLwtHdD.ltrans0.ltrans.o
                                        0x37c (size before relaxing)
 *fill*         0x0000000008007291        0xf 
 .rodata.mmc_vmt.10007.5104
                0x00000000080072a0       0x20 /tmp/ccLwtHdD.ltrans0.ltrans.o
 .rodata.stopcmd.7715.10003.4648
                0x00000000080072c0        0x8 /tmp/ccLwtHdD.ltrans2.ltrans.o
 *fill*         0x00000000080072c8        0x8 
 .rodata.vmt.10284
                0x00000000080072d0       0x20 /tmp/ccLwtHdD.ltrans2.ltrans.o
                0x00000000080072d0                vmt.10284
 .rodata.vmt.13154.4651
                0x00000000080072f0       0x10 /tmp/ccLwtHdD.ltrans2.ltrans.o
 .rodata.crc7_lookup_table.10006.4619
                0x0000000008007300      0x100 /tmp/ccLwtHdD.ltrans2.ltrans.o
 .rodata.start.7726.10005.4618
                0x0000000008007400        0x4 /tmp/ccLwtHdD.ltrans2.ltrans.o
 *fill*         0x0000000008007404        0xc 
 .rodata.default_config.12051.4721
                0x0000000008007410        0xc /tmp/ccLwtHdD.ltrans3.ltrans.o
 *fill*         0x000000000800741c        0x4 
 .rodata.str1.4
                0x0000000008007420       0x49 /tmp/ccLwtHdD.ltrans3.ltrans.o
                                         0x4c (size before relaxing)
 *fill*         0x0000000008007469        0x7 
 .rodata.ii2cCfg.15776.4822
                0x0000000008007470        0xc /tmp/ccLwtHdD.ltrans4.ltrans.o
 *fill*         0x000000000800747c        0x4 
 .rodata.ei2cCfg.15775.4823
                0x0000000008007480        0xc /tmp/ccLwtHdD.ltrans4.ltrans.o
 *fill*         0x000000000800748c        0x4 
 .rodata.analogGrp.15772.4817
                0x0000000008007490       0x28 /tmp/ccLwtHdD.ltrans4.ltrans.o
 *fill*         0x00000000080074b8        0x8 
 .rodata.str1.4
                0x00000000080074c0      0x241 /tmp/ccLwtHdD.ltrans4.ltrans.o
                                        0x244 (size before relaxing)
 *fill*         0x0000000008007701        0xf 
 .rodata.stop.7732.10004
                0x0000000008007710        0x4 /tmp/ccLwtHdD.ltrans4.ltrans.o
                0x0000000008007710                stop.7732.10004
 *fill*         0x0000000008007714        0xc 
 .rodata.str1.4
                0x0000000008007720        0x5 /tmp/ccLwtHdD.ltrans5.ltrans.o
                                          0x8 (size before relaxing)
 *fill*         0x0000000008007725        0xb 
 .rodata.ExCvt.12997.4610
                0x0000000008007730       0x80 /tmp/ccLwtHdD.ltrans6.ltrans.o
 .rodata.str1.4
                0x00000000080077b0       0xec /tmp/ccLwtHdD.ltrans6.ltrans.o
 *fill*         0x000000000800789c        0x4 
 .rodata.pow10.13096.4748
                0x00000000080078a0       0x24 /tmp/ccLwtHdD.ltrans7.ltrans.o
 *fill*         0x00000000080078c4        0xc 
 .rodata.str1.4
                0x00000000080078d0       0x20 /tmp/ccLwtHdD.ltrans7.ltrans.o
                                         0x38 (size before relaxing)
 *(.glue_7t)
 .glue_7t       0x0000000000000000        0x0 linker stubs
 *(.glue_7)
 .glue_7        0x0000000000000000        0x0 linker stubs
 *(.gcc*)

.vfp11_veneer   0x00000000080078f0        0x0
 .vfp11_veneer  0x0000000000000000        0x0 linker stubs

.v4_bx          0x00000000080078f0        0x0
 .v4_bx         0x0000000000000000        0x0 linker stubs

.iplt           0x00000000080078f0        0x0
 .iplt          0x0000000000000000        0x0 build/obj/chcoreasm_v7m.o

.rel.dyn        0x00000000080078f0        0x0
 .rel.iplt      0x0000000000000000        0x0 build/obj/chcoreasm_v7m.o

.ARM.extab
 *(.ARM.extab* .gnu.linkonce.armextab.*)

.ARM.exidx      0x00000000080078f0        0x0
                0x00000000080078f0                PROVIDE (__exidx_start, .)
 *(.ARM.exidx* .gnu.linkonce.armexidx.*)
                0x00000000080078f0                PROVIDE (__exidx_end, .)

.eh_frame_hdr
 *(.eh_frame_hdr)

.eh_frame
 *(.eh_frame)

.textalign      0x00000000080078f0        0x0
                0x00000000080078f0                . = ALIGN (0x8)
                0x00000000080078f0                . = ALIGN (0x4)
                0x00000000080078f0                _etext = .
                0x00000000080078f0                _textdata = _etext

.stacks         0x0000000020000000     0x1400
                0x0000000020000000                . = ALIGN (0x8)
                0x0000000020000000                __main_stack_base__ = .
                0x0000000020000400                . = (. + __main_stack_size__)
 *fill*         0x0000000020000000      0x400 
                0x0000000020000400                . = ALIGN (0x8)
                0x0000000020000400                __main_stack_end__ = .
                0x0000000020000400                __process_stack_base__ = .
                0x0000000020000400                __main_thread_stack_base__ = .
                0x0000000020001400                . = (. + __process_stack_size__)
 *fill*         0x0000000020000400     0x1000 
                0x0000000020001400                . = ALIGN (0x8)
                0x0000000020001400                __process_stack_end__ = .
                0x0000000020001400                __main_thread_stack_end__ = .

.data           0x0000000020001400       0x5c load address 0x00000000080078f0
                0x0000000020001400                . = ALIGN (0x4)
                0x0000000020001400                PROVIDE (_data, .)
 *(.data)
 *(.data.*)
 .data.lsCfg.16520.5068
                0x0000000020001400        0xc /tmp/ccLwtHdD.ltrans0.ltrans.o
 .data.xbeeSerCfg.15028.5105
                0x000000002000140c        0xc /tmp/ccLwtHdD.ltrans0.ltrans.o
 .data.serCfg.17555.5102
                0x0000000020001418        0xc /tmp/ccLwtHdD.ltrans0.ltrans.o
 .data.hsCfg.16521.5069
                0x0000000020001424        0xc /tmp/ccLwtHdD.ltrans0.ltrans.o
 .data.mmcCfg.16518.5066
                0x0000000020001430        0xc /tmp/ccLwtHdD.ltrans0.ltrans.o
 .data.serGpsCfg.16168.5072
                0x000000002000143c       0x20 /tmp/ccLwtHdD.ltrans0.ltrans.o
 *(.ramtext)
                0x000000002000145c                . = ALIGN (0x4)
                0x000000002000145c                PROVIDE (_edata, .)

.igot.plt       0x000000002000145c        0x0 load address 0x000000000800794c
 .igot.plt      0x0000000000000000        0x0 build/obj/chcoreasm_v7m.o

.bss            0x000000002000145c     0x2f58
                0x000000002000145c                . = ALIGN (0x4)
                0x000000002000145c                PROVIDE (_bss_start, .)
 *(.bss)
 *(.bss.*)
 .bss.DEBUG.16890
                0x000000002000145c        0x4 /tmp/ccLwtHdD.ltrans0.ltrans.o
                0x000000002000145c                DEBUG.16890
 .bss.nextmem.6820
                0x0000000020001460        0x4 /tmp/ccLwtHdD.ltrans0.ltrans.o
                0x0000000020001460                nextmem.6820
 .bss.xbee.17553.5070
                0x0000000020001464        0x8 /tmp/ccLwtHdD.ltrans0.ltrans.o
 .bss.SPID3     0x000000002000146c       0x30 /tmp/ccLwtHdD.ltrans0.ltrans.o
                0x000000002000146c                SPID3
 .bss.SD2       0x000000002000149c      0x458 /tmp/ccLwtHdD.ltrans0.ltrans.o
                0x000000002000149c                SD2
 .bss.dataPrintBuf.15345.5092
                0x00000000200018f4      0x300 /tmp/ccLwtHdD.ltrans0.ltrans.o
 .bss.dummytx.11757
                0x0000000020001bf4        0x2 /tmp/ccLwtHdD.ltrans0.ltrans.o
                0x0000000020001bf4                dummytx.11757
 *fill*         0x0000000020001bf6        0x2 
 .bss.SD6       0x0000000020001bf8      0x458 /tmp/ccLwtHdD.ltrans0.ltrans.o
                0x0000000020001bf8                SD6
 .bss.waBeacon.17558.5091
                0x0000000020002050      0x190 /tmp/ccLwtHdD.ltrans0.ltrans.o
 .bss.endmem.6822
                0x00000000200021e0        0x4 /tmp/ccLwtHdD.ltrans0.ltrans.o
                0x00000000200021e0                endmem.6822
 .bss.logger.17547
                0x00000000200021e4       0x10 /tmp/ccLwtHdD.ltrans0.ltrans.o
                0x00000000200021e4                logger.17547
 .bss.mainthread.6320.4386.5073
                0x00000000200021f4       0x44 /tmp/ccLwtHdD.ltrans0.ltrans.o
 .bss._idle_thread_wa.4385.5181
                0x0000000020002238      0x160 /tmp/ccLwtHdD.ltrans0.ltrans.o
 .bss.GPS.16169
                0x0000000020002398      0x140 /tmp/ccLwtHdD.ltrans0.ltrans.o
                0x0000000020002398                GPS.16169
 .bss.masterSample.17557.5058
                0x00000000200024d8       0x98 /tmp/ccLwtHdD.ltrans0.ltrans.o
 .bss.dma_isr_redir.10833
                0x0000000020002570       0x80 /tmp/ccLwtHdD.ltrans0.ltrans.o
                0x0000000020002570                dma_isr_redir.10833
 .bss.dma_streams_mask.10838
                0x00000000200025f0        0x4 /tmp/ccLwtHdD.ltrans0.ltrans.o
                0x00000000200025f0                dma_streams_mask.10838
 *fill*         0x00000000200025f4        0x4 
 .bss.waSensor.17559.5090
                0x00000000200025f8     0x1150 /tmp/ccLwtHdD.ltrans0.ltrans.o
 .bss.sd.17551.5063
                0x0000000020003748       0x10 /tmp/ccLwtHdD.ltrans0.ltrans.o
 .bss.serialPort.16522.5055
                0x0000000020003758        0x4 /tmp/ccLwtHdD.ltrans0.ltrans.o
 .bss.ADCD1     0x000000002000375c       0x34 /tmp/ccLwtHdD.ltrans0.ltrans.o
                0x000000002000375c                ADCD1
 .bss.default_heap.6947.5182
                0x0000000020003790       0x20 /tmp/ccLwtHdD.ltrans0.ltrans.o
 .bss.waGps.17560.5088
                0x00000000200037b0      0x658 /tmp/ccLwtHdD.ltrans0.ltrans.o
 .bss.sensorLog.17546
                0x0000000020003e08       0x18 /tmp/ccLwtHdD.ltrans0.ltrans.o
                0x0000000020003e08                sensorLog.17546
 .bss.MMCD1     0x0000000020003e20       0x34 /tmp/ccLwtHdD.ltrans0.ltrans.o
                0x0000000020003e20                MMCD1
 .bss.I2CD1     0x0000000020003e54       0x38 /tmp/ccLwtHdD.ltrans0.ltrans.o
                0x0000000020003e54                I2CD1
 .bss.FS.16517.5103
                0x0000000020003e8c      0x230 /tmp/ccLwtHdD.ltrans0.ltrans.o
 .bss.I2CD3     0x00000000200040bc       0x38 /tmp/ccLwtHdD.ltrans0.ltrans.o
                0x00000000200040bc                I2CD3
 .bss.SD.16523.5056
                0x00000000200040f4        0x4 /tmp/ccLwtHdD.ltrans0.ltrans.o
 .bss.UARTD1    0x00000000200040f8       0x1c /tmp/ccLwtHdD.ltrans0.ltrans.o
                0x00000000200040f8                UARTD1
 .bss.FatFs.12998.4375
                0x0000000020004114        0x4 /tmp/ccLwtHdD.ltrans1.ltrans.o
 .bss.Fsid.12999.4376
                0x0000000020004118        0x2 /tmp/ccLwtHdD.ltrans1.ltrans.o
 .bss.dummyrx.11759.4649
                0x000000002000411a        0x2 /tmp/ccLwtHdD.ltrans2.ltrans.o
 .bss.tokBuf.16170
                0x000000002000411c       0x14 /tmp/ccLwtHdD.ltrans3.ltrans.o
                0x000000002000411c                tokBuf.16170
 .bss.gpsSem    0x0000000020004130        0xc /tmp/ccLwtHdD.ltrans3.ltrans.o
                0x0000000020004130                gpsSem
 .bss.errors.13409.4677
                0x000000002000413c        0x4 /tmp/ccLwtHdD.ltrans3.ltrans.o
 .bss.sensCount.13672.4809
                0x0000000020004140        0x1 /tmp/ccLwtHdD.ltrans4.ltrans.o
 .bss.sensCount.14060.4811
                0x0000000020004141        0x1 /tmp/ccLwtHdD.ltrans4.ltrans.o
 .bss.activeAnalogCh.15777.4814
                0x0000000020004142        0x1 /tmp/ccLwtHdD.ltrans4.ltrans.o
 .bss.sensCount.14818.4813
                0x0000000020004143        0x1 /tmp/ccLwtHdD.ltrans4.ltrans.o
 .bss.sensCount.14416.4812
                0x0000000020004144        0x1 /tmp/ccLwtHdD.ltrans4.ltrans.o
 *fill*         0x0000000020004145        0x3 
 .bss.analogSamples.15778.4824
                0x0000000020004148        0xc /tmp/ccLwtHdD.ltrans4.ltrans.o
 .bss.sensCount.13874.4810
                0x0000000020004154        0x1 /tmp/ccLwtHdD.ltrans4.ltrans.o
 *fill*         0x0000000020004155        0x3 
 .bss.lFile.4569
                0x0000000020004158      0x224 /tmp/ccLwtHdD.ltrans6.ltrans.o
 .bss.lfNum.17561.4566
                0x000000002000437c        0x2 /tmp/ccLwtHdD.ltrans6.ltrans.o
 *fill*         0x000000002000437e        0x2 
 .bss.ch        0x0000000020004380       0x34 /tmp/ccLwtHdD.ltrans8.ltrans.o
                0x0000000020004380                ch
 *(COMMON)
                0x00000000200043b4                . = ALIGN (0x4)
                0x00000000200043b4                PROVIDE (_bss_end, .)
                0x00000000200043b4                PROVIDE (end, .)
                0x00000000200043b4                _end = .
                0x00000000200043b4                __heap_base__ = _end
                0x0000000020010000                __heap_end__ = __ram_end__
                0x0000000000001000                __process_stack_size__ = 0x1000
                0x0000000000000400                __main_stack_size__ = 0x400
START GROUP
LOAD /usr/bin/../lib/gcc/arm-none-eabi/4.8.4/armv7e-m/fpu/libgcc.a
LOAD /usr/bin/../lib/gcc/arm-none-eabi/4.8.4/../../../../arm-none-eabi/lib/armv7e-m/fpu/libc.a
END GROUP
OUTPUT(build/stribog.elf elf32-littlearm)

.ARM.attributes
                0x0000000000000000       0x35
 .ARM.attributes
                0x0000000000000000       0x25 build/obj/chcoreasm_v7m.o
 .ARM.attributes
                0x0000000000000025       0x37 /tmp/ccLwtHdD.ltrans0.ltrans.o
 .ARM.attributes
                0x000000000000005c       0x37 /tmp/ccLwtHdD.ltrans1.ltrans.o
 .ARM.attributes
                0x0000000000000093       0x37 /tmp/ccLwtHdD.ltrans2.ltrans.o
 .ARM.attributes
                0x00000000000000ca       0x37 /tmp/ccLwtHdD.ltrans3.ltrans.o
 .ARM.attributes
                0x0000000000000101       0x37 /tmp/ccLwtHdD.ltrans4.ltrans.o
 .ARM.attributes
                0x0000000000000138       0x37 /tmp/ccLwtHdD.ltrans5.ltrans.o
 .ARM.attributes
                0x000000000000016f       0x37 /tmp/ccLwtHdD.ltrans6.ltrans.o
 .ARM.attributes
                0x00000000000001a6       0x37 /tmp/ccLwtHdD.ltrans7.ltrans.o
 .ARM.attributes
                0x00000000000001dd       0x37 /tmp/ccLwtHdD.ltrans8.ltrans.o
 .ARM.attributes
                0x0000000000000214       0x22 /usr/bin/../lib/gcc/arm-none-eabi/4.8.4/armv7e-m/fpu/libgcc.a(_arm_addsubdf3.o)
 .ARM.attributes
                0x0000000000000236       0x22 /usr/bin/../lib/gcc/arm-none-eabi/4.8.4/armv7e-m/fpu/libgcc.a(_arm_muldivdf3.o)
 .ARM.attributes
                0x0000000000000258       0x22 /usr/bin/../lib/gcc/arm-none-eabi/4.8.4/armv7e-m/fpu/libgcc.a(_arm_fixdfsi.o)
 .ARM.attributes
                0x000000000000027a       0x22 /usr/bin/../lib/gcc/arm-none-eabi/4.8.4/armv7e-m/fpu/libgcc.a(_arm_truncdfsf2.o)
 .ARM.attributes
                0x000000000000029c       0x20 /usr/bin/../lib/gcc/arm-none-eabi/4.8.4/../../../../arm-none-eabi/lib/armv7e-m/fpu/libc.a(lib_a-memcpy.o)
 .ARM.attributes
                0x00000000000002bc       0x34 /usr/bin/../lib/gcc/arm-none-eabi/4.8.4/../../../../arm-none-eabi/lib/armv7e-m/fpu/libc.a(lib_a-strcpy.o)
 .ARM.attributes
                0x00000000000002f0       0x34 /usr/bin/../lib/gcc/arm-none-eabi/4.8.4/../../../../arm-none-eabi/lib/armv7e-m/fpu/libc.a(lib_a-strlen.o)
 .ARM.attributes
                0x0000000000000324       0x34 /usr/bin/../lib/gcc/arm-none-eabi/4.8.4/../../../../arm-none-eabi/lib/armv7e-m/fpu/libc.a(lib_a-strncmp.o)

.comment        0x0000000000000000       0x70
 .comment       0x0000000000000000       0x70 /tmp/ccLwtHdD.ltrans0.ltrans.o
                                         0x71 (size before relaxing)
 .comment       0x0000000000000000       0x71 /tmp/ccLwtHdD.ltrans1.ltrans.o
 .comment       0x0000000000000000       0x71 /tmp/ccLwtHdD.ltrans2.ltrans.o
 .comment       0x0000000000000000       0x71 /tmp/ccLwtHdD.ltrans3.ltrans.o
 .comment       0x0000000000000000       0x71 /tmp/ccLwtHdD.ltrans4.ltrans.o
 .comment       0x0000000000000000       0x71 /tmp/ccLwtHdD.ltrans5.ltrans.o
 .comment       0x0000000000000000       0x71 /tmp/ccLwtHdD.ltrans6.ltrans.o
 .comment       0x0000000000000000       0x71 /tmp/ccLwtHdD.ltrans7.ltrans.o
 .comment       0x0000000000000000       0x71 /tmp/ccLwtHdD.ltrans8.ltrans.o

.debug_frame    0x0000000000000000       0x68
 .debug_frame   0x0000000000000000       0x20 /usr/bin/../lib/gcc/arm-none-eabi/4.8.4/../../../../arm-none-eabi/lib/armv7e-m/fpu/libc.a(lib_a-strcpy.o)
 .debug_frame   0x0000000000000020       0x20 /usr/bin/../lib/gcc/arm-none-eabi/4.8.4/../../../../arm-none-eabi/lib/armv7e-m/fpu/libc.a(lib_a-strlen.o)
 .debug_frame   0x0000000000000040       0x28 /usr/bin/../lib/gcc/arm-none-eabi/4.8.4/../../../../arm-none-eabi/lib/armv7e-m/fpu/libc.a(lib_a-strncmp.o)

Cross Reference Table

Symbol                                            File
ADCD1                                             /tmp/ccLwtHdD.ltrans0.ltrans.o
                                                  /tmp/ccLwtHdD.ltrans5.ltrans.o
                                                  /tmp/ccLwtHdD.ltrans4.ltrans.o
BusFault_Handler                                  /tmp/ccLwtHdD.ltrans5.ltrans.o
                                                  /tmp/ccLwtHdD.ltrans8.ltrans.o
DEBUG.16890                                       /tmp/ccLwtHdD.ltrans0.ltrans.o
                                                  /tmp/ccLwtHdD.ltrans6.ltrans.o
DebugMon_Handler                                  /tmp/ccLwtHdD.ltrans5.ltrans.o
                                                  /tmp/ccLwtHdD.ltrans8.ltrans.o
GPS.16169                                         /tmp/ccLwtHdD.ltrans0.ltrans.o
                                                  /tmp/ccLwtHdD.ltrans7.ltrans.o
                                                  /tmp/ccLwtHdD.ltrans3.ltrans.o
HardFault_Handler                                 /tmp/ccLwtHdD.ltrans5.ltrans.o
                                                  /tmp/ccLwtHdD.ltrans8.ltrans.o
I2CD1                                             /tmp/ccLwtHdD.ltrans0.ltrans.o
                                                  /tmp/ccLwtHdD.ltrans7.ltrans.o
                                                  /tmp/ccLwtHdD.ltrans6.ltrans.o
                                                  /tmp/ccLwtHdD.ltrans4.ltrans.o
I2CD3                                             /tmp/ccLwtHdD.ltrans0.ltrans.o
                                                  /tmp/ccLwtHdD.ltrans7.ltrans.o
                                                  /tmp/ccLwtHdD.ltrans6.ltrans.o
                                                  /tmp/ccLwtHdD.ltrans4.ltrans.o
I2CSensor_init                                    /tmp/ccLwtHdD.ltrans7.ltrans.o
                                                  /tmp/ccLwtHdD.ltrans4.ltrans.o
I2CSensor_transact                                /tmp/ccLwtHdD.ltrans3.ltrans.o
                                                  /tmp/ccLwtHdD.ltrans4.ltrans.o
I2CSensor_transact_buf                            /tmp/ccLwtHdD.ltrans3.ltrans.o
                                                  /tmp/ccLwtHdD.ltrans4.ltrans.o
MMCD1                                             /tmp/ccLwtHdD.ltrans0.ltrans.o
                                                  /tmp/ccLwtHdD.ltrans2.ltrans.o
                                                  /tmp/ccLwtHdD.ltrans1.ltrans.o
MemManage_Handler                                 /tmp/ccLwtHdD.ltrans5.ltrans.o
                                                  /tmp/ccLwtHdD.ltrans8.ltrans.o
NMI_Handler                                       /tmp/ccLwtHdD.ltrans5.ltrans.o
                                                  /tmp/ccLwtHdD.ltrans8.ltrans.o
PendSV_Handler                                    /tmp/ccLwtHdD.ltrans5.ltrans.o
                                                  /tmp/ccLwtHdD.ltrans8.ltrans.o
Reset_Handler                                     /tmp/ccLwtHdD.ltrans8.ltrans.o
SD2                                               /tmp/ccLwtHdD.ltrans0.ltrans.o
                                                  /tmp/ccLwtHdD.ltrans4.ltrans.o
                                                  /tmp/ccLwtHdD.ltrans3.ltrans.o
SD6                                               /tmp/ccLwtHdD.ltrans0.ltrans.o
                                                  /tmp/ccLwtHdD.ltrans7.ltrans.o
                                                  /tmp/ccLwtHdD.ltrans6.ltrans.o
                                                  /tmp/ccLwtHdD.ltrans4.ltrans.o
                                                  /tmp/ccLwtHdD.ltrans3.ltrans.o
SPID3                                             /tmp/ccLwtHdD.ltrans0.ltrans.o
                                                  /tmp/ccLwtHdD.ltrans7.ltrans.o
SVC_Handler                                       /tmp/ccLwtHdD.ltrans5.ltrans.o
                                                  /tmp/ccLwtHdD.ltrans8.ltrans.o
SysTick_Handler                                   /tmp/ccLwtHdD.ltrans5.ltrans.o
                                                  /tmp/ccLwtHdD.ltrans8.ltrans.o
UARTD1                                            /tmp/ccLwtHdD.ltrans0.ltrans.o
                                                  /tmp/ccLwtHdD.ltrans7.ltrans.o
                                                  /tmp/ccLwtHdD.ltrans3.ltrans.o
UsageFault_Handler                                /tmp/ccLwtHdD.ltrans5.ltrans.o
                                                  /tmp/ccLwtHdD.ltrans8.ltrans.o
Vector100                                         /tmp/ccLwtHdD.ltrans5.ltrans.o
                                                  /tmp/ccLwtHdD.ltrans8.ltrans.o
Vector104                                         /tmp/ccLwtHdD.ltrans5.ltrans.o
                                                  /tmp/ccLwtHdD.ltrans8.ltrans.o
Vector108                                         /tmp/ccLwtHdD.ltrans5.ltrans.o
                                                  /tmp/ccLwtHdD.ltrans8.ltrans.o
Vector10C                                         /tmp/ccLwtHdD.ltrans5.ltrans.o
                                                  /tmp/ccLwtHdD.ltrans8.ltrans.o
Vector110                                         /tmp/ccLwtHdD.ltrans5.ltrans.o
                                                  /tmp/ccLwtHdD.ltrans8.ltrans.o
Vector114                                         /tmp/ccLwtHdD.ltrans5.ltrans.o
                                                  /tmp/ccLwtHdD.ltrans8.ltrans.o
Vector118                                         /tmp/ccLwtHdD.ltrans5.ltrans.o
                                                  /tmp/ccLwtHdD.ltrans8.ltrans.o
Vector11C                                         /tmp/ccLwtHdD.ltrans5.ltrans.o
                                                  /tmp/ccLwtHdD.ltrans8.ltrans.o
Vector120                                         /tmp/ccLwtHdD.ltrans5.ltrans.o
                                                  /tmp/ccLwtHdD.ltrans8.ltrans.o
Vector124                                         /tmp/ccLwtHdD.ltrans5.ltrans.o
                                                  /tmp/ccLwtHdD.ltrans8.ltrans.o
Vector128                                         /tmp/ccLwtHdD.ltrans5.ltrans.o
                                                  /tmp/ccLwtHdD.ltrans8.ltrans.o
Vector12C                                         /tmp/ccLwtHdD.ltrans5.ltrans.o
                                                  /tmp/ccLwtHdD.ltrans8.ltrans.o
Vector130                                         /tmp/ccLwtHdD.ltrans5.ltrans.o
                                                  /tmp/ccLwtHdD.ltrans8.ltrans.o
Vector134                                         /tmp/ccLwtHdD.ltrans5.ltrans.o
                                                  /tmp/ccLwtHdD.ltrans8.ltrans.o
Vector138                                         /tmp/ccLwtHdD.ltrans5.ltrans.o
                                                  /tmp/ccLwtHdD.ltrans8.ltrans.o
Vector13C                                         /tmp/ccLwtHdD.ltrans5.ltrans.o
                                                  /tmp/ccLwtHdD.ltrans8.ltrans.o
Vector140                                         /tmp/ccLwtHdD.ltrans5.ltrans.o
                                                  /tmp/ccLwtHdD.ltrans8.ltrans.o
Vector144                                         /tmp/ccLwtHdD.ltrans5.ltrans.o
                                                  /tmp/ccLwtHdD.ltrans8.ltrans.o
Vector148                                         /tmp/ccLwtHdD.ltrans5.ltrans.o
                                                  /tmp/ccLwtHdD.ltrans8.ltrans.o
Vector14C                                         /tmp/ccLwtHdD.ltrans5.ltrans.o
                                                  /tmp/ccLwtHdD.ltrans8.ltrans.o
Vector150                                         /tmp/ccLwtHdD.ltrans5.ltrans.o
                                                  /tmp/ccLwtHdD.ltrans8.ltrans.o
Vector154                                         /tmp/ccLwtHdD.ltrans5.ltrans.o
                                                  /tmp/ccLwtHdD.ltrans8.ltrans.o
Vector158                                         /tmp/ccLwtHdD.ltrans5.ltrans.o
                                                  /tmp/ccLwtHdD.ltrans8.ltrans.o
Vector15C                                         /tmp/ccLwtHdD.ltrans4.ltrans.o
                                                  /tmp/ccLwtHdD.ltrans8.ltrans.o
Vector160                                         /tmp/ccLwtHdD.ltrans7.ltrans.o
                                                  /tmp/ccLwtHdD.ltrans8.ltrans.o
Vector164                                         /tmp/ccLwtHdD.ltrans7.ltrans.o
                                                  /tmp/ccLwtHdD.ltrans8.ltrans.o
Vector168                                         /tmp/ccLwtHdD.ltrans5.ltrans.o
                                                  /tmp/ccLwtHdD.ltrans8.ltrans.o
Vector16C                                         /tmp/ccLwtHdD.ltrans5.ltrans.o
                                                  /tmp/ccLwtHdD.ltrans8.ltrans.o
Vector170                                         /tmp/ccLwtHdD.ltrans5.ltrans.o
                                                  /tmp/ccLwtHdD.ltrans8.ltrans.o
Vector174                                         /tmp/ccLwtHdD.ltrans5.ltrans.o
                                                  /tmp/ccLwtHdD.ltrans8.ltrans.o
Vector178                                         /tmp/ccLwtHdD.ltrans5.ltrans.o
                                                  /tmp/ccLwtHdD.ltrans8.ltrans.o
Vector17C                                         /tmp/ccLwtHdD.ltrans5.ltrans.o
                                                  /tmp/ccLwtHdD.ltrans8.ltrans.o
Vector180                                         /tmp/ccLwtHdD.ltrans5.ltrans.o
                                                  /tmp/ccLwtHdD.ltrans8.ltrans.o
Vector184                                         /tmp/ccLwtHdD.ltrans5.ltrans.o
                                                  /tmp/ccLwtHdD.ltrans8.ltrans.o
Vector188                                         /tmp/ccLwtHdD.ltrans5.ltrans.o
                                                  /tmp/ccLwtHdD.ltrans8.ltrans.o
Vector18C                                         /tmp/ccLwtHdD.ltrans5.ltrans.o
                                                  /tmp/ccLwtHdD.ltrans8.ltrans.o
Vector190                                         /tmp/ccLwtHdD.ltrans5.ltrans.o
                                                  /tmp/ccLwtHdD.ltrans8.ltrans.o
Vector194                                         /tmp/ccLwtHdD.ltrans5.ltrans.o
                                                  /tmp/ccLwtHdD.ltrans8.ltrans.o
Vector198                                         /tmp/ccLwtHdD.ltrans5.ltrans.o
                                                  /tmp/ccLwtHdD.ltrans8.ltrans.o
Vector19C                                         /tmp/ccLwtHdD.ltrans5.ltrans.o
                                                  /tmp/ccLwtHdD.ltrans8.ltrans.o
Vector1A0                                         /tmp/ccLwtHdD.ltrans5.ltrans.o
                                                  /tmp/ccLwtHdD.ltrans8.ltrans.o
Vector1A4                                         /tmp/ccLwtHdD.ltrans5.ltrans.o
                                                  /tmp/ccLwtHdD.ltrans8.ltrans.o
Vector1A8                                         /tmp/ccLwtHdD.ltrans5.ltrans.o
                                                  /tmp/ccLwtHdD.ltrans8.ltrans.o
Vector1AC                                         /tmp/ccLwtHdD.ltrans5.ltrans.o
                                                  /tmp/ccLwtHdD.ltrans8.ltrans.o
Vector1B0                                         /tmp/ccLwtHdD.ltrans5.ltrans.o
                                                  /tmp/ccLwtHdD.ltrans8.ltrans.o
Vector1B4                                         /tmp/ccLwtHdD.ltrans5.ltrans.o
                                                  /tmp/ccLwtHdD.ltrans8.ltrans.o
Vector1B8                                         /tmp/ccLwtHdD.ltrans5.ltrans.o
                                                  /tmp/ccLwtHdD.ltrans8.ltrans.o
Vector1BC                                         /tmp/ccLwtHdD.ltrans5.ltrans.o
                                                  /tmp/ccLwtHdD.ltrans8.ltrans.o
Vector1C                                          /tmp/ccLwtHdD.ltrans5.ltrans.o
                                                  /tmp/ccLwtHdD.ltrans8.ltrans.o
Vector20                                          /tmp/ccLwtHdD.ltrans5.ltrans.o
                                                  /tmp/ccLwtHdD.ltrans8.ltrans.o
Vector24                                          /tmp/ccLwtHdD.ltrans5.ltrans.o
                                                  /tmp/ccLwtHdD.ltrans8.ltrans.o
Vector28                                          /tmp/ccLwtHdD.ltrans5.ltrans.o
                                                  /tmp/ccLwtHdD.ltrans8.ltrans.o
Vector34                                          /tmp/ccLwtHdD.ltrans5.ltrans.o
                                                  /tmp/ccLwtHdD.ltrans8.ltrans.o
Vector40                                          /tmp/ccLwtHdD.ltrans5.ltrans.o
                                                  /tmp/ccLwtHdD.ltrans8.ltrans.o
Vector44                                          /tmp/ccLwtHdD.ltrans5.ltrans.o
                                                  /tmp/ccLwtHdD.ltrans8.ltrans.o
Vector48                                          /tmp/ccLwtHdD.ltrans5.ltrans.o
                                                  /tmp/ccLwtHdD.ltrans8.ltrans.o
Vector4C                                          /tmp/ccLwtHdD.ltrans5.ltrans.o
                                                  /tmp/ccLwtHdD.ltrans8.ltrans.o
Vector50                                          /tmp/ccLwtHdD.ltrans5.ltrans.o
                                                  /tmp/ccLwtHdD.ltrans8.ltrans.o
Vector54                                          /tmp/ccLwtHdD.ltrans5.ltrans.o
                                                  /tmp/ccLwtHdD.ltrans8.ltrans.o
Vector58                                          /tmp/ccLwtHdD.ltrans5.ltrans.o
                                                  /tmp/ccLwtHdD.ltrans8.ltrans.o
Vector5C                                          /tmp/ccLwtHdD.ltrans5.ltrans.o
                                                  /tmp/ccLwtHdD.ltrans8.ltrans.o
Vector60                                          /tmp/ccLwtHdD.ltrans5.ltrans.o
                                                  /tmp/ccLwtHdD.ltrans8.ltrans.o
Vector64                                          /tmp/ccLwtHdD.ltrans5.ltrans.o
                                                  /tmp/ccLwtHdD.ltrans8.ltrans.o
Vector68                                          /tmp/ccLwtHdD.ltrans5.ltrans.o
                                                  /tmp/ccLwtHdD.ltrans8.ltrans.o
Vector6C                                          /tmp/ccLwtHdD.ltrans5.ltrans.o
                                                  /tmp/ccLwtHdD.ltrans8.ltrans.o
Vector70                                          /tmp/ccLwtHdD.ltrans5.ltrans.o
                                                  /tmp/ccLwtHdD.ltrans8.ltrans.o
Vector74                                          /tmp/ccLwtHdD.ltrans5.ltrans.o
                                                  /tmp/ccLwtHdD.ltrans8.ltrans.o
Vector78                                          /tmp/ccLwtHdD.ltrans5.ltrans.o
                                                  /tmp/ccLwtHdD.ltrans8.ltrans.o
Vector7C                                          /tmp/ccLwtHdD.ltrans5.ltrans.o
                                                  /tmp/ccLwtHdD.ltrans8.ltrans.o
Vector80                                          /tmp/ccLwtHdD.ltrans5.ltrans.o
                                                  /tmp/ccLwtHdD.ltrans8.ltrans.o
Vector84                                          /tmp/ccLwtHdD.ltrans5.ltrans.o
                                                  /tmp/ccLwtHdD.ltrans8.ltrans.o
Vector88                                          /tmp/ccLwtHdD.ltrans5.ltrans.o
                                                  /tmp/ccLwtHdD.ltrans8.ltrans.o
Vector8C                                          /tmp/ccLwtHdD.ltrans5.ltrans.o
                                                  /tmp/ccLwtHdD.ltrans8.ltrans.o
Vector90                                          /tmp/ccLwtHdD.ltrans5.ltrans.o
                                                  /tmp/ccLwtHdD.ltrans8.ltrans.o
Vector94                                          /tmp/ccLwtHdD.ltrans5.ltrans.o
                                                  /tmp/ccLwtHdD.ltrans8.ltrans.o
Vector98                                          /tmp/ccLwtHdD.ltrans5.ltrans.o
                                                  /tmp/ccLwtHdD.ltrans8.ltrans.o
Vector9C                                          /tmp/ccLwtHdD.ltrans5.ltrans.o
                                                  /tmp/ccLwtHdD.ltrans8.ltrans.o
VectorA0                                          /tmp/ccLwtHdD.ltrans5.ltrans.o
                                                  /tmp/ccLwtHdD.ltrans8.ltrans.o
VectorA4                                          /tmp/ccLwtHdD.ltrans5.ltrans.o
                                                  /tmp/ccLwtHdD.ltrans8.ltrans.o
VectorA8                                          /tmp/ccLwtHdD.ltrans5.ltrans.o
                                                  /tmp/ccLwtHdD.ltrans8.ltrans.o
VectorAC                                          /tmp/ccLwtHdD.ltrans5.ltrans.o
                                                  /tmp/ccLwtHdD.ltrans8.ltrans.o
VectorB0                                          /tmp/ccLwtHdD.ltrans6.ltrans.o
                                                  /tmp/ccLwtHdD.ltrans8.ltrans.o
VectorB4                                          /tmp/ccLwtHdD.ltrans5.ltrans.o
                                                  /tmp/ccLwtHdD.ltrans8.ltrans.o
VectorB8                                          /tmp/ccLwtHdD.ltrans5.ltrans.o
                                                  /tmp/ccLwtHdD.ltrans8.ltrans.o
VectorBC                                          /tmp/ccLwtHdD.ltrans7.ltrans.o
                                                  /tmp/ccLwtHdD.ltrans8.ltrans.o
VectorC0                                          /tmp/ccLwtHdD.ltrans7.ltrans.o
                                                  /tmp/ccLwtHdD.ltrans8.ltrans.o
VectorC4                                          /tmp/ccLwtHdD.ltrans5.ltrans.o
                                                  /tmp/ccLwtHdD.ltrans8.ltrans.o
VectorC8                                          /tmp/ccLwtHdD.ltrans5.ltrans.o
                                                  /tmp/ccLwtHdD.ltrans8.ltrans.o
VectorCC                                          /tmp/ccLwtHdD.ltrans5.ltrans.o
                                                  /tmp/ccLwtHdD.ltrans8.ltrans.o
VectorD0                                          /tmp/ccLwtHdD.ltrans5.ltrans.o
                                                  /tmp/ccLwtHdD.ltrans8.ltrans.o
VectorD4                                          /tmp/ccLwtHdD.ltrans7.ltrans.o
                                                  /tmp/ccLwtHdD.ltrans8.ltrans.o
VectorD8                                          /tmp/ccLwtHdD.ltrans4.ltrans.o
                                                  /tmp/ccLwtHdD.ltrans8.ltrans.o
VectorDC                                          /tmp/ccLwtHdD.ltrans5.ltrans.o
                                                  /tmp/ccLwtHdD.ltrans8.ltrans.o
VectorE0                                          /tmp/ccLwtHdD.ltrans5.ltrans.o
                                                  /tmp/ccLwtHdD.ltrans8.ltrans.o
VectorE4                                          /tmp/ccLwtHdD.ltrans5.ltrans.o
                                                  /tmp/ccLwtHdD.ltrans8.ltrans.o
VectorE8                                          /tmp/ccLwtHdD.ltrans5.ltrans.o
                                                  /tmp/ccLwtHdD.ltrans8.ltrans.o
VectorEC                                          /tmp/ccLwtHdD.ltrans5.ltrans.o
                                                  /tmp/ccLwtHdD.ltrans8.ltrans.o
VectorF0                                          /tmp/ccLwtHdD.ltrans5.ltrans.o
                                                  /tmp/ccLwtHdD.ltrans8.ltrans.o
VectorF4                                          /tmp/ccLwtHdD.ltrans5.ltrans.o
                                                  /tmp/ccLwtHdD.ltrans8.ltrans.o
VectorF8                                          /tmp/ccLwtHdD.ltrans5.ltrans.o
                                                  /tmp/ccLwtHdD.ltrans8.ltrans.o
VectorFC                                          /tmp/ccLwtHdD.ltrans5.ltrans.o
                                                  /tmp/ccLwtHdD.ltrans8.ltrans.o
__adddf3                                          /usr/bin/../lib/gcc/arm-none-eabi/4.8.4/armv7e-m/fpu/libgcc.a(_arm_addsubdf3.o)
__aeabi_d2f                                       /usr/bin/../lib/gcc/arm-none-eabi/4.8.4/armv7e-m/fpu/libgcc.a(_arm_truncdfsf2.o)
                                                  /tmp/ccLwtHdD.ltrans7.ltrans.o
__aeabi_d2iz                                      /usr/bin/../lib/gcc/arm-none-eabi/4.8.4/armv7e-m/fpu/libgcc.a(_arm_fixdfsi.o)
                                                  /tmp/ccLwtHdD.ltrans7.ltrans.o
__aeabi_dadd                                      /usr/bin/../lib/gcc/arm-none-eabi/4.8.4/armv7e-m/fpu/libgcc.a(_arm_addsubdf3.o)
__aeabi_ddiv                                      /usr/bin/../lib/gcc/arm-none-eabi/4.8.4/armv7e-m/fpu/libgcc.a(_arm_muldivdf3.o)
__aeabi_dmul                                      /usr/bin/../lib/gcc/arm-none-eabi/4.8.4/armv7e-m/fpu/libgcc.a(_arm_muldivdf3.o)
                                                  /tmp/ccLwtHdD.ltrans7.ltrans.o
__aeabi_drsub                                     /usr/bin/../lib/gcc/arm-none-eabi/4.8.4/armv7e-m/fpu/libgcc.a(_arm_addsubdf3.o)
__aeabi_dsub                                      /usr/bin/../lib/gcc/arm-none-eabi/4.8.4/armv7e-m/fpu/libgcc.a(_arm_addsubdf3.o)
                                                  /tmp/ccLwtHdD.ltrans7.ltrans.o
__aeabi_f2d                                       /usr/bin/../lib/gcc/arm-none-eabi/4.8.4/armv7e-m/fpu/libgcc.a(_arm_addsubdf3.o)
                                                  /tmp/ccLwtHdD.ltrans7.ltrans.o
                                                  /tmp/ccLwtHdD.ltrans4.ltrans.o
                                                  /tmp/ccLwtHdD.ltrans0.ltrans.o
__aeabi_i2d                                       /usr/bin/../lib/gcc/arm-none-eabi/4.8.4/armv7e-m/fpu/libgcc.a(_arm_addsubdf3.o)
                                                  /tmp/ccLwtHdD.ltrans7.ltrans.o
__aeabi_l2d                                       /usr/bin/../lib/gcc/arm-none-eabi/4.8.4/armv7e-m/fpu/libgcc.a(_arm_addsubdf3.o)
__aeabi_ui2d                                      /usr/bin/../lib/gcc/arm-none-eabi/4.8.4/armv7e-m/fpu/libgcc.a(_arm_addsubdf3.o)
                                                  /tmp/ccLwtHdD.ltrans7.ltrans.o
__aeabi_ul2d                                      /usr/bin/../lib/gcc/arm-none-eabi/4.8.4/armv7e-m/fpu/libgcc.a(_arm_addsubdf3.o)
__divdf3                                          /usr/bin/../lib/gcc/arm-none-eabi/4.8.4/armv7e-m/fpu/libgcc.a(_arm_muldivdf3.o)
__extendsfdf2                                     /usr/bin/../lib/gcc/arm-none-eabi/4.8.4/armv7e-m/fpu/libgcc.a(_arm_addsubdf3.o)
__fixdfsi                                         /usr/bin/../lib/gcc/arm-none-eabi/4.8.4/armv7e-m/fpu/libgcc.a(_arm_fixdfsi.o)
__floatdidf                                       /usr/bin/../lib/gcc/arm-none-eabi/4.8.4/armv7e-m/fpu/libgcc.a(_arm_addsubdf3.o)
__floatsidf                                       /usr/bin/../lib/gcc/arm-none-eabi/4.8.4/armv7e-m/fpu/libgcc.a(_arm_addsubdf3.o)
__floatundidf                                     /usr/bin/../lib/gcc/arm-none-eabi/4.8.4/armv7e-m/fpu/libgcc.a(_arm_addsubdf3.o)
__floatunsidf                                     /usr/bin/../lib/gcc/arm-none-eabi/4.8.4/armv7e-m/fpu/libgcc.a(_arm_addsubdf3.o)
__heap_base__                                     /tmp/ccLwtHdD.ltrans0.ltrans.o
__heap_end__                                      /tmp/ccLwtHdD.ltrans0.ltrans.o
__init_array_end                                  /tmp/ccLwtHdD.ltrans8.ltrans.o
__init_array_start                                /tmp/ccLwtHdD.ltrans8.ltrans.o
__main_stack_base__                               /tmp/ccLwtHdD.ltrans8.ltrans.o
__main_stack_end__                                /tmp/ccLwtHdD.ltrans8.ltrans.o
__muldf3                                          /usr/bin/../lib/gcc/arm-none-eabi/4.8.4/armv7e-m/fpu/libgcc.a(_arm_muldivdf3.o)
__process_stack_base__                            /tmp/ccLwtHdD.ltrans8.ltrans.o
__process_stack_end__                             /tmp/ccLwtHdD.ltrans8.ltrans.o
__subdf3                                          /usr/bin/../lib/gcc/arm-none-eabi/4.8.4/armv7e-m/fpu/libgcc.a(_arm_addsubdf3.o)
__truncdfsf2                                      /usr/bin/../lib/gcc/arm-none-eabi/4.8.4/armv7e-m/fpu/libgcc.a(_arm_truncdfsf2.o)
_bss_end                                          /tmp/ccLwtHdD.ltrans8.ltrans.o
_bss_start                                        /tmp/ccLwtHdD.ltrans8.ltrans.o
_data                                             /tmp/ccLwtHdD.ltrans8.ltrans.o
_edata                                            /tmp/ccLwtHdD.ltrans8.ltrans.o
_idle_thread.4338                                 /tmp/ccLwtHdD.ltrans5.ltrans.o
                                                  /tmp/ccLwtHdD.ltrans0.ltrans.o
_port_exit_from_isr                               build/obj/chcoreasm_v7m.o
                                                  /tmp/ccLwtHdD.ltrans5.ltrans.o
_port_irq_epilogue                                /tmp/ccLwtHdD.ltrans5.ltrans.o
                                                  /tmp/ccLwtHdD.ltrans7.ltrans.o
                                                  /tmp/ccLwtHdD.ltrans6.ltrans.o
                                                  /tmp/ccLwtHdD.ltrans4.ltrans.o
_port_switch                                      build/obj/chcoreasm_v7m.o
                                                  /tmp/ccLwtHdD.ltrans7.ltrans.o
                                                  /tmp/ccLwtHdD.ltrans5.ltrans.o
                                                  /tmp/ccLwtHdD.ltrans3.ltrans.o
_port_switch_from_isr                             build/obj/chcoreasm_v7m.o
                                                  /tmp/ccLwtHdD.ltrans5.ltrans.o
_port_thread_start                                build/obj/chcoreasm_v7m.o
                                                  /tmp/ccLwtHdD.ltrans2.ltrans.o
_textdata                                         /tmp/ccLwtHdD.ltrans8.ltrans.o
_vectors                                          /tmp/ccLwtHdD.ltrans8.ltrans.o
adc_lld_serve_rx_interrupt.11091                  /tmp/ccLwtHdD.ltrans5.ltrans.o
                                                  /tmp/ccLwtHdD.ltrans0.ltrans.o
beaconThread                                      /tmp/ccLwtHdD.ltrans6.ltrans.o
                                                  /tmp/ccLwtHdD.ltrans0.ltrans.o
ch                                                /tmp/ccLwtHdD.ltrans8.ltrans.o
                                                  /tmp/ccLwtHdD.ltrans7.ltrans.o
                                                  /tmp/ccLwtHdD.ltrans6.ltrans.o
                                                  /tmp/ccLwtHdD.ltrans5.ltrans.o
                                                  /tmp/ccLwtHdD.ltrans3.ltrans.o
                                                  /tmp/ccLwtHdD.ltrans2.ltrans.o
                                                  /tmp/ccLwtHdD.ltrans0.ltrans.o
chCoreAlloc                                       /tmp/ccLwtHdD.ltrans5.ltrans.o
                                                  /tmp/ccLwtHdD.ltrans0.ltrans.o
chEvtBroadcastFlagsI                              /tmp/ccLwtHdD.ltrans5.ltrans.o
                                                  /tmp/ccLwtHdD.ltrans4.ltrans.o
chMtxLockS                                        /tmp/ccLwtHdD.ltrans5.ltrans.o
                                                  /tmp/ccLwtHdD.ltrans3.ltrans.o
                                                  /tmp/ccLwtHdD.ltrans0.ltrans.o
chMtxUnlock                                       /tmp/ccLwtHdD.ltrans2.ltrans.o
                                                  /tmp/ccLwtHdD.ltrans3.ltrans.o
                                                  /tmp/ccLwtHdD.ltrans0.ltrans.o
chSchDoReschedule                                 /tmp/ccLwtHdD.ltrans8.ltrans.o
                                                  build/obj/chcoreasm_v7m.o
chSchDoRescheduleAhead                            /tmp/ccLwtHdD.ltrans5.ltrans.o
                                                  /tmp/ccLwtHdD.ltrans8.ltrans.o
chSchGoSleepS                                     /tmp/ccLwtHdD.ltrans5.ltrans.o
                                                  /tmp/ccLwtHdD.ltrans8.ltrans.o
                                                  /tmp/ccLwtHdD.ltrans3.ltrans.o
                                                  /tmp/ccLwtHdD.ltrans2.ltrans.o
chSchGoSleepTimeoutS                              /tmp/ccLwtHdD.ltrans2.ltrans.o
                                                  /tmp/ccLwtHdD.ltrans3.ltrans.o
chSchReadyI                                       /tmp/ccLwtHdD.ltrans5.ltrans.o
                                                  /tmp/ccLwtHdD.ltrans8.ltrans.o
                                                  /tmp/ccLwtHdD.ltrans7.ltrans.o
                                                  /tmp/ccLwtHdD.ltrans4.ltrans.o
                                                  /tmp/ccLwtHdD.ltrans3.ltrans.o
chSchRescheduleS                                  /tmp/ccLwtHdD.ltrans5.ltrans.o
                                                  /tmp/ccLwtHdD.ltrans7.ltrans.o
                                                  /tmp/ccLwtHdD.ltrans3.ltrans.o
chSchWakeupS.constprop.44                         /tmp/ccLwtHdD.ltrans7.ltrans.o
                                                  /tmp/ccLwtHdD.ltrans2.ltrans.o
chTMStartMeasurementX.constprop.31                /tmp/ccLwtHdD.ltrans7.ltrans.o
                                                  /tmp/ccLwtHdD.ltrans0.ltrans.o
chTMStopMeasurementX                              /tmp/ccLwtHdD.ltrans5.ltrans.o
                                                  /tmp/ccLwtHdD.ltrans0.ltrans.o
chThdCreateStatic                                 /tmp/ccLwtHdD.ltrans2.ltrans.o
                                                  /tmp/ccLwtHdD.ltrans0.ltrans.o
chThdExit                                         /tmp/ccLwtHdD.ltrans8.ltrans.o
                                                  build/obj/chcoreasm_v7m.o
chThdResumeI                                      /tmp/ccLwtHdD.ltrans5.ltrans.o
                                                  /tmp/ccLwtHdD.ltrans7.ltrans.o
                                                  /tmp/ccLwtHdD.ltrans3.ltrans.o
chThdSleep                                        /tmp/ccLwtHdD.ltrans2.ltrans.o
                                                  /tmp/ccLwtHdD.ltrans6.ltrans.o
                                                  /tmp/ccLwtHdD.ltrans4.ltrans.o
                                                  /tmp/ccLwtHdD.ltrans3.ltrans.o
                                                  /tmp/ccLwtHdD.ltrans0.ltrans.o
chThdSleepUntil                                   /tmp/ccLwtHdD.ltrans2.ltrans.o
                                                  /tmp/ccLwtHdD.ltrans4.ltrans.o
                                                  /tmp/ccLwtHdD.ltrans0.ltrans.o
chThdSuspendS                                     /tmp/ccLwtHdD.ltrans5.ltrans.o
                                                  /tmp/ccLwtHdD.ltrans4.ltrans.o
                                                  /tmp/ccLwtHdD.ltrans2.ltrans.o
chprintf.13294.constprop.13                       /tmp/ccLwtHdD.ltrans7.ltrans.o
                                                  /tmp/ccLwtHdD.ltrans3.ltrans.o
chprintf.13613.constprop.12                       /tmp/ccLwtHdD.ltrans7.ltrans.o
                                                  /tmp/ccLwtHdD.ltrans4.ltrans.o
chprintf.15657                                    /tmp/ccLwtHdD.ltrans7.ltrans.o
                                                  /tmp/ccLwtHdD.ltrans4.ltrans.o
                                                  /tmp/ccLwtHdD.ltrans0.ltrans.o
chprintf.16082.constprop.1                        /tmp/ccLwtHdD.ltrans7.ltrans.o
                                                  /tmp/ccLwtHdD.ltrans3.ltrans.o
chprintf.16383                                    /tmp/ccLwtHdD.ltrans7.ltrans.o
                                                  /tmp/ccLwtHdD.ltrans0.ltrans.o
chprintf.16741                                    /tmp/ccLwtHdD.ltrans7.ltrans.o
                                                  /tmp/ccLwtHdD.ltrans6.ltrans.o
                                                  /tmp/ccLwtHdD.ltrans0.ltrans.o
chprintf.17349                                    /tmp/ccLwtHdD.ltrans7.ltrans.o
                                                  /tmp/ccLwtHdD.ltrans6.ltrans.o
                                                  /tmp/ccLwtHdD.ltrans0.ltrans.o
chsnprintf                                        /tmp/ccLwtHdD.ltrans2.ltrans.o
                                                  /tmp/ccLwtHdD.ltrans6.ltrans.o
                                                  /tmp/ccLwtHdD.ltrans4.ltrans.o
                                                  /tmp/ccLwtHdD.ltrans0.ltrans.o
chvprintf                                         /tmp/ccLwtHdD.ltrans7.ltrans.o
                                                  /tmp/ccLwtHdD.ltrans2.ltrans.o
create_chain.12846                                /tmp/ccLwtHdD.ltrans1.ltrans.o
                                                  /tmp/ccLwtHdD.ltrans6.ltrans.o
dir_next.12850                                    /tmp/ccLwtHdD.ltrans1.ltrans.o
                                                  /tmp/ccLwtHdD.ltrans6.ltrans.o
dir_sdi.12831.constprop.55                        /tmp/ccLwtHdD.ltrans1.ltrans.o
                                                  /tmp/ccLwtHdD.ltrans6.ltrans.o
disk_read.constprop.57                            /tmp/ccLwtHdD.ltrans2.ltrans.o
                                                  /tmp/ccLwtHdD.ltrans6.ltrans.o
                                                  /tmp/ccLwtHdD.ltrans1.ltrans.o
disk_status                                       /tmp/ccLwtHdD.ltrans2.ltrans.o
                                                  /tmp/ccLwtHdD.ltrans1.ltrans.o
disk_write                                        /tmp/ccLwtHdD.ltrans2.ltrans.o
                                                  /tmp/ccLwtHdD.ltrans6.ltrans.o
                                                  /tmp/ccLwtHdD.ltrans1.ltrans.o
dmaStreamAllocate                                 /tmp/ccLwtHdD.ltrans5.ltrans.o
                                                  /tmp/ccLwtHdD.ltrans7.ltrans.o
                                                  /tmp/ccLwtHdD.ltrans6.ltrans.o
                                                  /tmp/ccLwtHdD.ltrans0.ltrans.o
dmaStreamRelease                                  /tmp/ccLwtHdD.ltrans5.ltrans.o
                                                  /tmp/ccLwtHdD.ltrans7.ltrans.o
                                                  /tmp/ccLwtHdD.ltrans3.ltrans.o
dma_isr_redir.10833                               /tmp/ccLwtHdD.ltrans0.ltrans.o
                                                  /tmp/ccLwtHdD.ltrans5.ltrans.o
dma_streams_mask.10838                            /tmp/ccLwtHdD.ltrans0.ltrans.o
                                                  /tmp/ccLwtHdD.ltrans5.ltrans.o
dummytx.11757                                     /tmp/ccLwtHdD.ltrans0.ltrans.o
                                                  /tmp/ccLwtHdD.ltrans2.ltrans.o
endmem.6822                                       /tmp/ccLwtHdD.ltrans0.ltrans.o
                                                  /tmp/ccLwtHdD.ltrans5.ltrans.o
f_close                                           /tmp/ccLwtHdD.ltrans1.ltrans.o
                                                  /tmp/ccLwtHdD.ltrans6.ltrans.o
                                                  /tmp/ccLwtHdD.ltrans0.ltrans.o
f_mount                                           /tmp/ccLwtHdD.ltrans1.ltrans.o
                                                  /tmp/ccLwtHdD.ltrans0.ltrans.o
f_write                                           /tmp/ccLwtHdD.ltrans1.ltrans.o
                                                  /tmp/ccLwtHdD.ltrans4.ltrans.o
                                                  /tmp/ccLwtHdD.ltrans0.ltrans.o
find_volume.12822                                 /tmp/ccLwtHdD.ltrans1.ltrans.o
                                                  /tmp/ccLwtHdD.ltrans6.ltrans.o
get.10200                                         /tmp/ccLwtHdD.ltrans2.ltrans.o
get.13121                                         /tmp/ccLwtHdD.ltrans7.ltrans.o
                                                  /tmp/ccLwtHdD.ltrans2.ltrans.o
get_fat.part.6.12827                              /tmp/ccLwtHdD.ltrans1.ltrans.o
                                                  /tmp/ccLwtHdD.ltrans6.ltrans.o
get_ldnumber.12784                                /tmp/ccLwtHdD.ltrans7.ltrans.o
                                                  /tmp/ccLwtHdD.ltrans1.ltrans.o
gett.10196                                        /tmp/ccLwtHdD.ltrans2.ltrans.o
gpsRxChar.16096                                   /tmp/ccLwtHdD.ltrans7.ltrans.o
                                                  /tmp/ccLwtHdD.ltrans0.ltrans.o
gpsRxEnd.16072                                    /tmp/ccLwtHdD.ltrans7.ltrans.o
                                                  /tmp/ccLwtHdD.ltrans0.ltrans.o
gpsRxErr.16075                                    /tmp/ccLwtHdD.ltrans7.ltrans.o
                                                  /tmp/ccLwtHdD.ltrans0.ltrans.o
gpsSem                                            /tmp/ccLwtHdD.ltrans3.ltrans.o
                                                  /tmp/ccLwtHdD.ltrans7.ltrans.o
gpsThread                                         /tmp/ccLwtHdD.ltrans3.ltrans.o
                                                  /tmp/ccLwtHdD.ltrans0.ltrans.o
gpsTxC.16069                                      /tmp/ccLwtHdD.ltrans7.ltrans.o
                                                  /tmp/ccLwtHdD.ltrans0.ltrans.o
gpsTxbufEnd.16066                                 /tmp/ccLwtHdD.ltrans7.ltrans.o
                                                  /tmp/ccLwtHdD.ltrans0.ltrans.o
i2cStart                                          /tmp/ccLwtHdD.ltrans6.ltrans.o