Archive member included because of file (symbol)

/usr/bin/../lib/gcc/arm-none-eabi/4.8.4/armv7e-m/fpu/libgcc.a(_arm_addsubdf3.o)
                              /tmp/ccaez85s.ltrans7.ltrans.o (__aeabi_dsub)
/usr/bin/../lib/gcc/arm-none-eabi/4.8.4/armv7e-m/fpu/libgcc.a(_arm_muldivdf3.o)
                              /tmp/ccaez85s.ltrans7.ltrans.o (__aeabi_dmul)
/usr/bin/../lib/gcc/arm-none-eabi/4.8.4/armv7e-m/fpu/libgcc.a(_arm_fixdfsi.o)
                              /tmp/ccaez85s.ltrans7.ltrans.o (__aeabi_d2iz)
/usr/bin/../lib/gcc/arm-none-eabi/4.8.4/armv7e-m/fpu/libgcc.a(_arm_truncdfsf2.o)
                              /tmp/ccaez85s.ltrans7.ltrans.o (__aeabi_d2f)
/usr/bin/../lib/gcc/arm-none-eabi/4.8.4/../../../../arm-none-eabi/lib/armv7e-m/fpu/libc.a(lib_a-memcpy.o)
                              /tmp/ccaez85s.ltrans7.ltrans.o (memcpy)
/usr/bin/../lib/gcc/arm-none-eabi/4.8.4/../../../../arm-none-eabi/lib/armv7e-m/fpu/libc.a(lib_a-strcpy.o)
                              /tmp/ccaez85s.ltrans0.ltrans.o (strcpy)
/usr/bin/../lib/gcc/arm-none-eabi/4.8.4/../../../../arm-none-eabi/lib/armv7e-m/fpu/libc.a(lib_a-strlen.o)
                              /tmp/ccaez85s.ltrans3.ltrans.o (strlen)
/usr/bin/../lib/gcc/arm-none-eabi/4.8.4/../../../../arm-none-eabi/lib/armv7e-m/fpu/libc.a(lib_a-strncmp.o)
                              /tmp/ccaez85s.ltrans3.ltrans.o (strncmp)

Discarded input sections

 .data          0x0000000000000000        0x0 build/obj/chcoreasm_v7m.o
 .bss           0x0000000000000000        0x0 build/obj/chcoreasm_v7m.o
 .text          0x0000000000000000        0x0 build/obj/crt0.o (symbol from plugin)
 .text          0x0000000000000000        0x0 /tmp/ccaez85s.ltrans0.ltrans.o
 .data          0x0000000000000000        0x0 /tmp/ccaez85s.ltrans0.ltrans.o
 .bss           0x0000000000000000        0x0 /tmp/ccaez85s.ltrans0.ltrans.o
 .text          0x0000000000000000        0x0 /tmp/ccaez85s.ltrans1.ltrans.o
 .data          0x0000000000000000        0x0 /tmp/ccaez85s.ltrans1.ltrans.o
 .bss           0x0000000000000000        0x0 /tmp/ccaez85s.ltrans1.ltrans.o
 .text          0x0000000000000000        0x0 /tmp/ccaez85s.ltrans2.ltrans.o
 .data          0x0000000000000000        0x0 /tmp/ccaez85s.ltrans2.ltrans.o
 .bss           0x0000000000000000        0x0 /tmp/ccaez85s.ltrans2.ltrans.o
 .text.unlikely.logfileOpenAppend.constprop.52
                0x0000000000000000      0x164 /tmp/ccaez85s.ltrans2.ltrans.o
 .text          0x0000000000000000        0x0 /tmp/ccaez85s.ltrans3.ltrans.o
 .data          0x0000000000000000        0x0 /tmp/ccaez85s.ltrans3.ltrans.o
 .bss           0x0000000000000000        0x0 /tmp/ccaez85s.ltrans3.ltrans.o
 .text          0x0000000000000000        0x0 /tmp/ccaez85s.ltrans4.ltrans.o
 .data          0x0000000000000000        0x0 /tmp/ccaez85s.ltrans4.ltrans.o
 .bss           0x0000000000000000        0x0 /tmp/ccaez85s.ltrans4.ltrans.o
 .text          0x0000000000000000        0x0 /tmp/ccaez85s.ltrans5.ltrans.o
 .data          0x0000000000000000        0x0 /tmp/ccaez85s.ltrans5.ltrans.o
 .bss           0x0000000000000000        0x0 /tmp/ccaez85s.ltrans5.ltrans.o
 .text          0x0000000000000000        0x0 /tmp/ccaez85s.ltrans6.ltrans.o
 .data          0x0000000000000000        0x0 /tmp/ccaez85s.ltrans6.ltrans.o
 .bss           0x0000000000000000        0x0 /tmp/ccaez85s.ltrans6.ltrans.o
 .text          0x0000000000000000        0x0 /tmp/ccaez85s.ltrans7.ltrans.o
 .data          0x0000000000000000        0x0 /tmp/ccaez85s.ltrans7.ltrans.o
 .bss           0x0000000000000000        0x0 /tmp/ccaez85s.ltrans7.ltrans.o
 .text          0x0000000000000000        0x0 /tmp/ccaez85s.ltrans8.ltrans.o
 .data          0x0000000000000000        0x0 /tmp/ccaez85s.ltrans8.ltrans.o
 .bss           0x0000000000000000        0x0 /tmp/ccaez85s.ltrans8.ltrans.o
 .data          0x0000000000000000        0x0 /usr/bin/../lib/gcc/arm-none-eabi/4.8.4/armv7e-m/fpu/libgcc.a(_arm_addsubdf3.o)
 .bss           0x0000000000000000        0x0 /usr/bin/../lib/gcc/arm-none-eabi/4.8.4/armv7e-m/fpu/libgcc.a(_arm_addsubdf3.o)
 .data          0x0000000000000000        0x0 /usr/bin/../lib/gcc/arm-none-eabi/4.8.4/armv7e-m/fpu/libgcc.a(_arm_muldivdf3.o)
 .bss           0x0000000000000000        0x0 /usr/bin/../lib/gcc/arm-none-eabi/4.8.4/armv7e-m/fpu/libgcc.a(_arm_muldivdf3.o)
 .data          0x0000000000000000        0x0 /usr/bin/../lib/gcc/arm-none-eabi/4.8.4/armv7e-m/fpu/libgcc.a(_arm_fixdfsi.o)
 .bss           0x0000000000000000        0x0 /usr/bin/../lib/gcc/arm-none-eabi/4.8.4/armv7e-m/fpu/libgcc.a(_arm_fixdfsi.o)
 .data          0x0000000000000000        0x0 /usr/bin/../lib/gcc/arm-none-eabi/4.8.4/armv7e-m/fpu/libgcc.a(_arm_truncdfsf2.o)
 .bss           0x0000000000000000        0x0 /usr/bin/../lib/gcc/arm-none-eabi/4.8.4/armv7e-m/fpu/libgcc.a(_arm_truncdfsf2.o)
 .data          0x0000000000000000        0x0 /usr/bin/../lib/gcc/arm-none-eabi/4.8.4/../../../../arm-none-eabi/lib/armv7e-m/fpu/libc.a(lib_a-memcpy.o)
[...]
Memory Configuration

Name             Origin             Length             Attributes
flash            0x0000000008000000 0x0000000000040000
ram              0x0000000020000000 0x0000000000010000
*default*        0x0000000000000000 0xffffffffffffffff

Linker script and memory map

LOAD build/obj/chcoreasm_v7m.o
LOAD build/obj/crt0.o
LOAD /tmp/ccaez85s.ltrans0.ltrans.o
LOAD /tmp/ccaez85s.ltrans1.ltrans.o
LOAD /tmp/ccaez85s.ltrans2.ltrans.o
LOAD /tmp/ccaez85s.ltrans3.ltrans.o
LOAD /tmp/ccaez85s.ltrans4.ltrans.o
LOAD /tmp/ccaez85s.ltrans5.ltrans.o
LOAD /tmp/ccaez85s.ltrans6.ltrans.o
LOAD /tmp/ccaez85s.ltrans7.ltrans.o
LOAD /tmp/ccaez85s.ltrans8.ltrans.o
LOAD /usr/bin/../lib/gcc/arm-none-eabi/4.8.4/armv7e-m/fpu/libgcc.a
LOAD /usr/bin/../lib/gcc/arm-none-eabi/4.8.4/../../../../arm-none-eabi/lib/armv7e-m/fpu/libc.a
LOAD build/obj/vectors.o
LOAD build/obj/chcore.o
LOAD build/obj/chcore_v7m.o
LOAD build/obj/chsys.o
LOAD build/obj/chdebug.o
LOAD build/obj/chtm.o
LOAD build/obj/chstats.o
LOAD build/obj/chschd.o
LOAD build/obj/chvt.o
LOAD build/obj/chthreads.o
LOAD build/obj/chdynamic.o
LOAD build/obj/chregistry.o
LOAD build/obj/chsem.o
LOAD build/obj/chmtx.o
LOAD build/obj/chcond.o
LOAD build/obj/chevents.o
LOAD build/obj/chmsg.o
LOAD build/obj/chmboxes.o
LOAD build/obj/chqueues.o
LOAD build/obj/chmemcore.o
LOAD build/obj/chheap.o
LOAD build/obj/chmempools.o
LOAD build/obj/test.o
LOAD build/obj/testthd.o
LOAD build/obj/testsem.o
LOAD build/obj/testmtx.o
LOAD build/obj/testmsg.o
LOAD build/obj/testmbox.o
LOAD build/obj/testevt.o
LOAD build/obj/testheap.o
LOAD build/obj/testpools.o
LOAD build/obj/testdyn.o
LOAD build/obj/testqueues.o
LOAD build/obj/testbmk.o
LOAD build/obj/hal.o
LOAD build/obj/hal_queues.o
LOAD build/obj/hal_mmcsd.o
LOAD build/obj/adc.o
LOAD build/obj/can.o
LOAD build/obj/dac.o
LOAD build/obj/ext.o
LOAD build/obj/gpt.o
LOAD build/obj/i2c.o
LOAD build/obj/i2s.o
LOAD build/obj/icu.o
LOAD build/obj/mac.o
LOAD build/obj/mmc_spi.o
LOAD build/obj/pal.o
LOAD build/obj/pwm.o
LOAD build/obj/rtc.o
LOAD build/obj/sdc.o
LOAD build/obj/serial.o
LOAD build/obj/serial_usb.o
LOAD build/obj/spi.o
LOAD build/obj/st.o
LOAD build/obj/uart.o
LOAD build/obj/usb.o
LOAD build/obj/osal.o
LOAD build/obj/nvic.o
LOAD build/obj/stm32_dma.o
LOAD build/obj/hal_lld.o
LOAD build/obj/adc_lld.o
LOAD build/obj/ext_lld_isr.o
LOAD build/obj/can_lld.o
LOAD build/obj/ext_lld.o
LOAD build/obj/mac_lld.o
LOAD build/obj/sdc_lld.o
LOAD build/obj/dac_lld.o
LOAD build/obj/pal_lld.o
LOAD build/obj/i2c_lld.o
LOAD build/obj/usb_lld.o
LOAD build/obj/rtc_lld.o
LOAD build/obj/i2s_lld.o
LOAD build/obj/spi_lld.o
LOAD build/obj/gpt_lld.o
LOAD build/obj/icu_lld.o
LOAD build/obj/pwm_lld.o
LOAD build/obj/st_lld.o
LOAD build/obj/serial_lld.o
LOAD build/obj/uart_lld.o
LOAD build/obj/board.o
LOAD build/obj/fatfs_diskio.o
LOAD build/obj/fatfs_syscall.o
LOAD build/obj/ff.o
LOAD build/obj/unicode.o
LOAD build/obj/chprintf.o
LOAD build/obj/memstreams.o
LOAD build/obj/i2c_sensor.o
LOAD build/obj/bmp280.o
LOAD build/obj/si70x0.o
LOAD build/obj/ms5607.o
LOAD build/obj/hih6030.o
LOAD build/obj/lsm303.o
LOAD build/obj/rfm23bp.o
LOAD build/obj/rtd.o
LOAD build/obj/tmp275.o
LOAD build/obj/mpxm2102.o
LOAD build/obj/xbeepro.o
LOAD build/obj/datasample.o
LOAD build/obj/sensor_thread.o
LOAD build/obj/ustr.o
LOAD build/obj/umath.o
LOAD build/obj/gps.o
LOAD build/obj/sdmmcsimple.o
LOAD build/obj/datalogger.o
LOAD build/obj/main.o
                0x0000000020000000                __ram_start__ = ORIGIN (ram)
                0x0000000000010000                __ram_size__ = 0x10000
                0x0000000020010000                __ram_end__ = (__ram_start__ + __ram_size__)
                0x0000000000000000                . = 0x0
                0x0000000000000000                _text = .

startup         0x0000000008000000      0x1c0
 *(vectors)
 vectors        0x0000000008000000      0x1c0 /tmp/ccaez85s.ltrans8.ltrans.o
                0x0000000008000000                _vectors

constructors    0x00000000080001c0        0x0
                0x00000000080001c0                PROVIDE (__init_array_start, .)
 *(SORT(.init_array.*))
 *(.init_array)
                0x00000000080001c0                PROVIDE (__init_array_end, .)

destructors     0x00000000080001c0        0x0
                0x00000000080001c0                PROVIDE (__fini_array_start, .)
 *(.fini_array)
 *(SORT(.fini_array.*))
                0x00000000080001c0                PROVIDE (__fini_array_end, .)

.text           0x00000000080001c0     0x7430
 *(.text.startup.*)
 .text.startup.main
                0x00000000080001c0      0xdb0 /tmp/ccaez85s.ltrans0.ltrans.o
                0x00000000080001c0                main
 *(.text)
 .text          0x0000000008000f70       0x2e build/obj/chcoreasm_v7m.o
                0x0000000008000f70                _port_switch
                0x0000000008000f88                _port_thread_start
                0x0000000008000f96                _port_switch_from_isr
                0x0000000008000f9a                _port_exit_from_isr
 *fill*         0x0000000008000f9e        0x2 
 .text          0x0000000008000fa0      0x370 /usr/bin/../lib/gcc/arm-none-eabi/4.8.4/armv7e-m/fpu/libgcc.a(_arm_addsubdf3.o)
                0x0000000008000fa0                __aeabi_drsub
                0x0000000008000fa8                __aeabi_dsub
                0x0000000008000fa8                __subdf3
                0x0000000008000fac                __adddf3
                0x0000000008000fac                __aeabi_dadd
                0x0000000008001224                __aeabi_ui2d
                0x0000000008001224                __floatunsidf
                0x0000000008001244                __floatsidf
                0x0000000008001244                __aeabi_i2d
                0x0000000008001268                __extendsfdf2
                0x0000000008001268                __aeabi_f2d
                0x00000000080012a4                __aeabi_ul2d
                0x00000000080012a4                __floatundidf
                0x00000000080012b4                __floatdidf
                0x00000000080012b4                __aeabi_l2d
 .text          0x0000000008001310      0x424 /usr/bin/../lib/gcc/arm-none-eabi/4.8.4/armv7e-m/fpu/libgcc.a(_arm_muldivdf3.o)
                0x0000000008001310                __aeabi_dmul
                0x0000000008001310                __muldf3
                0x0000000008001564                __aeabi_ddiv
                0x0000000008001564                __divdf3
 *fill*         0x0000000008001734        0xc 
 .text          0x0000000008001740       0x50 /usr/bin/../lib/gcc/arm-none-eabi/4.8.4/armv7e-m/fpu/libgcc.a(_arm_fixdfsi.o)
                0x0000000008001740                __fixdfsi
                0x0000000008001740                __aeabi_d2iz
 .text          0x0000000008001790       0xa0 /usr/bin/../lib/gcc/arm-none-eabi/4.8.4/armv7e-m/fpu/libgcc.a(_arm_truncdfsf2.o)
                0x0000000008001790                __aeabi_d2f
                0x0000000008001790                __truncdfsf2
 .text          0x0000000008001830      0x134 /usr/bin/../lib/gcc/arm-none-eabi/4.8.4/../../../../arm-none-eabi/lib/armv7e-m/fpu/libc.a(lib_a-memcpy.o)
                0x0000000008001830                memcpy
 *(.text.*)
 *fill*         0x0000000008001964        0xc 
 .text.wait.isra.1.9875.4381
                0x0000000008001970       0x40 /tmp/ccaez85s.ltrans1.ltrans.o
 .text.send_hdr.9878.4376
                0x00000000080019b0       0x70 /tmp/ccaez85s.ltrans1.ltrans.o
 .text.mmcStartSequentialRead.4349
                0x0000000008001a20       0x60 /tmp/ccaez85s.ltrans1.ltrans.o
 .text.mmc_read.9961
                0x0000000008001a80       0x40 /tmp/ccaez85s.ltrans1.ltrans.o
                0x0000000008001a80                mmc_read.9961
 .text.mmcSync  0x0000000008001ac0       0x30 /tmp/ccaez85s.ltrans1.ltrans.o
                0x0000000008001ac0                mmcSync
 .text.mmcSequentialWrite
                0x0000000008001af0       0x80 /tmp/ccaez85s.ltrans1.ltrans.o
                0x0000000008001af0                mmcSequentialWrite
 .text.mmcStartSequentialWrite
                0x0000000008001b70       0x60 /tmp/ccaez85s.ltrans1.ltrans.o
                0x0000000008001b70                mmcStartSequentialWrite
 .text.disk_write
                0x0000000008001bd0       0x80 /tmp/ccaez85s.ltrans1.ltrans.o
                0x0000000008001bd0                disk_write
 .text.sync_window.part.3.12801
                0x0000000008001c50       0x60 /tmp/ccaez85s.ltrans1.ltrans.o
                0x0000000008001c50                sync_window.part.3.12801
 .text.disk_read.constprop.56
                0x0000000008001cb0       0x50 /tmp/ccaez85s.ltrans1.ltrans.o
                0x0000000008001cb0                disk_read.constprop.56
 .text.move_window.12811
                0x0000000008001d00       0x40 /tmp/ccaez85s.ltrans1.ltrans.o
                0x0000000008001d00                move_window.12811
 .text.put_fat.part.8.12841
                0x0000000008001d40      0x100 /tmp/ccaez85s.ltrans1.ltrans.o
                0x0000000008001d40                put_fat.part.8.12841
 .text.get_fat.part.6.12827
                0x0000000008001e40       0xd0 /tmp/ccaez85s.ltrans1.ltrans.o
                0x0000000008001e40                get_fat.part.6.12827
 .text.create_chain.12846
                0x0000000008001f10       0xd0 /tmp/ccaez85s.ltrans1.ltrans.o
                0x0000000008001f10                create_chain.12846
 .text.dir_sdi.12831.constprop.54
                0x0000000008001fe0       0x80 /tmp/ccaez85s.ltrans1.ltrans.o
                0x0000000008001fe0                dir_sdi.12831.constprop.54
 .text.check_fs.12818.4278
                0x0000000008002060       0x90 /tmp/ccaez85s.ltrans1.ltrans.o
 .text.find_volume.12822
                0x00000000080020f0      0x320 /tmp/ccaez85s.ltrans1.ltrans.o
                0x00000000080020f0                find_volume.12822
 .text.f_mount  0x0000000008002410       0x60 /tmp/ccaez85s.ltrans1.ltrans.o
                0x0000000008002410                f_mount
 .text.read_CxD.9894
                0x0000000008002470       0xb0 /tmp/ccaez85s.ltrans1.ltrans.o
                0x0000000008002470                read_CxD.9894
 .text.send_command_R1.9889
                0x0000000008002520       0x30 /tmp/ccaez85s.ltrans1.ltrans.o
                0x0000000008002520                send_command_R1.9889
 .text.send_command_R3.9883
                0x0000000008002550       0x40 /tmp/ccaez85s.ltrans1.ltrans.o
                0x0000000008002550                send_command_R3.9883
 .text.dir_next.12850.4392
                0x0000000008002590      0x140 /tmp/ccaez85s.ltrans2.ltrans.o
 .text.f_open.4348
                0x00000000080026d0      0x470 /tmp/ccaez85s.ltrans2.ltrans.o
 .text.openNewLogfile.part.0.17262
                0x0000000008002b40       0xd0 /tmp/ccaez85s.ltrans2.ltrans.o
                0x0000000008002b40                openNewLogfile.part.0.17262
 .text.f_close  0x0000000008002c10      0x170 /tmp/ccaez85s.ltrans2.ltrans.o
                0x0000000008002c10                f_close
 .text.f_write  0x0000000008002d80      0x1d0 /tmp/ccaez85s.ltrans2.ltrans.o
                0x0000000008002d80                f_write
 .text.beaconThread
                0x0000000008002f50       0x40 /tmp/ccaez85s.ltrans3.ltrans.o
                0x0000000008002f50                beaconThread
 .text.mmcConnect
                0x0000000008002f90      0x170 /tmp/ccaez85s.ltrans3.ltrans.o
                0x0000000008002f90                mmcConnect
 .text.gpsThread
                0x0000000008003100      0x3d0 /tmp/ccaez85s.ltrans3.ltrans.o
                0x0000000008003100                gpsThread
 .text.I2CSensor_transact
                0x00000000080034d0      0x130 /tmp/ccaez85s.ltrans3.ltrans.o
                0x00000000080034d0                I2CSensor_transact
 .text.I2CSensor_transact_buf
                0x0000000008003600       0x20 /tmp/ccaez85s.ltrans3.ltrans.o
                0x0000000008003600                I2CSensor_transact_buf
 .text.si70x0_heaterEnable
                0x0000000008003620       0x50 /tmp/ccaez85s.ltrans3.ltrans.o
                0x0000000008003620                si70x0_heaterEnable
 .text.si70x0_readTemperature
                0x0000000008003670       0x60 /tmp/ccaez85s.ltrans3.ltrans.o
                0x0000000008003670                si70x0_readTemperature
 .text.si70x0_readHumidity
                0x00000000080036d0       0x70 /tmp/ccaez85s.ltrans3.ltrans.o
                0x00000000080036d0                si70x0_readHumidity
 .text.sd_lld_start
                0x0000000008003740       0xd0 /tmp/ccaez85s.ltrans3.ltrans.o
                0x0000000008003740                sd_lld_start
 .text.i2c_lld_start
                0x0000000008003810      0x200 /tmp/ccaez85s.ltrans3.ltrans.o
                0x0000000008003810                i2c_lld_start
 .text.adc_lld_stop_conversion.4231
                0x0000000008003a10       0x40 /tmp/ccaez85s.ltrans4.ltrans.o
 .text.mmcGetInfo
                0x0000000008003a50       0x20 /tmp/ccaez85s.ltrans4.ltrans.o
                0x0000000008003a50                mmcGetInfo
 .text.chCoreAlloc
                0x0000000008003a70       0x40 /tmp/ccaez85s.ltrans4.ltrans.o
                0x0000000008003a70                chCoreAlloc
 .text.wakeup.4718
                0x0000000008003ab0       0x70 /tmp/ccaez85s.ltrans4.ltrans.o
                0x0000000008003ab0                wakeup.4718
 .text._idle_thread.4338
                0x0000000008003b20       0x20 /tmp/ccaez85s.ltrans4.ltrans.o
                0x0000000008003b20                _idle_thread.4338
 .text.SVC_Handler
                0x0000000008003b40       0x20 /tmp/ccaez85s.ltrans4.ltrans.o
                0x0000000008003b40                SVC_Handler
 .text.dmaStreamRelease
                0x0000000008003b60       0x70 /tmp/ccaez85s.ltrans4.ltrans.o
                0x0000000008003b60                dmaStreamRelease
 .text.dmaStreamAllocate
                0x0000000008003bd0       0xc0 /tmp/ccaez85s.ltrans4.ltrans.o
                0x0000000008003bd0                dmaStreamAllocate
 .text.chSchDoRescheduleAhead
                0x0000000008003c90       0x40 /tmp/ccaez85s.ltrans4.ltrans.o
                0x0000000008003c90                chSchDoRescheduleAhead
 .text.chSchRescheduleS
                0x0000000008003cd0       0x20 /tmp/ccaez85s.ltrans4.ltrans.o
                0x0000000008003cd0                chSchRescheduleS
 .text.chSchGoSleepS
                0x0000000008003cf0       0x30 /tmp/ccaez85s.ltrans4.ltrans.o
                0x0000000008003cf0                chSchGoSleepS
 .text.chThdSuspendS
                0x0000000008003d20       0x30 /tmp/ccaez85s.ltrans4.ltrans.o
                0x0000000008003d20                chThdSuspendS
 .text._port_irq_epilogue
                0x0000000008003d50       0x70 /tmp/ccaez85s.ltrans4.ltrans.o
                0x0000000008003d50                _port_irq_epilogue
 .text.Vector158
                0x0000000008003dc0       0x30 /tmp/ccaez85s.ltrans4.ltrans.o
                0x0000000008003dc0                Vector158
 .text.Vector154
                0x0000000008003df0       0x30 /tmp/ccaez85s.ltrans4.ltrans.o
                0x0000000008003df0                Vector154
 .text.Vector150
                0x0000000008003e20       0x30 /tmp/ccaez85s.ltrans4.ltrans.o
                0x0000000008003e20                Vector150
 .text.Vector130
                0x0000000008003e50       0x30 /tmp/ccaez85s.ltrans4.ltrans.o
                0x0000000008003e50                Vector130
 .text.Vector12C
                0x0000000008003e80       0x30 /tmp/ccaez85s.ltrans4.ltrans.o
                0x0000000008003e80                Vector12C
 .text.Vector128
                0x0000000008003eb0       0x30 /tmp/ccaez85s.ltrans4.ltrans.o
                0x0000000008003eb0                Vector128
 .text.Vector124
                0x0000000008003ee0       0x30 /tmp/ccaez85s.ltrans4.ltrans.o
                0x0000000008003ee0                Vector124
 .text.Vector120
                0x0000000008003f10       0x30 /tmp/ccaez85s.ltrans4.ltrans.o
                0x0000000008003f10                Vector120
 .text.VectorFC
                0x0000000008003f40       0x30 /tmp/ccaez85s.ltrans4.ltrans.o
                0x0000000008003f40                VectorFC
 .text.Vector84
                0x0000000008003f70       0x30 /tmp/ccaez85s.ltrans4.ltrans.o
                0x0000000008003f70                Vector84
 .text.Vector80
                0x0000000008003fa0       0x30 /tmp/ccaez85s.ltrans4.ltrans.o
                0x0000000008003fa0                Vector80
 .text.Vector7C
                0x0000000008003fd0       0x30 /tmp/ccaez85s.ltrans4.ltrans.o
                0x0000000008003fd0                Vector7C
 .text.Vector78
                0x0000000008004000       0x30 /tmp/ccaez85s.ltrans4.ltrans.o
                0x0000000008004000                Vector78
 .text.Vector74
                0x0000000008004030       0x30 /tmp/ccaez85s.ltrans4.ltrans.o
                0x0000000008004030                Vector74
 .text.Vector70
                0x0000000008004060       0x30 /tmp/ccaez85s.ltrans4.ltrans.o
                0x0000000008004060                Vector70
 .text.Vector6C
                0x0000000008004090       0x30 /tmp/ccaez85s.ltrans4.ltrans.o
                0x0000000008004090                Vector6C
 .text.chSchReadyI
                0x00000000080040c0       0x30 /tmp/ccaez85s.ltrans4.ltrans.o
                0x00000000080040c0                chSchReadyI
 .text.chEvtBroadcastFlagsI
                0x00000000080040f0       0x60 /tmp/ccaez85s.ltrans4.ltrans.o
                0x00000000080040f0                chEvtBroadcastFlagsI
 .text.chMtxLockS
                0x0000000008004150       0xd0 /tmp/ccaez85s.ltrans4.ltrans.o
                0x0000000008004150                chMtxLockS
 .text.chThdResumeI
                0x0000000008004220       0x20 /tmp/ccaez85s.ltrans4.ltrans.o
                0x0000000008004220                chThdResumeI
 .text.i2c_lld_serve_error_interrupt.11412
                0x0000000008004240       0xb0 /tmp/ccaez85s.ltrans4.ltrans.o
                0x0000000008004240                i2c_lld_serve_error_interrupt.11412
 .text.i2c_lld_serve_event_interrupt.11409
                0x00000000080042f0      0x100 /tmp/ccaez85s.ltrans4.ltrans.o
                0x00000000080042f0                i2c_lld_serve_event_interrupt.11409
 .text.Vector88
                0x00000000080043f0       0x70 /tmp/ccaez85s.ltrans4.ltrans.o
                0x00000000080043f0                Vector88
 .text.adc_lld_serve_rx_interrupt.11091
                0x0000000008004460       0xd0 /tmp/ccaez85s.ltrans4.ltrans.o
                0x0000000008004460                adc_lld_serve_rx_interrupt.11091
 .text.chTMStopMeasurementX
                0x0000000008004530       0x50 /tmp/ccaez85s.ltrans4.ltrans.o
                0x0000000008004530                chTMStopMeasurementX
 .text._unhandled_exception.4457
                0x0000000008004580       0x10 /tmp/ccaez85s.ltrans4.ltrans.o
                0x0000000008004580                Vector58
                0x0000000008004580                VectorE8
                0x0000000008004580                Vector9C
                0x0000000008004580                VectorAC
                0x0000000008004580                DebugMon_Handler
                0x0000000008004580                Vector1A0
                0x0000000008004580                Vector5C
                0x0000000008004580                Vector11C
                0x0000000008004580                HardFault_Handler
                0x0000000008004580                Vector1B8
                0x0000000008004580                Vector19C
                0x0000000008004580                Vector8C
                0x0000000008004580                SysTick_Handler
                0x0000000008004580                VectorDC
                0x0000000008004580                PendSV_Handler
                0x0000000008004580                Vector168
                0x0000000008004580                NMI_Handler
                0x0000000008004580                Vector110
                0x0000000008004580                VectorC8
                0x0000000008004580                Vector94
                0x0000000008004580                VectorA8
                0x0000000008004580                VectorB4
                0x0000000008004580                Vector1B0
                0x0000000008004580                UsageFault_Handler
                0x0000000008004580                VectorEC
                0x0000000008004580                Vector40
                0x0000000008004580                VectorF8
                0x0000000008004580                Vector108
                0x0000000008004580                Vector190
                0x0000000008004580                Vector148
                0x0000000008004580                Vector188
                0x0000000008004580                Vector198
                0x0000000008004580                Vector118
                0x0000000008004580                Vector64
                0x0000000008004580                VectorCC
                0x0000000008004580                Vector54
                0x0000000008004580                Vector98
                0x0000000008004580                Vector138
                0x0000000008004580                Vector24
                0x0000000008004580                Vector1AC
                0x0000000008004580                Vector178
                0x0000000008004580                Vector1A4
                0x0000000008004580                VectorD0
                0x0000000008004580                Vector1B4
                0x0000000008004580                Vector140
                0x0000000008004580                VectorE4
                0x0000000008004580                Vector134
                0x0000000008004580                VectorF0
                0x0000000008004580                Vector13C
                0x0000000008004580                Vector100
                0x0000000008004580                VectorE0
                0x0000000008004580                VectorF4
                0x0000000008004580                MemManage_Handler
                0x0000000008004580                VectorA0
                0x0000000008004580                VectorC4
                0x0000000008004580                Vector180
                0x0000000008004580                Vector90
                0x0000000008004580                Vector114
                0x0000000008004580                Vector60
                0x0000000008004580                Vector1C
                0x0000000008004580                Vector1BC
                0x0000000008004580                Vector17C
                0x0000000008004580                Vector48
                0x0000000008004580                Vector1A8
                0x0000000008004580                Vector16C
                0x0000000008004580                Vector4C
                0x0000000008004580                Vector144
                0x0000000008004580                Vector68
                0x0000000008004580                Vector170
                0x0000000008004580                Vector104
                0x0000000008004580                Vector184
                0x0000000008004580                Vector10C
                0x0000000008004580                Vector14C
                0x0000000008004580                BusFault_Handler
                0x0000000008004580                Vector50
                0x0000000008004580                Vector194
                0x0000000008004580                Vector44
                0x0000000008004580                Vector28
                0x0000000008004580                VectorB8
                0x0000000008004580                Vector34
                0x0000000008004580                VectorA4
                0x0000000008004580                Vector20
                0x0000000008004580                Vector18C
                0x0000000008004580                Vector174
 .text.si70x0_init.4612
                0x0000000008004590       0x90 /tmp/ccaez85s.ltrans5.ltrans.o
 .text.sensorThread
                0x0000000008004620      0x8e0 /tmp/ccaez85s.ltrans5.ltrans.o
                0x0000000008004620                sensorThread
 .text.mmc_write.9978
                0x0000000008004f00       0x60 /tmp/ccaez85s.ltrans5.ltrans.o
                0x0000000008004f00                mmc_write.9978
 .text.serve_interrupt.12020.4588
                0x0000000008004f60      0x1a0 /tmp/ccaez85s.ltrans5.ltrans.o
 .text.Vector15C
                0x0000000008005100       0x20 /tmp/ccaez85s.ltrans5.ltrans.o
                0x0000000008005100                Vector15C
 .text.VectorD8
                0x0000000008005120       0x20 /tmp/ccaez85s.ltrans5.ltrans.o
                0x0000000008005120                VectorD8
 .text.i2c_lld_serve_tx_end_irq.11398
                0x0000000008005140       0x50 /tmp/ccaez85s.ltrans6.ltrans.o
                0x0000000008005140                i2c_lld_serve_tx_end_irq.11398
 .text.spi_lld_serve_tx_interrupt.11700
                0x0000000008005190       0x20 /tmp/ccaez85s.ltrans6.ltrans.o
                0x0000000008005190                spi_lld_serve_tx_interrupt.11700
 .text.uart_lld_serve_rx_end_irq.12164
                0x00000000080051b0       0x90 /tmp/ccaez85s.ltrans6.ltrans.o
                0x00000000080051b0                uart_lld_serve_rx_end_irq.12164
 .text.i2c_lld_serve_rx_end_irq.11402
                0x0000000008005240       0x70 /tmp/ccaez85s.ltrans6.ltrans.o
                0x0000000008005240                i2c_lld_serve_rx_end_irq.11402
 .text.spi_lld_serve_rx_interrupt.11704
                0x00000000080052b0       0x90 /tmp/ccaez85s.ltrans6.ltrans.o
                0x00000000080052b0                spi_lld_serve_rx_interrupt.11704
 .text.VectorB0
                0x0000000008005340       0x90 /tmp/ccaez85s.ltrans6.ltrans.o
                0x0000000008005340                VectorB0
 .text.chSchGoSleepTimeoutS
                0x00000000080053d0       0xe0 /tmp/ccaez85s.ltrans6.ltrans.o
                0x00000000080053d0                chSchGoSleepTimeoutS
 .text.chThdSleep
                0x00000000080054b0       0x20 /tmp/ccaez85s.ltrans6.ltrans.o
                0x00000000080054b0                chThdSleep
 .text.chThdSleepUntil
                0x00000000080054d0       0x20 /tmp/ccaez85s.ltrans6.ltrans.o
                0x00000000080054d0                chThdSleepUntil
 .text.chThdEnqueueTimeoutS.4340
                0x00000000080054f0       0x30 /tmp/ccaez85s.ltrans6.ltrans.o
 .text.chIQGetTimeout.4285
                0x0000000008005520       0x50 /tmp/ccaez85s.ltrans6.ltrans.o
 .text.gett.10196
                0x0000000008005570       0x10 /tmp/ccaez85s.ltrans6.ltrans.o
                0x0000000008005570                gett.10196
 .text.get.10200
                0x0000000008005580       0x10 /tmp/ccaez85s.ltrans6.ltrans.o
                0x0000000008005580                get.10200
 .text.chIQReadTimeout.4300
                0x0000000008005590       0x80 /tmp/ccaez85s.ltrans6.ltrans.o
 .text.readt.10173
                0x0000000008005610       0x10 /tmp/ccaez85s.ltrans6.ltrans.o
                0x0000000008005610                readt.10173
 .text.read.10180
                0x0000000008005620       0x10 /tmp/ccaez85s.ltrans6.ltrans.o
                0x0000000008005620                read.10180
 .text.chOQPutTimeout.4315
                0x0000000008005630       0x50 /tmp/ccaez85s.ltrans6.ltrans.o
 .text.putt.10203
                0x0000000008005680       0x10 /tmp/ccaez85s.ltrans6.ltrans.o
                0x0000000008005680                putt.10203
 .text.put.10208
                0x0000000008005690       0x10 /tmp/ccaez85s.ltrans6.ltrans.o
                0x0000000008005690                put.10208
 .text.chOQWriteTimeout.4334
                0x00000000080056a0       0x80 /tmp/ccaez85s.ltrans6.ltrans.o
 .text.writet.10185
                0x0000000008005720       0x10 /tmp/ccaez85s.ltrans6.ltrans.o
                0x0000000008005720                writet.10185
 .text.write.10191
                0x0000000008005730       0x10 /tmp/ccaez85s.ltrans6.ltrans.o
                0x0000000008005730                write.10191
 .text.disk_status
                0x0000000008005740       0x20 /tmp/ccaez85s.ltrans6.ltrans.o
                0x0000000008005740                disk_status
 .text.validate.12787
                0x0000000008005760       0x30 /tmp/ccaez85s.ltrans6.ltrans.o
                0x0000000008005760                validate.12787
 .text.chprintf.17250.constprop.64
                0x0000000008005790       0x30 /tmp/ccaez85s.ltrans6.ltrans.o
                0x0000000008005790                chprintf.17250.constprop.64
 .text.spiSend  0x00000000080057c0       0x50 /tmp/ccaez85s.ltrans6.ltrans.o
                0x00000000080057c0                spiSend
 .text.spiReceive
                0x0000000008005810       0x50 /tmp/ccaez85s.ltrans6.ltrans.o
                0x0000000008005810                spiReceive
 .text.sync.isra.2.9902
                0x0000000008005860       0x40 /tmp/ccaez85s.ltrans6.ltrans.o
                0x0000000008005860                sync.isra.2.9902
 .text.mmcDisconnect
                0x00000000080058a0       0x50 /tmp/ccaez85s.ltrans6.ltrans.o
                0x00000000080058a0                mmcDisconnect
 .text.recvr1.isra.0.9868
                0x00000000080058f0       0x30 /tmp/ccaez85s.ltrans6.ltrans.o
                0x00000000080058f0                recvr1.isra.0.9868
 .text.mmcStopSequentialRead.part.7.9923
                0x0000000008005920       0x30 /tmp/ccaez85s.ltrans6.ltrans.o
                0x0000000008005920                mmcStopSequentialRead.part.7.9923
 .text.spiIgnore
                0x0000000008005950       0x60 /tmp/ccaez85s.ltrans6.ltrans.o
                0x0000000008005950                spiIgnore
 .text.mmcSequentialRead
                0x00000000080059b0       0x60 /tmp/ccaez85s.ltrans6.ltrans.o
                0x00000000080059b0                mmcSequentialRead
 .text.chsnprintf
                0x0000000008005a10       0x60 /tmp/ccaez85s.ltrans6.ltrans.o
                0x0000000008005a10                chsnprintf
 .text.chThdCreateStatic
                0x0000000008005a70       0x80 /tmp/ccaez85s.ltrans6.ltrans.o
                0x0000000008005a70                chThdCreateStatic
 .text.chMtxUnlock
                0x0000000008005af0       0x60 /tmp/ccaez85s.ltrans6.ltrans.o
                0x0000000008005af0                chMtxUnlock
 .text.uart_lld_serve_tx_end_irq.12160
                0x0000000008005b50       0x60 /tmp/ccaez85s.ltrans7.ltrans.o
                0x0000000008005b50                uart_lld_serve_tx_end_irq.12160
 .text.gpsRxErr.16020
                0x0000000008005bb0       0x10 /tmp/ccaez85s.ltrans7.ltrans.o
                0x0000000008005bb0                gpsRxErr.16020
 .text.gpsRxEnd.16017
                0x0000000008005bc0       0x10 /tmp/ccaez85s.ltrans7.ltrans.o
                0x0000000008005bc0                gpsRxEnd.16017
 .text.gpsTxC.16014
                0x0000000008005bd0       0x10 /tmp/ccaez85s.ltrans7.ltrans.o
                0x0000000008005bd0                gpsTxC.16014
 .text.gpsTxbufEnd.16011
                0x0000000008005be0       0x10 /tmp/ccaez85s.ltrans7.ltrans.o
                0x0000000008005be0                gpsTxbufEnd.16011
 .text.get.13121
                0x0000000008005bf0       0x20 /tmp/ccaez85s.ltrans7.ltrans.o
                0x0000000008005bf0                get.13121
 .text.put.13111
                0x0000000008005c10       0x20 /tmp/ccaez85s.ltrans7.ltrans.o
                0x0000000008005c10                put.13111
 .text.long_to_string_with_divisor.13045.4456
                0x0000000008005c30       0x50 /tmp/ccaez85s.ltrans7.ltrans.o
 .text.mmc_lld_is_write_protected
                0x0000000008005c80       0x10 /tmp/ccaez85s.ltrans7.ltrans.o
                0x0000000008005c80                mmc_lld_is_write_protected
 .text.mmc_lld_is_card_inserted
                0x0000000008005c90       0x10 /tmp/ccaez85s.ltrans7.ltrans.o
                0x0000000008005c90                mmc_lld_is_card_inserted
 .text.notify6.12010
                0x0000000008005ca0       0x10 /tmp/ccaez85s.ltrans7.ltrans.o
                0x0000000008005ca0                notify6.12010
 .text.notify2.12013
                0x0000000008005cb0       0x10 /tmp/ccaez85s.ltrans7.ltrans.o
                0x0000000008005cb0                notify2.12013
 .text.VectorD4
                0x0000000008005cc0       0x70 /tmp/ccaez85s.ltrans7.ltrans.o
                0x0000000008005cc0                VectorD4
 .text.gpsRxChar.16029
                0x0000000008005d30       0x90 /tmp/ccaez85s.ltrans7.ltrans.o
                0x0000000008005d30                gpsRxChar.16029
 .text.writes.13130
                0x0000000008005dc0       0x30 /tmp/ccaez85s.ltrans7.ltrans.o
                0x0000000008005dc0                writes.13130
 .text.reads.13124
                0x0000000008005df0       0x30 /tmp/ccaez85s.ltrans7.ltrans.o
                0x0000000008005df0                reads.13124
 .text.Vector164
                0x0000000008005e20       0x30 /tmp/ccaez85s.ltrans7.ltrans.o
                0x0000000008005e20                Vector164
 .text.VectorC0
                0x0000000008005e50       0x30 /tmp/ccaez85s.ltrans7.ltrans.o
                0x0000000008005e50                VectorC0
 .text.Vector160
                0x0000000008005e80       0x20 /tmp/ccaez85s.ltrans7.ltrans.o
                0x0000000008005e80                Vector160
 .text.VectorBC
                0x0000000008005ea0       0x20 /tmp/ccaez85s.ltrans7.ltrans.o
                0x0000000008005ea0                VectorBC
 .text.chSchWakeupS.constprop.44
                0x0000000008005ec0       0x60 /tmp/ccaez85s.ltrans7.ltrans.o
                0x0000000008005ec0                chSchWakeupS.constprop.44
 .text.chTMStartMeasurementX.constprop.31
                0x0000000008005f20       0x10 /tmp/ccaez85s.ltrans7.ltrans.o
                0x0000000008005f20                chTMStartMeasurementX.constprop.31
 .text.sdObjectInit.constprop.26
                0x0000000008005f30       0x70 /tmp/ccaez85s.ltrans7.ltrans.o
                0x0000000008005f30                sdObjectInit.constprop.26
 .text.uStrInsertChar.constprop.2
                0x0000000008005fa0       0x40 /tmp/ccaez85s.ltrans7.ltrans.o
                0x0000000008005fa0                uStrInsertChar.constprop.2
 .text.uStrPrependChar
                0x0000000008005fe0       0x30 /tmp/ccaez85s.ltrans7.ltrans.o
                0x0000000008005fe0                uStrPrependChar
 .text.uStrCpy  0x0000000008006010       0x30 /tmp/ccaez85s.ltrans7.ltrans.o
                0x0000000008006010                uStrCpy
 .text.chvprintf
                0x0000000008006040      0x3a0 /tmp/ccaez85s.ltrans7.ltrans.o
                0x0000000008006040                chvprintf
 .text.chprintf.13294.constprop.13
                0x00000000080063e0       0x30 /tmp/ccaez85s.ltrans7.ltrans.o
                0x00000000080063e0                chprintf.13294.constprop.13
 .text.I2CSensor_init
                0x0000000008006410       0x60 /tmp/ccaez85s.ltrans7.ltrans.o
                0x0000000008006410                I2CSensor_init
 .text.chprintf.13613.constprop.12
                0x0000000008006470       0x30 /tmp/ccaez85s.ltrans7.ltrans.o
                0x0000000008006470                chprintf.13613.constprop.12
 .text.chprintf.16669
                0x00000000080064a0       0x20 /tmp/ccaez85s.ltrans7.ltrans.o
                0x00000000080064a0                chprintf.16669
 .text.chprintf.16311
                0x00000000080064c0       0x20 /tmp/ccaez85s.ltrans7.ltrans.o
                0x00000000080064c0                chprintf.16311
 .text.chprintf.15650
                0x00000000080064e0       0x20 /tmp/ccaez85s.ltrans7.ltrans.o
                0x00000000080064e0                chprintf.15650
 .text.get_ldnumber.12784
                0x0000000008006500       0x50 /tmp/ccaez85s.ltrans7.ltrans.o
                0x0000000008006500                get_ldnumber.12784
 .text.usart_stop.12171
                0x0000000008006550       0x50 /tmp/ccaez85s.ltrans7.ltrans.o
                0x0000000008006550                usart_stop.12171
 .text.spiUnselect
                0x00000000080065a0       0x20 /tmp/ccaez85s.ltrans7.ltrans.o
                0x00000000080065a0                spiUnselect
 .text.spiSelect
                0x00000000080065c0       0x20 /tmp/ccaez85s.ltrans7.ltrans.o
                0x00000000080065c0                spiSelect
 .text.spiStop  0x00000000080065e0       0x50 /tmp/ccaez85s.ltrans7.ltrans.o
                0x00000000080065e0                spiStop
 .text.spiStart
                0x0000000008006630       0xb0 /tmp/ccaez85s.ltrans7.ltrans.o
                0x0000000008006630                spiStart
 .text.Reset_Handler
                0x00000000080066e0      0x1c0 /tmp/ccaez85s.ltrans8.ltrans.o
                0x00000000080066e0                Reset_Handler
 .text.chThdExit
                0x00000000080068a0       0x50 /tmp/ccaez85s.ltrans8.ltrans.o
                0x00000000080068a0                chThdExit
 .text.chSchDoReschedule
                0x00000000080068f0       0x10 /tmp/ccaez85s.ltrans8.ltrans.o
                0x00000000080068f0                chSchDoReschedule
 .text.strcpy   0x0000000008006900       0xbc /usr/bin/../lib/gcc/arm-none-eabi/4.8.4/../../../../arm-none-eabi/lib/armv7e-m/fpu/libc.a(lib_a-strcpy.o)
                0x0000000008006900                strcpy
 *fill*         0x00000000080069bc        0x4 
 .text.strlen   0x00000000080069c0       0x60 /usr/bin/../lib/gcc/arm-none-eabi/4.8.4/../../../../arm-none-eabi/lib/armv7e-m/fpu/libc.a(lib_a-strlen.o)
                0x00000000080069c0                strlen
 .text.strncmp  0x0000000008006a20       0xb4 /usr/bin/../lib/gcc/arm-none-eabi/4.8.4/../../../../arm-none-eabi/lib/armv7e-m/fpu/libc.a(lib_a-strncmp.o)
                0x0000000008006a20                strncmp
 *(.rodata)
 *fill*         0x0000000008006ad4        0xc 
 .rodata        0x0000000008006ae0       0x24 /tmp/ccaez85s.ltrans5.ltrans.o
 *(.rodata.*)
 *fill*         0x0000000008006b04        0xc 
 .rodata.mmc_vmt.10007.5021
                0x0000000008006b10       0x20 /tmp/ccaez85s.ltrans0.ltrans.o
 .rodata._stm32_dma_streams
                0x0000000008006b30       0xc0 /tmp/ccaez85s.ltrans0.ltrans.o
 .rodata.ch_debug
                0x0000000008006bf0       0x18 /tmp/ccaez85s.ltrans0.ltrans.o
 *fill*         0x0000000008006c08        0x8 
 .rodata.str1.4
                0x0000000008006c10      0x449 /tmp/ccaez85s.ltrans0.ltrans.o
                                        0x454 (size before relaxing)
 *fill*         0x0000000008007059        0x7 
 .rodata.crc7_lookup_table.10006.4449
                0x0000000008007060      0x100 /tmp/ccaez85s.ltrans1.ltrans.o
 .rodata.start.7726.10005.4448
                0x0000000008007160        0x4 /tmp/ccaez85s.ltrans1.ltrans.o
 *fill*         0x0000000008007164        0xc 
 .rodata.str1.4
                0x0000000008007170       0xec /tmp/ccaez85s.ltrans2.ltrans.o
 *fill*         0x000000000800725c        0x4 
 .rodata.ExCvt.12997.4510
                0x0000000008007260       0x80 /tmp/ccaez85s.ltrans2.ltrans.o
 .rodata.default_config.12051.4714
                0x00000000080072e0        0xc /tmp/ccaez85s.ltrans3.ltrans.o
 *fill*         0x00000000080072ec        0x4 
 .rodata.str1.4
                0x00000000080072f0       0x31 /tmp/ccaez85s.ltrans3.ltrans.o
                                         0x34 (size before relaxing)
 *fill*         0x0000000008007321        0xf 
 .rodata.str1.4
                0x0000000008007330        0x5 /tmp/ccaez85s.ltrans4.ltrans.o
                                          0x8 (size before relaxing)
 *fill*         0x0000000008007335        0xb 
 .rodata.analogGrp.15763.4711
                0x0000000008007340       0x28 /tmp/ccaez85s.ltrans5.ltrans.o
 *fill*         0x0000000008007368        0x8 
 .rodata.str1.4
                0x0000000008007370      0x1af /tmp/ccaez85s.ltrans5.ltrans.o
                                        0x1b0 (size before relaxing)
 *fill*         0x000000000800751f        0x1 
 .rodata.ii2cCfg.15767.4714
                0x0000000008007520        0xc /tmp/ccaez85s.ltrans5.ltrans.o
 *fill*         0x000000000800752c        0x4 
 .rodata.ei2cCfg.15766.4715
                0x0000000008007530        0xc /tmp/ccaez85s.ltrans5.ltrans.o
 *fill*         0x000000000800753c        0x4 
 .rodata.stop.7732.10004
                0x0000000008007540        0x4 /tmp/ccaez85s.ltrans5.ltrans.o
                0x0000000008007540                stop.7732.10004
 *fill*         0x0000000008007544        0xc 
 .rodata.vmt.13154.4695
                0x0000000008007550       0x10 /tmp/ccaez85s.ltrans6.ltrans.o
 .rodata.vmt.10284
                0x0000000008007560       0x20 /tmp/ccaez85s.ltrans6.ltrans.o
                0x0000000008007560                vmt.10284
 .rodata.str1.4
                0x0000000008007580        0xc /tmp/ccaez85s.ltrans6.ltrans.o
 *fill*         0x000000000800758c        0x4 
 .rodata.stopcmd.7715.10003.4689
                0x0000000008007590        0x8 /tmp/ccaez85s.ltrans6.ltrans.o
 *fill*         0x0000000008007598        0x8 
 .rodata.pow10.13096.4733
                0x00000000080075a0       0x24 /tmp/ccaez85s.ltrans7.ltrans.o
 *fill*         0x00000000080075c4        0xc 
 .rodata.str1.4
                0x00000000080075d0       0x20 /tmp/ccaez85s.ltrans7.ltrans.o
                                         0x2c (size before relaxing)
 *(.glue_7t)
 .glue_7t       0x0000000000000000        0x0 linker stubs
 *(.glue_7)
 .glue_7        0x0000000000000000        0x0 linker stubs
 *(.gcc*)

.vfp11_veneer   0x00000000080075f0        0x0
 .vfp11_veneer  0x0000000000000000        0x0 linker stubs

.v4_bx          0x00000000080075f0        0x0
 .v4_bx         0x0000000000000000        0x0 linker stubs

.iplt           0x00000000080075f0        0x0
 .iplt          0x0000000000000000        0x0 build/obj/chcoreasm_v7m.o

.rel.dyn        0x00000000080075f0        0x0
 .rel.iplt      0x0000000000000000        0x0 build/obj/chcoreasm_v7m.o

.ARM.extab
 *(.ARM.extab* .gnu.linkonce.armextab.*)

.ARM.exidx      0x00000000080075f0        0x0
                0x00000000080075f0                PROVIDE (__exidx_start, .)
 *(.ARM.exidx* .gnu.linkonce.armexidx.*)
                0x00000000080075f0                PROVIDE (__exidx_end, .)

.eh_frame_hdr
 *(.eh_frame_hdr)

.eh_frame
 *(.eh_frame)

.textalign      0x00000000080075f0        0x0
                0x00000000080075f0                . = ALIGN (0x8)
                0x00000000080075f0                . = ALIGN (0x4)
                0x00000000080075f0                _etext = .
                0x00000000080075f0                _textdata = _etext

.stacks         0x0000000020000000     0x1400
                0x0000000020000000                . = ALIGN (0x8)
                0x0000000020000000                __main_stack_base__ = .
                0x0000000020000400                . = (. + __main_stack_size__)
 *fill*         0x0000000020000000      0x400 
                0x0000000020000400                . = ALIGN (0x8)
                0x0000000020000400                __main_stack_end__ = .
                0x0000000020000400                __process_stack_base__ = .
                0x0000000020000400                __main_thread_stack_base__ = .
                0x0000000020001400                . = (. + __process_stack_size__)
 *fill*         0x0000000020000400     0x1000 
                0x0000000020001400                . = ALIGN (0x8)
                0x0000000020001400                __process_stack_end__ = .
                0x0000000020001400                __main_thread_stack_end__ = .

.data           0x0000000020001400       0x5c load address 0x00000000080075f0
                0x0000000020001400                . = ALIGN (0x4)
                0x0000000020001400                PROVIDE (_data, .)
 *(.data)
 *(.data.*)
 .data.xbeeSerCfg.15021.5022
                0x0000000020001400        0xc /tmp/ccaez85s.ltrans0.ltrans.o
 .data.serCfg.17347.5019
                0x000000002000140c        0xc /tmp/ccaez85s.ltrans0.ltrans.o
 .data.serGpsCfg.16097.4988
                0x0000000020001418       0x20 /tmp/ccaez85s.ltrans0.ltrans.o
 .data.hsCfg.16449.4984
                0x0000000020001438        0xc /tmp/ccaez85s.ltrans0.ltrans.o
 .data.lsCfg.16448.4983
                0x0000000020001444        0xc /tmp/ccaez85s.ltrans0.ltrans.o
 .data.mmcCfg.16446.4981
                0x0000000020001450        0xc /tmp/ccaez85s.ltrans0.ltrans.o
 *(.ramtext)
                0x000000002000145c                . = ALIGN (0x4)
                0x000000002000145c                PROVIDE (_edata, .)

.igot.plt       0x000000002000145c        0x0 load address 0x000000000800764c
 .igot.plt      0x0000000000000000        0x0 build/obj/chcoreasm_v7m.o

.bss            0x000000002000145c     0x2f58
                0x000000002000145c                . = ALIGN (0x4)
                0x000000002000145c                PROVIDE (_bss_start, .)
 *(.bss)
 *(.bss.*)
 .bss.nextmem.6820
                0x000000002000145c        0x4 /tmp/ccaez85s.ltrans0.ltrans.o
                0x000000002000145c                nextmem.6820
 .bss.sd.17343.4978
                0x0000000020001460       0x10 /tmp/ccaez85s.ltrans0.ltrans.o
 .bss.SD2       0x0000000020001470      0x458 /tmp/ccaez85s.ltrans0.ltrans.o
                0x0000000020001470                SD2
 .bss.waBeacon.17350.5007
                0x00000000200018c8      0x190 /tmp/ccaez85s.ltrans0.ltrans.o
 .bss.GPS.16098
                0x0000000020001a58      0x140 /tmp/ccaez85s.ltrans0.ltrans.o
                0x0000000020001a58                GPS.16098
 .bss.dummytx.11757
                0x0000000020001b98        0x2 /tmp/ccaez85s.ltrans0.ltrans.o
                0x0000000020001b98                dummytx.11757
 *fill*         0x0000000020001b9a        0x2 
 .bss.SD6       0x0000000020001b9c      0x458 /tmp/ccaez85s.ltrans0.ltrans.o
                0x0000000020001b9c                SD6
 .bss.endmem.6822
                0x0000000020001ff4        0x4 /tmp/ccaez85s.ltrans0.ltrans.o
                0x0000000020001ff4                endmem.6822
 .bss.serialPort.16450.4971
                0x0000000020001ff8        0x4 /tmp/ccaez85s.ltrans0.ltrans.o
 *fill*         0x0000000020001ffc        0x4 
 .bss.default_heap.6947.5099
                0x0000000020002000       0x20 /tmp/ccaez85s.ltrans0.ltrans.o
 .bss.DEBUG.16818
                0x0000000020002020        0x4 /tmp/ccaez85s.ltrans0.ltrans.o
                0x0000000020002020                DEBUG.16818
 .bss.logger.17339
                0x0000000020002024       0x10 /tmp/ccaez85s.ltrans0.ltrans.o
                0x0000000020002024                logger.17339
 .bss.mainthread.6320.4386.4989
                0x0000000020002034       0x44 /tmp/ccaez85s.ltrans0.ltrans.o
 .bss.waSensor.17351.5006
                0x0000000020002078     0x1150 /tmp/ccaez85s.ltrans0.ltrans.o
 .bss.dma_isr_redir.10833
                0x00000000200031c8       0x80 /tmp/ccaez85s.ltrans0.ltrans.o
                0x00000000200031c8                dma_isr_redir.10833
 .bss.sensorLog.17338
                0x0000000020003248       0x18 /tmp/ccaez85s.ltrans0.ltrans.o
                0x0000000020003248                sensorLog.17338
 .bss.dma_streams_mask.10838
                0x0000000020003260        0x4 /tmp/ccaez85s.ltrans0.ltrans.o
                0x0000000020003260                dma_streams_mask.10838
 *fill*         0x0000000020003264        0x4 
 .bss._idle_thread_wa.4385.5098
                0x0000000020003268      0x160 /tmp/ccaez85s.ltrans0.ltrans.o
 .bss.dataPrintBuf.15338.5008
                0x00000000200033c8      0x300 /tmp/ccaez85s.ltrans0.ltrans.o
 .bss.SPID3     0x00000000200036c8       0x30 /tmp/ccaez85s.ltrans0.ltrans.o
                0x00000000200036c8                SPID3
 .bss.waGps.17352.5004
                0x00000000200036f8      0x658 /tmp/ccaez85s.ltrans0.ltrans.o
 .bss.ADCD1     0x0000000020003d50       0x34 /tmp/ccaez85s.ltrans0.ltrans.o
                0x0000000020003d50                ADCD1
 .bss.xbee.17345.4985
                0x0000000020003d84        0x8 /tmp/ccaez85s.ltrans0.ltrans.o
 .bss.MMCD1     0x0000000020003d8c       0x34 /tmp/ccaez85s.ltrans0.ltrans.o
                0x0000000020003d8c                MMCD1
 .bss.masterSample.17349.4974
                0x0000000020003dc0       0x98 /tmp/ccaez85s.ltrans0.ltrans.o
 .bss.SD.16451.4972
                0x0000000020003e58        0x4 /tmp/ccaez85s.ltrans0.ltrans.o
 .bss.I2CD1     0x0000000020003e5c       0x38 /tmp/ccaez85s.ltrans0.ltrans.o
                0x0000000020003e5c                I2CD1
 .bss.I2CD3     0x0000000020003e94       0x38 /tmp/ccaez85s.ltrans0.ltrans.o
                0x0000000020003e94                I2CD3
 .bss.FS.16445.5020
                0x0000000020003ecc      0x230 /tmp/ccaez85s.ltrans0.ltrans.o
 .bss.UARTD1    0x00000000200040fc       0x1c /tmp/ccaez85s.ltrans0.ltrans.o
                0x00000000200040fc                UARTD1
 .bss.Fsid.12999.4444
                0x0000000020004118        0x2 /tmp/ccaez85s.ltrans1.ltrans.o
 *fill*         0x000000002000411a        0x2 
 .bss.FatFs.12998.4443
                0x000000002000411c        0x4 /tmp/ccaez85s.ltrans1.ltrans.o
 .bss.lFile.4507
                0x0000000020004120      0x224 /tmp/ccaez85s.ltrans2.ltrans.o
 .bss.lfNum.17353.4504
                0x0000000020004344        0x2 /tmp/ccaez85s.ltrans2.ltrans.o
 *fill*         0x0000000020004346        0x2 
 .bss.tokBuf.16099
                0x0000000020004348       0x14 /tmp/ccaez85s.ltrans3.ltrans.o
                0x0000000020004348                tokBuf.16099
 .bss.errors.13409.4670
                0x000000002000435c        0x4 /tmp/ccaez85s.ltrans3.ltrans.o
 .bss.gpsSem    0x0000000020004360        0xc /tmp/ccaez85s.ltrans3.ltrans.o
                0x0000000020004360                gpsSem
 .bss.analogSamples.15769.4716
                0x000000002000436c        0xc /tmp/ccaez85s.ltrans5.ltrans.o
 .bss.sensCount.14811.4706
                0x0000000020004378        0x1 /tmp/ccaez85s.ltrans5.ltrans.o
 .bss.sensCount.13865.4703
                0x0000000020004379        0x1 /tmp/ccaez85s.ltrans5.ltrans.o
 .bss.sensCount.14409.4705
                0x000000002000437a        0x1 /tmp/ccaez85s.ltrans5.ltrans.o
 .bss.sensCount.14051.4704
                0x000000002000437b        0x1 /tmp/ccaez85s.ltrans5.ltrans.o
 .bss.sensCount.13663.4702
                0x000000002000437c        0x1 /tmp/ccaez85s.ltrans5.ltrans.o
 .bss.activeAnalogCh.15768.4707
                0x000000002000437d        0x1 /tmp/ccaez85s.ltrans5.ltrans.o
 .bss.dummyrx.11759.4693
                0x000000002000437e        0x2 /tmp/ccaez85s.ltrans6.ltrans.o
 .bss.ch        0x0000000020004380       0x34 /tmp/ccaez85s.ltrans8.ltrans.o
                0x0000000020004380                ch
 *(COMMON)
                0x00000000200043b4                . = ALIGN (0x4)
                0x00000000200043b4                PROVIDE (_bss_end, .)
                0x00000000200043b4                PROVIDE (end, .)
                0x00000000200043b4                _end = .
                0x00000000200043b4                __heap_base__ = _end
                0x0000000020010000                __heap_end__ = __ram_end__
                0x0000000000001000                __process_stack_size__ = 0x1000
                0x0000000000000400                __main_stack_size__ = 0x400
START GROUP
LOAD /usr/bin/../lib/gcc/arm-none-eabi/4.8.4/armv7e-m/fpu/libgcc.a
LOAD /usr/bin/../lib/gcc/arm-none-eabi/4.8.4/../../../../arm-none-eabi/lib/armv7e-m/fpu/libc.a
END GROUP
OUTPUT(build/stribog.elf elf32-littlearm)

.ARM.attributes
                0x0000000000000000       0x35
 .ARM.attributes
                0x0000000000000000       0x25 build/obj/chcoreasm_v7m.o
 .ARM.attributes
                0x0000000000000025       0x37 /tmp/ccaez85s.ltrans0.ltrans.o
 .ARM.attributes
                0x000000000000005c       0x37 /tmp/ccaez85s.ltrans1.ltrans.o
 .ARM.attributes
                0x0000000000000093       0x37 /tmp/ccaez85s.ltrans2.ltrans.o
 .ARM.attributes
                0x00000000000000ca       0x37 /tmp/ccaez85s.ltrans3.ltrans.o
 .ARM.attributes
                0x0000000000000101       0x37 /tmp/ccaez85s.ltrans4.ltrans.o
 .ARM.attributes
                0x0000000000000138       0x37 /tmp/ccaez85s.ltrans5.ltrans.o
 .ARM.attributes
                0x000000000000016f       0x37 /tmp/ccaez85s.ltrans6.ltrans.o
 .ARM.attributes
                0x00000000000001a6       0x37 /tmp/ccaez85s.ltrans7.ltrans.o
 .ARM.attributes
                0x00000000000001dd       0x37 /tmp/ccaez85s.ltrans8.ltrans.o
 .ARM.attributes
                0x0000000000000214       0x22 /usr/bin/../lib/gcc/arm-none-eabi/4.8.4/armv7e-m/fpu/libgcc.a(_arm_addsubdf3.o)
 .ARM.attributes
                0x0000000000000236       0x22 /usr/bin/../lib/gcc/arm-none-eabi/4.8.4/armv7e-m/fpu/libgcc.a(_arm_muldivdf3.o)
 .ARM.attributes
                0x0000000000000258       0x22 /usr/bin/../lib/gcc/arm-none-eabi/4.8.4/armv7e-m/fpu/libgcc.a(_arm_fixdfsi.o)
 .ARM.attributes
                0x000000000000027a       0x22 /usr/bin/../lib/gcc/arm-none-eabi/4.8.4/armv7e-m/fpu/libgcc.a(_arm_truncdfsf2.o)
 .ARM.attributes
                0x000000000000029c       0x20 /usr/bin/../lib/gcc/arm-none-eabi/4.8.4/../../../../arm-none-eabi/lib/armv7e-m/fpu/libc.a(lib_a-memcpy.o)
 .ARM.attributes
                0x00000000000002bc       0x34 /usr/bin/../lib/gcc/arm-none-eabi/4.8.4/../../../../arm-none-eabi/lib/armv7e-m/fpu/libc.a(lib_a-strcpy.o)
 .ARM.attributes
                0x00000000000002f0       0x34 /usr/bin/../lib/gcc/arm-none-eabi/4.8.4/../../../../arm-none-eabi/lib/armv7e-m/fpu/libc.a(lib_a-strlen.o)
 .ARM.attributes
                0x0000000000000324       0x34 /usr/bin/../lib/gcc/arm-none-eabi/4.8.4/../../../../arm-none-eabi/lib/armv7e-m/fpu/libc.a(lib_a-strncmp.o)

.comment        0x0000000000000000       0x70
 .comment       0x0000000000000000       0x70 /tmp/ccaez85s.ltrans0.ltrans.o
                                         0x71 (size before relaxing)
 .comment       0x0000000000000000       0x71 /tmp/ccaez85s.ltrans1.ltrans.o
 .comment       0x0000000000000000       0x71 /tmp/ccaez85s.ltrans2.ltrans.o
 .comment       0x0000000000000000       0x71 /tmp/ccaez85s.ltrans3.ltrans.o
 .comment       0x0000000000000000       0x71 /tmp/ccaez85s.ltrans4.ltrans.o
 .comment       0x0000000000000000       0x71 /tmp/ccaez85s.ltrans5.ltrans.o
 .comment       0x0000000000000000       0x71 /tmp/ccaez85s.ltrans6.ltrans.o
 .comment       0x0000000000000000       0x71 /tmp/ccaez85s.ltrans7.ltrans.o
 .comment       0x0000000000000000       0x71 /tmp/ccaez85s.ltrans8.ltrans.o

.debug_frame    0x0000000000000000       0x68
 .debug_frame   0x0000000000000000       0x20 /usr/bin/../lib/gcc/arm-none-eabi/4.8.4/../../../../arm-none-eabi/lib/armv7e-m/fpu/libc.a(lib_a-strcpy.o)
 .debug_frame   0x0000000000000020       0x20 /usr/bin/../lib/gcc/arm-none-eabi/4.8.4/../../../../arm-none-eabi/lib/armv7e-m/fpu/libc.a(lib_a-strlen.o)
 .debug_frame   0x0000000000000040       0x28 /usr/bin/../lib/gcc/arm-none-eabi/4.8.4/../../../../arm-none-eabi/lib/armv7e-m/fpu/libc.a(lib_a-strncmp.o)

Cross Reference Table

Symbol                                            File
ADCD1                                             /tmp/ccaez85s.ltrans0.ltrans.o
                                                  /tmp/ccaez85s.ltrans5.ltrans.o
                                                  /tmp/ccaez85s.ltrans4.ltrans.o
BusFault_Handler                                  /tmp/ccaez85s.ltrans4.ltrans.o
                                                  /tmp/ccaez85s.ltrans8.ltrans.o
DEBUG.16818                                       /tmp/ccaez85s.ltrans0.ltrans.o
                                                  /tmp/ccaez85s.ltrans2.ltrans.o
DebugMon_Handler                                  /tmp/ccaez85s.ltrans4.ltrans.o
                                                  /tmp/ccaez85s.ltrans8.ltrans.o
GPS.16098                                         /tmp/ccaez85s.ltrans0.ltrans.o
                                                  /tmp/ccaez85s.ltrans7.ltrans.o
                                                  /tmp/ccaez85s.ltrans3.ltrans.o
HardFault_Handler                                 /tmp/ccaez85s.ltrans4.ltrans.o
                                                  /tmp/ccaez85s.ltrans8.ltrans.o
I2CD1                                             /tmp/ccaez85s.ltrans0.ltrans.o
                                                  /tmp/ccaez85s.ltrans7.ltrans.o
                                                  /tmp/ccaez85s.ltrans5.ltrans.o
                                                  /tmp/ccaez85s.ltrans3.ltrans.o
I2CD3                                             /tmp/ccaez85s.ltrans0.ltrans.o
                                                  /tmp/ccaez85s.ltrans7.ltrans.o
                                                  /tmp/ccaez85s.ltrans5.ltrans.o
                                                  /tmp/ccaez85s.ltrans3.ltrans.o
I2CSensor_init                                    /tmp/ccaez85s.ltrans7.ltrans.o
                                                  /tmp/ccaez85s.ltrans5.ltrans.o
I2CSensor_transact                                /tmp/ccaez85s.ltrans3.ltrans.o
                                                  /tmp/ccaez85s.ltrans5.ltrans.o
I2CSensor_transact_buf                            /tmp/ccaez85s.ltrans3.ltrans.o
                                                  /tmp/ccaez85s.ltrans5.ltrans.o
MMCD1                                             /tmp/ccaez85s.ltrans0.ltrans.o
                                                  /tmp/ccaez85s.ltrans6.ltrans.o
                                                  /tmp/ccaez85s.ltrans1.ltrans.o
MemManage_Handler                                 /tmp/ccaez85s.ltrans4.ltrans.o
                                                  /tmp/ccaez85s.ltrans8.ltrans.o
NMI_Handler                                       /tmp/ccaez85s.ltrans4.ltrans.o
                                                  /tmp/ccaez85s.ltrans8.ltrans.o
PendSV_Handler                                    /tmp/ccaez85s.ltrans4.ltrans.o
                                                  /tmp/ccaez85s.ltrans8.ltrans.o
Reset_Handler                                     /tmp/ccaez85s.ltrans8.ltrans.o
SD2                                               /tmp/ccaez85s.ltrans0.ltrans.o
                                                  /tmp/ccaez85s.ltrans5.ltrans.o
                                                  /tmp/ccaez85s.ltrans3.ltrans.o
SD6                                               /tmp/ccaez85s.ltrans0.ltrans.o
                                                  /tmp/ccaez85s.ltrans7.ltrans.o
                                                  /tmp/ccaez85s.ltrans6.ltrans.o
                                                  /tmp/ccaez85s.ltrans5.ltrans.o
                                                  /tmp/ccaez85s.ltrans3.ltrans.o
                                                  /tmp/ccaez85s.ltrans2.ltrans.o
SPID3                                             /tmp/ccaez85s.ltrans0.ltrans.o
                                                  /tmp/ccaez85s.ltrans7.ltrans.o
SVC_Handler                                       /tmp/ccaez85s.ltrans4.ltrans.o
                                                  /tmp/ccaez85s.ltrans8.ltrans.o
SysTick_Handler                                   /tmp/ccaez85s.ltrans4.ltrans.o
                                                  /tmp/ccaez85s.ltrans8.ltrans.o
UARTD1                                            /tmp/ccaez85s.ltrans0.ltrans.o
                                                  /tmp/ccaez85s.ltrans7.ltrans.o
                                                  /tmp/ccaez85s.ltrans3.ltrans.o
UsageFault_Handler                                /tmp/ccaez85s.ltrans4.ltrans.o
                                                  /tmp/ccaez85s.ltrans8.ltrans.o
Vector100                                         /tmp/ccaez85s.ltrans4.ltrans.o
                                                  /tmp/ccaez85s.ltrans8.ltrans.o
Vector104                                         /tmp/ccaez85s.ltrans4.ltrans.o
                                                  /tmp/ccaez85s.ltrans8.ltrans.o
Vector108                                         /tmp/ccaez85s.ltrans4.ltrans.o
                                                  /tmp/ccaez85s.ltrans8.ltrans.o
Vector10C                                         /tmp/ccaez85s.ltrans4.ltrans.o
                                                  /tmp/ccaez85s.ltrans8.ltrans.o
Vector110                                         /tmp/ccaez85s.ltrans4.ltrans.o
                                                  /tmp/ccaez85s.ltrans8.ltrans.o
Vector114                                         /tmp/ccaez85s.ltrans4.ltrans.o
                                                  /tmp/ccaez85s.ltrans8.ltrans.o
Vector118                                         /tmp/ccaez85s.ltrans4.ltrans.o
                                                  /tmp/ccaez85s.ltrans8.ltrans.o
Vector11C                                         /tmp/ccaez85s.ltrans4.ltrans.o
                                                  /tmp/ccaez85s.ltrans8.ltrans.o
Vector120                                         /tmp/ccaez85s.ltrans4.ltrans.o
                                                  /tmp/ccaez85s.ltrans8.ltrans.o
Vector124                                         /tmp/ccaez85s.ltrans4.ltrans.o
                                                  /tmp/ccaez85s.ltrans8.ltrans.o
Vector128                                         /tmp/ccaez85s.ltrans4.ltrans.o
                                                  /tmp/ccaez85s.ltrans8.ltrans.o
Vector12C                                         /tmp/ccaez85s.ltrans4.ltrans.o
                                                  /tmp/ccaez85s.ltrans8.ltrans.o
Vector130                                         /tmp/ccaez85s.ltrans4.ltrans.o
                                                  /tmp/ccaez85s.ltrans8.ltrans.o
Vector134                                         /tmp/ccaez85s.ltrans4.ltrans.o
                                                  /tmp/ccaez85s.ltrans8.ltrans.o
Vector138                                         /tmp/ccaez85s.ltrans4.ltrans.o
                                                  /tmp/ccaez85s.ltrans8.ltrans.o
Vector13C                                         /tmp/ccaez85s.ltrans4.ltrans.o
                                                  /tmp/ccaez85s.ltrans8.ltrans.o
Vector140                                         /tmp/ccaez85s.ltrans4.ltrans.o
                                                  /tmp/ccaez85s.ltrans8.ltrans.o
Vector144                                         /tmp/ccaez85s.ltrans4.ltrans.o
                                                  /tmp/ccaez85s.ltrans8.ltrans.o
Vector148                                         /tmp/ccaez85s.ltrans4.ltrans.o
                                                  /tmp/ccaez85s.ltrans8.ltrans.o
Vector14C                                         /tmp/ccaez85s.ltrans4.ltrans.o
                                                  /tmp/ccaez85s.ltrans8.ltrans.o
Vector150                                         /tmp/ccaez85s.ltrans4.ltrans.o
                                                  /tmp/ccaez85s.ltrans8.ltrans.o
Vector154                                         /tmp/ccaez85s.ltrans4.ltrans.o
                                                  /tmp/ccaez85s.ltrans8.ltrans.o
Vector158                                         /tmp/ccaez85s.ltrans4.ltrans.o
                                                  /tmp/ccaez85s.ltrans8.ltrans.o
Vector15C                                         /tmp/ccaez85s.ltrans5.ltrans.o
                                                  /tmp/ccaez85s.ltrans8.ltrans.o
Vector160                                         /tmp/ccaez85s.ltrans7.ltrans.o
                                                  /tmp/ccaez85s.ltrans8.ltrans.o
Vector164                                         /tmp/ccaez85s.ltrans7.ltrans.o
                                                  /tmp/ccaez85s.ltrans8.ltrans.o
Vector168                                         /tmp/ccaez85s.ltrans4.ltrans.o
                                                  /tmp/ccaez85s.ltrans8.ltrans.o
Vector16C                                         /tmp/ccaez85s.ltrans4.ltrans.o
                                                  /tmp/ccaez85s.ltrans8.ltrans.o
Vector170                                         /tmp/ccaez85s.ltrans4.ltrans.o
                                                  /tmp/ccaez85s.ltrans8.ltrans.o
Vector174                                         /tmp/ccaez85s.ltrans4.ltrans.o
                                                  /tmp/ccaez85s.ltrans8.ltrans.o
Vector178                                         /tmp/ccaez85s.ltrans4.ltrans.o
                                                  /tmp/ccaez85s.ltrans8.ltrans.o
Vector17C                                         /tmp/ccaez85s.ltrans4.ltrans.o
                                                  /tmp/ccaez85s.ltrans8.ltrans.o
Vector180                                         /tmp/ccaez85s.ltrans4.ltrans.o
                                                  /tmp/ccaez85s.ltrans8.ltrans.o
Vector184                                         /tmp/ccaez85s.ltrans4.ltrans.o
                                                  /tmp/ccaez85s.ltrans8.ltrans.o
Vector188                                         /tmp/ccaez85s.ltrans4.ltrans.o
                                                  /tmp/ccaez85s.ltrans8.ltrans.o
Vector18C                                         /tmp/ccaez85s.ltrans4.ltrans.o
                                                  /tmp/ccaez85s.ltrans8.ltrans.o
Vector190                                         /tmp/ccaez85s.ltrans4.ltrans.o
                                                  /tmp/ccaez85s.ltrans8.ltrans.o
Vector194                                         /tmp/ccaez85s.ltrans4.ltrans.o
                                                  /tmp/ccaez85s.ltrans8.ltrans.o
Vector198                                         /tmp/ccaez85s.ltrans4.ltrans.o
                                                  /tmp/ccaez85s.ltrans8.ltrans.o
Vector19C                                         /tmp/ccaez85s.ltrans4.ltrans.o
                                                  /tmp/ccaez85s.ltrans8.ltrans.o
Vector1A0                                         /tmp/ccaez85s.ltrans4.ltrans.o
                                                  /tmp/ccaez85s.ltrans8.ltrans.o
Vector1A4                                         /tmp/ccaez85s.ltrans4.ltrans.o
                                                  /tmp/ccaez85s.ltrans8.ltrans.o
Vector1A8                                         /tmp/ccaez85s.ltrans4.ltrans.o
                                                  /tmp/ccaez85s.ltrans8.ltrans.o
Vector1AC                                         /tmp/ccaez85s.ltrans4.ltrans.o
                                                  /tmp/ccaez85s.ltrans8.ltrans.o
Vector1B0                                         /tmp/ccaez85s.ltrans4.ltrans.o
                                                  /tmp/ccaez85s.ltrans8.ltrans.o
Vector1B4                                         /tmp/ccaez85s.ltrans4.ltrans.o
                                                  /tmp/ccaez85s.ltrans8.ltrans.o
Vector1B8                                         /tmp/ccaez85s.ltrans4.ltrans.o
                                                  /tmp/ccaez85s.ltrans8.ltrans.o
Vector1BC                                         /tmp/ccaez85s.ltrans4.ltrans.o
                                                  /tmp/ccaez85s.ltrans8.ltrans.o
Vector1C                                          /tmp/ccaez85s.ltrans4.ltrans.o
                                                  /tmp/ccaez85s.ltrans8.ltrans.o
Vector20                                          /tmp/ccaez85s.ltrans4.ltrans.o
                                                  /tmp/ccaez85s.ltrans8.ltrans.o
Vector24                                          /tmp/ccaez85s.ltrans4.ltrans.o
                                                  /tmp/ccaez85s.ltrans8.ltrans.o
Vector28                                          /tmp/ccaez85s.ltrans4.ltrans.o
                                                  /tmp/ccaez85s.ltrans8.ltrans.o
Vector34                                          /tmp/ccaez85s.ltrans4.ltrans.o
                                                  /tmp/ccaez85s.ltrans8.ltrans.o
Vector40                                          /tmp/ccaez85s.ltrans4.ltrans.o
                                                  /tmp/ccaez85s.ltrans8.ltrans.o
Vector44                                          /tmp/ccaez85s.ltrans4.ltrans.o
                                                  /tmp/ccaez85s.ltrans8.ltrans.o
Vector48                                          /tmp/ccaez85s.ltrans4.ltrans.o
                                                  /tmp/ccaez85s.ltrans8.ltrans.o
Vector4C                                          /tmp/ccaez85s.ltrans4.ltrans.o
                                                  /tmp/ccaez85s.ltrans8.ltrans.o
Vector50                                          /tmp/ccaez85s.ltrans4.ltrans.o
                                                  /tmp/ccaez85s.ltrans8.ltrans.o
Vector54                                          /tmp/ccaez85s.ltrans4.ltrans.o
                                                  /tmp/ccaez85s.ltrans8.ltrans.o
Vector58                                          /tmp/ccaez85s.ltrans4.ltrans.o
                                                  /tmp/ccaez85s.ltrans8.ltrans.o
Vector5C                                          /tmp/ccaez85s.ltrans4.ltrans.o
                                                  /tmp/ccaez85s.ltrans8.ltrans.o
Vector60                                          /tmp/ccaez85s.ltrans4.ltrans.o
                                                  /tmp/ccaez85s.ltrans8.ltrans.o
Vector64                                          /tmp/ccaez85s.ltrans4.ltrans.o
                                                  /tmp/ccaez85s.ltrans8.ltrans.o
Vector68                                          /tmp/ccaez85s.ltrans4.ltrans.o
                                                  /tmp/ccaez85s.ltrans8.ltrans.o
Vector6C                                          /tmp/ccaez85s.ltrans4.ltrans.o
                                                  /tmp/ccaez85s.ltrans8.ltrans.o
Vector70                                          /tmp/ccaez85s.ltrans4.ltrans.o
                                                  /tmp/ccaez85s.ltrans8.ltrans.o
Vector74                                          /tmp/ccaez85s.ltrans4.ltrans.o
                                                  /tmp/ccaez85s.ltrans8.ltrans.o
Vector78                                          /tmp/ccaez85s.ltrans4.ltrans.o
                                                  /tmp/ccaez85s.ltrans8.ltrans.o
Vector7C                                          /tmp/ccaez85s.ltrans4.ltrans.o
                                                  /tmp/ccaez85s.ltrans8.ltrans.o
Vector80                                          /tmp/ccaez85s.ltrans4.ltrans.o
                                                  /tmp/ccaez85s.ltrans8.ltrans.o
Vector84                                          /tmp/ccaez85s.ltrans4.ltrans.o
                                                  /tmp/ccaez85s.ltrans8.ltrans.o
Vector88                                          /tmp/ccaez85s.ltrans4.ltrans.o
                                                  /tmp/ccaez85s.ltrans8.ltrans.o
Vector8C                                          /tmp/ccaez85s.ltrans4.ltrans.o
                                                  /tmp/ccaez85s.ltrans8.ltrans.o
Vector90                                          /tmp/ccaez85s.ltrans4.ltrans.o
                                                  /tmp/ccaez85s.ltrans8.ltrans.o
Vector94                                          /tmp/ccaez85s.ltrans4.ltrans.o
                                                  /tmp/ccaez85s.ltrans8.ltrans.o
Vector98                                          /tmp/ccaez85s.ltrans4.ltrans.o
                                                  /tmp/ccaez85s.ltrans8.ltrans.o
Vector9C                                          /tmp/ccaez85s.ltrans4.ltrans.o
                                                  /tmp/ccaez85s.ltrans8.ltrans.o
VectorA0                                          /tmp/ccaez85s.ltrans4.ltrans.o
                                                  /tmp/ccaez85s.ltrans8.ltrans.o
VectorA4                                          /tmp/ccaez85s.ltrans4.ltrans.o
                                                  /tmp/ccaez85s.ltrans8.ltrans.o
VectorA8                                          /tmp/ccaez85s.ltrans4.ltrans.o
                                                  /tmp/ccaez85s.ltrans8.ltrans.o
VectorAC                                          /tmp/ccaez85s.ltrans4.ltrans.o
                                                  /tmp/ccaez85s.ltrans8.ltrans.o
VectorB0                                          /tmp/ccaez85s.ltrans6.ltrans.o
                                                  /tmp/ccaez85s.ltrans8.ltrans.o
VectorB4                                          /tmp/ccaez85s.ltrans4.ltrans.o
                                                  /tmp/ccaez85s.ltrans8.ltrans.o
VectorB8                                          /tmp/ccaez85s.ltrans4.ltrans.o
                                                  /tmp/ccaez85s.ltrans8.ltrans.o
VectorBC                                          /tmp/ccaez85s.ltrans7.ltrans.o
                                                  /tmp/ccaez85s.ltrans8.ltrans.o
VectorC0                                          /tmp/ccaez85s.ltrans7.ltrans.o
                                                  /tmp/ccaez85s.ltrans8.ltrans.o
VectorC4                                          /tmp/ccaez85s.ltrans4.ltrans.o
                                                  /tmp/ccaez85s.ltrans8.ltrans.o
VectorC8                                          /tmp/ccaez85s.ltrans4.ltrans.o
                                                  /tmp/ccaez85s.ltrans8.ltrans.o
VectorCC                                          /tmp/ccaez85s.ltrans4.ltrans.o
                                                  /tmp/ccaez85s.ltrans8.ltrans.o
VectorD0                                          /tmp/ccaez85s.ltrans4.ltrans.o
                                                  /tmp/ccaez85s.ltrans8.ltrans.o
VectorD4                                          /tmp/ccaez85s.ltrans7.ltrans.o
                                                  /tmp/ccaez85s.ltrans8.ltrans.o
VectorD8                                          /tmp/ccaez85s.ltrans5.ltrans.o
                                                  /tmp/ccaez85s.ltrans8.ltrans.o
VectorDC                                          /tmp/ccaez85s.ltrans4.ltrans.o
                                                  /tmp/ccaez85s.ltrans8.ltrans.o
VectorE0                                          /tmp/ccaez85s.ltrans4.ltrans.o
                                                  /tmp/ccaez85s.ltrans8.ltrans.o
VectorE4                                          /tmp/ccaez85s.ltrans4.ltrans.o
                                                  /tmp/ccaez85s.ltrans8.ltrans.o
VectorE8                                          /tmp/ccaez85s.ltrans4.ltrans.o
                                                  /tmp/ccaez85s.ltrans8.ltrans.o
VectorEC                                          /tmp/ccaez85s.ltrans4.ltrans.o
                                                  /tmp/ccaez85s.ltrans8.ltrans.o
VectorF0                                          /tmp/ccaez85s.ltrans4.ltrans.o
                                                  /tmp/ccaez85s.ltrans8.ltrans.o
VectorF4                                          /tmp/ccaez85s.ltrans4.ltrans.o
                                                  /tmp/ccaez85s.ltrans8.ltrans.o
VectorF8                                          /tmp/ccaez85s.ltrans4.ltrans.o
                                                  /tmp/ccaez85s.ltrans8.ltrans.o
VectorFC                                          /tmp/ccaez85s.ltrans4.ltrans.o
                                                  /tmp/ccaez85s.ltrans8.ltrans.o
__adddf3                                          /usr/bin/../lib/gcc/arm-none-eabi/4.8.4/armv7e-m/fpu/libgcc.a(_arm_addsubdf3.o)
__aeabi_d2f                                       /usr/bin/../lib/gcc/arm-none-eabi/4.8.4/armv7e-m/fpu/libgcc.a(_arm_truncdfsf2.o)
                                                  /tmp/ccaez85s.ltrans7.ltrans.o
__aeabi_d2iz                                      /usr/bin/../lib/gcc/arm-none-eabi/4.8.4/armv7e-m/fpu/libgcc.a(_arm_fixdfsi.o)
                                                  /tmp/ccaez85s.ltrans7.ltrans.o
__aeabi_dadd                                      /usr/bin/../lib/gcc/arm-none-eabi/4.8.4/armv7e-m/fpu/libgcc.a(_arm_addsubdf3.o)
__aeabi_ddiv                                      /usr/bin/../lib/gcc/arm-none-eabi/4.8.4/armv7e-m/fpu/libgcc.a(_arm_muldivdf3.o)
__aeabi_dmul                                      /usr/bin/../lib/gcc/arm-none-eabi/4.8.4/armv7e-m/fpu/libgcc.a(_arm_muldivdf3.o)
                                                  /tmp/ccaez85s.ltrans7.ltrans.o
__aeabi_drsub                                     /usr/bin/../lib/gcc/arm-none-eabi/4.8.4/armv7e-m/fpu/libgcc.a(_arm_addsubdf3.o)
__aeabi_dsub                                      /usr/bin/../lib/gcc/arm-none-eabi/4.8.4/armv7e-m/fpu/libgcc.a(_arm_addsubdf3.o)
                                                  /tmp/ccaez85s.ltrans7.ltrans.o
__aeabi_f2d                                       /usr/bin/../lib/gcc/arm-none-eabi/4.8.4/armv7e-m/fpu/libgcc.a(_arm_addsubdf3.o)
                                                  /tmp/ccaez85s.ltrans7.ltrans.o
                                                  /tmp/ccaez85s.ltrans5.ltrans.o
                                                  /tmp/ccaez85s.ltrans0.ltrans.o
__aeabi_i2d                                       /usr/bin/../lib/gcc/arm-none-eabi/4.8.4/armv7e-m/fpu/libgcc.a(_arm_addsubdf3.o)
                                                  /tmp/ccaez85s.ltrans7.ltrans.o
__aeabi_l2d                                       /usr/bin/../lib/gcc/arm-none-eabi/4.8.4/armv7e-m/fpu/libgcc.a(_arm_addsubdf3.o)
__aeabi_ui2d                                      /usr/bin/../lib/gcc/arm-none-eabi/4.8.4/armv7e-m/fpu/libgcc.a(_arm_addsubdf3.o)
                                                  /tmp/ccaez85s.ltrans7.ltrans.o
__aeabi_ul2d                                      /usr/bin/../lib/gcc/arm-none-eabi/4.8.4/armv7e-m/fpu/libgcc.a(_arm_addsubdf3.o)
__divdf3                                          /usr/bin/../lib/gcc/arm-none-eabi/4.8.4/armv7e-m/fpu/libgcc.a(_arm_muldivdf3.o)
__extendsfdf2                                     /usr/bin/../lib/gcc/arm-none-eabi/4.8.4/armv7e-m/fpu/libgcc.a(_arm_addsubdf3.o)
__fixdfsi                                         /usr/bin/../lib/gcc/arm-none-eabi/4.8.4/armv7e-m/fpu/libgcc.a(_arm_fixdfsi.o)
__floatdidf                                       /usr/bin/../lib/gcc/arm-none-eabi/4.8.4/armv7e-m/fpu/libgcc.a(_arm_addsubdf3.o)
__floatsidf                                       /usr/bin/../lib/gcc/arm-none-eabi/4.8.4/armv7e-m/fpu/libgcc.a(_arm_addsubdf3.o)
__floatundidf                                     /usr/bin/../lib/gcc/arm-none-eabi/4.8.4/armv7e-m/fpu/libgcc.a(_arm_addsubdf3.o)
__floatunsidf                                     /usr/bin/../lib/gcc/arm-none-eabi/4.8.4/armv7e-m/fpu/libgcc.a(_arm_addsubdf3.o)
__heap_base__                                     /tmp/ccaez85s.ltrans0.ltrans.o
__heap_end__                                      /tmp/ccaez85s.ltrans0.ltrans.o
__init_array_end                                  /tmp/ccaez85s.ltrans8.ltrans.o
__init_array_start                                /tmp/ccaez85s.ltrans8.ltrans.o
__main_stack_base__                               /tmp/ccaez85s.ltrans8.ltrans.o
__main_stack_end__                                /tmp/ccaez85s.ltrans8.ltrans.o
__muldf3                                          /usr/bin/../lib/gcc/arm-none-eabi/4.8.4/armv7e-m/fpu/libgcc.a(_arm_muldivdf3.o)
__process_stack_base__                            /tmp/ccaez85s.ltrans8.ltrans.o
__process_stack_end__                             /tmp/ccaez85s.ltrans8.ltrans.o
__subdf3                                          /usr/bin/../lib/gcc/arm-none-eabi/4.8.4/armv7e-m/fpu/libgcc.a(_arm_addsubdf3.o)
__truncdfsf2                                      /usr/bin/../lib/gcc/arm-none-eabi/4.8.4/armv7e-m/fpu/libgcc.a(_arm_truncdfsf2.o)
_bss_end                                          /tmp/ccaez85s.ltrans8.ltrans.o
_bss_start                                        /tmp/ccaez85s.ltrans8.ltrans.o
_data                                             /tmp/ccaez85s.ltrans8.ltrans.o
_edata                                            /tmp/ccaez85s.ltrans8.ltrans.o
_idle_thread.4338                                 /tmp/ccaez85s.ltrans4.ltrans.o
                                                  /tmp/ccaez85s.ltrans0.ltrans.o
_port_exit_from_isr                               build/obj/chcoreasm_v7m.o
                                                  /tmp/ccaez85s.ltrans4.ltrans.o
_port_irq_epilogue                                /tmp/ccaez85s.ltrans4.ltrans.o
                                                  /tmp/ccaez85s.ltrans7.ltrans.o
                                                  /tmp/ccaez85s.ltrans6.ltrans.o
                                                  /tmp/ccaez85s.ltrans5.ltrans.o
_port_switch                                      build/obj/chcoreasm_v7m.o
                                                  /tmp/ccaez85s.ltrans7.ltrans.o
                                                  /tmp/ccaez85s.ltrans4.ltrans.o
                                                  /tmp/ccaez85s.ltrans3.ltrans.o
_port_switch_from_isr                             build/obj/chcoreasm_v7m.o
                                                  /tmp/ccaez85s.ltrans4.ltrans.o
_port_thread_start                                build/obj/chcoreasm_v7m.o
                                                  /tmp/ccaez85s.ltrans6.ltrans.o
_textdata                                         /tmp/ccaez85s.ltrans8.ltrans.o
_vectors                                          /tmp/ccaez85s.ltrans8.ltrans.o
adc_lld_serve_rx_interrupt.11091                  /tmp/ccaez85s.ltrans4.ltrans.o
                                                  /tmp/ccaez85s.ltrans0.ltrans.o
beaconThread                                      /tmp/ccaez85s.ltrans3.ltrans.o
                                                  /tmp/ccaez85s.ltrans0.ltrans.o
ch                                                /tmp/ccaez85s.ltrans8.ltrans.o
                                                  /tmp/ccaez85s.ltrans7.ltrans.o
                                                  /tmp/ccaez85s.ltrans6.ltrans.o
                                                  /tmp/ccaez85s.ltrans4.ltrans.o
                                                  /tmp/ccaez85s.ltrans3.ltrans.o
                                                  /tmp/ccaez85s.ltrans0.ltrans.o
chCoreAlloc                                       /tmp/ccaez85s.ltrans4.ltrans.o
                                                  /tmp/ccaez85s.ltrans0.ltrans.o
chEvtBroadcastFlagsI                              /tmp/ccaez85s.ltrans4.ltrans.o
                                                  /tmp/ccaez85s.ltrans5.ltrans.o
chMtxLockS                                        /tmp/ccaez85s.ltrans4.ltrans.o
                                                  /tmp/ccaez85s.ltrans3.ltrans.o
                                                  /tmp/ccaez85s.ltrans0.ltrans.o
chMtxUnlock                                       /tmp/ccaez85s.ltrans6.ltrans.o
                                                  /tmp/ccaez85s.ltrans3.ltrans.o
                                                  /tmp/ccaez85s.ltrans0.ltrans.o
chSchDoReschedule                                 /tmp/ccaez85s.ltrans8.ltrans.o
                                                  build/obj/chcoreasm_v7m.o
chSchDoRescheduleAhead                            /tmp/ccaez85s.ltrans4.ltrans.o
                                                  /tmp/ccaez85s.ltrans8.ltrans.o
chSchGoSleepS                                     /tmp/ccaez85s.ltrans4.ltrans.o
                                                  /tmp/ccaez85s.ltrans8.ltrans.o
                                                  /tmp/ccaez85s.ltrans6.ltrans.o
                                                  /tmp/ccaez85s.ltrans3.ltrans.o
chSchGoSleepTimeoutS                              /tmp/ccaez85s.ltrans6.ltrans.o
                                                  /tmp/ccaez85s.ltrans3.ltrans.o
chSchReadyI                                       /tmp/ccaez85s.ltrans4.ltrans.o
                                                  /tmp/ccaez85s.ltrans8.ltrans.o
                                                  /tmp/ccaez85s.ltrans7.ltrans.o
                                                  /tmp/ccaez85s.ltrans5.ltrans.o
                                                  /tmp/ccaez85s.ltrans3.ltrans.o
chSchRescheduleS                                  /tmp/ccaez85s.ltrans4.ltrans.o
                                                  /tmp/ccaez85s.ltrans7.ltrans.o
                                                  /tmp/ccaez85s.ltrans3.ltrans.o
chSchWakeupS.constprop.44                         /tmp/ccaez85s.ltrans7.ltrans.o
                                                  /tmp/ccaez85s.ltrans6.ltrans.o
chTMStartMeasurementX.constprop.31                /tmp/ccaez85s.ltrans7.ltrans.o
                                                  /tmp/ccaez85s.ltrans0.ltrans.o
chTMStopMeasurementX                              /tmp/ccaez85s.ltrans4.ltrans.o
                                                  /tmp/ccaez85s.ltrans0.ltrans.o
chThdCreateStatic                                 /tmp/ccaez85s.ltrans6.ltrans.o
                                                  /tmp/ccaez85s.ltrans0.ltrans.o
chThdExit                                         /tmp/ccaez85s.ltrans8.ltrans.o
                                                  build/obj/chcoreasm_v7m.o
chThdResumeI                                      /tmp/ccaez85s.ltrans4.ltrans.o
                                                  /tmp/ccaez85s.ltrans6.ltrans.o
chThdSleep                                        /tmp/ccaez85s.ltrans6.ltrans.o
                                                  /tmp/ccaez85s.ltrans5.ltrans.o
                                                  /tmp/ccaez85s.ltrans3.ltrans.o
                                                  /tmp/ccaez85s.ltrans1.ltrans.o
                                                  /tmp/ccaez85s.ltrans0.ltrans.o
chThdSleepUntil                                   /tmp/ccaez85s.ltrans6.ltrans.o
                                                  /tmp/ccaez85s.ltrans5.ltrans.o
                                                  /tmp/ccaez85s.ltrans0.ltrans.o
chThdSuspendS                                     /tmp/ccaez85s.ltrans4.ltrans.o
                                                  /tmp/ccaez85s.ltrans6.ltrans.o
                                                  /tmp/ccaez85s.ltrans5.ltrans.o
chprintf.13294.constprop.13                       /tmp/ccaez85s.ltrans7.ltrans.o
                                                  /tmp/ccaez85s.ltrans3.ltrans.o
chprintf.13613.constprop.12                       /tmp/ccaez85s.ltrans7.ltrans.o
                                                  /tmp/ccaez85s.ltrans5.ltrans.o
chprintf.15650                                    /tmp/ccaez85s.ltrans7.ltrans.o
                                                  /tmp/ccaez85s.ltrans5.ltrans.o
chprintf.16311                                    /tmp/ccaez85s.ltrans7.ltrans.o
                                                  /tmp/ccaez85s.ltrans0.ltrans.o
chprintf.16669                                    /tmp/ccaez85s.ltrans7.ltrans.o
                                                  /tmp/ccaez85s.ltrans2.ltrans.o
                                                  /tmp/ccaez85s.ltrans0.ltrans.o
chprintf.17250.constprop.64                       /tmp/ccaez85s.ltrans6.ltrans.o
                                                  /tmp/ccaez85s.ltrans2.ltrans.o
                                                  /tmp/ccaez85s.ltrans0.ltrans.o
chsnprintf                                        /tmp/ccaez85s.ltrans6.ltrans.o
                                                  /tmp/ccaez85s.ltrans2.ltrans.o
                                                  /tmp/ccaez85s.ltrans0.ltrans.o
chvprintf                                         /tmp/ccaez85s.ltrans7.ltrans.o
                                                  /tmp/ccaez85s.ltrans6.ltrans.o
create_chain.12846                                /tmp/ccaez85s.ltrans1.ltrans.o
                                                  /tmp/ccaez85s.ltrans2.ltrans.o
dir_sdi.12831.constprop.54                        /tmp/ccaez85s.ltrans1.ltrans.o
                                                  /tmp/ccaez85s.ltrans2.ltrans.o
disk_read.constprop.56                            /tmp/ccaez85s.ltrans1.ltrans.o
                                                  /tmp/ccaez85s.ltrans2.ltrans.o
disk_status                                       /tmp/ccaez85s.ltrans6.ltrans.o
                                                  /tmp/ccaez85s.ltrans1.ltrans.o
disk_write                                        /tmp/ccaez85s.ltrans1.ltrans.o
                                                  /tmp/ccaez85s.ltrans2.ltrans.o
dmaStreamAllocate                                 /tmp/ccaez85s.ltrans4.ltrans.o
                                                  /tmp/ccaez85s.ltrans7.ltrans.o
                                                  /tmp/ccaez85s.ltrans3.ltrans.o
                                                  /tmp/ccaez85s.ltrans0.ltrans.o
dmaStreamRelease                                  /tmp/ccaez85s.ltrans4.ltrans.o
                                                  /tmp/ccaez85s.ltrans7.ltrans.o
                                                  /tmp/ccaez85s.ltrans3.ltrans.o
dma_isr_redir.10833                               /tmp/ccaez85s.ltrans0.ltrans.o
                                                  /tmp/ccaez85s.ltrans4.ltrans.o
dma_streams_mask.10838                            /tmp/ccaez85s.ltrans0.ltrans.o
                                                  /tmp/ccaez85s.ltrans4.ltrans.o
dummytx.11757                                     /tmp/ccaez85s.ltrans0.ltrans.o
                                                  /tmp/ccaez85s.ltrans6.ltrans.o
endmem.6822                                       /tmp/ccaez85s.ltrans0.ltrans.o
                                                  /tmp/ccaez85s.ltrans4.ltrans.o
f_close                                           /tmp/ccaez85s.ltrans2.ltrans.o
                                                  /tmp/ccaez85s.ltrans0.ltrans.o
f_mount                                           /tmp/ccaez85s.ltrans1.ltrans.o
                                                  /tmp/ccaez85s.ltrans0.ltrans.o
f_write                                           /tmp/ccaez85s.ltrans2.ltrans.o
                                                  /tmp/ccaez85s.ltrans0.ltrans.o
find_volume.12822                                 /tmp/ccaez85s.ltrans1.ltrans.o
                                                  /tmp/ccaez85s.ltrans2.ltrans.o
get.10200                                         /tmp/ccaez85s.ltrans6.ltrans.o
get.13121                                         /tmp/ccaez85s.ltrans7.ltrans.o
                                                  /tmp/ccaez85s.ltrans6.ltrans.o
get_fat.part.6.12827                              /tmp/ccaez85s.ltrans1.ltrans.o
                                                  /tmp/ccaez85s.ltrans2.ltrans.o
get_ldnumber.12784                                /tmp/ccaez85s.ltrans7.ltrans.o
                                                  /tmp/ccaez85s.ltrans1.ltrans.o
gett.10196                                        /tmp/ccaez85s.ltrans6.ltrans.o
gpsRxChar.16029                                   /tmp/ccaez85s.ltrans7.ltrans.o
                                                  /tmp/ccaez85s.ltrans0.ltrans.o
gpsRxEnd.16017                                    /tmp/ccaez85s.ltrans7.ltrans.o
                                                  /tmp/ccaez85s.ltrans0.ltrans.o
gpsRxErr.16020                                    /tmp/ccaez85s.ltrans7.ltrans.o
                                                  /tmp/ccaez85s.ltrans0.ltrans.o
gpsSem                                            /tmp/ccaez85s.ltrans3.ltrans.o
                                                  /tmp/ccaez85s.ltrans7.ltrans.o
gpsThread                                         /tmp/ccaez85s.ltrans3.ltrans.o
                                                  /tmp/ccaez85s.ltrans0.ltrans.o
gpsTxC.16014                                      /tmp/ccaez85s.ltrans7.ltrans.o
                                                  /tmp/ccaez85s.ltrans0.ltrans.o
gpsTxbufEnd.16011                                 /tmp/ccaez85s.ltrans7.ltrans.o
                                                  /tmp/ccaez85s.ltrans0.ltrans.o
i2c_lld_serve_error_interrupt.11412               /tmp/ccaez85s.ltrans4.ltrans.o
                                                  /tmp/ccaez85s.ltrans7.ltrans.o
i2c_lld_serve_event_interrupt.11409               /tmp/ccaez85s.ltrans4.ltrans.o
                                                  /tmp/ccaez85s.ltrans7.ltrans.o
i2c_lld_serve_rx_end_irq.11402                    /tmp/ccaez85s.ltrans6.ltrans.o
                                                  /tmp/ccaez85s.ltrans3.ltrans.o
i2c_lld_serve_tx_end_irq.11398                    /tmp/ccaez85s.ltrans6.ltrans.o
                                                  /tmp/ccaez85s.ltrans3.ltrans.o
i2c_lld_start                                     /tmp/ccaez85s.ltrans3.ltrans.o
                                                  /tmp/ccaez85s.ltrans5.ltrans.o
logfileOpenAppend.constprop.52                    /tmp/ccaez85s.ltrans2.ltrans.o