Archive member included because of file (symbol)

/usr/bin/../lib/gcc/arm-none-eabi/4.8.4/armv7e-m/fpu/libgcc.a(_arm_addsubdf3.o)
                              /tmp/cc9p4gjN.ltrans3.ltrans.o (__aeabi_dsub)
/usr/bin/../lib/gcc/arm-none-eabi/4.8.4/armv7e-m/fpu/libgcc.a(_arm_muldivdf3.o)
                              /tmp/cc9p4gjN.ltrans3.ltrans.o (__aeabi_dmul)
/usr/bin/../lib/gcc/arm-none-eabi/4.8.4/armv7e-m/fpu/libgcc.a(_arm_fixdfsi.o)
                              /tmp/cc9p4gjN.ltrans3.ltrans.o (__aeabi_d2iz)
/usr/bin/../lib/gcc/arm-none-eabi/4.8.4/armv7e-m/fpu/libgcc.a(_arm_truncdfsf2.o)
                              /tmp/cc9p4gjN.ltrans3.ltrans.o (__aeabi_d2f)
/usr/bin/../lib/gcc/arm-none-eabi/4.8.4/../../../../arm-none-eabi/lib/armv7e-m/fpu/libc.a(lib_a-strcpy.o)
                              /tmp/cc9p4gjN.ltrans1.ltrans.o (strcpy)
/usr/bin/../lib/gcc/arm-none-eabi/4.8.4/../../../../arm-none-eabi/lib/armv7e-m/fpu/libc.a(lib_a-strlen.o)
                              /tmp/cc9p4gjN.ltrans0.ltrans.o (strlen)
/usr/bin/../lib/gcc/arm-none-eabi/4.8.4/../../../../arm-none-eabi/lib/armv7e-m/fpu/libc.a(lib_a-strncmp.o)
                              /tmp/cc9p4gjN.ltrans0.ltrans.o (strncmp)

Discarded input sections

 .data          0x0000000000000000        0x0 build/obj/chcoreasm_v7m.o
 .bss           0x0000000000000000        0x0 build/obj/chcoreasm_v7m.o
 .text          0x0000000000000000        0x0 build/obj/crt0.o (symbol from plugin)
 .text          0x0000000000000000        0x0 /tmp/cc9p4gjN.ltrans0.ltrans.o
 .data          0x0000000000000000        0x0 /tmp/cc9p4gjN.ltrans0.ltrans.o
 .bss           0x0000000000000000        0x0 /tmp/cc9p4gjN.ltrans0.ltrans.o
 .text          0x0000000000000000        0x0 /tmp/cc9p4gjN.ltrans1.ltrans.o
 .data          0x0000000000000000        0x0 /tmp/cc9p4gjN.ltrans1.ltrans.o
 .bss           0x0000000000000000        0x0 /tmp/cc9p4gjN.ltrans1.ltrans.o
 .text          0x0000000000000000        0x0 /tmp/cc9p4gjN.ltrans2.ltrans.o
 .data          0x0000000000000000        0x0 /tmp/cc9p4gjN.ltrans2.ltrans.o
 .bss           0x0000000000000000        0x0 /tmp/cc9p4gjN.ltrans2.ltrans.o
 .text          0x0000000000000000        0x0 /tmp/cc9p4gjN.ltrans3.ltrans.o
 .data          0x0000000000000000        0x0 /tmp/cc9p4gjN.ltrans3.ltrans.o
 .bss           0x0000000000000000        0x0 /tmp/cc9p4gjN.ltrans3.ltrans.o
 .text          0x0000000000000000        0x0 /tmp/cc9p4gjN.ltrans4.ltrans.o
 .data          0x0000000000000000        0x0 /tmp/cc9p4gjN.ltrans4.ltrans.o
 .bss           0x0000000000000000        0x0 /tmp/cc9p4gjN.ltrans4.ltrans.o
 .data          0x0000000000000000        0x0 /usr/bin/../lib/gcc/arm-none-eabi/4.8.4/armv7e-m/fpu/libgcc.a(_arm_addsubdf3.o)
 .bss           0x0000000000000000        0x0 /usr/bin/../lib/gcc/arm-none-eabi/4.8.4/armv7e-m/fpu/libgcc.a(_arm_addsubdf3.o)
 .data          0x0000000000000000        0x0 /usr/bin/../lib/gcc/arm-none-eabi/4.8.4/armv7e-m/fpu/libgcc.a(_arm_muldivdf3.o)
 .bss           0x0000000000000000        0x0 /usr/bin/../lib/gcc/arm-none-eabi/4.8.4/armv7e-m/fpu/libgcc.a(_arm_muldivdf3.o)
 .data          0x0000000000000000        0x0 /usr/bin/../lib/gcc/arm-none-eabi/4.8.4/armv7e-m/fpu/libgcc.a(_arm_fixdfsi.o)
 .bss           0x0000000000000000        0x0 /usr/bin/../lib/gcc/arm-none-eabi/4.8.4/armv7e-m/fpu/libgcc.a(_arm_fixdfsi.o)
 .data          0x0000000000000000        0x0 /usr/bin/../lib/gcc/arm-none-eabi/4.8.4/armv7e-m/fpu/libgcc.a(_arm_truncdfsf2.o)
 .bss           0x0000000000000000        0x0 /usr/bin/../lib/gcc/arm-none-eabi/4.8.4/armv7e-m/fpu/libgcc.a(_arm_truncdfsf2.o)
 .text          0x0000000000000000        0x0 /usr/bin/../lib/gcc/arm-none-eabi/4.8.4/../../../../arm-none-eabi/lib/armv7e-m/fpu/libc.a(lib_a-strcpy.o)
 .data          0x0000000000000000        0x0 /usr/bin/../lib/gcc/arm-none-eabi/4.8.4/../../../../arm-none-eabi/lib/armv7e-m/fpu/libc.a(lib_a-strcpy.o)
 .bss           0x0000000000000000        0x0 /usr/bin/../lib/gcc/arm-none-eabi/4.8.4/../../../../arm-none-eabi/lib/armv7e-m/fpu/libc.a(lib_a-strcpy.o)
 .text          0x0000000000000000        0x0 /usr/bin/../lib/gcc/arm-none-eabi/4.8.4/../../../../arm-none-eabi/lib/armv7e-m/fpu/libc.a(lib_a-strlen.o)
 .data          0x0000000000000000        0x0 /usr/bin/../lib/gcc/arm-none-eabi/4.8.4/../../../../arm-none-eabi/lib/armv7e-m/fpu/libc.a(lib_a-strlen.o)
 .bss           0x0000000000000000        0x0 /usr/bin/../lib/gcc/arm-none-eabi/4.8.4/../../../../arm-none-eabi/lib/armv7e-m/fpu/libc.a(lib_a-strlen.o)
 .text          0x0000000000000000        0x0 /usr/bin/../lib/gcc/arm-none-eabi/4.8.4/../../../../arm-none-eabi/lib/armv7e-m/fpu/libc.a(lib_a-strncmp.o)
 .data          0x0000000000000000        0x0 /usr/bin/../lib/gcc/arm-none-eabi/4.8.4/../../../../arm-none-eabi/lib/armv7e-m/fpu/libc.a(lib_a-strncmp.o)
 .bss           0x0000000000000000        0x0 /usr/bin/../lib/gcc/arm-none-eabi/4.8.4/../../../../arm-none-eabi/lib/armv7e-m/fpu/libc.a(lib_a-strncmp.o)
 .text          0x0000000000000000        0x0 build/obj/vectors.o (symbol from plugin)
 .text          0x0000000000000000        0x0 build/obj/chcore.o (symbol from plugin)
 .text          0x0000000000000000        0x0 build/obj/chcore_v7m.o (symbol from plugin)
 .text          0x0000000000000000        0x0 build/obj/chsys.o (symbol from plugin)
 .text          0x0000000000000000        0x0 build/obj/chdebug.o (symbol from plugin)
 .text          0x0000000000000000        0x0 build/obj/chtm.o (symbol from plugin)
 .text          0x0000000000000000        0x0 build/obj/chstats.o (symbol from plugin)
 .text          0x0000000000000000        0x0 build/obj/chschd.o (symbol from plugin)
 .text          0x0000000000000000        0x0 build/obj/chvt.o (symbol from plugin)
 .text          0x0000000000000000        0x0 build/obj/chthreads.o (symbol from plugin)
 .text          0x0000000000000000        0x0 build/obj/chdynamic.o (symbol from plugin)
 .text          0x0000000000000000        0x0 build/obj/chregistry.o (symbol from plugin)
 .text          0x0000000000000000        0x0 build/obj/chsem.o (symbol from plugin)
 .text          0x0000000000000000        0x0 build/obj/chmtx.o (symbol from plugin)
 .text          0x0000000000000000        0x0 build/obj/chcond.o (symbol from plugin)
 .text          0x0000000000000000        0x0 build/obj/chevents.o (symbol from plugin)
 .text          0x0000000000000000        0x0 build/obj/chmsg.o (symbol from plugin)
 .text          0x0000000000000000        0x0 build/obj/chmboxes.o (symbol from plugin)
 .text          0x0000000000000000        0x0 build/obj/chqueues.o (symbol from plugin)
 .text          0x0000000000000000        0x0 build/obj/chmemcore.o (symbol from plugin)
 .text          0x0000000000000000        0x0 build/obj/chheap.o (symbol from plugin)
 .text          0x0000000000000000        0x0 build/obj/chmempools.o (symbol from plugin)
 .text          0x0000000000000000        0x0 build/obj/test.o (symbol from plugin)
 .text          0x0000000000000000        0x0 build/obj/testthd.o (symbol from plugin)
 .text          0x0000000000000000        0x0 build/obj/testsem.o (symbol from plugin)
 .text          0x0000000000000000        0x0 build/obj/testmtx.o (symbol from plugin)
 .text          0x0000000000000000        0x0 build/obj/testmsg.o (symbol from plugin)
 .text          0x0000000000000000        0x0 build/obj/testmbox.o (symbol from plugin)
 .text          0x0000000000000000        0x0 build/obj/testevt.o (symbol from plugin)
 .text          0x0000000000000000        0x0 build/obj/testheap.o (symbol from plugin)
 .text          0x0000000000000000        0x0 build/obj/testpools.o (symbol from plugin)
 .text          0x0000000000000000        0x0 build/obj/testdyn.o (symbol from plugin)
 .text          0x0000000000000000        0x0 build/obj/testqueues.o (symbol from plugin)
 .text          0x0000000000000000        0x0 build/obj/testbmk.o (symbol from plugin)
 .text          0x0000000000000000        0x0 build/obj/hal.o (symbol from plugin)
 .text          0x0000000000000000        0x0 build/obj/hal_queues.o (symbol from plugin)
 .text          0x0000000000000000        0x0 build/obj/hal_mmcsd.o (symbol from plugin)
 .text          0x0000000000000000        0x0 build/obj/adc.o (symbol from plugin)
 .text          0x0000000000000000        0x0 build/obj/can.o (symbol from plugin)
 .text          0x0000000000000000        0x0 build/obj/dac.o (symbol from plugin)
 .text          0x0000000000000000        0x0 build/obj/ext.o (symbol from plugin)
 .text          0x0000000000000000        0x0 build/obj/gpt.o (symbol from plugin)
 .text          0x0000000000000000        0x0 build/obj/i2c.o (symbol from plugin)
 .text          0x0000000000000000        0x0 build/obj/i2s.o (symbol from plugin)
 .text          0x0000000000000000        0x0 build/obj/icu.o (symbol from plugin)
 .text          0x0000000000000000        0x0 build/obj/mac.o (symbol from plugin)
 .text          0x0000000000000000        0x0 build/obj/mmc_spi.o (symbol from plugin)
 .text          0x0000000000000000        0x0 build/obj/pal.o (symbol from plugin)
 .text          0x0000000000000000        0x0 build/obj/pwm.o (symbol from plugin)
 .text          0x0000000000000000        0x0 build/obj/rtc.o (symbol from plugin)
 .text          0x0000000000000000        0x0 build/obj/sdc.o (symbol from plugin)
 .text          0x0000000000000000        0x0 build/obj/serial.o (symbol from plugin)
 .text          0x0000000000000000        0x0 build/obj/serial_usb.o (symbol from plugin)
 .text          0x0000000000000000        0x0 build/obj/spi.o (symbol from plugin)
 .text          0x0000000000000000        0x0 build/obj/st.o (symbol from plugin)
 .text          0x0000000000000000        0x0 build/obj/uart.o (symbol from plugin)
 .text          0x0000000000000000        0x0 build/obj/usb.o (symbol from plugin)
 .text          0x0000000000000000        0x0 build/obj/osal.o (symbol from plugin)
 .text          0x0000000000000000        0x0 build/obj/nvic.o (symbol from plugin)
 .text          0x0000000000000000        0x0 build/obj/stm32_dma.o (symbol from plugin)
 .text          0x0000000000000000        0x0 build/obj/hal_lld.o (symbol from plugin)
 .text          0x0000000000000000        0x0 build/obj/adc_lld.o (symbol from plugin)
 .text          0x0000000000000000        0x0 build/obj/ext_lld_isr.o (symbol from plugin)
 .text          0x0000000000000000        0x0 build/obj/can_lld.o (symbol from plugin)
 .text          0x0000000000000000        0x0 build/obj/ext_lld.o (symbol from plugin)
 .text          0x0000000000000000        0x0 build/obj/mac_lld.o (symbol from plugin)
 .text          0x0000000000000000        0x0 build/obj/sdc_lld.o (symbol from plugin)
 .text          0x0000000000000000        0x0 build/obj/dac_lld.o (symbol from plugin)
 .text          0x0000000000000000        0x0 build/obj/pal_lld.o (symbol from plugin)
 .text          0x0000000000000000        0x0 build/obj/i2c_lld.o (symbol from plugin)
 .text          0x0000000000000000        0x0 build/obj/usb_lld.o (symbol from plugin)
 .text          0x0000000000000000        0x0 build/obj/rtc_lld.o (symbol from plugin)
 .text          0x0000000000000000        0x0 build/obj/i2s_lld.o (symbol from plugin)
 .text          0x0000000000000000        0x0 build/obj/spi_lld.o (symbol from plugin)
 .text          0x0000000000000000        0x0 build/obj/gpt_lld.o (symbol from plugin)
 .text          0x0000000000000000        0x0 build/obj/icu_lld.o (symbol from plugin)
 .text          0x0000000000000000        0x0 build/obj/pwm_lld.o (symbol from plugin)
 .text          0x0000000000000000        0x0 build/obj/st_lld.o (symbol from plugin)
 .text          0x0000000000000000        0x0 build/obj/serial_lld.o (symbol from plugin)
 .text          0x0000000000000000        0x0 build/obj/uart_lld.o (symbol from plugin)
 .text          0x0000000000000000        0x0 build/obj/board.o (symbol from plugin)
 .text          0x0000000000000000        0x0 build/obj/fatfs_diskio.o (symbol from plugin)
 .text          0x0000000000000000        0x0 build/obj/fatfs_syscall.o (symbol from plugin)
 .text          0x0000000000000000        0x0 build/obj/ff.o (symbol from plugin)
 .text          0x0000000000000000        0x0 build/obj/unicode.o (symbol from plugin)
 .text          0x0000000000000000        0x0 build/obj/chprintf.o (symbol from plugin)
 .text          0x0000000000000000        0x0 build/obj/memstreams.o (symbol from plugin)
 .text          0x0000000000000000        0x0 build/obj/i2c_sensor.o (symbol from plugin)
 .text          0x0000000000000000        0x0 build/obj/bmp280.o (symbol from plugin)
 .text          0x0000000000000000        0x0 build/obj/si70x0.o (symbol from plugin)
 .text          0x0000000000000000        0x0 build/obj/ms5607.o (symbol from plugin)
 .text          0x0000000000000000        0x0 build/obj/hih6030.o (symbol from plugin)
 .text          0x0000000000000000        0x0 build/obj/lsm303.o (symbol from plugin)
 .text          0x0000000000000000        0x0 build/obj/rfm23bp.o (symbol from plugin)
 .text          0x0000000000000000        0x0 build/obj/rtd.o (symbol from plugin)
 .text          0x0000000000000000        0x0 build/obj/tmp275.o (symbol from plugin)
 .text          0x0000000000000000        0x0 build/obj/mpxm2102.o (symbol from plugin)
 .text          0x0000000000000000        0x0 build/obj/datasample.o (symbol from plugin)
 .text          0x0000000000000000        0x0 build/obj/sensor_thread.o (symbol from plugin)
 .text          0x0000000000000000        0x0 build/obj/ustr.o (symbol from plugin)
 .text          0x0000000000000000        0x0 build/obj/umath.o (symbol from plugin)
 .text          0x0000000000000000        0x0 build/obj/gps.o (symbol from plugin)
 .text          0x0000000000000000        0x0 build/obj/sdmmcsimple.o (symbol from plugin)
 .text          0x0000000000000000        0x0 build/obj/datalogger.o (symbol from plugin)
 .text          0x0000000000000000        0x0 build/obj/main.o (symbol from plugin)

Memory Configuration

Name             Origin             Length             Attributes
flash            0x0000000008000000 0x0000000000040000
ram              0x0000000020000000 0x0000000000010000
*default*        0x0000000000000000 0xffffffffffffffff

Linker script and memory map

LOAD build/obj/chcoreasm_v7m.o
LOAD build/obj/crt0.o
LOAD /tmp/cc9p4gjN.ltrans0.ltrans.o
LOAD /tmp/cc9p4gjN.ltrans1.ltrans.o
LOAD /tmp/cc9p4gjN.ltrans2.ltrans.o
LOAD /tmp/cc9p4gjN.ltrans3.ltrans.o
LOAD /tmp/cc9p4gjN.ltrans4.ltrans.o
LOAD /usr/bin/../lib/gcc/arm-none-eabi/4.8.4/armv7e-m/fpu/libgcc.a
LOAD /usr/bin/../lib/gcc/arm-none-eabi/4.8.4/../../../../arm-none-eabi/lib/armv7e-m/fpu/libc.a
LOAD build/obj/vectors.o
LOAD build/obj/chcore.o
LOAD build/obj/chcore_v7m.o
LOAD build/obj/chsys.o
LOAD build/obj/chdebug.o
LOAD build/obj/chtm.o
LOAD build/obj/chstats.o
LOAD build/obj/chschd.o
LOAD build/obj/chvt.o
LOAD build/obj/chthreads.o
LOAD build/obj/chdynamic.o
LOAD build/obj/chregistry.o
LOAD build/obj/chsem.o
LOAD build/obj/chmtx.o
LOAD build/obj/chcond.o
LOAD build/obj/chevents.o
LOAD build/obj/chmsg.o
LOAD build/obj/chmboxes.o
LOAD build/obj/chqueues.o
LOAD build/obj/chmemcore.o
LOAD build/obj/chheap.o
LOAD build/obj/chmempools.o
LOAD build/obj/test.o
LOAD build/obj/testthd.o
LOAD build/obj/testsem.o
LOAD build/obj/testmtx.o
LOAD build/obj/testmsg.o
LOAD build/obj/testmbox.o
LOAD build/obj/testevt.o
LOAD build/obj/testheap.o
LOAD build/obj/testpools.o
LOAD build/obj/testdyn.o
LOAD build/obj/testqueues.o
LOAD build/obj/testbmk.o
LOAD build/obj/hal.o
LOAD build/obj/hal_queues.o
LOAD build/obj/hal_mmcsd.o
LOAD build/obj/adc.o
LOAD build/obj/can.o
LOAD build/obj/dac.o
LOAD build/obj/ext.o
LOAD build/obj/gpt.o
LOAD build/obj/i2c.o
LOAD build/obj/i2s.o
LOAD build/obj/icu.o
LOAD build/obj/mac.o
LOAD build/obj/mmc_spi.o
LOAD build/obj/pal.o
LOAD build/obj/pwm.o
LOAD build/obj/rtc.o
LOAD build/obj/sdc.o
LOAD build/obj/serial.o
LOAD build/obj/serial_usb.o
LOAD build/obj/spi.o
LOAD build/obj/st.o
LOAD build/obj/uart.o
LOAD build/obj/usb.o
LOAD build/obj/osal.o
LOAD build/obj/nvic.o
LOAD build/obj/stm32_dma.o
LOAD build/obj/hal_lld.o
LOAD build/obj/adc_lld.o
LOAD build/obj/ext_lld_isr.o
LOAD build/obj/can_lld.o
LOAD build/obj/ext_lld.o
LOAD build/obj/mac_lld.o
LOAD build/obj/sdc_lld.o
LOAD build/obj/dac_lld.o
LOAD build/obj/pal_lld.o
LOAD build/obj/i2c_lld.o
LOAD build/obj/usb_lld.o
LOAD build/obj/rtc_lld.o
LOAD build/obj/i2s_lld.o
LOAD build/obj/spi_lld.o
LOAD build/obj/gpt_lld.o
LOAD build/obj/icu_lld.o
LOAD build/obj/pwm_lld.o
LOAD build/obj/st_lld.o
LOAD build/obj/serial_lld.o
LOAD build/obj/uart_lld.o
LOAD build/obj/board.o
LOAD build/obj/fatfs_diskio.o
LOAD build/obj/fatfs_syscall.o
LOAD build/obj/ff.o
LOAD build/obj/unicode.o
LOAD build/obj/chprintf.o
LOAD build/obj/memstreams.o
LOAD build/obj/i2c_sensor.o
LOAD build/obj/bmp280.o
LOAD build/obj/si70x0.o
LOAD build/obj/ms5607.o
LOAD build/obj/hih6030.o
LOAD build/obj/lsm303.o
LOAD build/obj/rfm23bp.o
LOAD build/obj/rtd.o
LOAD build/obj/tmp275.o
LOAD build/obj/mpxm2102.o
LOAD build/obj/datasample.o
LOAD build/obj/sensor_thread.o
LOAD build/obj/ustr.o
LOAD build/obj/umath.o
LOAD build/obj/gps.o
LOAD build/obj/sdmmcsimple.o
LOAD build/obj/datalogger.o
LOAD build/obj/main.o
                0x0000000020000000                __ram_start__ = ORIGIN (ram)
                0x0000000000010000                __ram_size__ = 0x10000
                0x0000000020010000                __ram_end__ = (__ram_start__ + __ram_size__)
                0x0000000000000000                . = 0x0
                0x0000000000000000                _text = .

startup         0x0000000008000000      0x1c0
 *(vectors)
 vectors        0x0000000008000000      0x1c0 /tmp/cc9p4gjN.ltrans4.ltrans.o
                0x0000000008000000                _vectors

constructors    0x00000000080001c0        0x0
                0x00000000080001c0                PROVIDE (__init_array_start, .)
 *(SORT(.init_array.*))
 *(.init_array)
                0x00000000080001c0                PROVIDE (__init_array_end, .)

destructors     0x00000000080001c0        0x0
                0x00000000080001c0                PROVIDE (__fini_array_start, .)
 *(.fini_array)
 *(SORT(.fini_array.*))
                0x00000000080001c0                PROVIDE (__fini_array_end, .)

.text           0x00000000080001c0     0x459c
 *(.text.startup.*)
 .text.startup.main
                0x00000000080001c0      0x850 /tmp/cc9p4gjN.ltrans1.ltrans.o
                0x00000000080001c0                main
 *(.text)
 .text          0x0000000008000a10       0x2e build/obj/chcoreasm_v7m.o
                0x0000000008000a10                _port_switch
                0x0000000008000a28                _port_thread_start
                0x0000000008000a36                _port_switch_from_isr
                0x0000000008000a3a                _port_exit_from_isr
 *fill*         0x0000000008000a3e        0x2 
 .text          0x0000000008000a40      0x370 /usr/bin/../lib/gcc/arm-none-eabi/4.8.4/armv7e-m/fpu/libgcc.a(_arm_addsubdf3.o)
                0x0000000008000a40                __aeabi_drsub
                0x0000000008000a48                __aeabi_dsub
                0x0000000008000a48                __subdf3
                0x0000000008000a4c                __adddf3
                0x0000000008000a4c                __aeabi_dadd
                0x0000000008000cc4                __aeabi_ui2d
                0x0000000008000cc4                __floatunsidf
                0x0000000008000ce4                __floatsidf
                0x0000000008000ce4                __aeabi_i2d
                0x0000000008000d08                __extendsfdf2
                0x0000000008000d08                __aeabi_f2d
                0x0000000008000d44                __aeabi_ul2d
                0x0000000008000d44                __floatundidf
                0x0000000008000d54                __floatdidf
                0x0000000008000d54                __aeabi_l2d
 .text          0x0000000008000db0      0x424 /usr/bin/../lib/gcc/arm-none-eabi/4.8.4/armv7e-m/fpu/libgcc.a(_arm_muldivdf3.o)
                0x0000000008000db0                __aeabi_dmul
                0x0000000008000db0                __muldf3
                0x0000000008001004                __aeabi_ddiv
                0x0000000008001004                __divdf3
 *fill*         0x00000000080011d4        0xc 
 .text          0x00000000080011e0       0x50 /usr/bin/../lib/gcc/arm-none-eabi/4.8.4/armv7e-m/fpu/libgcc.a(_arm_fixdfsi.o)
                0x00000000080011e0                __fixdfsi
                0x00000000080011e0                __aeabi_d2iz
 .text          0x0000000008001230       0xa0 /usr/bin/../lib/gcc/arm-none-eabi/4.8.4/armv7e-m/fpu/libgcc.a(_arm_truncdfsf2.o)
                0x0000000008001230                __aeabi_d2f
                0x0000000008001230                __truncdfsf2
 *(.text.*)
 .text.i2c_lld_serve_tx_end_irq.11398.4336
                0x00000000080012d0       0x50 /tmp/cc9p4gjN.ltrans0.ltrans.o
 .text.uart_lld_serve_rx_end_irq.12164
                0x0000000008001320       0x90 /tmp/cc9p4gjN.ltrans0.ltrans.o
                0x0000000008001320                uart_lld_serve_rx_end_irq.12164
 .text.uart_lld_serve_tx_end_irq.12160
                0x00000000080013b0       0x60 /tmp/cc9p4gjN.ltrans0.ltrans.o
                0x00000000080013b0                uart_lld_serve_tx_end_irq.12160
 .text.gpsThread
                0x0000000008001410      0x3f0 /tmp/cc9p4gjN.ltrans0.ltrans.o
                0x0000000008001410                gpsThread
 .text.VectorB0
                0x0000000008001800       0x90 /tmp/cc9p4gjN.ltrans0.ltrans.o
                0x0000000008001800                VectorB0
 .text.chIQGetTimeout.4481
                0x0000000008001890       0x50 /tmp/cc9p4gjN.ltrans0.ltrans.o
 .text.gett.10196
                0x00000000080018e0       0x10 /tmp/cc9p4gjN.ltrans0.ltrans.o
                0x00000000080018e0                gett.10196
 .text.get.10200
                0x00000000080018f0       0x10 /tmp/cc9p4gjN.ltrans0.ltrans.o
                0x00000000080018f0                get.10200
 .text.chIQReadTimeout.4496
                0x0000000008001900       0x80 /tmp/cc9p4gjN.ltrans0.ltrans.o
 .text.readt.10173
                0x0000000008001980       0x10 /tmp/cc9p4gjN.ltrans0.ltrans.o
                0x0000000008001980                readt.10173
 .text.read.10180
                0x0000000008001990       0x10 /tmp/cc9p4gjN.ltrans0.ltrans.o
                0x0000000008001990                read.10180
 .text.chOQPutTimeout.4511
                0x00000000080019a0       0x50 /tmp/cc9p4gjN.ltrans0.ltrans.o
 .text.putt.10203
                0x00000000080019f0       0x10 /tmp/cc9p4gjN.ltrans0.ltrans.o
                0x00000000080019f0                putt.10203
 .text.put.10208
                0x0000000008001a00       0x10 /tmp/cc9p4gjN.ltrans0.ltrans.o
                0x0000000008001a00                put.10208
 .text.chOQWriteTimeout.4530
                0x0000000008001a10       0x80 /tmp/cc9p4gjN.ltrans0.ltrans.o
 .text.writet.10185
                0x0000000008001a90       0x10 /tmp/cc9p4gjN.ltrans0.ltrans.o
                0x0000000008001a90                writet.10185
 .text.write.10191
                0x0000000008001aa0       0x10 /tmp/cc9p4gjN.ltrans0.ltrans.o
                0x0000000008001aa0                write.10191
 .text.I2CSensor_transact
                0x0000000008001ab0      0x130 /tmp/cc9p4gjN.ltrans0.ltrans.o
                0x0000000008001ab0                I2CSensor_transact
 .text.sd_lld_start
                0x0000000008001be0       0xd0 /tmp/cc9p4gjN.ltrans0.ltrans.o
                0x0000000008001be0                sd_lld_start
 .text.i2cStart
                0x0000000008001cb0      0x220 /tmp/cc9p4gjN.ltrans0.ltrans.o
                0x0000000008001cb0                i2cStart
 .text.chThdSleep
                0x0000000008001ed0       0x20 /tmp/cc9p4gjN.ltrans0.ltrans.o
                0x0000000008001ed0                chThdSleep
 .text.chThdSleepUntil
                0x0000000008001ef0       0x20 /tmp/cc9p4gjN.ltrans0.ltrans.o
                0x0000000008001ef0                chThdSleepUntil
 .text.serve_interrupt.12020.4582
                0x0000000008001f10      0x1a0 /tmp/cc9p4gjN.ltrans1.ltrans.o
 .text.Vector15C
                0x00000000080020b0       0x20 /tmp/cc9p4gjN.ltrans1.ltrans.o
                0x00000000080020b0                Vector15C
 .text.VectorD8
                0x00000000080020d0       0x20 /tmp/cc9p4gjN.ltrans1.ltrans.o
                0x00000000080020d0                VectorD8
 .text.I2CSensor_transact_buf
                0x00000000080020f0       0x20 /tmp/cc9p4gjN.ltrans1.ltrans.o
                0x00000000080020f0                I2CSensor_transact_buf
 .text.si70x0_init
                0x0000000008002110       0x90 /tmp/cc9p4gjN.ltrans1.ltrans.o
                0x0000000008002110                si70x0_init
 .text.si70x0_heaterEnable
                0x00000000080021a0       0x50 /tmp/cc9p4gjN.ltrans1.ltrans.o
                0x00000000080021a0                si70x0_heaterEnable
 .text.si70x0_readTemperature
                0x00000000080021f0       0x60 /tmp/cc9p4gjN.ltrans1.ltrans.o
                0x00000000080021f0                si70x0_readTemperature
 .text.si70x0_readHumidity
                0x0000000008002250       0x70 /tmp/cc9p4gjN.ltrans1.ltrans.o
                0x0000000008002250                si70x0_readHumidity
 .text.adc_lld_stop_conversion.4261
                0x00000000080022c0       0x40 /tmp/cc9p4gjN.ltrans2.ltrans.o
 .text.chCoreAlloc
                0x0000000008002300       0x40 /tmp/cc9p4gjN.ltrans2.ltrans.o
                0x0000000008002300                chCoreAlloc
 .text.wakeup.4718
                0x0000000008002340       0x70 /tmp/cc9p4gjN.ltrans2.ltrans.o
                0x0000000008002340                wakeup.4718
 .text._idle_thread.4338
                0x00000000080023b0       0x20 /tmp/cc9p4gjN.ltrans2.ltrans.o
                0x00000000080023b0                _idle_thread.4338
 .text.SVC_Handler
                0x00000000080023d0       0x20 /tmp/cc9p4gjN.ltrans2.ltrans.o
                0x00000000080023d0                SVC_Handler
 .text._pal_lld_setgroupmode
                0x00000000080023f0       0xd0 /tmp/cc9p4gjN.ltrans2.ltrans.o
                0x00000000080023f0                _pal_lld_setgroupmode
 .text.dmaStreamRelease
                0x00000000080024c0       0x70 /tmp/cc9p4gjN.ltrans2.ltrans.o
                0x00000000080024c0                dmaStreamRelease
 .text.dmaStreamAllocate
                0x0000000008002530       0xc0 /tmp/cc9p4gjN.ltrans2.ltrans.o
                0x0000000008002530                dmaStreamAllocate
 .text.chSchDoRescheduleAhead
                0x00000000080025f0       0x40 /tmp/cc9p4gjN.ltrans2.ltrans.o
                0x00000000080025f0                chSchDoRescheduleAhead
 .text.chSchRescheduleS
                0x0000000008002630       0x20 /tmp/cc9p4gjN.ltrans2.ltrans.o
                0x0000000008002630                chSchRescheduleS
 .text.chSchGoSleepS
                0x0000000008002650       0x30 /tmp/cc9p4gjN.ltrans2.ltrans.o
                0x0000000008002650                chSchGoSleepS
 .text._port_irq_epilogue
                0x0000000008002680       0x70 /tmp/cc9p4gjN.ltrans2.ltrans.o
                0x0000000008002680                _port_irq_epilogue
 .text.Vector158
                0x00000000080026f0       0x30 /tmp/cc9p4gjN.ltrans2.ltrans.o
                0x00000000080026f0                Vector158
 .text.Vector154
                0x0000000008002720       0x30 /tmp/cc9p4gjN.ltrans2.ltrans.o
                0x0000000008002720                Vector154
 .text.Vector150
                0x0000000008002750       0x30 /tmp/cc9p4gjN.ltrans2.ltrans.o
                0x0000000008002750                Vector150
 .text.Vector130
                0x0000000008002780       0x30 /tmp/cc9p4gjN.ltrans2.ltrans.o
                0x0000000008002780                Vector130
 .text.Vector12C
                0x00000000080027b0       0x30 /tmp/cc9p4gjN.ltrans2.ltrans.o
                0x00000000080027b0                Vector12C
 .text.Vector128
                0x00000000080027e0       0x30 /tmp/cc9p4gjN.ltrans2.ltrans.o
                0x00000000080027e0                Vector128
 .text.Vector124
                0x0000000008002810       0x30 /tmp/cc9p4gjN.ltrans2.ltrans.o
                0x0000000008002810                Vector124
 .text.Vector120
                0x0000000008002840       0x30 /tmp/cc9p4gjN.ltrans2.ltrans.o
                0x0000000008002840                Vector120
 .text.VectorFC
                0x0000000008002870       0x30 /tmp/cc9p4gjN.ltrans2.ltrans.o
                0x0000000008002870                VectorFC
 .text.Vector84
                0x00000000080028a0       0x30 /tmp/cc9p4gjN.ltrans2.ltrans.o
                0x00000000080028a0                Vector84
 .text.Vector80
                0x00000000080028d0       0x30 /tmp/cc9p4gjN.ltrans2.ltrans.o
                0x00000000080028d0                Vector80
 .text.Vector7C
                0x0000000008002900       0x30 /tmp/cc9p4gjN.ltrans2.ltrans.o
                0x0000000008002900                Vector7C
 .text.Vector78
                0x0000000008002930       0x30 /tmp/cc9p4gjN.ltrans2.ltrans.o
                0x0000000008002930                Vector78
 .text.Vector74
                0x0000000008002960       0x30 /tmp/cc9p4gjN.ltrans2.ltrans.o
                0x0000000008002960                Vector74
 .text.Vector70
                0x0000000008002990       0x30 /tmp/cc9p4gjN.ltrans2.ltrans.o
                0x0000000008002990                Vector70
 .text.Vector6C
                0x00000000080029c0       0x30 /tmp/cc9p4gjN.ltrans2.ltrans.o
                0x00000000080029c0                Vector6C
 .text.chSchReadyI
                0x00000000080029f0       0x30 /tmp/cc9p4gjN.ltrans2.ltrans.o
                0x00000000080029f0                chSchReadyI
 .text.chEvtBroadcastFlagsI
                0x0000000008002a20       0x60 /tmp/cc9p4gjN.ltrans2.ltrans.o
                0x0000000008002a20                chEvtBroadcastFlagsI
 .text.chMtxLockS
                0x0000000008002a80       0xd0 /tmp/cc9p4gjN.ltrans2.ltrans.o
                0x0000000008002a80                chMtxLockS
 .text.chThdResumeI
                0x0000000008002b50       0x20 /tmp/cc9p4gjN.ltrans2.ltrans.o
                0x0000000008002b50                chThdResumeI
 .text.i2c_lld_serve_error_interrupt.11412
                0x0000000008002b70       0xb0 /tmp/cc9p4gjN.ltrans2.ltrans.o
                0x0000000008002b70                i2c_lld_serve_error_interrupt.11412
 .text.i2c_lld_serve_event_interrupt.11409
                0x0000000008002c20      0x100 /tmp/cc9p4gjN.ltrans2.ltrans.o
                0x0000000008002c20                i2c_lld_serve_event_interrupt.11409
 .text.Vector88
                0x0000000008002d20       0x70 /tmp/cc9p4gjN.ltrans2.ltrans.o
                0x0000000008002d20                Vector88
 .text.adc_lld_serve_rx_interrupt.11091
                0x0000000008002d90       0xd0 /tmp/cc9p4gjN.ltrans2.ltrans.o
                0x0000000008002d90                adc_lld_serve_rx_interrupt.11091
 .text.chTMStopMeasurementX
                0x0000000008002e60       0x50 /tmp/cc9p4gjN.ltrans2.ltrans.o
                0x0000000008002e60                chTMStopMeasurementX
 .text._unhandled_exception.4397
                0x0000000008002eb0       0x10 /tmp/cc9p4gjN.ltrans2.ltrans.o
                0x0000000008002eb0                Vector58
                0x0000000008002eb0                VectorE8
                0x0000000008002eb0                Vector9C
                0x0000000008002eb0                VectorAC
                0x0000000008002eb0                DebugMon_Handler
                0x0000000008002eb0                Vector1A0
                0x0000000008002eb0                Vector5C
                0x0000000008002eb0                Vector11C
                0x0000000008002eb0                HardFault_Handler
                0x0000000008002eb0                Vector1B8
                0x0000000008002eb0                Vector19C
                0x0000000008002eb0                Vector8C
                0x0000000008002eb0                SysTick_Handler
                0x0000000008002eb0                VectorDC
                0x0000000008002eb0                PendSV_Handler
                0x0000000008002eb0                Vector168
                0x0000000008002eb0                NMI_Handler
                0x0000000008002eb0                Vector110
                0x0000000008002eb0                VectorC8
                0x0000000008002eb0                Vector94
                0x0000000008002eb0                VectorA8
                0x0000000008002eb0                VectorB4
                0x0000000008002eb0                Vector1B0
                0x0000000008002eb0                UsageFault_Handler
                0x0000000008002eb0                VectorEC
                0x0000000008002eb0                Vector40
                0x0000000008002eb0                VectorF8
                0x0000000008002eb0                Vector108
                0x0000000008002eb0                Vector190
                0x0000000008002eb0                Vector148
                0x0000000008002eb0                Vector188
                0x0000000008002eb0                Vector198
                0x0000000008002eb0                Vector118
                0x0000000008002eb0                Vector64
                0x0000000008002eb0                VectorCC
                0x0000000008002eb0                Vector54
                0x0000000008002eb0                Vector98
                0x0000000008002eb0                Vector138
                0x0000000008002eb0                Vector24
                0x0000000008002eb0                Vector1AC
                0x0000000008002eb0                Vector178
                0x0000000008002eb0                Vector1A4
                0x0000000008002eb0                VectorD0
                0x0000000008002eb0                Vector1B4
                0x0000000008002eb0                Vector140
                0x0000000008002eb0                VectorE4
                0x0000000008002eb0                Vector134
                0x0000000008002eb0                VectorF0
                0x0000000008002eb0                Vector13C
                0x0000000008002eb0                Vector100
                0x0000000008002eb0                VectorE0
                0x0000000008002eb0                VectorF4
                0x0000000008002eb0                MemManage_Handler
                0x0000000008002eb0                VectorA0
                0x0000000008002eb0                VectorC4
                0x0000000008002eb0                Vector180
                0x0000000008002eb0                Vector90
                0x0000000008002eb0                Vector114
                0x0000000008002eb0                Vector60
                0x0000000008002eb0                Vector1C
                0x0000000008002eb0                Vector1BC
                0x0000000008002eb0                Vector17C
                0x0000000008002eb0                Vector48
                0x0000000008002eb0                Vector1A8
                0x0000000008002eb0                Vector16C
                0x0000000008002eb0                Vector4C
                0x0000000008002eb0                Vector144
                0x0000000008002eb0                Vector68
                0x0000000008002eb0                Vector170
                0x0000000008002eb0                Vector104
                0x0000000008002eb0                Vector184
                0x0000000008002eb0                Vector10C
                0x0000000008002eb0                Vector14C
                0x0000000008002eb0                BusFault_Handler
                0x0000000008002eb0                Vector50
                0x0000000008002eb0                Vector194
                0x0000000008002eb0                Vector44
                0x0000000008002eb0                Vector28
                0x0000000008002eb0                VectorB8
                0x0000000008002eb0                Vector34
                0x0000000008002eb0                VectorA4
                0x0000000008002eb0                Vector20
                0x0000000008002eb0                Vector18C
                0x0000000008002eb0                Vector174
 .text.gpsRxErr.15796
                0x0000000008002ec0       0x10 /tmp/cc9p4gjN.ltrans3.ltrans.o
                0x0000000008002ec0                gpsRxErr.15796
 .text.gpsRxEnd.15793
                0x0000000008002ed0       0x10 /tmp/cc9p4gjN.ltrans3.ltrans.o
                0x0000000008002ed0                gpsRxEnd.15793
 .text.gpsTxC.15790
                0x0000000008002ee0       0x10 /tmp/cc9p4gjN.ltrans3.ltrans.o
                0x0000000008002ee0                gpsTxC.15790
 .text.gpsTxbufEnd.15787
                0x0000000008002ef0       0x10 /tmp/cc9p4gjN.ltrans3.ltrans.o
                0x0000000008002ef0                gpsTxbufEnd.15787
 .text.long_to_string_with_divisor.13048.4490
                0x0000000008002f00       0x50 /tmp/cc9p4gjN.ltrans3.ltrans.o
 .text.chvprintf.constprop.39.4363
                0x0000000008002f50      0x390 /tmp/cc9p4gjN.ltrans3.ltrans.o
 .text.notify6.12010
                0x00000000080032e0       0x10 /tmp/cc9p4gjN.ltrans3.ltrans.o
                0x00000000080032e0                notify6.12010
 .text.notify2.12013
                0x00000000080032f0       0x10 /tmp/cc9p4gjN.ltrans3.ltrans.o
                0x00000000080032f0                notify2.12013
 .text.chSchWakeupS.constprop.37.4386
                0x0000000008003300       0x60 /tmp/cc9p4gjN.ltrans3.ltrans.o
 .text.i2c_lld_serve_rx_end_irq.11402
                0x0000000008003360       0x70 /tmp/cc9p4gjN.ltrans3.ltrans.o
                0x0000000008003360                i2c_lld_serve_rx_end_irq.11402
 .text.VectorD4
                0x00000000080033d0       0x70 /tmp/cc9p4gjN.ltrans3.ltrans.o
                0x00000000080033d0                VectorD4
 .text.gpsRxChar.15817
                0x0000000008003440       0x90 /tmp/cc9p4gjN.ltrans3.ltrans.o
                0x0000000008003440                gpsRxChar.15817
 .text.Vector164
                0x00000000080034d0       0x30 /tmp/cc9p4gjN.ltrans3.ltrans.o
                0x00000000080034d0                Vector164
 .text.VectorC0
                0x0000000008003500       0x30 /tmp/cc9p4gjN.ltrans3.ltrans.o
                0x0000000008003500                VectorC0
 .text.Vector160
                0x0000000008003530       0x20 /tmp/cc9p4gjN.ltrans3.ltrans.o
                0x0000000008003530                Vector160
 .text.VectorBC
                0x0000000008003550       0x20 /tmp/cc9p4gjN.ltrans3.ltrans.o
                0x0000000008003550                VectorBC
 .text.chSchGoSleepTimeoutS
                0x0000000008003570       0xe0 /tmp/cc9p4gjN.ltrans3.ltrans.o
                0x0000000008003570                chSchGoSleepTimeoutS
 .text.chThdEnqueueTimeoutS
                0x0000000008003650       0x30 /tmp/cc9p4gjN.ltrans3.ltrans.o
                0x0000000008003650                chThdEnqueueTimeoutS
 .text.chprintf.15803.constprop.1
                0x0000000008003680       0x20 /tmp/cc9p4gjN.ltrans3.ltrans.o
                0x0000000008003680                chprintf.15803.constprop.1
 .text.chprintf.15419.constprop.5
                0x00000000080036a0       0x20 /tmp/cc9p4gjN.ltrans3.ltrans.o
                0x00000000080036a0                chprintf.15419.constprop.5
 .text.chprintf.13297.constprop.13
                0x00000000080036c0       0x20 /tmp/cc9p4gjN.ltrans3.ltrans.o
                0x00000000080036c0                chprintf.13297.constprop.13
 .text.I2CSensor_init
                0x00000000080036e0       0x60 /tmp/cc9p4gjN.ltrans3.ltrans.o
                0x00000000080036e0                I2CSensor_init
 .text.chprintf.17024.constprop.38
                0x0000000008003740       0x20 /tmp/cc9p4gjN.ltrans3.ltrans.o
                0x0000000008003740                chprintf.17024.constprop.38
 .text.chThdCreateStatic
                0x0000000008003760       0x80 /tmp/cc9p4gjN.ltrans3.ltrans.o
                0x0000000008003760                chThdCreateStatic
 .text.chMtxUnlock
                0x00000000080037e0       0x60 /tmp/cc9p4gjN.ltrans3.ltrans.o
                0x00000000080037e0                chMtxUnlock
 .text.chTMStartMeasurementX.constprop.31
                0x0000000008003840       0x10 /tmp/cc9p4gjN.ltrans3.ltrans.o
                0x0000000008003840                chTMStartMeasurementX.constprop.31
 .text.sdObjectInit.constprop.26
                0x0000000008003850       0x70 /tmp/cc9p4gjN.ltrans3.ltrans.o
                0x0000000008003850                sdObjectInit.constprop.26
 .text.uStrCpy.constprop.4
                0x00000000080038c0       0x40 /tmp/cc9p4gjN.ltrans3.ltrans.o
                0x00000000080038c0                uStrCpy.constprop.4
 .text.uStrInsertChar.constprop.3
                0x0000000008003900       0x40 /tmp/cc9p4gjN.ltrans3.ltrans.o
                0x0000000008003900                uStrInsertChar.constprop.3
 .text.uStrPrependChar
                0x0000000008003940       0x30 /tmp/cc9p4gjN.ltrans3.ltrans.o
                0x0000000008003940                uStrPrependChar
 .text.boardInit
                0x0000000008003970       0x60 /tmp/cc9p4gjN.ltrans3.ltrans.o
                0x0000000008003970                boardInit
 .text.usart_stop.12171
                0x00000000080039d0       0x50 /tmp/cc9p4gjN.ltrans3.ltrans.o
                0x00000000080039d0                usart_stop.12171
 .text.sensorThread
                0x0000000008003a20      0x650 /tmp/cc9p4gjN.ltrans4.ltrans.o
                0x0000000008003a20                sensorThread
 .text.Reset_Handler
                0x0000000008004070      0x1c0 /tmp/cc9p4gjN.ltrans4.ltrans.o
                0x0000000008004070                Reset_Handler
 .text.chThdExit
                0x0000000008004230       0x50 /tmp/cc9p4gjN.ltrans4.ltrans.o
                0x0000000008004230                chThdExit
 .text.chSchDoReschedule
                0x0000000008004280       0x10 /tmp/cc9p4gjN.ltrans4.ltrans.o
                0x0000000008004280                chSchDoReschedule
 .text.strcpy   0x0000000008004290       0xbc /usr/bin/../lib/gcc/arm-none-eabi/4.8.4/../../../../arm-none-eabi/lib/armv7e-m/fpu/libc.a(lib_a-strcpy.o)
                0x0000000008004290                strcpy
 *fill*         0x000000000800434c        0x4 
 .text.strlen   0x0000000008004350       0x60 /usr/bin/../lib/gcc/arm-none-eabi/4.8.4/../../../../arm-none-eabi/lib/armv7e-m/fpu/libc.a(lib_a-strlen.o)
                0x0000000008004350                strlen
 .text.strncmp  0x00000000080043b0       0xb4 /usr/bin/../lib/gcc/arm-none-eabi/4.8.4/../../../../arm-none-eabi/lib/armv7e-m/fpu/libc.a(lib_a-strncmp.o)
                0x00000000080043b0                strncmp
 *(.rodata)
 *fill*         0x0000000008004464        0xc 
 .rodata        0x0000000008004470        0xc /tmp/cc9p4gjN.ltrans1.ltrans.o
 *fill*         0x000000000800447c        0x4 
 .rodata        0x0000000008004480       0x18 /tmp/cc9p4gjN.ltrans4.ltrans.o
 *(.rodata.*)
 *fill*         0x0000000008004498        0x8 
 .rodata.default_config.12051.4657
                0x00000000080044a0        0xc /tmp/cc9p4gjN.ltrans0.ltrans.o
 *fill*         0x00000000080044ac        0x4 
 .rodata.vmt.10284
                0x00000000080044b0       0x20 /tmp/cc9p4gjN.ltrans0.ltrans.o
                0x00000000080044b0                vmt.10284
 .rodata.str1.4
                0x00000000080044d0       0x49 /tmp/cc9p4gjN.ltrans0.ltrans.o
                                         0x4c (size before relaxing)
 *fill*         0x0000000008004519        0x7 
 .rodata.str1.4
                0x0000000008004520       0x42 /tmp/cc9p4gjN.ltrans1.ltrans.o
                                         0x48 (size before relaxing)
 *fill*         0x0000000008004562        0xe 
 .rodata.ch_debug
                0x0000000008004570       0x18 /tmp/cc9p4gjN.ltrans1.ltrans.o
 *fill*         0x0000000008004588        0x8 
 .rodata._stm32_dma_streams
                0x0000000008004590       0xc0 /tmp/cc9p4gjN.ltrans1.ltrans.o
 .rodata.str1.4
                0x0000000008004650        0x5 /tmp/cc9p4gjN.ltrans2.ltrans.o
                                          0x8 (size before relaxing)
 *fill*         0x0000000008004655        0xb 
 .rodata.str1.4
                0x0000000008004660       0x1f /tmp/cc9p4gjN.ltrans3.ltrans.o
                                         0x38 (size before relaxing)
 *fill*         0x000000000800467f        0x1 
 .rodata.pow10.13099.4637
                0x0000000008004680       0x24 /tmp/cc9p4gjN.ltrans3.ltrans.o
 *fill*         0x00000000080046a4        0xc 
 .rodata.analogGrp.15492.4650
                0x00000000080046b0       0x28 /tmp/cc9p4gjN.ltrans4.ltrans.o
 *fill*         0x00000000080046d8        0x8 
 .rodata.ii2cCfg.15498.4691
                0x00000000080046e0        0xc /tmp/cc9p4gjN.ltrans4.ltrans.o
 *fill*         0x00000000080046ec        0x4 
 .rodata.str1.4
                0x00000000080046f0       0x60 /tmp/cc9p4gjN.ltrans4.ltrans.o
 .rodata.ei2cCfg.15497.4692
                0x0000000008004750        0xc /tmp/cc9p4gjN.ltrans4.ltrans.o
 *(.glue_7t)
 .glue_7t       0x0000000000000000        0x0 linker stubs
 *(.glue_7)
 .glue_7        0x0000000000000000        0x0 linker stubs
 *(.gcc*)

.vfp11_veneer   0x000000000800475c        0x0
 .vfp11_veneer  0x0000000000000000        0x0 linker stubs

.v4_bx          0x000000000800475c        0x0
 .v4_bx         0x0000000000000000        0x0 linker stubs

.iplt           0x000000000800475c        0x0
 .iplt          0x0000000000000000        0x0 build/obj/chcoreasm_v7m.o

.rel.dyn        0x000000000800475c        0x0
 .rel.iplt      0x0000000000000000        0x0 build/obj/chcoreasm_v7m.o

.ARM.extab
 *(.ARM.extab* .gnu.linkonce.armextab.*)

.ARM.exidx      0x000000000800475c        0x0
                0x000000000800475c                PROVIDE (__exidx_start, .)
 *(.ARM.exidx* .gnu.linkonce.armexidx.*)
                0x000000000800475c                PROVIDE (__exidx_end, .)

.eh_frame_hdr
 *(.eh_frame_hdr)

.eh_frame
 *(.eh_frame)

.textalign      0x000000000800475c        0x4
                0x0000000008004760                . = ALIGN (0x8)
 *fill*         0x000000000800475c        0x4 
                0x0000000008004760                . = ALIGN (0x4)
                0x0000000008004760                _etext = .
                0x0000000008004760                _textdata = _etext

.stacks         0x0000000020000000      0x800
                0x0000000020000000                . = ALIGN (0x8)
                0x0000000020000000                __main_stack_base__ = .
                0x0000000020000400                . = (. + __main_stack_size__)
 *fill*         0x0000000020000000      0x400 
                0x0000000020000400                . = ALIGN (0x8)
                0x0000000020000400                __main_stack_end__ = .
                0x0000000020000400                __process_stack_base__ = .
                0x0000000020000400                __main_thread_stack_base__ = .
                0x0000000020000800                . = (. + __process_stack_size__)
 *fill*         0x0000000020000400      0x400 
                0x0000000020000800                . = ALIGN (0x8)
                0x0000000020000800                __process_stack_end__ = .
                0x0000000020000800                __main_thread_stack_end__ = .

.data           0x0000000020000800       0x2c load address 0x0000000008004760
                0x0000000020000800                . = ALIGN (0x4)
                0x0000000020000800                PROVIDE (_data, .)
 *(.data)
 *(.data.*)
 .data.serCfg.17088.4787
                0x0000000020000800        0xc /tmp/cc9p4gjN.ltrans1.ltrans.o
 .data.serGpsCfg.15889.4789
                0x000000002000080c       0x20 /tmp/cc9p4gjN.ltrans1.ltrans.o
 *(.ramtext)
                0x000000002000082c                . = ALIGN (0x4)
                0x000000002000082c                PROVIDE (_edata, .)

.igot.plt       0x000000002000082c        0x0 load address 0x000000000800478c
 .igot.plt      0x0000000000000000        0x0 build/obj/chcoreasm_v7m.o

.bss            0x000000002000082c     0x266c
                0x000000002000082c                . = ALIGN (0x4)
                0x000000002000082c                PROVIDE (_bss_start, .)
 *(.bss)
 *(.bss.*)
 .bss.tokBuf.15891
                0x000000002000082c       0x14 /tmp/cc9p4gjN.ltrans0.ltrans.o
                0x000000002000082c                tokBuf.15891
 .bss.gpsSem    0x0000000020000840        0xc /tmp/cc9p4gjN.ltrans0.ltrans.o
                0x0000000020000840                gpsSem
 .bss.errors.13412.4613
                0x000000002000084c        0x4 /tmp/cc9p4gjN.ltrans0.ltrans.o
 .bss.dma_streams_mask.10838
                0x0000000020000850        0x4 /tmp/cc9p4gjN.ltrans1.ltrans.o
                0x0000000020000850                dma_streams_mask.10838
 .bss.nextmem.6820
                0x0000000020000854        0x4 /tmp/cc9p4gjN.ltrans1.ltrans.o
                0x0000000020000854                nextmem.6820
 .bss.waSensor.17091.4809
                0x0000000020000858     0x1150 /tmp/cc9p4gjN.ltrans1.ltrans.o
 .bss.SD2       0x00000000200019a8      0x458 /tmp/cc9p4gjN.ltrans1.ltrans.o
                0x00000000200019a8                SD2
 .bss.GPS.15890
                0x0000000020001e00      0x140 /tmp/cc9p4gjN.ltrans1.ltrans.o
                0x0000000020001e00                GPS.15890
 .bss.waGps.17092.4807
                0x0000000020001f40      0x658 /tmp/cc9p4gjN.ltrans1.ltrans.o
 .bss.sensCount.13796.4785
                0x0000000020002598        0x1 /tmp/cc9p4gjN.ltrans1.ltrans.o
 *fill*         0x0000000020002599        0x1 
 .bss.dummytx.11757.4784
                0x000000002000259a        0x2 /tmp/cc9p4gjN.ltrans1.ltrans.o
 .bss.dma_isr_redir.10833
                0x000000002000259c       0x80 /tmp/cc9p4gjN.ltrans1.ltrans.o
                0x000000002000259c                dma_isr_redir.10833
 .bss.UARTD1    0x000000002000261c       0x1c /tmp/cc9p4gjN.ltrans1.ltrans.o
                0x000000002000261c                UARTD1
 .bss.SPID3.4791
                0x0000000020002638       0x30 /tmp/cc9p4gjN.ltrans1.ltrans.o
 .bss.default_heap.6947.4896
                0x0000000020002668       0x20 /tmp/cc9p4gjN.ltrans1.ltrans.o
 .bss.endmem.6822
                0x0000000020002688        0x4 /tmp/cc9p4gjN.ltrans1.ltrans.o
                0x0000000020002688                endmem.6822
 .bss.mainthread.6320.4386.4790
                0x000000002000268c       0x44 /tmp/cc9p4gjN.ltrans1.ltrans.o
 .bss._idle_thread_wa.4385.4895
                0x00000000200026d0      0x160 /tmp/cc9p4gjN.ltrans1.ltrans.o
 .bss.sensCount.14334.4646
                0x0000000020002830        0x1 /tmp/cc9p4gjN.ltrans4.ltrans.o
 .bss.sensCount.13594.4644
                0x0000000020002831        0x1 /tmp/cc9p4gjN.ltrans4.ltrans.o
 *fill*         0x0000000020002832        0x2 
 .bss.ADCD1     0x0000000020002834       0x34 /tmp/cc9p4gjN.ltrans4.ltrans.o
                0x0000000020002834                ADCD1
 .bss.SD6       0x0000000020002868      0x458 /tmp/cc9p4gjN.ltrans4.ltrans.o
                0x0000000020002868                SD6
 .bss.DEBUG.15499.4648
                0x0000000020002cc0        0x4 /tmp/cc9p4gjN.ltrans4.ltrans.o
 .bss.sensCount.14736.4647
                0x0000000020002cc4        0x1 /tmp/cc9p4gjN.ltrans4.ltrans.o
 .bss.sensCount.13982.4645
                0x0000000020002cc5        0x1 /tmp/cc9p4gjN.ltrans4.ltrans.o
 *fill*         0x0000000020002cc6        0x2 
 .bss.analogSamples.15493.4651
                0x0000000020002cc8      0x12c /tmp/cc9p4gjN.ltrans4.ltrans.o
 .bss.ch        0x0000000020002df4       0x34 /tmp/cc9p4gjN.ltrans4.ltrans.o
                0x0000000020002df4                ch
 .bss.I2CD1     0x0000000020002e28       0x38 /tmp/cc9p4gjN.ltrans4.ltrans.o
                0x0000000020002e28                I2CD1
 .bss.I2CD3     0x0000000020002e60       0x38 /tmp/cc9p4gjN.ltrans4.ltrans.o
                0x0000000020002e60                I2CD3
 *(COMMON)
                0x0000000020002e98                . = ALIGN (0x4)
                0x0000000020002e98                PROVIDE (_bss_end, .)
                0x0000000020002e98                PROVIDE (end, .)
                0x0000000020002e98                _end = .
                0x0000000020002e98                __heap_base__ = _end
                0x0000000020010000                __heap_end__ = __ram_end__
                0x0000000000000400                __process_stack_size__ = 0x400
                0x0000000000000400                __main_stack_size__ = 0x400
START GROUP
LOAD /usr/bin/../lib/gcc/arm-none-eabi/4.8.4/armv7e-m/fpu/libgcc.a
LOAD /usr/bin/../lib/gcc/arm-none-eabi/4.8.4/../../../../arm-none-eabi/lib/armv7e-m/fpu/libc.a
END GROUP
OUTPUT(build/stribog.elf elf32-littlearm)

.ARM.attributes
                0x0000000000000000       0x35
 .ARM.attributes
                0x0000000000000000       0x25 build/obj/chcoreasm_v7m.o
 .ARM.attributes
                0x0000000000000025       0x37 /tmp/cc9p4gjN.ltrans0.ltrans.o
 .ARM.attributes
                0x000000000000005c       0x37 /tmp/cc9p4gjN.ltrans1.ltrans.o
 .ARM.attributes
                0x0000000000000093       0x37 /tmp/cc9p4gjN.ltrans2.ltrans.o
 .ARM.attributes
                0x00000000000000ca       0x37 /tmp/cc9p4gjN.ltrans3.ltrans.o
 .ARM.attributes
                0x0000000000000101       0x37 /tmp/cc9p4gjN.ltrans4.ltrans.o
 .ARM.attributes
                0x0000000000000138       0x22 /usr/bin/../lib/gcc/arm-none-eabi/4.8.4/armv7e-m/fpu/libgcc.a(_arm_addsubdf3.o)
 .ARM.attributes
                0x000000000000015a       0x22 /usr/bin/../lib/gcc/arm-none-eabi/4.8.4/armv7e-m/fpu/libgcc.a(_arm_muldivdf3.o)
 .ARM.attributes
                0x000000000000017c       0x22 /usr/bin/../lib/gcc/arm-none-eabi/4.8.4/armv7e-m/fpu/libgcc.a(_arm_fixdfsi.o)
 .ARM.attributes
                0x000000000000019e       0x22 /usr/bin/../lib/gcc/arm-none-eabi/4.8.4/armv7e-m/fpu/libgcc.a(_arm_truncdfsf2.o)
 .ARM.attributes
                0x00000000000001c0       0x34 /usr/bin/../lib/gcc/arm-none-eabi/4.8.4/../../../../arm-none-eabi/lib/armv7e-m/fpu/libc.a(lib_a-strcpy.o)
 .ARM.attributes
                0x00000000000001f4       0x34 /usr/bin/../lib/gcc/arm-none-eabi/4.8.4/../../../../arm-none-eabi/lib/armv7e-m/fpu/libc.a(lib_a-strlen.o)
 .ARM.attributes
                0x0000000000000228       0x34 /usr/bin/../lib/gcc/arm-none-eabi/4.8.4/../../../../arm-none-eabi/lib/armv7e-m/fpu/libc.a(lib_a-strncmp.o)

.comment        0x0000000000000000       0x70
 .comment       0x0000000000000000       0x70 /tmp/cc9p4gjN.ltrans0.ltrans.o
                                         0x71 (size before relaxing)
 .comment       0x0000000000000000       0x71 /tmp/cc9p4gjN.ltrans1.ltrans.o
 .comment       0x0000000000000000       0x71 /tmp/cc9p4gjN.ltrans2.ltrans.o
 .comment       0x0000000000000000       0x71 /tmp/cc9p4gjN.ltrans3.ltrans.o
 .comment       0x0000000000000000       0x71 /tmp/cc9p4gjN.ltrans4.ltrans.o

.debug_frame    0x0000000000000000       0x68
 .debug_frame   0x0000000000000000       0x20 /usr/bin/../lib/gcc/arm-none-eabi/4.8.4/../../../../arm-none-eabi/lib/armv7e-m/fpu/libc.a(lib_a-strcpy.o)
 .debug_frame   0x0000000000000020       0x20 /usr/bin/../lib/gcc/arm-none-eabi/4.8.4/../../../../arm-none-eabi/lib/armv7e-m/fpu/libc.a(lib_a-strlen.o)
 .debug_frame   0x0000000000000040       0x28 /usr/bin/../lib/gcc/arm-none-eabi/4.8.4/../../../../arm-none-eabi/lib/armv7e-m/fpu/libc.a(lib_a-strncmp.o)

Cross Reference Table

Symbol                                            File
ADCD1                                             /tmp/cc9p4gjN.ltrans4.ltrans.o
                                                  /tmp/cc9p4gjN.ltrans2.ltrans.o
                                                  /tmp/cc9p4gjN.ltrans1.ltrans.o
BusFault_Handler                                  /tmp/cc9p4gjN.ltrans2.ltrans.o
                                                  /tmp/cc9p4gjN.ltrans4.ltrans.o
DebugMon_Handler                                  /tmp/cc9p4gjN.ltrans2.ltrans.o
                                                  /tmp/cc9p4gjN.ltrans4.ltrans.o
GPS.15890                                         /tmp/cc9p4gjN.ltrans1.ltrans.o
                                                  /tmp/cc9p4gjN.ltrans3.ltrans.o
                                                  /tmp/cc9p4gjN.ltrans0.ltrans.o
HardFault_Handler                                 /tmp/cc9p4gjN.ltrans2.ltrans.o
                                                  /tmp/cc9p4gjN.ltrans4.ltrans.o
I2CD1                                             /tmp/cc9p4gjN.ltrans4.ltrans.o
                                                  /tmp/cc9p4gjN.ltrans3.ltrans.o
                                                  /tmp/cc9p4gjN.ltrans1.ltrans.o
                                                  /tmp/cc9p4gjN.ltrans0.ltrans.o
I2CD3                                             /tmp/cc9p4gjN.ltrans4.ltrans.o
                                                  /tmp/cc9p4gjN.ltrans3.ltrans.o
                                                  /tmp/cc9p4gjN.ltrans1.ltrans.o
                                                  /tmp/cc9p4gjN.ltrans0.ltrans.o
I2CSensor_init                                    /tmp/cc9p4gjN.ltrans3.ltrans.o
                                                  /tmp/cc9p4gjN.ltrans4.ltrans.o
                                                  /tmp/cc9p4gjN.ltrans1.ltrans.o
I2CSensor_transact                                /tmp/cc9p4gjN.ltrans0.ltrans.o
                                                  /tmp/cc9p4gjN.ltrans4.ltrans.o
                                                  /tmp/cc9p4gjN.ltrans1.ltrans.o
I2CSensor_transact_buf                            /tmp/cc9p4gjN.ltrans1.ltrans.o
                                                  /tmp/cc9p4gjN.ltrans4.ltrans.o
MemManage_Handler                                 /tmp/cc9p4gjN.ltrans2.ltrans.o
                                                  /tmp/cc9p4gjN.ltrans4.ltrans.o
NMI_Handler                                       /tmp/cc9p4gjN.ltrans2.ltrans.o
                                                  /tmp/cc9p4gjN.ltrans4.ltrans.o
PendSV_Handler                                    /tmp/cc9p4gjN.ltrans2.ltrans.o
                                                  /tmp/cc9p4gjN.ltrans4.ltrans.o
Reset_Handler                                     /tmp/cc9p4gjN.ltrans4.ltrans.o
SD2                                               /tmp/cc9p4gjN.ltrans1.ltrans.o
                                                  /tmp/cc9p4gjN.ltrans0.ltrans.o
SD6                                               /tmp/cc9p4gjN.ltrans4.ltrans.o
                                                  /tmp/cc9p4gjN.ltrans3.ltrans.o
                                                  /tmp/cc9p4gjN.ltrans1.ltrans.o
                                                  /tmp/cc9p4gjN.ltrans0.ltrans.o
SVC_Handler                                       /tmp/cc9p4gjN.ltrans2.ltrans.o
                                                  /tmp/cc9p4gjN.ltrans4.ltrans.o
SysTick_Handler                                   /tmp/cc9p4gjN.ltrans2.ltrans.o
                                                  /tmp/cc9p4gjN.ltrans4.ltrans.o
UARTD1                                            /tmp/cc9p4gjN.ltrans1.ltrans.o
                                                  /tmp/cc9p4gjN.ltrans3.ltrans.o
                                                  /tmp/cc9p4gjN.ltrans0.ltrans.o
UsageFault_Handler                                /tmp/cc9p4gjN.ltrans2.ltrans.o
                                                  /tmp/cc9p4gjN.ltrans4.ltrans.o
Vector100                                         /tmp/cc9p4gjN.ltrans2.ltrans.o
                                                  /tmp/cc9p4gjN.ltrans4.ltrans.o
Vector104                                         /tmp/cc9p4gjN.ltrans2.ltrans.o
                                                  /tmp/cc9p4gjN.ltrans4.ltrans.o
Vector108                                         /tmp/cc9p4gjN.ltrans2.ltrans.o
                                                  /tmp/cc9p4gjN.ltrans4.ltrans.o
Vector10C                                         /tmp/cc9p4gjN.ltrans2.ltrans.o
                                                  /tmp/cc9p4gjN.ltrans4.ltrans.o
Vector110                                         /tmp/cc9p4gjN.ltrans2.ltrans.o
                                                  /tmp/cc9p4gjN.ltrans4.ltrans.o
Vector114                                         /tmp/cc9p4gjN.ltrans2.ltrans.o
                                                  /tmp/cc9p4gjN.ltrans4.ltrans.o
Vector118                                         /tmp/cc9p4gjN.ltrans2.ltrans.o
                                                  /tmp/cc9p4gjN.ltrans4.ltrans.o
Vector11C                                         /tmp/cc9p4gjN.ltrans2.ltrans.o
                                                  /tmp/cc9p4gjN.ltrans4.ltrans.o
Vector120                                         /tmp/cc9p4gjN.ltrans2.ltrans.o
                                                  /tmp/cc9p4gjN.ltrans4.ltrans.o
Vector124                                         /tmp/cc9p4gjN.ltrans2.ltrans.o
                                                  /tmp/cc9p4gjN.ltrans4.ltrans.o
Vector128                                         /tmp/cc9p4gjN.ltrans2.ltrans.o
                                                  /tmp/cc9p4gjN.ltrans4.ltrans.o
Vector12C                                         /tmp/cc9p4gjN.ltrans2.ltrans.o
                                                  /tmp/cc9p4gjN.ltrans4.ltrans.o
Vector130                                         /tmp/cc9p4gjN.ltrans2.ltrans.o
                                                  /tmp/cc9p4gjN.ltrans4.ltrans.o
Vector134                                         /tmp/cc9p4gjN.ltrans2.ltrans.o
                                                  /tmp/cc9p4gjN.ltrans4.ltrans.o
Vector138                                         /tmp/cc9p4gjN.ltrans2.ltrans.o
                                                  /tmp/cc9p4gjN.ltrans4.ltrans.o
Vector13C                                         /tmp/cc9p4gjN.ltrans2.ltrans.o
                                                  /tmp/cc9p4gjN.ltrans4.ltrans.o
Vector140                                         /tmp/cc9p4gjN.ltrans2.ltrans.o
                                                  /tmp/cc9p4gjN.ltrans4.ltrans.o
Vector144                                         /tmp/cc9p4gjN.ltrans2.ltrans.o
                                                  /tmp/cc9p4gjN.ltrans4.ltrans.o
Vector148                                         /tmp/cc9p4gjN.ltrans2.ltrans.o
                                                  /tmp/cc9p4gjN.ltrans4.ltrans.o
Vector14C                                         /tmp/cc9p4gjN.ltrans2.ltrans.o
                                                  /tmp/cc9p4gjN.ltrans4.ltrans.o
Vector150                                         /tmp/cc9p4gjN.ltrans2.ltrans.o
                                                  /tmp/cc9p4gjN.ltrans4.ltrans.o
Vector154                                         /tmp/cc9p4gjN.ltrans2.ltrans.o
                                                  /tmp/cc9p4gjN.ltrans4.ltrans.o
Vector158                                         /tmp/cc9p4gjN.ltrans2.ltrans.o
                                                  /tmp/cc9p4gjN.ltrans4.ltrans.o
Vector15C                                         /tmp/cc9p4gjN.ltrans1.ltrans.o
                                                  /tmp/cc9p4gjN.ltrans4.ltrans.o
Vector160                                         /tmp/cc9p4gjN.ltrans3.ltrans.o
                                                  /tmp/cc9p4gjN.ltrans4.ltrans.o
Vector164                                         /tmp/cc9p4gjN.ltrans3.ltrans.o
                                                  /tmp/cc9p4gjN.ltrans4.ltrans.o
Vector168                                         /tmp/cc9p4gjN.ltrans2.ltrans.o
                                                  /tmp/cc9p4gjN.ltrans4.ltrans.o
Vector16C                                         /tmp/cc9p4gjN.ltrans2.ltrans.o
                                                  /tmp/cc9p4gjN.ltrans4.ltrans.o
Vector170                                         /tmp/cc9p4gjN.ltrans2.ltrans.o
                                                  /tmp/cc9p4gjN.ltrans4.ltrans.o
Vector174                                         /tmp/cc9p4gjN.ltrans2.ltrans.o
                                                  /tmp/cc9p4gjN.ltrans4.ltrans.o
Vector178                                         /tmp/cc9p4gjN.ltrans2.ltrans.o
                                                  /tmp/cc9p4gjN.ltrans4.ltrans.o
Vector17C                                         /tmp/cc9p4gjN.ltrans2.ltrans.o
                                                  /tmp/cc9p4gjN.ltrans4.ltrans.o
Vector180                                         /tmp/cc9p4gjN.ltrans2.ltrans.o
                                                  /tmp/cc9p4gjN.ltrans4.ltrans.o
Vector184                                         /tmp/cc9p4gjN.ltrans2.ltrans.o
                                                  /tmp/cc9p4gjN.ltrans4.ltrans.o
Vector188                                         /tmp/cc9p4gjN.ltrans2.ltrans.o
                                                  /tmp/cc9p4gjN.ltrans4.ltrans.o
Vector18C                                         /tmp/cc9p4gjN.ltrans2.ltrans.o
                                                  /tmp/cc9p4gjN.ltrans4.ltrans.o
Vector190                                         /tmp/cc9p4gjN.ltrans2.ltrans.o
                                                  /tmp/cc9p4gjN.ltrans4.ltrans.o
Vector194                                         /tmp/cc9p4gjN.ltrans2.ltrans.o
                                                  /tmp/cc9p4gjN.ltrans4.ltrans.o
Vector198                                         /tmp/cc9p4gjN.ltrans2.ltrans.o
                                                  /tmp/cc9p4gjN.ltrans4.ltrans.o
Vector19C                                         /tmp/cc9p4gjN.ltrans2.ltrans.o
                                                  /tmp/cc9p4gjN.ltrans4.ltrans.o
Vector1A0                                         /tmp/cc9p4gjN.ltrans2.ltrans.o
                                                  /tmp/cc9p4gjN.ltrans4.ltrans.o
Vector1A4                                         /tmp/cc9p4gjN.ltrans2.ltrans.o
                                                  /tmp/cc9p4gjN.ltrans4.ltrans.o
Vector1A8                                         /tmp/cc9p4gjN.ltrans2.ltrans.o
                                                  /tmp/cc9p4gjN.ltrans4.ltrans.o
Vector1AC                                         /tmp/cc9p4gjN.ltrans2.ltrans.o
                                                  /tmp/cc9p4gjN.ltrans4.ltrans.o
Vector1B0                                         /tmp/cc9p4gjN.ltrans2.ltrans.o
                                                  /tmp/cc9p4gjN.ltrans4.ltrans.o
Vector1B4                                         /tmp/cc9p4gjN.ltrans2.ltrans.o
                                                  /tmp/cc9p4gjN.ltrans4.ltrans.o
Vector1B8                                         /tmp/cc9p4gjN.ltrans2.ltrans.o
                                                  /tmp/cc9p4gjN.ltrans4.ltrans.o
Vector1BC                                         /tmp/cc9p4gjN.ltrans2.ltrans.o
                                                  /tmp/cc9p4gjN.ltrans4.ltrans.o
Vector1C                                          /tmp/cc9p4gjN.ltrans2.ltrans.o
                                                  /tmp/cc9p4gjN.ltrans4.ltrans.o
Vector20                                          /tmp/cc9p4gjN.ltrans2.ltrans.o
                                                  /tmp/cc9p4gjN.ltrans4.ltrans.o
Vector24                                          /tmp/cc9p4gjN.ltrans2.ltrans.o
                                                  /tmp/cc9p4gjN.ltrans4.ltrans.o
Vector28                                          /tmp/cc9p4gjN.ltrans2.ltrans.o
                                                  /tmp/cc9p4gjN.ltrans4.ltrans.o
Vector34                                          /tmp/cc9p4gjN.ltrans2.ltrans.o
                                                  /tmp/cc9p4gjN.ltrans4.ltrans.o
Vector40                                          /tmp/cc9p4gjN.ltrans2.ltrans.o
                                                  /tmp/cc9p4gjN.ltrans4.ltrans.o
Vector44                                          /tmp/cc9p4gjN.ltrans2.ltrans.o
                                                  /tmp/cc9p4gjN.ltrans4.ltrans.o
Vector48                                          /tmp/cc9p4gjN.ltrans2.ltrans.o
                                                  /tmp/cc9p4gjN.ltrans4.ltrans.o
Vector4C                                          /tmp/cc9p4gjN.ltrans2.ltrans.o
                                                  /tmp/cc9p4gjN.ltrans4.ltrans.o
Vector50                                          /tmp/cc9p4gjN.ltrans2.ltrans.o
                                                  /tmp/cc9p4gjN.ltrans4.ltrans.o
Vector54                                          /tmp/cc9p4gjN.ltrans2.ltrans.o
                                                  /tmp/cc9p4gjN.ltrans4.ltrans.o
Vector58                                          /tmp/cc9p4gjN.ltrans2.ltrans.o
                                                  /tmp/cc9p4gjN.ltrans4.ltrans.o
Vector5C                                          /tmp/cc9p4gjN.ltrans2.ltrans.o
                                                  /tmp/cc9p4gjN.ltrans4.ltrans.o
Vector60                                          /tmp/cc9p4gjN.ltrans2.ltrans.o
                                                  /tmp/cc9p4gjN.ltrans4.ltrans.o
Vector64                                          /tmp/cc9p4gjN.ltrans2.ltrans.o
                                                  /tmp/cc9p4gjN.ltrans4.ltrans.o
Vector68                                          /tmp/cc9p4gjN.ltrans2.ltrans.o
                                                  /tmp/cc9p4gjN.ltrans4.ltrans.o
Vector6C                                          /tmp/cc9p4gjN.ltrans2.ltrans.o
                                                  /tmp/cc9p4gjN.ltrans4.ltrans.o
Vector70                                          /tmp/cc9p4gjN.ltrans2.ltrans.o
                                                  /tmp/cc9p4gjN.ltrans4.ltrans.o
Vector74                                          /tmp/cc9p4gjN.ltrans2.ltrans.o
                                                  /tmp/cc9p4gjN.ltrans4.ltrans.o
Vector78                                          /tmp/cc9p4gjN.ltrans2.ltrans.o
                                                  /tmp/cc9p4gjN.ltrans4.ltrans.o
Vector7C                                          /tmp/cc9p4gjN.ltrans2.ltrans.o
                                                  /tmp/cc9p4gjN.ltrans4.ltrans.o
Vector80                                          /tmp/cc9p4gjN.ltrans2.ltrans.o
                                                  /tmp/cc9p4gjN.ltrans4.ltrans.o
Vector84                                          /tmp/cc9p4gjN.ltrans2.ltrans.o
                                                  /tmp/cc9p4gjN.ltrans4.ltrans.o
Vector88                                          /tmp/cc9p4gjN.ltrans2.ltrans.o
                                                  /tmp/cc9p4gjN.ltrans4.ltrans.o
Vector8C                                          /tmp/cc9p4gjN.ltrans2.ltrans.o
                                                  /tmp/cc9p4gjN.ltrans4.ltrans.o
Vector90                                          /tmp/cc9p4gjN.ltrans2.ltrans.o
                                                  /tmp/cc9p4gjN.ltrans4.ltrans.o
Vector94                                          /tmp/cc9p4gjN.ltrans2.ltrans.o
                                                  /tmp/cc9p4gjN.ltrans4.ltrans.o
Vector98                                          /tmp/cc9p4gjN.ltrans2.ltrans.o
                                                  /tmp/cc9p4gjN.ltrans4.ltrans.o
Vector9C                                          /tmp/cc9p4gjN.ltrans2.ltrans.o
                                                  /tmp/cc9p4gjN.ltrans4.ltrans.o
VectorA0                                          /tmp/cc9p4gjN.ltrans2.ltrans.o
                                                  /tmp/cc9p4gjN.ltrans4.ltrans.o
VectorA4                                          /tmp/cc9p4gjN.ltrans2.ltrans.o
                                                  /tmp/cc9p4gjN.ltrans4.ltrans.o
VectorA8                                          /tmp/cc9p4gjN.ltrans2.ltrans.o
                                                  /tmp/cc9p4gjN.ltrans4.ltrans.o
VectorAC                                          /tmp/cc9p4gjN.ltrans2.ltrans.o
                                                  /tmp/cc9p4gjN.ltrans4.ltrans.o
VectorB0                                          /tmp/cc9p4gjN.ltrans0.ltrans.o
                                                  /tmp/cc9p4gjN.ltrans4.ltrans.o
VectorB4                                          /tmp/cc9p4gjN.ltrans2.ltrans.o
                                                  /tmp/cc9p4gjN.ltrans4.ltrans.o
VectorB8                                          /tmp/cc9p4gjN.ltrans2.ltrans.o
                                                  /tmp/cc9p4gjN.ltrans4.ltrans.o
VectorBC                                          /tmp/cc9p4gjN.ltrans3.ltrans.o
                                                  /tmp/cc9p4gjN.ltrans4.ltrans.o
VectorC0                                          /tmp/cc9p4gjN.ltrans3.ltrans.o
                                                  /tmp/cc9p4gjN.ltrans4.ltrans.o
VectorC4                                          /tmp/cc9p4gjN.ltrans2.ltrans.o
                                                  /tmp/cc9p4gjN.ltrans4.ltrans.o
VectorC8                                          /tmp/cc9p4gjN.ltrans2.ltrans.o
                                                  /tmp/cc9p4gjN.ltrans4.ltrans.o
VectorCC                                          /tmp/cc9p4gjN.ltrans2.ltrans.o
                                                  /tmp/cc9p4gjN.ltrans4.ltrans.o
VectorD0                                          /tmp/cc9p4gjN.ltrans2.ltrans.o
                                                  /tmp/cc9p4gjN.ltrans4.ltrans.o
VectorD4                                          /tmp/cc9p4gjN.ltrans3.ltrans.o
                                                  /tmp/cc9p4gjN.ltrans4.ltrans.o
VectorD8                                          /tmp/cc9p4gjN.ltrans1.ltrans.o
                                                  /tmp/cc9p4gjN.ltrans4.ltrans.o
VectorDC                                          /tmp/cc9p4gjN.ltrans2.ltrans.o
                                                  /tmp/cc9p4gjN.ltrans4.ltrans.o
VectorE0                                          /tmp/cc9p4gjN.ltrans2.ltrans.o
                                                  /tmp/cc9p4gjN.ltrans4.ltrans.o
VectorE4                                          /tmp/cc9p4gjN.ltrans2.ltrans.o
                                                  /tmp/cc9p4gjN.ltrans4.ltrans.o
VectorE8                                          /tmp/cc9p4gjN.ltrans2.ltrans.o
                                                  /tmp/cc9p4gjN.ltrans4.ltrans.o
VectorEC                                          /tmp/cc9p4gjN.ltrans2.ltrans.o
                                                  /tmp/cc9p4gjN.ltrans4.ltrans.o
VectorF0                                          /tmp/cc9p4gjN.ltrans2.ltrans.o
                                                  /tmp/cc9p4gjN.ltrans4.ltrans.o
VectorF4                                          /tmp/cc9p4gjN.ltrans2.ltrans.o
                                                  /tmp/cc9p4gjN.ltrans4.ltrans.o
VectorF8                                          /tmp/cc9p4gjN.ltrans2.ltrans.o
                                                  /tmp/cc9p4gjN.ltrans4.ltrans.o
VectorFC                                          /tmp/cc9p4gjN.ltrans2.ltrans.o
                                                  /tmp/cc9p4gjN.ltrans4.ltrans.o
__adddf3                                          /usr/bin/../lib/gcc/arm-none-eabi/4.8.4/armv7e-m/fpu/libgcc.a(_arm_addsubdf3.o)
__aeabi_d2f                                       /usr/bin/../lib/gcc/arm-none-eabi/4.8.4/armv7e-m/fpu/libgcc.a(_arm_truncdfsf2.o)
                                                  /tmp/cc9p4gjN.ltrans3.ltrans.o
__aeabi_d2iz                                      /usr/bin/../lib/gcc/arm-none-eabi/4.8.4/armv7e-m/fpu/libgcc.a(_arm_fixdfsi.o)
                                                  /tmp/cc9p4gjN.ltrans3.ltrans.o
__aeabi_dadd                                      /usr/bin/../lib/gcc/arm-none-eabi/4.8.4/armv7e-m/fpu/libgcc.a(_arm_addsubdf3.o)
__aeabi_ddiv                                      /usr/bin/../lib/gcc/arm-none-eabi/4.8.4/armv7e-m/fpu/libgcc.a(_arm_muldivdf3.o)
__aeabi_dmul                                      /usr/bin/../lib/gcc/arm-none-eabi/4.8.4/armv7e-m/fpu/libgcc.a(_arm_muldivdf3.o)
                                                  /tmp/cc9p4gjN.ltrans3.ltrans.o
__aeabi_drsub                                     /usr/bin/../lib/gcc/arm-none-eabi/4.8.4/armv7e-m/fpu/libgcc.a(_arm_addsubdf3.o)
__aeabi_dsub                                      /usr/bin/../lib/gcc/arm-none-eabi/4.8.4/armv7e-m/fpu/libgcc.a(_arm_addsubdf3.o)
                                                  /tmp/cc9p4gjN.ltrans3.ltrans.o
__aeabi_f2d                                       /usr/bin/../lib/gcc/arm-none-eabi/4.8.4/armv7e-m/fpu/libgcc.a(_arm_addsubdf3.o)
                                                  /tmp/cc9p4gjN.ltrans4.ltrans.o
                                                  /tmp/cc9p4gjN.ltrans3.ltrans.o
__aeabi_i2d                                       /usr/bin/../lib/gcc/arm-none-eabi/4.8.4/armv7e-m/fpu/libgcc.a(_arm_addsubdf3.o)
                                                  /tmp/cc9p4gjN.ltrans3.ltrans.o
__aeabi_l2d                                       /usr/bin/../lib/gcc/arm-none-eabi/4.8.4/armv7e-m/fpu/libgcc.a(_arm_addsubdf3.o)
__aeabi_ui2d                                      /usr/bin/../lib/gcc/arm-none-eabi/4.8.4/armv7e-m/fpu/libgcc.a(_arm_addsubdf3.o)
                                                  /tmp/cc9p4gjN.ltrans3.ltrans.o
__aeabi_ul2d                                      /usr/bin/../lib/gcc/arm-none-eabi/4.8.4/armv7e-m/fpu/libgcc.a(_arm_addsubdf3.o)
__divdf3                                          /usr/bin/../lib/gcc/arm-none-eabi/4.8.4/armv7e-m/fpu/libgcc.a(_arm_muldivdf3.o)
__extendsfdf2                                     /usr/bin/../lib/gcc/arm-none-eabi/4.8.4/armv7e-m/fpu/libgcc.a(_arm_addsubdf3.o)
__fixdfsi                                         /usr/bin/../lib/gcc/arm-none-eabi/4.8.4/armv7e-m/fpu/libgcc.a(_arm_fixdfsi.o)
__floatdidf                                       /usr/bin/../lib/gcc/arm-none-eabi/4.8.4/armv7e-m/fpu/libgcc.a(_arm_addsubdf3.o)
__floatsidf                                       /usr/bin/../lib/gcc/arm-none-eabi/4.8.4/armv7e-m/fpu/libgcc.a(_arm_addsubdf3.o)
__floatundidf                                     /usr/bin/../lib/gcc/arm-none-eabi/4.8.4/armv7e-m/fpu/libgcc.a(_arm_addsubdf3.o)
__floatunsidf                                     /usr/bin/../lib/gcc/arm-none-eabi/4.8.4/armv7e-m/fpu/libgcc.a(_arm_addsubdf3.o)
__heap_base__                                     /tmp/cc9p4gjN.ltrans1.ltrans.o
__heap_end__                                      /tmp/cc9p4gjN.ltrans1.ltrans.o
__init_array_end                                  /tmp/cc9p4gjN.ltrans4.ltrans.o
__init_array_start                                /tmp/cc9p4gjN.ltrans4.ltrans.o
__main_stack_base__                               /tmp/cc9p4gjN.ltrans4.ltrans.o
__main_stack_end__                                /tmp/cc9p4gjN.ltrans4.ltrans.o
__muldf3                                          /usr/bin/../lib/gcc/arm-none-eabi/4.8.4/armv7e-m/fpu/libgcc.a(_arm_muldivdf3.o)
__process_stack_base__                            /tmp/cc9p4gjN.ltrans4.ltrans.o
__process_stack_end__                             /tmp/cc9p4gjN.ltrans4.ltrans.o
__subdf3                                          /usr/bin/../lib/gcc/arm-none-eabi/4.8.4/armv7e-m/fpu/libgcc.a(_arm_addsubdf3.o)
__truncdfsf2                                      /usr/bin/../lib/gcc/arm-none-eabi/4.8.4/armv7e-m/fpu/libgcc.a(_arm_truncdfsf2.o)
_bss_end                                          /tmp/cc9p4gjN.ltrans4.ltrans.o
_bss_start                                        /tmp/cc9p4gjN.ltrans4.ltrans.o
_data                                             /tmp/cc9p4gjN.ltrans4.ltrans.o
_edata                                            /tmp/cc9p4gjN.ltrans4.ltrans.o
_idle_thread.4338                                 /tmp/cc9p4gjN.ltrans2.ltrans.o
                                                  /tmp/cc9p4gjN.ltrans1.ltrans.o
_pal_lld_setgroupmode                             /tmp/cc9p4gjN.ltrans2.ltrans.o
                                                  /tmp/cc9p4gjN.ltrans3.ltrans.o
_port_exit_from_isr                               build/obj/chcoreasm_v7m.o
                                                  /tmp/cc9p4gjN.ltrans2.ltrans.o
_port_irq_epilogue                                /tmp/cc9p4gjN.ltrans2.ltrans.o
                                                  /tmp/cc9p4gjN.ltrans3.ltrans.o
                                                  /tmp/cc9p4gjN.ltrans1.ltrans.o
                                                  /tmp/cc9p4gjN.ltrans0.ltrans.o
_port_switch                                      build/obj/chcoreasm_v7m.o
                                                  /tmp/cc9p4gjN.ltrans3.ltrans.o
                                                  /tmp/cc9p4gjN.ltrans2.ltrans.o
                                                  /tmp/cc9p4gjN.ltrans0.ltrans.o
_port_switch_from_isr                             build/obj/chcoreasm_v7m.o
                                                  /tmp/cc9p4gjN.ltrans2.ltrans.o
_port_thread_start                                build/obj/chcoreasm_v7m.o
                                                  /tmp/cc9p4gjN.ltrans3.ltrans.o
_textdata                                         /tmp/cc9p4gjN.ltrans4.ltrans.o
_vectors                                          /tmp/cc9p4gjN.ltrans4.ltrans.o
adc_lld_serve_rx_interrupt.11091                  /tmp/cc9p4gjN.ltrans2.ltrans.o
                                                  /tmp/cc9p4gjN.ltrans1.ltrans.o
boardInit                                         /tmp/cc9p4gjN.ltrans3.ltrans.o
                                                  /tmp/cc9p4gjN.ltrans1.ltrans.o
ch                                                /tmp/cc9p4gjN.ltrans4.ltrans.o
                                                  /tmp/cc9p4gjN.ltrans3.ltrans.o
                                                  /tmp/cc9p4gjN.ltrans2.ltrans.o
                                                  /tmp/cc9p4gjN.ltrans1.ltrans.o
                                                  /tmp/cc9p4gjN.ltrans0.ltrans.o
chCoreAlloc                                       /tmp/cc9p4gjN.ltrans2.ltrans.o
                                                  /tmp/cc9p4gjN.ltrans1.ltrans.o
chEvtBroadcastFlagsI                              /tmp/cc9p4gjN.ltrans2.ltrans.o
                                                  /tmp/cc9p4gjN.ltrans1.ltrans.o
chMtxLockS                                        /tmp/cc9p4gjN.ltrans2.ltrans.o
                                                  /tmp/cc9p4gjN.ltrans1.ltrans.o
                                                  /tmp/cc9p4gjN.ltrans0.ltrans.o
chMtxUnlock                                       /tmp/cc9p4gjN.ltrans3.ltrans.o
                                                  /tmp/cc9p4gjN.ltrans1.ltrans.o
                                                  /tmp/cc9p4gjN.ltrans0.ltrans.o
chSchDoReschedule                                 /tmp/cc9p4gjN.ltrans4.ltrans.o
                                                  build/obj/chcoreasm_v7m.o
chSchDoRescheduleAhead                            /tmp/cc9p4gjN.ltrans2.ltrans.o
                                                  /tmp/cc9p4gjN.ltrans4.ltrans.o
chSchGoSleepS                                     /tmp/cc9p4gjN.ltrans2.ltrans.o
                                                  /tmp/cc9p4gjN.ltrans4.ltrans.o
                                                  /tmp/cc9p4gjN.ltrans3.ltrans.o
                                                  /tmp/cc9p4gjN.ltrans0.ltrans.o
chSchGoSleepTimeoutS                              /tmp/cc9p4gjN.ltrans3.ltrans.o
                                                  /tmp/cc9p4gjN.ltrans0.ltrans.o
chSchReadyI                                       /tmp/cc9p4gjN.ltrans2.ltrans.o
                                                  /tmp/cc9p4gjN.ltrans4.ltrans.o
                                                  /tmp/cc9p4gjN.ltrans3.ltrans.o
                                                  /tmp/cc9p4gjN.ltrans1.ltrans.o
                                                  /tmp/cc9p4gjN.ltrans0.ltrans.o
chSchRescheduleS                                  /tmp/cc9p4gjN.ltrans2.ltrans.o
                                                  /tmp/cc9p4gjN.ltrans3.ltrans.o
                                                  /tmp/cc9p4gjN.ltrans0.ltrans.o
chTMStartMeasurementX.constprop.31                /tmp/cc9p4gjN.ltrans3.ltrans.o
                                                  /tmp/cc9p4gjN.ltrans1.ltrans.o
chTMStopMeasurementX                              /tmp/cc9p4gjN.ltrans2.ltrans.o
                                                  /tmp/cc9p4gjN.ltrans1.ltrans.o
chThdCreateStatic                                 /tmp/cc9p4gjN.ltrans3.ltrans.o
                                                  /tmp/cc9p4gjN.ltrans1.ltrans.o
chThdEnqueueTimeoutS                              /tmp/cc9p4gjN.ltrans3.ltrans.o
                                                  /tmp/cc9p4gjN.ltrans0.ltrans.o
chThdExit                                         /tmp/cc9p4gjN.ltrans4.ltrans.o
                                                  build/obj/chcoreasm_v7m.o
chThdResumeI                                      /tmp/cc9p4gjN.ltrans2.ltrans.o
                                                  /tmp/cc9p4gjN.ltrans3.ltrans.o
chThdSleep                                        /tmp/cc9p4gjN.ltrans0.ltrans.o
                                                  /tmp/cc9p4gjN.ltrans4.ltrans.o
                                                  /tmp/cc9p4gjN.ltrans1.ltrans.o
chThdSleepUntil                                   /tmp/cc9p4gjN.ltrans0.ltrans.o
                                                  /tmp/cc9p4gjN.ltrans4.ltrans.o
                                                  /tmp/cc9p4gjN.ltrans1.ltrans.o
chprintf.13297.constprop.13                       /tmp/cc9p4gjN.ltrans3.ltrans.o
                                                  /tmp/cc9p4gjN.ltrans0.ltrans.o
chprintf.15419.constprop.5                        /tmp/cc9p4gjN.ltrans3.ltrans.o
                                                  /tmp/cc9p4gjN.ltrans4.ltrans.o
chprintf.15803.constprop.1                        /tmp/cc9p4gjN.ltrans3.ltrans.o
                                                  /tmp/cc9p4gjN.ltrans0.ltrans.o
chprintf.17024.constprop.38                       /tmp/cc9p4gjN.ltrans3.ltrans.o
                                                  /tmp/cc9p4gjN.ltrans1.ltrans.o
dmaStreamAllocate                                 /tmp/cc9p4gjN.ltrans2.ltrans.o
                                                  /tmp/cc9p4gjN.ltrans1.ltrans.o
                                                  /tmp/cc9p4gjN.ltrans0.ltrans.o
dmaStreamRelease                                  /tmp/cc9p4gjN.ltrans2.ltrans.o
                                                  /tmp/cc9p4gjN.ltrans0.ltrans.o
dma_isr_redir.10833                               /tmp/cc9p4gjN.ltrans1.ltrans.o
                                                  /tmp/cc9p4gjN.ltrans2.ltrans.o
dma_streams_mask.10838                            /tmp/cc9p4gjN.ltrans1.ltrans.o
                                                  /tmp/cc9p4gjN.ltrans2.ltrans.o
endmem.6822                                       /tmp/cc9p4gjN.ltrans1.ltrans.o
                                                  /tmp/cc9p4gjN.ltrans2.ltrans.o
get.10200                                         /tmp/cc9p4gjN.ltrans0.ltrans.o
gett.10196                                        /tmp/cc9p4gjN.ltrans0.ltrans.o
gpsRxChar.15817                                   /tmp/cc9p4gjN.ltrans3.ltrans.o
                                                  /tmp/cc9p4gjN.ltrans1.ltrans.o
gpsRxEnd.15793                                    /tmp/cc9p4gjN.ltrans3.ltrans.o
                                                  /tmp/cc9p4gjN.ltrans1.ltrans.o
gpsRxErr.15796                                    /tmp/cc9p4gjN.ltrans3.ltrans.o
                                                  /tmp/cc9p4gjN.ltrans1.ltrans.o
gpsSem                                            /tmp/cc9p4gjN.ltrans0.ltrans.o
                                                  /tmp/cc9p4gjN.ltrans3.ltrans.o
gpsThread                                         /tmp/cc9p4gjN.ltrans0.ltrans.o
                                                  /tmp/cc9p4gjN.ltrans1.ltrans.o
gpsTxC.15790                                      /tmp/cc9p4gjN.ltrans3.ltrans.o
                                                  /tmp/cc9p4gjN.ltrans1.ltrans.o
gpsTxbufEnd.15787                                 /tmp/cc9p4gjN.ltrans3.ltrans.o
                                                  /tmp/cc9p4gjN.ltrans1.ltrans.o
i2cStart                                          /tmp/cc9p4gjN.ltrans0.ltrans.o
                                                  /tmp/cc9p4gjN.ltrans4.ltrans.o
i2c_lld_serve_error_interrupt.11412               /tmp/cc9p4gjN.ltrans2.ltrans.o
                                                  /tmp/cc9p4gjN.ltrans3.ltrans.o
i2c_lld_serve_event_interrupt.11409               /tmp/cc9p4gjN.ltrans2.ltrans.o
                                                  /tmp/cc9p4gjN.ltrans3.ltrans.o
i2c_lld_serve_rx_end_irq.11402                    /tmp/cc9p4gjN.ltrans3.ltrans.o
                                                  /tmp/cc9p4gjN.ltrans0.ltrans.o
main                                              /tmp/cc9p4gjN.ltrans1.ltrans.o
                                                  /tmp/cc9p4gjN.ltrans4.ltrans.o
nextmem.6820                                      /tmp/cc9p4gjN.ltrans1.ltrans.o
                                                  /tmp/cc9p4gjN.ltrans2.ltrans.o
notify2.12013                                     /tmp/cc9p4gjN.ltrans3.ltrans.o
                                                  /tmp/cc9p4gjN.ltrans1.ltrans.o
notify6.12010                                     /tmp/cc9p4gjN.ltrans3.ltrans.o
                                                  /tmp/cc9p4gjN.ltrans1.ltrans.o
put.10208                                         /tmp/cc9p4gjN.ltrans0.ltrans.o
putt.10203                                        /tmp/cc9p4gjN.ltrans0.ltrans.o
read.10180                                        /tmp/cc9p4gjN.ltrans0.ltrans.o
readt.10173                                       /tmp/cc9p4gjN.ltrans0.ltrans.o
sdObjectInit.constprop.26                         /tmp/cc9p4gjN.ltrans3.ltrans.o
                                                  /tmp/cc9p4gjN.ltrans1.ltrans.o
sd_lld_start                                      /tmp/cc9p4gjN.ltrans0.ltrans.o
                                                  /tmp/cc9p4gjN.ltrans1.ltrans.o
sensorThread                                      /tmp/cc9p4gjN.ltrans4.ltrans.o
                                                  /tmp/cc9p4gjN.ltrans1.ltrans.o
si70x0_heaterEnable                               /tmp/cc9p4gjN.ltrans1.ltrans.o
                                                  /tmp/cc9p4gjN.ltrans4.ltrans.o
si70x0_init                                       /tmp/cc9p4gjN.ltrans1.ltrans.o
                                                  /tmp/cc9p4gjN.ltrans4.ltrans.o
si70x0_readHumidity                               /tmp/cc9p4gjN.ltrans1.ltrans.o
                                                  /tmp/cc9p4gjN.ltrans4.ltrans.o
si70x0_readTemperature                            /tmp/cc9p4gjN.ltrans1.ltrans.o
                                                  /tmp/cc9p4gjN.ltrans4.ltrans.o
strcpy                                            /usr/bin/../lib/gcc/arm-none-eabi/4.8.4/../../../../arm-none-eabi/lib/armv7e-m/fpu/libc.a(lib_a-strcpy.o)
                                                  /tmp/cc9p4gjN.ltrans1.ltrans.o
strlen                                            /usr/bin/../lib/gcc/arm-none-eabi/4.8.4/../../../../arm-none-eabi/lib/armv7e-m/fpu/libc.a(lib_a-strlen.o)
                                                  /tmp/cc9p4gjN.ltrans0.ltrans.o
strncmp                                           /usr/bin/../lib/gcc/arm-none-eabi/4.8.4/../../../../arm-none-eabi/lib/armv7e-m/fpu/libc.a(lib_a-strncmp.o)
                                                  /tmp/cc9p4gjN.ltrans0.ltrans.o
tokBuf.15891                                      /tmp/cc9p4gjN.ltrans0.ltrans.o
                                                  /tmp/cc9p4gjN.ltrans3.ltrans.o
uStrCpy.constprop.4                               /tmp/cc9p4gjN.ltrans3.ltrans.o
                                                  /tmp/cc9p4gjN.ltrans0.ltrans.o
uStrInsertChar.constprop.3                        /tmp/cc9p4gjN.ltrans3.ltrans.o
                                                  /tmp/cc9p4gjN.ltrans0.ltrans.o
uStrPrependChar                                   /tmp/cc9p4gjN.ltrans3.ltrans.o
                                                  /tmp/cc9p4gjN.ltrans0.ltrans.o
uart_lld_serve_rx_end_irq.12164                   /tmp/cc9p4gjN.ltrans0.ltrans.o
                                                  /tmp/cc9p4gjN.ltrans1.ltrans.o
uart_lld_serve_tx_end_irq.12160                   /tmp/cc9p4gjN.ltrans0.ltrans.o
                                                  /tmp/cc9p4gjN.ltrans1.ltrans.o
usart_stop.12171                                  /tmp/cc9p4gjN.ltrans3.ltrans.o
                                                  /tmp/cc9p4gjN.ltrans1.ltrans.o
                                                  /tmp/cc9p4gjN.ltrans0.ltrans.o
vmt.10284                                         /tmp/cc9p4gjN.ltrans0.ltrans.o
                                                  /tmp/cc9p4gjN.ltrans3.ltrans.o
wakeup.4718                                       /tmp/cc9p4gjN.ltrans2.ltrans.o
                                                  /tmp/cc9p4gjN.ltrans3.ltrans.o
write.10191                                       /tmp/cc9p4gjN.ltrans0.ltrans.o
writet.10185                                      /tmp/cc9p4gjN.ltrans0.ltrans.o
