Archive member included because of file (symbol)

/usr/bin/../lib/gcc/arm-none-eabi/4.8.4/armv7e-m/fpu/libgcc.a(_arm_addsubdf3.o)
                              /tmp/cc2rKujM.ltrans0.ltrans.o (__aeabi_dsub)
/usr/bin/../lib/gcc/arm-none-eabi/4.8.4/armv7e-m/fpu/libgcc.a(_arm_muldivdf3.o)
                              /tmp/cc2rKujM.ltrans0.ltrans.o (__aeabi_dmul)
/usr/bin/../lib/gcc/arm-none-eabi/4.8.4/armv7e-m/fpu/libgcc.a(_arm_fixdfsi.o)
                              /tmp/cc2rKujM.ltrans0.ltrans.o (__aeabi_d2iz)
/usr/bin/../lib/gcc/arm-none-eabi/4.8.4/armv7e-m/fpu/libgcc.a(_arm_truncdfsf2.o)
                              /tmp/cc2rKujM.ltrans0.ltrans.o (__aeabi_d2f)
/usr/bin/../lib/gcc/arm-none-eabi/4.8.4/../../../../arm-none-eabi/lib/armv7e-m/fpu/libc.a(lib_a-strcpy.o)
                              /tmp/cc2rKujM.ltrans1.ltrans.o (strcpy)
/usr/bin/../lib/gcc/arm-none-eabi/4.8.4/../../../../arm-none-eabi/lib/armv7e-m/fpu/libc.a(lib_a-strlen.o)
                              /tmp/cc2rKujM.ltrans4.ltrans.o (strlen)
/usr/bin/../lib/gcc/arm-none-eabi/4.8.4/../../../../arm-none-eabi/lib/armv7e-m/fpu/libc.a(lib_a-strncmp.o)
                              /tmp/cc2rKujM.ltrans4.ltrans.o (strncmp)

Discarded input sections

 .data          0x0000000000000000        0x0 build/obj/chcoreasm_v7m.o
 .bss           0x0000000000000000        0x0 build/obj/chcoreasm_v7m.o
 .text          0x0000000000000000        0x0 build/obj/crt0.o (symbol from plugin)
 .text          0x0000000000000000        0x0 /tmp/cc2rKujM.ltrans0.ltrans.o
 .data          0x0000000000000000        0x0 /tmp/cc2rKujM.ltrans0.ltrans.o
 .bss           0x0000000000000000        0x0 /tmp/cc2rKujM.ltrans0.ltrans.o
 .text          0x0000000000000000        0x0 /tmp/cc2rKujM.ltrans1.ltrans.o
 .data          0x0000000000000000        0x0 /tmp/cc2rKujM.ltrans1.ltrans.o
 .bss           0x0000000000000000        0x0 /tmp/cc2rKujM.ltrans1.ltrans.o
 .text          0x0000000000000000        0x0 /tmp/cc2rKujM.ltrans2.ltrans.o
 .data          0x0000000000000000        0x0 /tmp/cc2rKujM.ltrans2.ltrans.o
 .bss           0x0000000000000000        0x0 /tmp/cc2rKujM.ltrans2.ltrans.o
 .text          0x0000000000000000        0x0 /tmp/cc2rKujM.ltrans3.ltrans.o
 .data          0x0000000000000000        0x0 /tmp/cc2rKujM.ltrans3.ltrans.o
 .bss           0x0000000000000000        0x0 /tmp/cc2rKujM.ltrans3.ltrans.o
 .text          0x0000000000000000        0x0 /tmp/cc2rKujM.ltrans4.ltrans.o
 .data          0x0000000000000000        0x0 /tmp/cc2rKujM.ltrans4.ltrans.o
 .bss           0x0000000000000000        0x0 /tmp/cc2rKujM.ltrans4.ltrans.o
 .data          0x0000000000000000        0x0 /usr/bin/../lib/gcc/arm-none-eabi/4.8.4/armv7e-m/fpu/libgcc.a(_arm_addsubdf3.o)
 .bss           0x0000000000000000        0x0 /usr/bin/../lib/gcc/arm-none-eabi/4.8.4/armv7e-m/fpu/libgcc.a(_arm_addsubdf3.o)
 .data          0x0000000000000000        0x0 /usr/bin/../lib/gcc/arm-none-eabi/4.8.4/armv7e-m/fpu/libgcc.a(_arm_muldivdf3.o)
 .bss           0x0000000000000000        0x0 /usr/bin/../lib/gcc/arm-none-eabi/4.8.4/armv7e-m/fpu/libgcc.a(_arm_muldivdf3.o)
 .data          0x0000000000000000        0x0 /usr/bin/../lib/gcc/arm-none-eabi/4.8.4/armv7e-m/fpu/libgcc.a(_arm_fixdfsi.o)
 .bss           0x0000000000000000        0x0 /usr/bin/../lib/gcc/arm-none-eabi/4.8.4/armv7e-m/fpu/libgcc.a(_arm_fixdfsi.o)
 .data          0x0000000000000000        0x0 /usr/bin/../lib/gcc/arm-none-eabi/4.8.4/armv7e-m/fpu/libgcc.a(_arm_truncdfsf2.o)
 .bss           0x0000000000000000        0x0 /usr/bin/../lib/gcc/arm-none-eabi/4.8.4/armv7e-m/fpu/libgcc.a(_arm_truncdfsf2.o)
 .text          0x0000000000000000        0x0 /usr/bin/../lib/gcc/arm-none-eabi/4.8.4/../../../../arm-none-eabi/lib/armv7e-m/fpu/libc.a(lib_a-strcpy.o)
 .data          0x0000000000000000        0x0 /usr/bin/../lib/gcc/arm-none-eabi/4.8.4/../../../../arm-none-eabi/lib/armv7e-m/fpu/libc.a(lib_a-strcpy.o)
 .bss           0x0000000000000000        0x0 /usr/bin/../lib/gcc/arm-none-eabi/4.8.4/../../../../arm-none-eabi/lib/armv7e-m/fpu/libc.a(lib_a-strcpy.o)
 .text          0x0000000000000000        0x0 /usr/bin/../lib/gcc/arm-none-eabi/4.8.4/../../../../arm-none-eabi/lib/armv7e-m/fpu/libc.a(lib_a-strlen.o)
 .data          0x0000000000000000        0x0 /usr/bin/../lib/gcc/arm-none-eabi/4.8.4/../../../../arm-none-eabi/lib/armv7e-m/fpu/libc.a(lib_a-strlen.o)
 .bss           0x0000000000000000        0x0 /usr/bin/../lib/gcc/arm-none-eabi/4.8.4/../../../../arm-none-eabi/lib/armv7e-m/fpu/libc.a(lib_a-strlen.o)
 .text          0x0000000000000000        0x0 /usr/bin/../lib/gcc/arm-none-eabi/4.8.4/../../../../arm-none-eabi/lib/armv7e-m/fpu/libc.a(lib_a-strncmp.o)
 .data          0x0000000000000000        0x0 /usr/bin/../lib/gcc/arm-none-eabi/4.8.4/../../../../arm-none-eabi/lib/armv7e-m/fpu/libc.a(lib_a-strncmp.o)
 .bss           0x0000000000000000        0x0 /usr/bin/../lib/gcc/arm-none-eabi/4.8.4/../../../../arm-none-eabi/lib/armv7e-m/fpu/libc.a(lib_a-strncmp.o)
 .text          0x0000000000000000        0x0 build/obj/vectors.o (symbol from plugin)
 .text          0x0000000000000000        0x0 build/obj/chcore.o (symbol from plugin)
 .text          0x0000000000000000        0x0 build/obj/chcore_v7m.o (symbol from plugin)
 .text          0x0000000000000000        0x0 build/obj/chsys.o (symbol from plugin)
 .text          0x0000000000000000        0x0 build/obj/chdebug.o (symbol from plugin)
 .text          0x0000000000000000        0x0 build/obj/chtm.o (symbol from plugin)
 .text          0x0000000000000000        0x0 build/obj/chstats.o (symbol from plugin)
 .text          0x0000000000000000        0x0 build/obj/chschd.o (symbol from plugin)
 .text          0x0000000000000000        0x0 build/obj/chvt.o (symbol from plugin)
 .text          0x0000000000000000        0x0 build/obj/chthreads.o (symbol from plugin)
 .text          0x0000000000000000        0x0 build/obj/chdynamic.o (symbol from plugin)
 .text          0x0000000000000000        0x0 build/obj/chregistry.o (symbol from plugin)
 .text          0x0000000000000000        0x0 build/obj/chsem.o (symbol from plugin)
 .text          0x0000000000000000        0x0 build/obj/chmtx.o (symbol from plugin)
 .text          0x0000000000000000        0x0 build/obj/chcond.o (symbol from plugin)
 .text          0x0000000000000000        0x0 build/obj/chevents.o (symbol from plugin)
 .text          0x0000000000000000        0x0 build/obj/chmsg.o (symbol from plugin)
 .text          0x0000000000000000        0x0 build/obj/chmboxes.o (symbol from plugin)
 .text          0x0000000000000000        0x0 build/obj/chqueues.o (symbol from plugin)
 .text          0x0000000000000000        0x0 build/obj/chmemcore.o (symbol from plugin)
 .text          0x0000000000000000        0x0 build/obj/chheap.o (symbol from plugin)
 .text          0x0000000000000000        0x0 build/obj/chmempools.o (symbol from plugin)
 .text          0x0000000000000000        0x0 build/obj/test.o (symbol from plugin)
 .text          0x0000000000000000        0x0 build/obj/testthd.o (symbol from plugin)
 .text          0x0000000000000000        0x0 build/obj/testsem.o (symbol from plugin)
 .text          0x0000000000000000        0x0 build/obj/testmtx.o (symbol from plugin)
 .text          0x0000000000000000        0x0 build/obj/testmsg.o (symbol from plugin)
 .text          0x0000000000000000        0x0 build/obj/testmbox.o (symbol from plugin)
 .text          0x0000000000000000        0x0 build/obj/testevt.o (symbol from plugin)
 .text          0x0000000000000000        0x0 build/obj/testheap.o (symbol from plugin)
 .text          0x0000000000000000        0x0 build/obj/testpools.o (symbol from plugin)
 .text          0x0000000000000000        0x0 build/obj/testdyn.o (symbol from plugin)
 .text          0x0000000000000000        0x0 build/obj/testqueues.o (symbol from plugin)
 .text          0x0000000000000000        0x0 build/obj/testbmk.o (symbol from plugin)
 .text          0x0000000000000000        0x0 build/obj/hal.o (symbol from plugin)
 .text          0x0000000000000000        0x0 build/obj/hal_queues.o (symbol from plugin)
 .text          0x0000000000000000        0x0 build/obj/hal_mmcsd.o (symbol from plugin)
 .text          0x0000000000000000        0x0 build/obj/adc.o (symbol from plugin)
 .text          0x0000000000000000        0x0 build/obj/can.o (symbol from plugin)
 .text          0x0000000000000000        0x0 build/obj/dac.o (symbol from plugin)
 .text          0x0000000000000000        0x0 build/obj/ext.o (symbol from plugin)
 .text          0x0000000000000000        0x0 build/obj/gpt.o (symbol from plugin)
 .text          0x0000000000000000        0x0 build/obj/i2c.o (symbol from plugin)
 .text          0x0000000000000000        0x0 build/obj/i2s.o (symbol from plugin)
 .text          0x0000000000000000        0x0 build/obj/icu.o (symbol from plugin)
 .text          0x0000000000000000        0x0 build/obj/mac.o (symbol from plugin)
 .text          0x0000000000000000        0x0 build/obj/mmc_spi.o (symbol from plugin)
 .text          0x0000000000000000        0x0 build/obj/pal.o (symbol from plugin)
 .text          0x0000000000000000        0x0 build/obj/pwm.o (symbol from plugin)
 .text          0x0000000000000000        0x0 build/obj/rtc.o (symbol from plugin)
 .text          0x0000000000000000        0x0 build/obj/sdc.o (symbol from plugin)
 .text          0x0000000000000000        0x0 build/obj/serial.o (symbol from plugin)
 .text          0x0000000000000000        0x0 build/obj/serial_usb.o (symbol from plugin)
 .text          0x0000000000000000        0x0 build/obj/spi.o (symbol from plugin)
 .text          0x0000000000000000        0x0 build/obj/st.o (symbol from plugin)
 .text          0x0000000000000000        0x0 build/obj/uart.o (symbol from plugin)
 .text          0x0000000000000000        0x0 build/obj/usb.o (symbol from plugin)
 .text          0x0000000000000000        0x0 build/obj/osal.o (symbol from plugin)
 .text          0x0000000000000000        0x0 build/obj/nvic.o (symbol from plugin)
 .text          0x0000000000000000        0x0 build/obj/stm32_dma.o (symbol from plugin)
 .text          0x0000000000000000        0x0 build/obj/hal_lld.o (symbol from plugin)
 .text          0x0000000000000000        0x0 build/obj/adc_lld.o (symbol from plugin)
 .text          0x0000000000000000        0x0 build/obj/ext_lld_isr.o (symbol from plugin)
 .text          0x0000000000000000        0x0 build/obj/can_lld.o (symbol from plugin)
 .text          0x0000000000000000        0x0 build/obj/ext_lld.o (symbol from plugin)
 .text          0x0000000000000000        0x0 build/obj/mac_lld.o (symbol from plugin)
 .text          0x0000000000000000        0x0 build/obj/sdc_lld.o (symbol from plugin)
 .text          0x0000000000000000        0x0 build/obj/dac_lld.o (symbol from plugin)
 .text          0x0000000000000000        0x0 build/obj/pal_lld.o (symbol from plugin)
 .text          0x0000000000000000        0x0 build/obj/i2c_lld.o (symbol from plugin)
 .text          0x0000000000000000        0x0 build/obj/usb_lld.o (symbol from plugin)
 .text          0x0000000000000000        0x0 build/obj/rtc_lld.o (symbol from plugin)
 .text          0x0000000000000000        0x0 build/obj/i2s_lld.o (symbol from plugin)
 .text          0x0000000000000000        0x0 build/obj/spi_lld.o (symbol from plugin)
 .text          0x0000000000000000        0x0 build/obj/gpt_lld.o (symbol from plugin)
 .text          0x0000000000000000        0x0 build/obj/icu_lld.o (symbol from plugin)
 .text          0x0000000000000000        0x0 build/obj/pwm_lld.o (symbol from plugin)
 .text          0x0000000000000000        0x0 build/obj/st_lld.o (symbol from plugin)
 .text          0x0000000000000000        0x0 build/obj/serial_lld.o (symbol from plugin)
 .text          0x0000000000000000        0x0 build/obj/uart_lld.o (symbol from plugin)
 .text          0x0000000000000000        0x0 build/obj/board.o (symbol from plugin)
 .text          0x0000000000000000        0x0 build/obj/fatfs_diskio.o (symbol from plugin)
 .text          0x0000000000000000        0x0 build/obj/fatfs_syscall.o (symbol from plugin)
 .text          0x0000000000000000        0x0 build/obj/ff.o (symbol from plugin)
 .text          0x0000000000000000        0x0 build/obj/unicode.o (symbol from plugin)
 .text          0x0000000000000000        0x0 build/obj/chprintf.o (symbol from plugin)
 .text          0x0000000000000000        0x0 build/obj/memstreams.o (symbol from plugin)
 .text          0x0000000000000000        0x0 build/obj/i2c_sensor.o (symbol from plugin)
 .text          0x0000000000000000        0x0 build/obj/bmp280.o (symbol from plugin)
 .text          0x0000000000000000        0x0 build/obj/si70x0.o (symbol from plugin)
 .text          0x0000000000000000        0x0 build/obj/ms5607.o (symbol from plugin)
 .text          0x0000000000000000        0x0 build/obj/hih6030.o (symbol from plugin)
 .text          0x0000000000000000        0x0 build/obj/lsm303.o (symbol from plugin)
 .text          0x0000000000000000        0x0 build/obj/rfm23bp.o (symbol from plugin)
 .text          0x0000000000000000        0x0 build/obj/rtd.o (symbol from plugin)
 .text          0x0000000000000000        0x0 build/obj/tmp275.o (symbol from plugin)
 .text          0x0000000000000000        0x0 build/obj/mpxm2102.o (symbol from plugin)
 .text          0x0000000000000000        0x0 build/obj/xbeepro.o (symbol from plugin)
 .text          0x0000000000000000        0x0 build/obj/datasample.o (symbol from plugin)
 .text          0x0000000000000000        0x0 build/obj/sensor_thread.o (symbol from plugin)
 .text          0x0000000000000000        0x0 build/obj/ustr.o (symbol from plugin)
 .text          0x0000000000000000        0x0 build/obj/umath.o (symbol from plugin)
 .text          0x0000000000000000        0x0 build/obj/gps.o (symbol from plugin)
 .text          0x0000000000000000        0x0 build/obj/sdmmcsimple.o (symbol from plugin)
 .text          0x0000000000000000        0x0 build/obj/datalogger.o (symbol from plugin)
 .text          0x0000000000000000        0x0 build/obj/main.o (symbol from plugin)

Memory Configuration

Name             Origin             Length             Attributes
flash            0x0000000008000000 0x0000000000040000
ram              0x0000000020000000 0x0000000000010000
*default*        0x0000000000000000 0xffffffffffffffff

Linker script and memory map

LOAD build/obj/chcoreasm_v7m.o
LOAD build/obj/crt0.o
LOAD /tmp/cc2rKujM.ltrans0.ltrans.o
LOAD /tmp/cc2rKujM.ltrans1.ltrans.o
LOAD /tmp/cc2rKujM.ltrans2.ltrans.o
LOAD /tmp/cc2rKujM.ltrans3.ltrans.o
LOAD /tmp/cc2rKujM.ltrans4.ltrans.o
LOAD /usr/bin/../lib/gcc/arm-none-eabi/4.8.4/armv7e-m/fpu/libgcc.a
LOAD /usr/bin/../lib/gcc/arm-none-eabi/4.8.4/../../../../arm-none-eabi/lib/armv7e-m/fpu/libc.a
LOAD build/obj/vectors.o
LOAD build/obj/chcore.o
LOAD build/obj/chcore_v7m.o
LOAD build/obj/chsys.o
LOAD build/obj/chdebug.o
LOAD build/obj/chtm.o
LOAD build/obj/chstats.o
LOAD build/obj/chschd.o
LOAD build/obj/chvt.o
LOAD build/obj/chthreads.o
LOAD build/obj/chdynamic.o
LOAD build/obj/chregistry.o
LOAD build/obj/chsem.o
LOAD build/obj/chmtx.o
LOAD build/obj/chcond.o
LOAD build/obj/chevents.o
LOAD build/obj/chmsg.o
LOAD build/obj/chmboxes.o
LOAD build/obj/chqueues.o
LOAD build/obj/chmemcore.o
LOAD build/obj/chheap.o
LOAD build/obj/chmempools.o
LOAD build/obj/test.o
LOAD build/obj/testthd.o
LOAD build/obj/testsem.o
LOAD build/obj/testmtx.o
LOAD build/obj/testmsg.o
LOAD build/obj/testmbox.o
LOAD build/obj/testevt.o
LOAD build/obj/testheap.o
LOAD build/obj/testpools.o
LOAD build/obj/testdyn.o
LOAD build/obj/testqueues.o
LOAD build/obj/testbmk.o
LOAD build/obj/hal.o
LOAD build/obj/hal_queues.o
LOAD build/obj/hal_mmcsd.o
LOAD build/obj/adc.o
LOAD build/obj/can.o
LOAD build/obj/dac.o
LOAD build/obj/ext.o
LOAD build/obj/gpt.o
LOAD build/obj/i2c.o
LOAD build/obj/i2s.o
LOAD build/obj/icu.o
LOAD build/obj/mac.o
LOAD build/obj/mmc_spi.o
LOAD build/obj/pal.o
LOAD build/obj/pwm.o
LOAD build/obj/rtc.o
LOAD build/obj/sdc.o
LOAD build/obj/serial.o
LOAD build/obj/serial_usb.o
LOAD build/obj/spi.o
LOAD build/obj/st.o
LOAD build/obj/uart.o
LOAD build/obj/usb.o
LOAD build/obj/osal.o
LOAD build/obj/nvic.o
LOAD build/obj/stm32_dma.o
LOAD build/obj/hal_lld.o
LOAD build/obj/adc_lld.o
LOAD build/obj/ext_lld_isr.o
LOAD build/obj/can_lld.o
LOAD build/obj/ext_lld.o
LOAD build/obj/mac_lld.o
LOAD build/obj/sdc_lld.o
LOAD build/obj/dac_lld.o
LOAD build/obj/pal_lld.o
LOAD build/obj/i2c_lld.o
LOAD build/obj/usb_lld.o
LOAD build/obj/rtc_lld.o
LOAD build/obj/i2s_lld.o
LOAD build/obj/spi_lld.o
LOAD build/obj/gpt_lld.o
LOAD build/obj/icu_lld.o
LOAD build/obj/pwm_lld.o
LOAD build/obj/st_lld.o
LOAD build/obj/serial_lld.o
LOAD build/obj/uart_lld.o
LOAD build/obj/board.o
LOAD build/obj/fatfs_diskio.o
LOAD build/obj/fatfs_syscall.o
LOAD build/obj/ff.o
LOAD build/obj/unicode.o
LOAD build/obj/chprintf.o
LOAD build/obj/memstreams.o
LOAD build/obj/i2c_sensor.o
LOAD build/obj/bmp280.o
LOAD build/obj/si70x0.o
LOAD build/obj/ms5607.o
LOAD build/obj/hih6030.o
LOAD build/obj/lsm303.o
LOAD build/obj/rfm23bp.o
LOAD build/obj/rtd.o
LOAD build/obj/tmp275.o
LOAD build/obj/mpxm2102.o
LOAD build/obj/xbeepro.o
LOAD build/obj/datasample.o
LOAD build/obj/sensor_thread.o
LOAD build/obj/ustr.o
LOAD build/obj/umath.o
LOAD build/obj/gps.o
LOAD build/obj/sdmmcsimple.o
LOAD build/obj/datalogger.o
LOAD build/obj/main.o
                0x0000000020000000                __ram_start__ = ORIGIN (ram)
                0x0000000000010000                __ram_size__ = 0x10000
                0x0000000020010000                __ram_end__ = (__ram_start__ + __ram_size__)
                0x0000000000000000                . = 0x0
                0x0000000000000000                _text = .

startup         0x0000000008000000      0x1c0
 *(vectors)
 vectors        0x0000000008000000      0x1c0 /tmp/cc2rKujM.ltrans3.ltrans.o
                0x0000000008000000                _vectors

constructors    0x00000000080001c0        0x0
                0x00000000080001c0                PROVIDE (__init_array_start, .)
 *(SORT(.init_array.*))
 *(.init_array)
                0x00000000080001c0                PROVIDE (__init_array_end, .)

destructors     0x00000000080001c0        0x0
                0x00000000080001c0                PROVIDE (__fini_array_start, .)
 *(.fini_array)
 *(SORT(.fini_array.*))
                0x00000000080001c0                PROVIDE (__fini_array_end, .)

.text           0x00000000080001c0     0x45fc
 *(.text.startup.*)
 .text.startup.main
                0x00000000080001c0      0x8a0 /tmp/cc2rKujM.ltrans1.ltrans.o
                0x00000000080001c0                main
 *(.text)
 .text          0x0000000008000a60       0x2e build/obj/chcoreasm_v7m.o
                0x0000000008000a60                _port_switch
                0x0000000008000a78                _port_thread_start
                0x0000000008000a86                _port_switch_from_isr
                0x0000000008000a8a                _port_exit_from_isr
 *fill*         0x0000000008000a8e        0x2 
 .text          0x0000000008000a90      0x370 /usr/bin/../lib/gcc/arm-none-eabi/4.8.4/armv7e-m/fpu/libgcc.a(_arm_addsubdf3.o)
                0x0000000008000a90                __aeabi_drsub
                0x0000000008000a98                __aeabi_dsub
                0x0000000008000a98                __subdf3
                0x0000000008000a9c                __adddf3
                0x0000000008000a9c                __aeabi_dadd
                0x0000000008000d14                __aeabi_ui2d
                0x0000000008000d14                __floatunsidf
                0x0000000008000d34                __floatsidf
                0x0000000008000d34                __aeabi_i2d
                0x0000000008000d58                __extendsfdf2
                0x0000000008000d58                __aeabi_f2d
                0x0000000008000d94                __aeabi_ul2d
                0x0000000008000d94                __floatundidf
                0x0000000008000da4                __floatdidf
                0x0000000008000da4                __aeabi_l2d
 .text          0x0000000008000e00      0x424 /usr/bin/../lib/gcc/arm-none-eabi/4.8.4/armv7e-m/fpu/libgcc.a(_arm_muldivdf3.o)
                0x0000000008000e00                __aeabi_dmul
                0x0000000008000e00                __muldf3
                0x0000000008001054                __aeabi_ddiv
                0x0000000008001054                __divdf3
 *fill*         0x0000000008001224        0xc 
 .text          0x0000000008001230       0x50 /usr/bin/../lib/gcc/arm-none-eabi/4.8.4/armv7e-m/fpu/libgcc.a(_arm_fixdfsi.o)
                0x0000000008001230                __fixdfsi
                0x0000000008001230                __aeabi_d2iz
 .text          0x0000000008001280       0xa0 /usr/bin/../lib/gcc/arm-none-eabi/4.8.4/armv7e-m/fpu/libgcc.a(_arm_truncdfsf2.o)
                0x0000000008001280                __aeabi_d2f
                0x0000000008001280                __truncdfsf2
 *(.text.*)
 .text.gpsRxErr.15971
                0x0000000008001320       0x10 /tmp/cc2rKujM.ltrans0.ltrans.o
                0x0000000008001320                gpsRxErr.15971
 .text.gpsRxEnd.15968
                0x0000000008001330       0x10 /tmp/cc2rKujM.ltrans0.ltrans.o
                0x0000000008001330                gpsRxEnd.15968
 .text.gpsTxC.15965
                0x0000000008001340       0x10 /tmp/cc2rKujM.ltrans0.ltrans.o
                0x0000000008001340                gpsTxC.15965
 .text.gpsTxbufEnd.15962
                0x0000000008001350       0x10 /tmp/cc2rKujM.ltrans0.ltrans.o
                0x0000000008001350                gpsTxbufEnd.15962
 .text.long_to_string_with_divisor.13045.4551
                0x0000000008001360       0x50 /tmp/cc2rKujM.ltrans0.ltrans.o
 .text.chvprintf.4537
                0x00000000080013b0      0x3a0 /tmp/cc2rKujM.ltrans0.ltrans.o
 .text.notify6.12010
                0x0000000008001750       0x10 /tmp/cc2rKujM.ltrans0.ltrans.o
                0x0000000008001750                notify6.12010
 .text.notify2.12013
                0x0000000008001760       0x10 /tmp/cc2rKujM.ltrans0.ltrans.o
                0x0000000008001760                notify2.12013
 .text.chSchWakeupS.constprop.35.4346
                0x0000000008001770       0x60 /tmp/cc2rKujM.ltrans0.ltrans.o
 .text.i2c_lld_serve_rx_end_irq.11402
                0x00000000080017d0       0x70 /tmp/cc2rKujM.ltrans0.ltrans.o
                0x00000000080017d0                i2c_lld_serve_rx_end_irq.11402
 .text.VectorD4
                0x0000000008001840       0x70 /tmp/cc2rKujM.ltrans0.ltrans.o
                0x0000000008001840                VectorD4
 .text.gpsRxChar.15980
                0x00000000080018b0       0x90 /tmp/cc2rKujM.ltrans0.ltrans.o
                0x00000000080018b0                gpsRxChar.15980
 .text.Vector164
                0x0000000008001940       0x30 /tmp/cc2rKujM.ltrans0.ltrans.o
                0x0000000008001940                Vector164
 .text.VectorC0
                0x0000000008001970       0x30 /tmp/cc2rKujM.ltrans0.ltrans.o
                0x0000000008001970                VectorC0
 .text.Vector160
                0x00000000080019a0       0x20 /tmp/cc2rKujM.ltrans0.ltrans.o
                0x00000000080019a0                Vector160
 .text.VectorBC
                0x00000000080019c0       0x20 /tmp/cc2rKujM.ltrans0.ltrans.o
                0x00000000080019c0                VectorBC
 .text.chSchGoSleepTimeoutS
                0x00000000080019e0       0xe0 /tmp/cc2rKujM.ltrans0.ltrans.o
                0x00000000080019e0                chSchGoSleepTimeoutS
 .text.chThdSleep
                0x0000000008001ac0       0x20 /tmp/cc2rKujM.ltrans0.ltrans.o
                0x0000000008001ac0                chThdSleep
 .text.chThdSleepUntil
                0x0000000008001ae0       0x20 /tmp/cc2rKujM.ltrans0.ltrans.o
                0x0000000008001ae0                chThdSleepUntil
 .text.chThdEnqueueTimeoutS.4293
                0x0000000008001b00       0x30 /tmp/cc2rKujM.ltrans0.ltrans.o
 .text.chIQGetTimeout.4238
                0x0000000008001b30       0x50 /tmp/cc2rKujM.ltrans0.ltrans.o
 .text.gett.10196.4231
                0x0000000008001b80       0x10 /tmp/cc2rKujM.ltrans0.ltrans.o
 .text.get.10200.4235
                0x0000000008001b90       0x10 /tmp/cc2rKujM.ltrans0.ltrans.o
 .text.chIQReadTimeout.4253
                0x0000000008001ba0       0x80 /tmp/cc2rKujM.ltrans0.ltrans.o
 .text.readt.10173.4242
                0x0000000008001c20       0x10 /tmp/cc2rKujM.ltrans0.ltrans.o
 .text.read.10180.4248
                0x0000000008001c30       0x10 /tmp/cc2rKujM.ltrans0.ltrans.o
 .text.chOQPutTimeout.4268
                0x0000000008001c40       0x50 /tmp/cc2rKujM.ltrans0.ltrans.o
 .text.putt.10203.4259
                0x0000000008001c90       0x10 /tmp/cc2rKujM.ltrans0.ltrans.o
 .text.put.10208.4264
                0x0000000008001ca0       0x10 /tmp/cc2rKujM.ltrans0.ltrans.o
 .text.chOQWriteTimeout.4287
                0x0000000008001cb0       0x80 /tmp/cc2rKujM.ltrans0.ltrans.o
 .text.writet.10185.4276
                0x0000000008001d30       0x10 /tmp/cc2rKujM.ltrans0.ltrans.o
 .text.write.10191.4282
                0x0000000008001d40       0x10 /tmp/cc2rKujM.ltrans0.ltrans.o
 .text.chThdCreateStatic
                0x0000000008001d50       0x80 /tmp/cc2rKujM.ltrans0.ltrans.o
                0x0000000008001d50                chThdCreateStatic
 .text.chMtxUnlock
                0x0000000008001dd0       0x60 /tmp/cc2rKujM.ltrans0.ltrans.o
                0x0000000008001dd0                chMtxUnlock
 .text.chTMStartMeasurementX.constprop.29
                0x0000000008001e30       0x10 /tmp/cc2rKujM.ltrans0.ltrans.o
                0x0000000008001e30                chTMStartMeasurementX.constprop.29
 .text.sdObjectInit.constprop.24
                0x0000000008001e40       0x70 /tmp/cc2rKujM.ltrans0.ltrans.o
                0x0000000008001e40                sdObjectInit.constprop.24
 .text.chprintf.13294.constprop.11
                0x0000000008001eb0       0x30 /tmp/cc2rKujM.ltrans0.ltrans.o
                0x0000000008001eb0                chprintf.13294.constprop.11
 .text.I2CSensor_init
                0x0000000008001ee0       0x60 /tmp/cc2rKujM.ltrans0.ltrans.o
                0x0000000008001ee0                I2CSensor_init
 .text.chprintf.15621.constprop.4
                0x0000000008001f40       0x30 /tmp/cc2rKujM.ltrans0.ltrans.o
                0x0000000008001f40                chprintf.15621.constprop.4
 .text.uStrCpy.constprop.3
                0x0000000008001f70       0x40 /tmp/cc2rKujM.ltrans0.ltrans.o
                0x0000000008001f70                uStrCpy.constprop.3
 .text.uStrInsertChar.constprop.2
                0x0000000008001fb0       0x40 /tmp/cc2rKujM.ltrans0.ltrans.o
                0x0000000008001fb0                uStrInsertChar.constprop.2
 .text.chprintf.17191
                0x0000000008001ff0       0x20 /tmp/cc2rKujM.ltrans0.ltrans.o
                0x0000000008001ff0                chprintf.17191
 .text.uStrPrependChar
                0x0000000008002010       0x30 /tmp/cc2rKujM.ltrans0.ltrans.o
                0x0000000008002010                uStrPrependChar
 .text.usart_stop.12171
                0x0000000008002040       0x50 /tmp/cc2rKujM.ltrans0.ltrans.o
                0x0000000008002040                usart_stop.12171
 .text.i2c_lld_serve_tx_end_irq.11398
                0x0000000008002090       0x50 /tmp/cc2rKujM.ltrans1.ltrans.o
                0x0000000008002090                i2c_lld_serve_tx_end_irq.11398
 .text.I2CSensor_transact
                0x00000000080020e0      0x130 /tmp/cc2rKujM.ltrans1.ltrans.o
                0x00000000080020e0                I2CSensor_transact
 .text.I2CSensor_transact_buf
                0x0000000008002210       0x20 /tmp/cc2rKujM.ltrans1.ltrans.o
                0x0000000008002210                I2CSensor_transact_buf
 .text.si70x0_init
                0x0000000008002230       0x90 /tmp/cc2rKujM.ltrans1.ltrans.o
                0x0000000008002230                si70x0_init
 .text.si70x0_heaterEnable
                0x00000000080022c0       0x50 /tmp/cc2rKujM.ltrans1.ltrans.o
                0x00000000080022c0                si70x0_heaterEnable
 .text.si70x0_readTemperature
                0x0000000008002310       0x60 /tmp/cc2rKujM.ltrans1.ltrans.o
                0x0000000008002310                si70x0_readTemperature
 .text.si70x0_readHumidity
                0x0000000008002370       0x70 /tmp/cc2rKujM.ltrans1.ltrans.o
                0x0000000008002370                si70x0_readHumidity
 .text.adc_lld_stop_conversion.4231
                0x00000000080023e0       0x40 /tmp/cc2rKujM.ltrans2.ltrans.o
 .text.chCoreAlloc
                0x0000000008002420       0x40 /tmp/cc2rKujM.ltrans2.ltrans.o
                0x0000000008002420                chCoreAlloc
 .text.wakeup.4718
                0x0000000008002460       0x70 /tmp/cc2rKujM.ltrans2.ltrans.o
                0x0000000008002460                wakeup.4718
 .text._idle_thread.4338
                0x00000000080024d0       0x20 /tmp/cc2rKujM.ltrans2.ltrans.o
                0x00000000080024d0                _idle_thread.4338
 .text.SVC_Handler
                0x00000000080024f0       0x20 /tmp/cc2rKujM.ltrans2.ltrans.o
                0x00000000080024f0                SVC_Handler
 .text.dmaStreamRelease
                0x0000000008002510       0x70 /tmp/cc2rKujM.ltrans2.ltrans.o
                0x0000000008002510                dmaStreamRelease
 .text.dmaStreamAllocate
                0x0000000008002580       0xc0 /tmp/cc2rKujM.ltrans2.ltrans.o
                0x0000000008002580                dmaStreamAllocate
 .text.chSchDoRescheduleAhead
                0x0000000008002640       0x40 /tmp/cc2rKujM.ltrans2.ltrans.o
                0x0000000008002640                chSchDoRescheduleAhead
 .text.chSchRescheduleS
                0x0000000008002680       0x20 /tmp/cc2rKujM.ltrans2.ltrans.o
                0x0000000008002680                chSchRescheduleS
 .text.chSchGoSleepS
                0x00000000080026a0       0x30 /tmp/cc2rKujM.ltrans2.ltrans.o
                0x00000000080026a0                chSchGoSleepS
 .text._port_irq_epilogue
                0x00000000080026d0       0x70 /tmp/cc2rKujM.ltrans2.ltrans.o
                0x00000000080026d0                _port_irq_epilogue
 .text.Vector158
                0x0000000008002740       0x30 /tmp/cc2rKujM.ltrans2.ltrans.o
                0x0000000008002740                Vector158
 .text.Vector154
                0x0000000008002770       0x30 /tmp/cc2rKujM.ltrans2.ltrans.o
                0x0000000008002770                Vector154
 .text.Vector150
                0x00000000080027a0       0x30 /tmp/cc2rKujM.ltrans2.ltrans.o
                0x00000000080027a0                Vector150
 .text.Vector130
                0x00000000080027d0       0x30 /tmp/cc2rKujM.ltrans2.ltrans.o
                0x00000000080027d0                Vector130
 .text.Vector12C
                0x0000000008002800       0x30 /tmp/cc2rKujM.ltrans2.ltrans.o
                0x0000000008002800                Vector12C
 .text.Vector128
                0x0000000008002830       0x30 /tmp/cc2rKujM.ltrans2.ltrans.o
                0x0000000008002830                Vector128
 .text.Vector124
                0x0000000008002860       0x30 /tmp/cc2rKujM.ltrans2.ltrans.o
                0x0000000008002860                Vector124
 .text.Vector120
                0x0000000008002890       0x30 /tmp/cc2rKujM.ltrans2.ltrans.o
                0x0000000008002890                Vector120
 .text.VectorFC
                0x00000000080028c0       0x30 /tmp/cc2rKujM.ltrans2.ltrans.o
                0x00000000080028c0                VectorFC
 .text.Vector84
                0x00000000080028f0       0x30 /tmp/cc2rKujM.ltrans2.ltrans.o
                0x00000000080028f0                Vector84
 .text.Vector80
                0x0000000008002920       0x30 /tmp/cc2rKujM.ltrans2.ltrans.o
                0x0000000008002920                Vector80
 .text.Vector7C
                0x0000000008002950       0x30 /tmp/cc2rKujM.ltrans2.ltrans.o
                0x0000000008002950                Vector7C
 .text.Vector78
                0x0000000008002980       0x30 /tmp/cc2rKujM.ltrans2.ltrans.o
                0x0000000008002980                Vector78
 .text.Vector74
                0x00000000080029b0       0x30 /tmp/cc2rKujM.ltrans2.ltrans.o
                0x00000000080029b0                Vector74
 .text.Vector70
                0x00000000080029e0       0x30 /tmp/cc2rKujM.ltrans2.ltrans.o
                0x00000000080029e0                Vector70
 .text.Vector6C
                0x0000000008002a10       0x30 /tmp/cc2rKujM.ltrans2.ltrans.o
                0x0000000008002a10                Vector6C
 .text.chSchReadyI
                0x0000000008002a40       0x30 /tmp/cc2rKujM.ltrans2.ltrans.o
                0x0000000008002a40                chSchReadyI
 .text.chEvtBroadcastFlagsI
                0x0000000008002a70       0x60 /tmp/cc2rKujM.ltrans2.ltrans.o
                0x0000000008002a70                chEvtBroadcastFlagsI
 .text.chMtxLockS
                0x0000000008002ad0       0xd0 /tmp/cc2rKujM.ltrans2.ltrans.o
                0x0000000008002ad0                chMtxLockS
 .text.chThdResumeI
                0x0000000008002ba0       0x20 /tmp/cc2rKujM.ltrans2.ltrans.o
                0x0000000008002ba0                chThdResumeI
 .text.i2c_lld_serve_error_interrupt.11412
                0x0000000008002bc0       0xb0 /tmp/cc2rKujM.ltrans2.ltrans.o
                0x0000000008002bc0                i2c_lld_serve_error_interrupt.11412
 .text.i2c_lld_serve_event_interrupt.11409
                0x0000000008002c70      0x100 /tmp/cc2rKujM.ltrans2.ltrans.o
                0x0000000008002c70                i2c_lld_serve_event_interrupt.11409
 .text.Vector88
                0x0000000008002d70       0x70 /tmp/cc2rKujM.ltrans2.ltrans.o
                0x0000000008002d70                Vector88
 .text.adc_lld_serve_rx_interrupt.11091
                0x0000000008002de0       0xd0 /tmp/cc2rKujM.ltrans2.ltrans.o
                0x0000000008002de0                adc_lld_serve_rx_interrupt.11091
 .text.chTMStopMeasurementX
                0x0000000008002eb0       0x50 /tmp/cc2rKujM.ltrans2.ltrans.o
                0x0000000008002eb0                chTMStopMeasurementX
 .text._unhandled_exception.4367
                0x0000000008002f00       0x10 /tmp/cc2rKujM.ltrans2.ltrans.o
                0x0000000008002f00                Vector58
                0x0000000008002f00                VectorE8
                0x0000000008002f00                Vector9C
                0x0000000008002f00                VectorAC
                0x0000000008002f00                DebugMon_Handler
                0x0000000008002f00                Vector1A0
                0x0000000008002f00                Vector5C
                0x0000000008002f00                Vector11C
                0x0000000008002f00                HardFault_Handler
                0x0000000008002f00                Vector1B8
                0x0000000008002f00                Vector19C
                0x0000000008002f00                Vector8C
                0x0000000008002f00                SysTick_Handler
                0x0000000008002f00                VectorDC
                0x0000000008002f00                PendSV_Handler
                0x0000000008002f00                Vector168
                0x0000000008002f00                NMI_Handler
                0x0000000008002f00                Vector110
                0x0000000008002f00                VectorC8
                0x0000000008002f00                Vector94
                0x0000000008002f00                VectorA8
                0x0000000008002f00                VectorB4
                0x0000000008002f00                Vector1B0
                0x0000000008002f00                UsageFault_Handler
                0x0000000008002f00                VectorEC
                0x0000000008002f00                Vector40
                0x0000000008002f00                VectorF8
                0x0000000008002f00                Vector108
                0x0000000008002f00                Vector190
                0x0000000008002f00                Vector148
                0x0000000008002f00                Vector188
                0x0000000008002f00                Vector198
                0x0000000008002f00                Vector118
                0x0000000008002f00                Vector64
                0x0000000008002f00                VectorCC
                0x0000000008002f00                Vector54
                0x0000000008002f00                Vector98
                0x0000000008002f00                Vector138
                0x0000000008002f00                Vector24
                0x0000000008002f00                Vector1AC
                0x0000000008002f00                Vector178
                0x0000000008002f00                Vector1A4
                0x0000000008002f00                VectorD0
                0x0000000008002f00                Vector1B4
                0x0000000008002f00                Vector140
                0x0000000008002f00                VectorE4
                0x0000000008002f00                Vector134
                0x0000000008002f00                VectorF0
                0x0000000008002f00                Vector13C
                0x0000000008002f00                Vector100
                0x0000000008002f00                VectorE0
                0x0000000008002f00                VectorF4
                0x0000000008002f00                MemManage_Handler
                0x0000000008002f00                VectorA0
                0x0000000008002f00                VectorC4
                0x0000000008002f00                Vector180
                0x0000000008002f00                Vector90
                0x0000000008002f00                Vector114
                0x0000000008002f00                Vector60
                0x0000000008002f00                Vector1C
                0x0000000008002f00                Vector1BC
                0x0000000008002f00                Vector17C
                0x0000000008002f00                Vector48
                0x0000000008002f00                Vector1A8
                0x0000000008002f00                Vector16C
                0x0000000008002f00                Vector4C
                0x0000000008002f00                Vector144
                0x0000000008002f00                Vector68
                0x0000000008002f00                Vector170
                0x0000000008002f00                Vector104
                0x0000000008002f00                Vector184
                0x0000000008002f00                Vector10C
                0x0000000008002f00                Vector14C
                0x0000000008002f00                BusFault_Handler
                0x0000000008002f00                Vector50
                0x0000000008002f00                Vector194
                0x0000000008002f00                Vector44
                0x0000000008002f00                Vector28
                0x0000000008002f00                VectorB8
                0x0000000008002f00                Vector34
                0x0000000008002f00                VectorA4
                0x0000000008002f00                Vector20
                0x0000000008002f00                Vector18C
                0x0000000008002f00                Vector174
 .text.sensorThread
                0x0000000008002f10      0x700 /tmp/cc2rKujM.ltrans3.ltrans.o
                0x0000000008002f10                sensorThread
 .text.serve_interrupt.12020.4431
                0x0000000008003610      0x1a0 /tmp/cc2rKujM.ltrans3.ltrans.o
 .text.Vector15C.4426
                0x00000000080037b0       0x20 /tmp/cc2rKujM.ltrans3.ltrans.o
 .text.VectorD8.4429
                0x00000000080037d0       0x20 /tmp/cc2rKujM.ltrans3.ltrans.o
 .text.Reset_Handler
                0x00000000080037f0      0x1c0 /tmp/cc2rKujM.ltrans3.ltrans.o
                0x00000000080037f0                Reset_Handler
 .text.chThdExit
                0x00000000080039b0       0x50 /tmp/cc2rKujM.ltrans3.ltrans.o
                0x00000000080039b0                chThdExit
 .text.chSchDoReschedule
                0x0000000008003a00       0x10 /tmp/cc2rKujM.ltrans3.ltrans.o
                0x0000000008003a00                chSchDoReschedule
 .text.uart_lld_serve_rx_end_irq.12164
                0x0000000008003a10       0x90 /tmp/cc2rKujM.ltrans4.ltrans.o
                0x0000000008003a10                uart_lld_serve_rx_end_irq.12164
 .text.uart_lld_serve_tx_end_irq.12160
                0x0000000008003aa0       0x60 /tmp/cc2rKujM.ltrans4.ltrans.o
                0x0000000008003aa0                uart_lld_serve_tx_end_irq.12160
 .text.VectorB0
                0x0000000008003b00       0x90 /tmp/cc2rKujM.ltrans4.ltrans.o
                0x0000000008003b00                VectorB0
 .text.gpsThread
                0x0000000008003b90      0x3e0 /tmp/cc2rKujM.ltrans4.ltrans.o
                0x0000000008003b90                gpsThread
 .text.beaconThread
                0x0000000008003f70       0x40 /tmp/cc2rKujM.ltrans4.ltrans.o
                0x0000000008003f70                beaconThread
 .text.sd_lld_start
                0x0000000008003fb0       0xd0 /tmp/cc2rKujM.ltrans4.ltrans.o
                0x0000000008003fb0                sd_lld_start
 .text.i2c_lld_start
                0x0000000008004080      0x200 /tmp/cc2rKujM.ltrans4.ltrans.o
                0x0000000008004080                i2c_lld_start
 .text.strcpy   0x0000000008004280       0xbc /usr/bin/../lib/gcc/arm-none-eabi/4.8.4/../../../../arm-none-eabi/lib/armv7e-m/fpu/libc.a(lib_a-strcpy.o)
                0x0000000008004280                strcpy
 *fill*         0x000000000800433c        0x4 
 .text.strlen   0x0000000008004340       0x60 /usr/bin/../lib/gcc/arm-none-eabi/4.8.4/../../../../arm-none-eabi/lib/armv7e-m/fpu/libc.a(lib_a-strlen.o)
                0x0000000008004340                strlen
 .text.strncmp  0x00000000080043a0       0xb4 /usr/bin/../lib/gcc/arm-none-eabi/4.8.4/../../../../arm-none-eabi/lib/armv7e-m/fpu/libc.a(lib_a-strncmp.o)
                0x00000000080043a0                strncmp
 *(.rodata)
 *fill*         0x0000000008004454        0xc 
 .rodata        0x0000000008004460        0xc /tmp/cc2rKujM.ltrans1.ltrans.o
 *fill*         0x000000000800446c        0x4 
 .rodata        0x0000000008004470       0x18 /tmp/cc2rKujM.ltrans3.ltrans.o
 *(.rodata.*)
 *fill*         0x0000000008004488        0x8 
 .rodata.str1.4
                0x0000000008004490       0x2b /tmp/cc2rKujM.ltrans0.ltrans.o
                                         0x2c (size before relaxing)
 *fill*         0x00000000080044bb        0x5 
 .rodata.pow10.13096.4646
                0x00000000080044c0       0x24 /tmp/cc2rKujM.ltrans0.ltrans.o
 *fill*         0x00000000080044e4        0xc 
 .rodata.vmt.10284.4628
                0x00000000080044f0       0x20 /tmp/cc2rKujM.ltrans0.ltrans.o
 .rodata.str1.4
                0x0000000008004510       0x75 /tmp/cc2rKujM.ltrans1.ltrans.o
                                         0x88 (size before relaxing)
 *fill*         0x0000000008004585        0xb 
 .rodata.ch_debug
                0x0000000008004590       0x18 /tmp/cc2rKujM.ltrans1.ltrans.o
 *fill*         0x00000000080045a8        0x8 
 .rodata._stm32_dma_streams
                0x00000000080045b0       0xc0 /tmp/cc2rKujM.ltrans1.ltrans.o
 .rodata.str1.4
                0x0000000008004670        0x5 /tmp/cc2rKujM.ltrans2.ltrans.o
                                          0x8 (size before relaxing)
 *fill*         0x0000000008004675        0xb 
 .rodata.ii2cCfg.15718.4725
                0x0000000008004680        0xc /tmp/cc2rKujM.ltrans3.ltrans.o
 *fill*         0x000000000800468c        0x4 
 .rodata.ei2cCfg.15717.4726
                0x0000000008004690        0xc /tmp/cc2rKujM.ltrans3.ltrans.o
 *fill*         0x000000000800469c        0x4 
 .rodata.str1.4
                0x00000000080046a0       0xc7 /tmp/cc2rKujM.ltrans3.ltrans.o
                                         0xc8 (size before relaxing)
 *fill*         0x0000000008004767        0x9 
 .rodata.analogGrp.15714.4685
                0x0000000008004770       0x28 /tmp/cc2rKujM.ltrans3.ltrans.o
 *fill*         0x0000000008004798        0x8 
 .rodata.str1.4
                0x00000000080047a0        0xc /tmp/cc2rKujM.ltrans4.ltrans.o
                                         0x18 (size before relaxing)
 *fill*         0x00000000080047ac        0x4 
 .rodata.default_config.12051.4513
                0x00000000080047b0        0xc /tmp/cc2rKujM.ltrans4.ltrans.o
 *(.glue_7t)
 .glue_7t       0x0000000000000000        0x0 linker stubs
 *(.glue_7)
 .glue_7        0x0000000000000000        0x0 linker stubs
 *(.gcc*)

.vfp11_veneer   0x00000000080047bc        0x0
 .vfp11_veneer  0x0000000000000000        0x0 linker stubs

.v4_bx          0x00000000080047bc        0x0
 .v4_bx         0x0000000000000000        0x0 linker stubs

.iplt           0x00000000080047bc        0x0
 .iplt          0x0000000000000000        0x0 build/obj/chcoreasm_v7m.o

.rel.dyn        0x00000000080047bc        0x0
 .rel.iplt      0x0000000000000000        0x0 build/obj/chcoreasm_v7m.o

.ARM.extab
 *(.ARM.extab* .gnu.linkonce.armextab.*)

.ARM.exidx      0x00000000080047bc        0x0
                0x00000000080047bc                PROVIDE (__exidx_start, .)
 *(.ARM.exidx* .gnu.linkonce.armexidx.*)
                0x00000000080047bc                PROVIDE (__exidx_end, .)

.eh_frame_hdr
 *(.eh_frame_hdr)

.eh_frame
 *(.eh_frame)

.textalign      0x00000000080047bc        0x4
                0x00000000080047c0                . = ALIGN (0x8)
 *fill*         0x00000000080047bc        0x4 
                0x00000000080047c0                . = ALIGN (0x4)
                0x00000000080047c0                _etext = .
                0x00000000080047c0                _textdata = _etext

.stacks         0x0000000020000000      0x800
                0x0000000020000000                . = ALIGN (0x8)
                0x0000000020000000                __main_stack_base__ = .
                0x0000000020000400                . = (. + __main_stack_size__)
 *fill*         0x0000000020000000      0x400 
                0x0000000020000400                . = ALIGN (0x8)
                0x0000000020000400                __main_stack_end__ = .
                0x0000000020000400                __process_stack_base__ = .
                0x0000000020000400                __main_thread_stack_base__ = .
                0x0000000020000800                . = (. + __process_stack_size__)
 *fill*         0x0000000020000400      0x400 
                0x0000000020000800                . = ALIGN (0x8)
                0x0000000020000800                __process_stack_end__ = .
                0x0000000020000800                __main_thread_stack_end__ = .

.data           0x0000000020000800       0x38 load address 0x00000000080047c0
                0x0000000020000800                . = ALIGN (0x4)
                0x0000000020000800                PROVIDE (_data, .)
 *(.data)
 *(.data.*)
 .data.xbeeSerCfg.14951.4849
                0x0000000020000800        0xc /tmp/cc2rKujM.ltrans1.ltrans.o
 .data.serGpsCfg.16048.4817
                0x000000002000080c       0x20 /tmp/cc2rKujM.ltrans1.ltrans.o
 .data.serCfg.17258.4848
                0x000000002000082c        0xc /tmp/cc2rKujM.ltrans1.ltrans.o
 *(.ramtext)
                0x0000000020000838                . = ALIGN (0x4)
                0x0000000020000838                PROVIDE (_edata, .)

.igot.plt       0x0000000020000838        0x0 load address 0x00000000080047f8
 .igot.plt      0x0000000000000000        0x0 build/obj/chcoreasm_v7m.o

.bss            0x0000000020000838     0x26f4
                0x0000000020000838                . = ALIGN (0x4)
                0x0000000020000838                PROVIDE (_bss_start, .)
 *(.bss)
 *(.bss.*)
 .bss.dma_streams_mask.10838
                0x0000000020000838        0x4 /tmp/cc2rKujM.ltrans1.ltrans.o
                0x0000000020000838                dma_streams_mask.10838
 .bss.nextmem.6820
                0x000000002000083c        0x4 /tmp/cc2rKujM.ltrans1.ltrans.o
                0x000000002000083c                nextmem.6820
 .bss.waGps.17262.4835
                0x0000000020000840      0x658 /tmp/cc2rKujM.ltrans1.ltrans.o
 .bss.mainthread.6320.4386.4818
                0x0000000020000e98       0x44 /tmp/cc2rKujM.ltrans1.ltrans.o
 .bss.GPS.16049
                0x0000000020000edc      0x140 /tmp/cc2rKujM.ltrans1.ltrans.o
                0x0000000020000edc                GPS.16049
 .bss.SPID3.4819
                0x000000002000101c       0x30 /tmp/cc2rKujM.ltrans1.ltrans.o
 .bss.dma_isr_redir.10833
                0x000000002000104c       0x80 /tmp/cc2rKujM.ltrans1.ltrans.o
                0x000000002000104c                dma_isr_redir.10833
 *fill*         0x00000000200010cc        0x4 
 .bss.waBeacon.17260.4838
                0x00000000200010d0      0x190 /tmp/cc2rKujM.ltrans1.ltrans.o
 .bss.UARTD1    0x0000000020001260       0x1c /tmp/cc2rKujM.ltrans1.ltrans.o
                0x0000000020001260                UARTD1
 *fill*         0x000000002000127c        0x4 
 .bss.waSensor.17261.4837
                0x0000000020001280     0x1150 /tmp/cc2rKujM.ltrans1.ltrans.o
 .bss.default_heap.6947.4926
                0x00000000200023d0       0x20 /tmp/cc2rKujM.ltrans1.ltrans.o
 .bss.sensCount.13793.4812
                0x00000000200023f0        0x1 /tmp/cc2rKujM.ltrans1.ltrans.o
 *fill*         0x00000000200023f1        0x7 
 .bss._idle_thread_wa.4385.4925
                0x00000000200023f8      0x160 /tmp/cc2rKujM.ltrans1.ltrans.o
 .bss.errors.13409.4811
                0x0000000020002558        0x4 /tmp/cc2rKujM.ltrans1.ltrans.o
 .bss.xbee.17255.4814
                0x000000002000255c        0x8 /tmp/cc2rKujM.ltrans1.ltrans.o
 .bss.endmem.6822
                0x0000000020002564        0x4 /tmp/cc2rKujM.ltrans1.ltrans.o
                0x0000000020002564                endmem.6822
 .bss.dummytx.11757.4810
                0x0000000020002568        0x2 /tmp/cc2rKujM.ltrans1.ltrans.o
 *fill*         0x000000002000256a        0x2 
 .bss.SD2       0x000000002000256c      0x458 /tmp/cc2rKujM.ltrans3.ltrans.o
                0x000000002000256c                SD2
 .bss.SD6       0x00000000200029c4      0x458 /tmp/cc2rKujM.ltrans3.ltrans.o
                0x00000000200029c4                SD6
 .bss.sensCount.13979.4680
                0x0000000020002e1c        0x1 /tmp/cc2rKujM.ltrans3.ltrans.o
 *fill*         0x0000000020002e1d        0x3 
 .bss.analogSamples.15720.4727
                0x0000000020002e20        0xc /tmp/cc2rKujM.ltrans3.ltrans.o
 .bss.sensCount.13591.4679
                0x0000000020002e2c        0x1 /tmp/cc2rKujM.ltrans3.ltrans.o
 .bss.activeAnalogCh.15719.4683
                0x0000000020002e2d        0x1 /tmp/cc2rKujM.ltrans3.ltrans.o
 .bss.sensCount.14741.4682
                0x0000000020002e2e        0x1 /tmp/cc2rKujM.ltrans3.ltrans.o
 *fill*         0x0000000020002e2f        0x1 
 .bss.ADCD1     0x0000000020002e30       0x34 /tmp/cc2rKujM.ltrans3.ltrans.o
                0x0000000020002e30                ADCD1
 .bss.ch        0x0000000020002e64       0x34 /tmp/cc2rKujM.ltrans3.ltrans.o
                0x0000000020002e64                ch
 .bss.I2CD1     0x0000000020002e98       0x38 /tmp/cc2rKujM.ltrans3.ltrans.o
                0x0000000020002e98                I2CD1
 .bss.sensCount.14339.4681
                0x0000000020002ed0        0x1 /tmp/cc2rKujM.ltrans3.ltrans.o
 *fill*         0x0000000020002ed1        0x3 
 .bss.I2CD3     0x0000000020002ed4       0x38 /tmp/cc2rKujM.ltrans3.ltrans.o
                0x0000000020002ed4                I2CD3
 .bss.tokBuf.16050
                0x0000000020002f0c       0x14 /tmp/cc2rKujM.ltrans4.ltrans.o
                0x0000000020002f0c                tokBuf.16050
 .bss.gpsSem    0x0000000020002f20        0xc /tmp/cc2rKujM.ltrans4.ltrans.o
                0x0000000020002f20                gpsSem
 *(COMMON)
                0x0000000020002f2c                . = ALIGN (0x4)
                0x0000000020002f2c                PROVIDE (_bss_end, .)
                0x0000000020002f2c                PROVIDE (end, .)
                0x0000000020002f2c                _end = .
                0x0000000020002f2c                __heap_base__ = _end
                0x0000000020010000                __heap_end__ = __ram_end__
                0x0000000000000400                __process_stack_size__ = 0x400
                0x0000000000000400                __main_stack_size__ = 0x400
START GROUP
LOAD /usr/bin/../lib/gcc/arm-none-eabi/4.8.4/armv7e-m/fpu/libgcc.a
LOAD /usr/bin/../lib/gcc/arm-none-eabi/4.8.4/../../../../arm-none-eabi/lib/armv7e-m/fpu/libc.a
END GROUP
OUTPUT(build/stribog.elf elf32-littlearm)

.ARM.attributes
                0x0000000000000000       0x35
 .ARM.attributes
                0x0000000000000000       0x25 build/obj/chcoreasm_v7m.o
 .ARM.attributes
                0x0000000000000025       0x37 /tmp/cc2rKujM.ltrans0.ltrans.o
 .ARM.attributes
                0x000000000000005c       0x37 /tmp/cc2rKujM.ltrans1.ltrans.o
 .ARM.attributes
                0x0000000000000093       0x37 /tmp/cc2rKujM.ltrans2.ltrans.o
 .ARM.attributes
                0x00000000000000ca       0x37 /tmp/cc2rKujM.ltrans3.ltrans.o
 .ARM.attributes
                0x0000000000000101       0x37 /tmp/cc2rKujM.ltrans4.ltrans.o
 .ARM.attributes
                0x0000000000000138       0x22 /usr/bin/../lib/gcc/arm-none-eabi/4.8.4/armv7e-m/fpu/libgcc.a(_arm_addsubdf3.o)
 .ARM.attributes
                0x000000000000015a       0x22 /usr/bin/../lib/gcc/arm-none-eabi/4.8.4/armv7e-m/fpu/libgcc.a(_arm_muldivdf3.o)
 .ARM.attributes
                0x000000000000017c       0x22 /usr/bin/../lib/gcc/arm-none-eabi/4.8.4/armv7e-m/fpu/libgcc.a(_arm_fixdfsi.o)
 .ARM.attributes
                0x000000000000019e       0x22 /usr/bin/../lib/gcc/arm-none-eabi/4.8.4/armv7e-m/fpu/libgcc.a(_arm_truncdfsf2.o)
 .ARM.attributes
                0x00000000000001c0       0x34 /usr/bin/../lib/gcc/arm-none-eabi/4.8.4/../../../../arm-none-eabi/lib/armv7e-m/fpu/libc.a(lib_a-strcpy.o)
 .ARM.attributes
                0x00000000000001f4       0x34 /usr/bin/../lib/gcc/arm-none-eabi/4.8.4/../../../../arm-none-eabi/lib/armv7e-m/fpu/libc.a(lib_a-strlen.o)
 .ARM.attributes
                0x0000000000000228       0x34 /usr/bin/../lib/gcc/arm-none-eabi/4.8.4/../../../../arm-none-eabi/lib/armv7e-m/fpu/libc.a(lib_a-strncmp.o)

.comment        0x0000000000000000       0x70
 .comment       0x0000000000000000       0x70 /tmp/cc2rKujM.ltrans0.ltrans.o
                                         0x71 (size before relaxing)
 .comment       0x0000000000000000       0x71 /tmp/cc2rKujM.ltrans1.ltrans.o
 .comment       0x0000000000000000       0x71 /tmp/cc2rKujM.ltrans2.ltrans.o
 .comment       0x0000000000000000       0x71 /tmp/cc2rKujM.ltrans3.ltrans.o
 .comment       0x0000000000000000       0x71 /tmp/cc2rKujM.ltrans4.ltrans.o

.debug_frame    0x0000000000000000       0x68
 .debug_frame   0x0000000000000000       0x20 /usr/bin/../lib/gcc/arm-none-eabi/4.8.4/../../../../arm-none-eabi/lib/armv7e-m/fpu/libc.a(lib_a-strcpy.o)
 .debug_frame   0x0000000000000020       0x20 /usr/bin/../lib/gcc/arm-none-eabi/4.8.4/../../../../arm-none-eabi/lib/armv7e-m/fpu/libc.a(lib_a-strlen.o)
 .debug_frame   0x0000000000000040       0x28 /usr/bin/../lib/gcc/arm-none-eabi/4.8.4/../../../../arm-none-eabi/lib/armv7e-m/fpu/libc.a(lib_a-strncmp.o)

Cross Reference Table

Symbol                                            File
ADCD1                                             /tmp/cc2rKujM.ltrans3.ltrans.o
                                                  /tmp/cc2rKujM.ltrans2.ltrans.o
                                                  /tmp/cc2rKujM.ltrans1.ltrans.o
BusFault_Handler                                  /tmp/cc2rKujM.ltrans2.ltrans.o
                                                  /tmp/cc2rKujM.ltrans3.ltrans.o
DebugMon_Handler                                  /tmp/cc2rKujM.ltrans2.ltrans.o
                                                  /tmp/cc2rKujM.ltrans3.ltrans.o
GPS.16049                                         /tmp/cc2rKujM.ltrans1.ltrans.o
                                                  /tmp/cc2rKujM.ltrans4.ltrans.o
                                                  /tmp/cc2rKujM.ltrans0.ltrans.o
HardFault_Handler                                 /tmp/cc2rKujM.ltrans2.ltrans.o
                                                  /tmp/cc2rKujM.ltrans3.ltrans.o
I2CD1                                             /tmp/cc2rKujM.ltrans3.ltrans.o
                                                  /tmp/cc2rKujM.ltrans4.ltrans.o
                                                  /tmp/cc2rKujM.ltrans1.ltrans.o
                                                  /tmp/cc2rKujM.ltrans0.ltrans.o
I2CD3                                             /tmp/cc2rKujM.ltrans3.ltrans.o
                                                  /tmp/cc2rKujM.ltrans4.ltrans.o
                                                  /tmp/cc2rKujM.ltrans1.ltrans.o
                                                  /tmp/cc2rKujM.ltrans0.ltrans.o
I2CSensor_init                                    /tmp/cc2rKujM.ltrans0.ltrans.o
                                                  /tmp/cc2rKujM.ltrans3.ltrans.o
                                                  /tmp/cc2rKujM.ltrans1.ltrans.o
I2CSensor_transact                                /tmp/cc2rKujM.ltrans1.ltrans.o
                                                  /tmp/cc2rKujM.ltrans3.ltrans.o
I2CSensor_transact_buf                            /tmp/cc2rKujM.ltrans1.ltrans.o
                                                  /tmp/cc2rKujM.ltrans3.ltrans.o
MemManage_Handler                                 /tmp/cc2rKujM.ltrans2.ltrans.o
                                                  /tmp/cc2rKujM.ltrans3.ltrans.o
NMI_Handler                                       /tmp/cc2rKujM.ltrans2.ltrans.o
                                                  /tmp/cc2rKujM.ltrans3.ltrans.o
PendSV_Handler                                    /tmp/cc2rKujM.ltrans2.ltrans.o
                                                  /tmp/cc2rKujM.ltrans3.ltrans.o
Reset_Handler                                     /tmp/cc2rKujM.ltrans3.ltrans.o
SD2                                               /tmp/cc2rKujM.ltrans3.ltrans.o
                                                  /tmp/cc2rKujM.ltrans4.ltrans.o
                                                  /tmp/cc2rKujM.ltrans1.ltrans.o
SD6                                               /tmp/cc2rKujM.ltrans3.ltrans.o
                                                  /tmp/cc2rKujM.ltrans4.ltrans.o
                                                  /tmp/cc2rKujM.ltrans1.ltrans.o
                                                  /tmp/cc2rKujM.ltrans0.ltrans.o
SVC_Handler                                       /tmp/cc2rKujM.ltrans2.ltrans.o
                                                  /tmp/cc2rKujM.ltrans3.ltrans.o
SysTick_Handler                                   /tmp/cc2rKujM.ltrans2.ltrans.o
                                                  /tmp/cc2rKujM.ltrans3.ltrans.o
UARTD1                                            /tmp/cc2rKujM.ltrans1.ltrans.o
                                                  /tmp/cc2rKujM.ltrans4.ltrans.o
                                                  /tmp/cc2rKujM.ltrans0.ltrans.o
UsageFault_Handler                                /tmp/cc2rKujM.ltrans2.ltrans.o
                                                  /tmp/cc2rKujM.ltrans3.ltrans.o
Vector100                                         /tmp/cc2rKujM.ltrans2.ltrans.o
                                                  /tmp/cc2rKujM.ltrans3.ltrans.o
Vector104                                         /tmp/cc2rKujM.ltrans2.ltrans.o
                                                  /tmp/cc2rKujM.ltrans3.ltrans.o
Vector108                                         /tmp/cc2rKujM.ltrans2.ltrans.o
                                                  /tmp/cc2rKujM.ltrans3.ltrans.o
Vector10C                                         /tmp/cc2rKujM.ltrans2.ltrans.o
                                                  /tmp/cc2rKujM.ltrans3.ltrans.o
Vector110                                         /tmp/cc2rKujM.ltrans2.ltrans.o
                                                  /tmp/cc2rKujM.ltrans3.ltrans.o
Vector114                                         /tmp/cc2rKujM.ltrans2.ltrans.o
                                                  /tmp/cc2rKujM.ltrans3.ltrans.o
Vector118                                         /tmp/cc2rKujM.ltrans2.ltrans.o
                                                  /tmp/cc2rKujM.ltrans3.ltrans.o
Vector11C                                         /tmp/cc2rKujM.ltrans2.ltrans.o
                                                  /tmp/cc2rKujM.ltrans3.ltrans.o
Vector120                                         /tmp/cc2rKujM.ltrans2.ltrans.o
                                                  /tmp/cc2rKujM.ltrans3.ltrans.o
Vector124                                         /tmp/cc2rKujM.ltrans2.ltrans.o
                                                  /tmp/cc2rKujM.ltrans3.ltrans.o
Vector128                                         /tmp/cc2rKujM.ltrans2.ltrans.o
                                                  /tmp/cc2rKujM.ltrans3.ltrans.o
Vector12C                                         /tmp/cc2rKujM.ltrans2.ltrans.o
                                                  /tmp/cc2rKujM.ltrans3.ltrans.o
Vector130                                         /tmp/cc2rKujM.ltrans2.ltrans.o
                                                  /tmp/cc2rKujM.ltrans3.ltrans.o
Vector134                                         /tmp/cc2rKujM.ltrans2.ltrans.o
                                                  /tmp/cc2rKujM.ltrans3.ltrans.o
Vector138                                         /tmp/cc2rKujM.ltrans2.ltrans.o
                                                  /tmp/cc2rKujM.ltrans3.ltrans.o
Vector13C                                         /tmp/cc2rKujM.ltrans2.ltrans.o
                                                  /tmp/cc2rKujM.ltrans3.ltrans.o
Vector140                                         /tmp/cc2rKujM.ltrans2.ltrans.o
                                                  /tmp/cc2rKujM.ltrans3.ltrans.o
Vector144                                         /tmp/cc2rKujM.ltrans2.ltrans.o
                                                  /tmp/cc2rKujM.ltrans3.ltrans.o
Vector148                                         /tmp/cc2rKujM.ltrans2.ltrans.o
                                                  /tmp/cc2rKujM.ltrans3.ltrans.o
Vector14C                                         /tmp/cc2rKujM.ltrans2.ltrans.o
                                                  /tmp/cc2rKujM.ltrans3.ltrans.o
Vector150                                         /tmp/cc2rKujM.ltrans2.ltrans.o
                                                  /tmp/cc2rKujM.ltrans3.ltrans.o
Vector154                                         /tmp/cc2rKujM.ltrans2.ltrans.o
                                                  /tmp/cc2rKujM.ltrans3.ltrans.o
Vector158                                         /tmp/cc2rKujM.ltrans2.ltrans.o
                                                  /tmp/cc2rKujM.ltrans3.ltrans.o
Vector160                                         /tmp/cc2rKujM.ltrans0.ltrans.o
                                                  /tmp/cc2rKujM.ltrans3.ltrans.o
Vector164                                         /tmp/cc2rKujM.ltrans0.ltrans.o
                                                  /tmp/cc2rKujM.ltrans3.ltrans.o
Vector168                                         /tmp/cc2rKujM.ltrans2.ltrans.o
                                                  /tmp/cc2rKujM.ltrans3.ltrans.o
Vector16C                                         /tmp/cc2rKujM.ltrans2.ltrans.o
                                                  /tmp/cc2rKujM.ltrans3.ltrans.o
Vector170                                         /tmp/cc2rKujM.ltrans2.ltrans.o
                                                  /tmp/cc2rKujM.ltrans3.ltrans.o
Vector174                                         /tmp/cc2rKujM.ltrans2.ltrans.o
                                                  /tmp/cc2rKujM.ltrans3.ltrans.o
Vector178                                         /tmp/cc2rKujM.ltrans2.ltrans.o
                                                  /tmp/cc2rKujM.ltrans3.ltrans.o
Vector17C                                         /tmp/cc2rKujM.ltrans2.ltrans.o
                                                  /tmp/cc2rKujM.ltrans3.ltrans.o
Vector180                                         /tmp/cc2rKujM.ltrans2.ltrans.o
                                                  /tmp/cc2rKujM.ltrans3.ltrans.o
Vector184                                         /tmp/cc2rKujM.ltrans2.ltrans.o
                                                  /tmp/cc2rKujM.ltrans3.ltrans.o
Vector188                                         /tmp/cc2rKujM.ltrans2.ltrans.o
                                                  /tmp/cc2rKujM.ltrans3.ltrans.o
Vector18C                                         /tmp/cc2rKujM.ltrans2.ltrans.o
                                                  /tmp/cc2rKujM.ltrans3.ltrans.o
Vector190                                         /tmp/cc2rKujM.ltrans2.ltrans.o
                                                  /tmp/cc2rKujM.ltrans3.ltrans.o
Vector194                                         /tmp/cc2rKujM.ltrans2.ltrans.o
                                                  /tmp/cc2rKujM.ltrans3.ltrans.o
Vector198                                         /tmp/cc2rKujM.ltrans2.ltrans.o
                                                  /tmp/cc2rKujM.ltrans3.ltrans.o
Vector19C                                         /tmp/cc2rKujM.ltrans2.ltrans.o
                                                  /tmp/cc2rKujM.ltrans3.ltrans.o
Vector1A0                                         /tmp/cc2rKujM.ltrans2.ltrans.o
                                                  /tmp/cc2rKujM.ltrans3.ltrans.o
Vector1A4                                         /tmp/cc2rKujM.ltrans2.ltrans.o
                                                  /tmp/cc2rKujM.ltrans3.ltrans.o
Vector1A8                                         /tmp/cc2rKujM.ltrans2.ltrans.o
                                                  /tmp/cc2rKujM.ltrans3.ltrans.o
Vector1AC                                         /tmp/cc2rKujM.ltrans2.ltrans.o
                                                  /tmp/cc2rKujM.ltrans3.ltrans.o
Vector1B0                                         /tmp/cc2rKujM.ltrans2.ltrans.o
                                                  /tmp/cc2rKujM.ltrans3.ltrans.o
Vector1B4                                         /tmp/cc2rKujM.ltrans2.ltrans.o
                                                  /tmp/cc2rKujM.ltrans3.ltrans.o
Vector1B8                                         /tmp/cc2rKujM.ltrans2.ltrans.o
                                                  /tmp/cc2rKujM.ltrans3.ltrans.o
Vector1BC                                         /tmp/cc2rKujM.ltrans2.ltrans.o
                                                  /tmp/cc2rKujM.ltrans3.ltrans.o
Vector1C                                          /tmp/cc2rKujM.ltrans2.ltrans.o
                                                  /tmp/cc2rKujM.ltrans3.ltrans.o
Vector20                                          /tmp/cc2rKujM.ltrans2.ltrans.o
                                                  /tmp/cc2rKujM.ltrans3.ltrans.o
Vector24                                          /tmp/cc2rKujM.ltrans2.ltrans.o
                                                  /tmp/cc2rKujM.ltrans3.ltrans.o
Vector28                                          /tmp/cc2rKujM.ltrans2.ltrans.o
                                                  /tmp/cc2rKujM.ltrans3.ltrans.o
Vector34                                          /tmp/cc2rKujM.ltrans2.ltrans.o
                                                  /tmp/cc2rKujM.ltrans3.ltrans.o
Vector40                                          /tmp/cc2rKujM.ltrans2.ltrans.o
                                                  /tmp/cc2rKujM.ltrans3.ltrans.o
Vector44                                          /tmp/cc2rKujM.ltrans2.ltrans.o
                                                  /tmp/cc2rKujM.ltrans3.ltrans.o
Vector48                                          /tmp/cc2rKujM.ltrans2.ltrans.o
                                                  /tmp/cc2rKujM.ltrans3.ltrans.o
Vector4C                                          /tmp/cc2rKujM.ltrans2.ltrans.o
                                                  /tmp/cc2rKujM.ltrans3.ltrans.o
Vector50                                          /tmp/cc2rKujM.ltrans2.ltrans.o
                                                  /tmp/cc2rKujM.ltrans3.ltrans.o
Vector54                                          /tmp/cc2rKujM.ltrans2.ltrans.o
                                                  /tmp/cc2rKujM.ltrans3.ltrans.o
Vector58                                          /tmp/cc2rKujM.ltrans2.ltrans.o
                                                  /tmp/cc2rKujM.ltrans3.ltrans.o
Vector5C                                          /tmp/cc2rKujM.ltrans2.ltrans.o
                                                  /tmp/cc2rKujM.ltrans3.ltrans.o
Vector60                                          /tmp/cc2rKujM.ltrans2.ltrans.o
                                                  /tmp/cc2rKujM.ltrans3.ltrans.o
Vector64                                          /tmp/cc2rKujM.ltrans2.ltrans.o
                                                  /tmp/cc2rKujM.ltrans3.ltrans.o
Vector68                                          /tmp/cc2rKujM.ltrans2.ltrans.o
                                                  /tmp/cc2rKujM.ltrans3.ltrans.o
Vector6C                                          /tmp/cc2rKujM.ltrans2.ltrans.o
                                                  /tmp/cc2rKujM.ltrans3.ltrans.o
Vector70                                          /tmp/cc2rKujM.ltrans2.ltrans.o
                                                  /tmp/cc2rKujM.ltrans3.ltrans.o
Vector74                                          /tmp/cc2rKujM.ltrans2.ltrans.o
                                                  /tmp/cc2rKujM.ltrans3.ltrans.o
Vector78                                          /tmp/cc2rKujM.ltrans2.ltrans.o
                                                  /tmp/cc2rKujM.ltrans3.ltrans.o
Vector7C                                          /tmp/cc2rKujM.ltrans2.ltrans.o
                                                  /tmp/cc2rKujM.ltrans3.ltrans.o
Vector80                                          /tmp/cc2rKujM.ltrans2.ltrans.o
                                                  /tmp/cc2rKujM.ltrans3.ltrans.o
Vector84                                          /tmp/cc2rKujM.ltrans2.ltrans.o
                                                  /tmp/cc2rKujM.ltrans3.ltrans.o
Vector88                                          /tmp/cc2rKujM.ltrans2.ltrans.o
                                                  /tmp/cc2rKujM.ltrans3.ltrans.o
Vector8C                                          /tmp/cc2rKujM.ltrans2.ltrans.o
                                                  /tmp/cc2rKujM.ltrans3.ltrans.o
Vector90                                          /tmp/cc2rKujM.ltrans2.ltrans.o
                                                  /tmp/cc2rKujM.ltrans3.ltrans.o
Vector94                                          /tmp/cc2rKujM.ltrans2.ltrans.o
                                                  /tmp/cc2rKujM.ltrans3.ltrans.o
Vector98                                          /tmp/cc2rKujM.ltrans2.ltrans.o
                                                  /tmp/cc2rKujM.ltrans3.ltrans.o
Vector9C                                          /tmp/cc2rKujM.ltrans2.ltrans.o
                                                  /tmp/cc2rKujM.ltrans3.ltrans.o
VectorA0                                          /tmp/cc2rKujM.ltrans2.ltrans.o
                                                  /tmp/cc2rKujM.ltrans3.ltrans.o
VectorA4                                          /tmp/cc2rKujM.ltrans2.ltrans.o
                                                  /tmp/cc2rKujM.ltrans3.ltrans.o
VectorA8                                          /tmp/cc2rKujM.ltrans2.ltrans.o
                                                  /tmp/cc2rKujM.ltrans3.ltrans.o
VectorAC                                          /tmp/cc2rKujM.ltrans2.ltrans.o
                                                  /tmp/cc2rKujM.ltrans3.ltrans.o
VectorB0                                          /tmp/cc2rKujM.ltrans4.ltrans.o
                                                  /tmp/cc2rKujM.ltrans3.ltrans.o
VectorB4                                          /tmp/cc2rKujM.ltrans2.ltrans.o
                                                  /tmp/cc2rKujM.ltrans3.ltrans.o
VectorB8                                          /tmp/cc2rKujM.ltrans2.ltrans.o
                                                  /tmp/cc2rKujM.ltrans3.ltrans.o
VectorBC                                          /tmp/cc2rKujM.ltrans0.ltrans.o
                                                  /tmp/cc2rKujM.ltrans3.ltrans.o
VectorC0                                          /tmp/cc2rKujM.ltrans0.ltrans.o
                                                  /tmp/cc2rKujM.ltrans3.ltrans.o
VectorC4                                          /tmp/cc2rKujM.ltrans2.ltrans.o
                                                  /tmp/cc2rKujM.ltrans3.ltrans.o
VectorC8                                          /tmp/cc2rKujM.ltrans2.ltrans.o
                                                  /tmp/cc2rKujM.ltrans3.ltrans.o
VectorCC                                          /tmp/cc2rKujM.ltrans2.ltrans.o
                                                  /tmp/cc2rKujM.ltrans3.ltrans.o
VectorD0                                          /tmp/cc2rKujM.ltrans2.ltrans.o
                                                  /tmp/cc2rKujM.ltrans3.ltrans.o
VectorD4                                          /tmp/cc2rKujM.ltrans0.ltrans.o
                                                  /tmp/cc2rKujM.ltrans3.ltrans.o
VectorDC                                          /tmp/cc2rKujM.ltrans2.ltrans.o
                                                  /tmp/cc2rKujM.ltrans3.ltrans.o
VectorE0                                          /tmp/cc2rKujM.ltrans2.ltrans.o
                                                  /tmp/cc2rKujM.ltrans3.ltrans.o
VectorE4                                          /tmp/cc2rKujM.ltrans2.ltrans.o
                                                  /tmp/cc2rKujM.ltrans3.ltrans.o
VectorE8                                          /tmp/cc2rKujM.ltrans2.ltrans.o
                                                  /tmp/cc2rKujM.ltrans3.ltrans.o
VectorEC                                          /tmp/cc2rKujM.ltrans2.ltrans.o
                                                  /tmp/cc2rKujM.ltrans3.ltrans.o
VectorF0                                          /tmp/cc2rKujM.ltrans2.ltrans.o
                                                  /tmp/cc2rKujM.ltrans3.ltrans.o
VectorF4                                          /tmp/cc2rKujM.ltrans2.ltrans.o
                                                  /tmp/cc2rKujM.ltrans3.ltrans.o
VectorF8                                          /tmp/cc2rKujM.ltrans2.ltrans.o
                                                  /tmp/cc2rKujM.ltrans3.ltrans.o
VectorFC                                          /tmp/cc2rKujM.ltrans2.ltrans.o
                                                  /tmp/cc2rKujM.ltrans3.ltrans.o
__adddf3                                          /usr/bin/../lib/gcc/arm-none-eabi/4.8.4/armv7e-m/fpu/libgcc.a(_arm_addsubdf3.o)
__aeabi_d2f                                       /usr/bin/../lib/gcc/arm-none-eabi/4.8.4/armv7e-m/fpu/libgcc.a(_arm_truncdfsf2.o)
                                                  /tmp/cc2rKujM.ltrans0.ltrans.o
__aeabi_d2iz                                      /usr/bin/../lib/gcc/arm-none-eabi/4.8.4/armv7e-m/fpu/libgcc.a(_arm_fixdfsi.o)
                                                  /tmp/cc2rKujM.ltrans0.ltrans.o
__aeabi_dadd                                      /usr/bin/../lib/gcc/arm-none-eabi/4.8.4/armv7e-m/fpu/libgcc.a(_arm_addsubdf3.o)
__aeabi_ddiv                                      /usr/bin/../lib/gcc/arm-none-eabi/4.8.4/armv7e-m/fpu/libgcc.a(_arm_muldivdf3.o)
__aeabi_dmul                                      /usr/bin/../lib/gcc/arm-none-eabi/4.8.4/armv7e-m/fpu/libgcc.a(_arm_muldivdf3.o)
                                                  /tmp/cc2rKujM.ltrans0.ltrans.o
__aeabi_drsub                                     /usr/bin/../lib/gcc/arm-none-eabi/4.8.4/armv7e-m/fpu/libgcc.a(_arm_addsubdf3.o)
__aeabi_dsub                                      /usr/bin/../lib/gcc/arm-none-eabi/4.8.4/armv7e-m/fpu/libgcc.a(_arm_addsubdf3.o)
                                                  /tmp/cc2rKujM.ltrans0.ltrans.o
__aeabi_f2d                                       /usr/bin/../lib/gcc/arm-none-eabi/4.8.4/armv7e-m/fpu/libgcc.a(_arm_addsubdf3.o)
                                                  /tmp/cc2rKujM.ltrans3.ltrans.o
                                                  /tmp/cc2rKujM.ltrans0.ltrans.o
__aeabi_i2d                                       /usr/bin/../lib/gcc/arm-none-eabi/4.8.4/armv7e-m/fpu/libgcc.a(_arm_addsubdf3.o)
                                                  /tmp/cc2rKujM.ltrans0.ltrans.o
__aeabi_l2d                                       /usr/bin/../lib/gcc/arm-none-eabi/4.8.4/armv7e-m/fpu/libgcc.a(_arm_addsubdf3.o)
__aeabi_ui2d                                      /usr/bin/../lib/gcc/arm-none-eabi/4.8.4/armv7e-m/fpu/libgcc.a(_arm_addsubdf3.o)
                                                  /tmp/cc2rKujM.ltrans0.ltrans.o
__aeabi_ul2d                                      /usr/bin/../lib/gcc/arm-none-eabi/4.8.4/armv7e-m/fpu/libgcc.a(_arm_addsubdf3.o)
__divdf3                                          /usr/bin/../lib/gcc/arm-none-eabi/4.8.4/armv7e-m/fpu/libgcc.a(_arm_muldivdf3.o)
__extendsfdf2                                     /usr/bin/../lib/gcc/arm-none-eabi/4.8.4/armv7e-m/fpu/libgcc.a(_arm_addsubdf3.o)
__fixdfsi                                         /usr/bin/../lib/gcc/arm-none-eabi/4.8.4/armv7e-m/fpu/libgcc.a(_arm_fixdfsi.o)
__floatdidf                                       /usr/bin/../lib/gcc/arm-none-eabi/4.8.4/armv7e-m/fpu/libgcc.a(_arm_addsubdf3.o)
__floatsidf                                       /usr/bin/../lib/gcc/arm-none-eabi/4.8.4/armv7e-m/fpu/libgcc.a(_arm_addsubdf3.o)
__floatundidf                                     /usr/bin/../lib/gcc/arm-none-eabi/4.8.4/armv7e-m/fpu/libgcc.a(_arm_addsubdf3.o)
__floatunsidf                                     /usr/bin/../lib/gcc/arm-none-eabi/4.8.4/armv7e-m/fpu/libgcc.a(_arm_addsubdf3.o)
__heap_base__                                     /tmp/cc2rKujM.ltrans1.ltrans.o
__heap_end__                                      /tmp/cc2rKujM.ltrans1.ltrans.o
__init_array_end                                  /tmp/cc2rKujM.ltrans3.ltrans.o
__init_array_start                                /tmp/cc2rKujM.ltrans3.ltrans.o
__main_stack_base__                               /tmp/cc2rKujM.ltrans3.ltrans.o
__main_stack_end__                                /tmp/cc2rKujM.ltrans3.ltrans.o
__muldf3                                          /usr/bin/../lib/gcc/arm-none-eabi/4.8.4/armv7e-m/fpu/libgcc.a(_arm_muldivdf3.o)
__process_stack_base__                            /tmp/cc2rKujM.ltrans3.ltrans.o
__process_stack_end__                             /tmp/cc2rKujM.ltrans3.ltrans.o
__subdf3                                          /usr/bin/../lib/gcc/arm-none-eabi/4.8.4/armv7e-m/fpu/libgcc.a(_arm_addsubdf3.o)
__truncdfsf2                                      /usr/bin/../lib/gcc/arm-none-eabi/4.8.4/armv7e-m/fpu/libgcc.a(_arm_truncdfsf2.o)
_bss_end                                          /tmp/cc2rKujM.ltrans3.ltrans.o
_bss_start                                        /tmp/cc2rKujM.ltrans3.ltrans.o
_data                                             /tmp/cc2rKujM.ltrans3.ltrans.o
_edata                                            /tmp/cc2rKujM.ltrans3.ltrans.o
_idle_thread.4338                                 /tmp/cc2rKujM.ltrans2.ltrans.o
                                                  /tmp/cc2rKujM.ltrans1.ltrans.o
_port_exit_from_isr                               build/obj/chcoreasm_v7m.o
                                                  /tmp/cc2rKujM.ltrans2.ltrans.o
_port_irq_epilogue                                /tmp/cc2rKujM.ltrans2.ltrans.o
                                                  /tmp/cc2rKujM.ltrans4.ltrans.o
                                                  /tmp/cc2rKujM.ltrans3.ltrans.o
                                                  /tmp/cc2rKujM.ltrans0.ltrans.o
_port_switch                                      build/obj/chcoreasm_v7m.o
                                                  /tmp/cc2rKujM.ltrans4.ltrans.o
                                                  /tmp/cc2rKujM.ltrans2.ltrans.o
                                                  /tmp/cc2rKujM.ltrans0.ltrans.o
_port_switch_from_isr                             build/obj/chcoreasm_v7m.o
                                                  /tmp/cc2rKujM.ltrans2.ltrans.o
_port_thread_start                                build/obj/chcoreasm_v7m.o
                                                  /tmp/cc2rKujM.ltrans0.ltrans.o
_textdata                                         /tmp/cc2rKujM.ltrans3.ltrans.o
_vectors                                          /tmp/cc2rKujM.ltrans3.ltrans.o
adc_lld_serve_rx_interrupt.11091                  /tmp/cc2rKujM.ltrans2.ltrans.o
                                                  /tmp/cc2rKujM.ltrans1.ltrans.o
beaconThread                                      /tmp/cc2rKujM.ltrans4.ltrans.o
                                                  /tmp/cc2rKujM.ltrans1.ltrans.o
ch                                                /tmp/cc2rKujM.ltrans3.ltrans.o
                                                  /tmp/cc2rKujM.ltrans4.ltrans.o
                                                  /tmp/cc2rKujM.ltrans2.ltrans.o
                                                  /tmp/cc2rKujM.ltrans1.ltrans.o
                                                  /tmp/cc2rKujM.ltrans0.ltrans.o
chCoreAlloc                                       /tmp/cc2rKujM.ltrans2.ltrans.o
                                                  /tmp/cc2rKujM.ltrans1.ltrans.o
chEvtBroadcastFlagsI                              /tmp/cc2rKujM.ltrans2.ltrans.o
                                                  /tmp/cc2rKujM.ltrans3.ltrans.o
chMtxLockS                                        /tmp/cc2rKujM.ltrans2.ltrans.o
                                                  /tmp/cc2rKujM.ltrans4.ltrans.o
                                                  /tmp/cc2rKujM.ltrans1.ltrans.o
chMtxUnlock                                       /tmp/cc2rKujM.ltrans0.ltrans.o
                                                  /tmp/cc2rKujM.ltrans4.ltrans.o
                                                  /tmp/cc2rKujM.ltrans1.ltrans.o
chSchDoReschedule                                 /tmp/cc2rKujM.ltrans3.ltrans.o
                                                  build/obj/chcoreasm_v7m.o
chSchDoRescheduleAhead                            /tmp/cc2rKujM.ltrans2.ltrans.o
                                                  /tmp/cc2rKujM.ltrans3.ltrans.o
chSchGoSleepS                                     /tmp/cc2rKujM.ltrans2.ltrans.o
                                                  /tmp/cc2rKujM.ltrans4.ltrans.o
                                                  /tmp/cc2rKujM.ltrans3.ltrans.o
                                                  /tmp/cc2rKujM.ltrans0.ltrans.o
chSchGoSleepTimeoutS                              /tmp/cc2rKujM.ltrans0.ltrans.o
                                                  /tmp/cc2rKujM.ltrans1.ltrans.o
chSchReadyI                                       /tmp/cc2rKujM.ltrans2.ltrans.o
                                                  /tmp/cc2rKujM.ltrans4.ltrans.o
                                                  /tmp/cc2rKujM.ltrans3.ltrans.o
                                                  /tmp/cc2rKujM.ltrans0.ltrans.o
chSchRescheduleS                                  /tmp/cc2rKujM.ltrans2.ltrans.o
                                                  /tmp/cc2rKujM.ltrans4.ltrans.o
                                                  /tmp/cc2rKujM.ltrans0.ltrans.o
chTMStartMeasurementX.constprop.29                /tmp/cc2rKujM.ltrans0.ltrans.o
                                                  /tmp/cc2rKujM.ltrans1.ltrans.o
chTMStopMeasurementX                              /tmp/cc2rKujM.ltrans2.ltrans.o
                                                  /tmp/cc2rKujM.ltrans1.ltrans.o
chThdCreateStatic                                 /tmp/cc2rKujM.ltrans0.ltrans.o
                                                  /tmp/cc2rKujM.ltrans1.ltrans.o
chThdExit                                         /tmp/cc2rKujM.ltrans3.ltrans.o
                                                  build/obj/chcoreasm_v7m.o
chThdResumeI                                      /tmp/cc2rKujM.ltrans2.ltrans.o
                                                  /tmp/cc2rKujM.ltrans0.ltrans.o
chThdSleep                                        /tmp/cc2rKujM.ltrans0.ltrans.o
                                                  /tmp/cc2rKujM.ltrans4.ltrans.o
                                                  /tmp/cc2rKujM.ltrans3.ltrans.o
                                                  /tmp/cc2rKujM.ltrans1.ltrans.o
chThdSleepUntil                                   /tmp/cc2rKujM.ltrans0.ltrans.o
                                                  /tmp/cc2rKujM.ltrans3.ltrans.o
                                                  /tmp/cc2rKujM.ltrans1.ltrans.o
chprintf.13294.constprop.11                       /tmp/cc2rKujM.ltrans0.ltrans.o
                                                  /tmp/cc2rKujM.ltrans1.ltrans.o
chprintf.15621.constprop.4                        /tmp/cc2rKujM.ltrans0.ltrans.o
                                                  /tmp/cc2rKujM.ltrans3.ltrans.o
chprintf.17191                                    /tmp/cc2rKujM.ltrans0.ltrans.o
                                                  /tmp/cc2rKujM.ltrans1.ltrans.o
dmaStreamAllocate                                 /tmp/cc2rKujM.ltrans2.ltrans.o
                                                  /tmp/cc2rKujM.ltrans4.ltrans.o
                                                  /tmp/cc2rKujM.ltrans1.ltrans.o
dmaStreamRelease                                  /tmp/cc2rKujM.ltrans2.ltrans.o
                                                  /tmp/cc2rKujM.ltrans4.ltrans.o
dma_isr_redir.10833                               /tmp/cc2rKujM.ltrans1.ltrans.o
                                                  /tmp/cc2rKujM.ltrans2.ltrans.o
dma_streams_mask.10838                            /tmp/cc2rKujM.ltrans1.ltrans.o
                                                  /tmp/cc2rKujM.ltrans2.ltrans.o
endmem.6822                                       /tmp/cc2rKujM.ltrans1.ltrans.o
                                                  /tmp/cc2rKujM.ltrans2.ltrans.o
gpsRxChar.15980                                   /tmp/cc2rKujM.ltrans0.ltrans.o
                                                  /tmp/cc2rKujM.ltrans1.ltrans.o
gpsRxEnd.15968                                    /tmp/cc2rKujM.ltrans0.ltrans.o
                                                  /tmp/cc2rKujM.ltrans1.ltrans.o
gpsRxErr.15971                                    /tmp/cc2rKujM.ltrans0.ltrans.o
                                                  /tmp/cc2rKujM.ltrans1.ltrans.o
gpsSem                                            /tmp/cc2rKujM.ltrans4.ltrans.o
                                                  /tmp/cc2rKujM.ltrans0.ltrans.o
gpsThread                                         /tmp/cc2rKujM.ltrans4.ltrans.o
                                                  /tmp/cc2rKujM.ltrans1.ltrans.o
gpsTxC.15965                                      /tmp/cc2rKujM.ltrans0.ltrans.o
                                                  /tmp/cc2rKujM.ltrans1.ltrans.o
gpsTxbufEnd.15962                                 /tmp/cc2rKujM.ltrans0.ltrans.o
                                                  /tmp/cc2rKujM.ltrans1.ltrans.o
i2c_lld_serve_error_interrupt.11412               /tmp/cc2rKujM.ltrans2.ltrans.o
                                                  /tmp/cc2rKujM.ltrans0.ltrans.o
i2c_lld_serve_event_interrupt.11409               /tmp/cc2rKujM.ltrans2.ltrans.o
                                                  /tmp/cc2rKujM.ltrans0.ltrans.o
i2c_lld_serve_rx_end_irq.11402                    /tmp/cc2rKujM.ltrans0.ltrans.o
                                                  /tmp/cc2rKujM.ltrans4.ltrans.o
i2c_lld_serve_tx_end_irq.11398                    /tmp/cc2rKujM.ltrans1.ltrans.o
                                                  /tmp/cc2rKujM.ltrans4.ltrans.o
i2c_lld_start                                     /tmp/cc2rKujM.ltrans4.ltrans.o
                                                  /tmp/cc2rKujM.ltrans3.ltrans.o
main                                              /tmp/cc2rKujM.ltrans1.ltrans.o
                                                  /tmp/cc2rKujM.ltrans3.ltrans.o
nextmem.6820                                      /tmp/cc2rKujM.ltrans1.ltrans.o
                                                  /tmp/cc2rKujM.ltrans2.ltrans.o
notify2.12013                                     /tmp/cc2rKujM.ltrans0.ltrans.o
                                                  /tmp/cc2rKujM.ltrans1.ltrans.o
notify6.12010                                     /tmp/cc2rKujM.ltrans0.ltrans.o
                                                  /tmp/cc2rKujM.ltrans1.ltrans.o
sdObjectInit.constprop.24                         /tmp/cc2rKujM.ltrans0.ltrans.o
                                                  /tmp/cc2rKujM.ltrans1.ltrans.o
sd_lld_start                                      /tmp/cc2rKujM.ltrans4.ltrans.o
                                                  /tmp/cc2rKujM.ltrans1.ltrans.o
sensorThread                                      /tmp/cc2rKujM.ltrans3.ltrans.o
                                                  /tmp/cc2rKujM.ltrans1.ltrans.o
si70x0_heaterEnable                               /tmp/cc2rKujM.ltrans1.ltrans.o
                                                  /tmp/cc2rKujM.ltrans3.ltrans.o
si70x0_init                                       /tmp/cc2rKujM.ltrans1.ltrans.o
                                                  /tmp/cc2rKujM.ltrans3.ltrans.o
si70x0_readHumidity                               /tmp/cc2rKujM.ltrans1.ltrans.o
                                                  /tmp/cc2rKujM.ltrans3.ltrans.o
si70x0_readTemperature                            /tmp/cc2rKujM.ltrans1.ltrans.o
                                                  /tmp/cc2rKujM.ltrans3.ltrans.o
strcpy                                            /usr/bin/../lib/gcc/arm-none-eabi/4.8.4/../../../../arm-none-eabi/lib/armv7e-m/fpu/libc.a(lib_a-strcpy.o)
                                                  /tmp/cc2rKujM.ltrans1.ltrans.o
strlen                                            /usr/bin/../lib/gcc/arm-none-eabi/4.8.4/../../../../arm-none-eabi/lib/armv7e-m/fpu/libc.a(lib_a-strlen.o)
                                                  /tmp/cc2rKujM.ltrans4.ltrans.o
strncmp                                           /usr/bin/../lib/gcc/arm-none-eabi/4.8.4/../../../../arm-none-eabi/lib/armv7e-m/fpu/libc.a(lib_a-strncmp.o)
                                                  /tmp/cc2rKujM.ltrans4.ltrans.o
tokBuf.16050                                      /tmp/cc2rKujM.ltrans4.ltrans.o
                                                  /tmp/cc2rKujM.ltrans0.ltrans.o
uStrCpy.constprop.3                               /tmp/cc2rKujM.ltrans0.ltrans.o
                                                  /tmp/cc2rKujM.ltrans4.ltrans.o
uStrInsertChar.constprop.2                        /tmp/cc2rKujM.ltrans0.ltrans.o
                                                  /tmp/cc2rKujM.ltrans4.ltrans.o
uStrPrependChar                                   /tmp/cc2rKujM.ltrans0.ltrans.o
                                                  /tmp/cc2rKujM.ltrans4.ltrans.o
uart_lld_serve_rx_end_irq.12164                   /tmp/cc2rKujM.ltrans4.ltrans.o
                                                  /tmp/cc2rKujM.ltrans1.ltrans.o
uart_lld_serve_tx_end_irq.12160                   /tmp/cc2rKujM.ltrans4.ltrans.o
                                                  /tmp/cc2rKujM.ltrans1.ltrans.o
usart_stop.12171                                  /tmp/cc2rKujM.ltrans0.ltrans.o
                                                  /tmp/cc2rKujM.ltrans4.ltrans.o
                                                  /tmp/cc2rKujM.ltrans1.ltrans.o
wakeup.4718                                       /tmp/cc2rKujM.ltrans2.ltrans.o
                                                  /tmp/cc2rKujM.ltrans0.ltrans.o
