Archive member included because of file (symbol)

/usr/bin/../lib/gcc/arm-none-eabi/4.8.4/armv7e-m/fpu/libgcc.a(_arm_addsubdf3.o)
                              /tmp/ccRDheSh.ltrans3.ltrans.o (__aeabi_dsub)
/usr/bin/../lib/gcc/arm-none-eabi/4.8.4/armv7e-m/fpu/libgcc.a(_arm_muldivdf3.o)
                              /tmp/ccRDheSh.ltrans3.ltrans.o (__aeabi_dmul)
/usr/bin/../lib/gcc/arm-none-eabi/4.8.4/armv7e-m/fpu/libgcc.a(_arm_fixdfsi.o)
                              /tmp/ccRDheSh.ltrans3.ltrans.o (__aeabi_d2iz)
/usr/bin/../lib/gcc/arm-none-eabi/4.8.4/armv7e-m/fpu/libgcc.a(_arm_truncdfsf2.o)
                              /tmp/ccRDheSh.ltrans3.ltrans.o (__aeabi_d2f)
/usr/bin/../lib/gcc/arm-none-eabi/4.8.4/../../../../arm-none-eabi/lib/armv7e-m/fpu/libc.a(lib_a-strcpy.o)
                              /tmp/ccRDheSh.ltrans0.ltrans.o (strcpy)
/usr/bin/../lib/gcc/arm-none-eabi/4.8.4/../../../../arm-none-eabi/lib/armv7e-m/fpu/libc.a(lib_a-strlen.o)
                              /tmp/ccRDheSh.ltrans2.ltrans.o (strlen)
/usr/bin/../lib/gcc/arm-none-eabi/4.8.4/../../../../arm-none-eabi/lib/armv7e-m/fpu/libc.a(lib_a-strncmp.o)
                              /tmp/ccRDheSh.ltrans2.ltrans.o (strncmp)

Discarded input sections

 .data          0x0000000000000000        0x0 build/obj/chcoreasm_v7m.o
 .bss           0x0000000000000000        0x0 build/obj/chcoreasm_v7m.o
 .text          0x0000000000000000        0x0 build/obj/crt0.o (symbol from plugin)
 .text          0x0000000000000000        0x0 /tmp/ccRDheSh.ltrans0.ltrans.o
 .data          0x0000000000000000        0x0 /tmp/ccRDheSh.ltrans0.ltrans.o
 .bss           0x0000000000000000        0x0 /tmp/ccRDheSh.ltrans0.ltrans.o
 .text          0x0000000000000000        0x0 /tmp/ccRDheSh.ltrans1.ltrans.o
 .data          0x0000000000000000        0x0 /tmp/ccRDheSh.ltrans1.ltrans.o
 .bss           0x0000000000000000        0x0 /tmp/ccRDheSh.ltrans1.ltrans.o
 .text          0x0000000000000000        0x0 /tmp/ccRDheSh.ltrans2.ltrans.o
 .data          0x0000000000000000        0x0 /tmp/ccRDheSh.ltrans2.ltrans.o
 .bss           0x0000000000000000        0x0 /tmp/ccRDheSh.ltrans2.ltrans.o
 .text          0x0000000000000000        0x0 /tmp/ccRDheSh.ltrans3.ltrans.o
 .data          0x0000000000000000        0x0 /tmp/ccRDheSh.ltrans3.ltrans.o
 .bss           0x0000000000000000        0x0 /tmp/ccRDheSh.ltrans3.ltrans.o
 .text          0x0000000000000000        0x0 /tmp/ccRDheSh.ltrans4.ltrans.o
 .data          0x0000000000000000        0x0 /tmp/ccRDheSh.ltrans4.ltrans.o
 .bss           0x0000000000000000        0x0 /tmp/ccRDheSh.ltrans4.ltrans.o
 .data          0x0000000000000000        0x0 /usr/bin/../lib/gcc/arm-none-eabi/4.8.4/armv7e-m/fpu/libgcc.a(_arm_addsubdf3.o)
 .bss           0x0000000000000000        0x0 /usr/bin/../lib/gcc/arm-none-eabi/4.8.4/armv7e-m/fpu/libgcc.a(_arm_addsubdf3.o)
 .data          0x0000000000000000        0x0 /usr/bin/../lib/gcc/arm-none-eabi/4.8.4/armv7e-m/fpu/libgcc.a(_arm_muldivdf3.o)
 .bss           0x0000000000000000        0x0 /usr/bin/../lib/gcc/arm-none-eabi/4.8.4/armv7e-m/fpu/libgcc.a(_arm_muldivdf3.o)
 .data          0x0000000000000000        0x0 /usr/bin/../lib/gcc/arm-none-eabi/4.8.4/armv7e-m/fpu/libgcc.a(_arm_fixdfsi.o)
 .bss           0x0000000000000000        0x0 /usr/bin/../lib/gcc/arm-none-eabi/4.8.4/armv7e-m/fpu/libgcc.a(_arm_fixdfsi.o)
 .data          0x0000000000000000        0x0 /usr/bin/../lib/gcc/arm-none-eabi/4.8.4/armv7e-m/fpu/libgcc.a(_arm_truncdfsf2.o)
 .bss           0x0000000000000000        0x0 /usr/bin/../lib/gcc/arm-none-eabi/4.8.4/armv7e-m/fpu/libgcc.a(_arm_truncdfsf2.o)
 .text          0x0000000000000000        0x0 /usr/bin/../lib/gcc/arm-none-eabi/4.8.4/../../../../arm-none-eabi/lib/armv7e-m/fpu/libc.a(lib_a-strcpy.o)
 .data          0x0000000000000000        0x0 /usr/bin/../lib/gcc/arm-none-eabi/4.8.4/../../../../arm-none-eabi/lib/armv7e-m/fpu/libc.a(lib_a-strcpy.o)
 .bss           0x0000000000000000        0x0 /usr/bin/../lib/gcc/arm-none-eabi/4.8.4/../../../../arm-none-eabi/lib/armv7e-m/fpu/libc.a(lib_a-strcpy.o)
 .text          0x0000000000000000        0x0 /usr/bin/../lib/gcc/arm-none-eabi/4.8.4/../../../../arm-none-eabi/lib/armv7e-m/fpu/libc.a(lib_a-strlen.o)
 .data          0x0000000000000000        0x0 /usr/bin/../lib/gcc/arm-none-eabi/4.8.4/../../../../arm-none-eabi/lib/armv7e-m/fpu/libc.a(lib_a-strlen.o)
 .bss           0x0000000000000000        0x0 /usr/bin/../lib/gcc/arm-none-eabi/4.8.4/../../../../arm-none-eabi/lib/armv7e-m/fpu/libc.a(lib_a-strlen.o)
 .text          0x0000000000000000        0x0 /usr/bin/../lib/gcc/arm-none-eabi/4.8.4/../../../../arm-none-eabi/lib/armv7e-m/fpu/libc.a(lib_a-strncmp.o)
 .data          0x0000000000000000        0x0 /usr/bin/../lib/gcc/arm-none-eabi/4.8.4/../../../../arm-none-eabi/lib/armv7e-m/fpu/libc.a(lib_a-strncmp.o)
 .bss           0x0000000000000000        0x0 /usr/bin/../lib/gcc/arm-none-eabi/4.8.4/../../../../arm-none-eabi/lib/armv7e-m/fpu/libc.a(lib_a-strncmp.o)
 .text          0x0000000000000000        0x0 build/obj/vectors.o (symbol from plugin)
 .text          0x0000000000000000        0x0 build/obj/chcore.o (symbol from plugin)
 .text          0x0000000000000000        0x0 build/obj/chcore_v7m.o (symbol from plugin)
 .text          0x0000000000000000        0x0 build/obj/chsys.o (symbol from plugin)
 .text          0x0000000000000000        0x0 build/obj/chdebug.o (symbol from plugin)
 .text          0x0000000000000000        0x0 build/obj/chtm.o (symbol from plugin)
 .text          0x0000000000000000        0x0 build/obj/chstats.o (symbol from plugin)
 .text          0x0000000000000000        0x0 build/obj/chschd.o (symbol from plugin)
 .text          0x0000000000000000        0x0 build/obj/chvt.o (symbol from plugin)
 .text          0x0000000000000000        0x0 build/obj/chthreads.o (symbol from plugin)
 .text          0x0000000000000000        0x0 build/obj/chdynamic.o (symbol from plugin)
 .text          0x0000000000000000        0x0 build/obj/chregistry.o (symbol from plugin)
 .text          0x0000000000000000        0x0 build/obj/chsem.o (symbol from plugin)
 .text          0x0000000000000000        0x0 build/obj/chmtx.o (symbol from plugin)
 .text          0x0000000000000000        0x0 build/obj/chcond.o (symbol from plugin)
 .text          0x0000000000000000        0x0 build/obj/chevents.o (symbol from plugin)
 .text          0x0000000000000000        0x0 build/obj/chmsg.o (symbol from plugin)
 .text          0x0000000000000000        0x0 build/obj/chmboxes.o (symbol from plugin)
 .text          0x0000000000000000        0x0 build/obj/chqueues.o (symbol from plugin)
 .text          0x0000000000000000        0x0 build/obj/chmemcore.o (symbol from plugin)
 .text          0x0000000000000000        0x0 build/obj/chheap.o (symbol from plugin)
 .text          0x0000000000000000        0x0 build/obj/chmempools.o (symbol from plugin)
 .text          0x0000000000000000        0x0 build/obj/test.o (symbol from plugin)
 .text          0x0000000000000000        0x0 build/obj/testthd.o (symbol from plugin)
 .text          0x0000000000000000        0x0 build/obj/testsem.o (symbol from plugin)
 .text          0x0000000000000000        0x0 build/obj/testmtx.o (symbol from plugin)
 .text          0x0000000000000000        0x0 build/obj/testmsg.o (symbol from plugin)
 .text          0x0000000000000000        0x0 build/obj/testmbox.o (symbol from plugin)
 .text          0x0000000000000000        0x0 build/obj/testevt.o (symbol from plugin)
 .text          0x0000000000000000        0x0 build/obj/testheap.o (symbol from plugin)
 .text          0x0000000000000000        0x0 build/obj/testpools.o (symbol from plugin)
 .text          0x0000000000000000        0x0 build/obj/testdyn.o (symbol from plugin)
 .text          0x0000000000000000        0x0 build/obj/testqueues.o (symbol from plugin)
 .text          0x0000000000000000        0x0 build/obj/testbmk.o (symbol from plugin)
 .text          0x0000000000000000        0x0 build/obj/hal.o (symbol from plugin)
 .text          0x0000000000000000        0x0 build/obj/hal_queues.o (symbol from plugin)
 .text          0x0000000000000000        0x0 build/obj/hal_mmcsd.o (symbol from plugin)
 .text          0x0000000000000000        0x0 build/obj/adc.o (symbol from plugin)
 .text          0x0000000000000000        0x0 build/obj/can.o (symbol from plugin)
 .text          0x0000000000000000        0x0 build/obj/dac.o (symbol from plugin)
 .text          0x0000000000000000        0x0 build/obj/ext.o (symbol from plugin)
 .text          0x0000000000000000        0x0 build/obj/gpt.o (symbol from plugin)
 .text          0x0000000000000000        0x0 build/obj/i2c.o (symbol from plugin)
 .text          0x0000000000000000        0x0 build/obj/i2s.o (symbol from plugin)
 .text          0x0000000000000000        0x0 build/obj/icu.o (symbol from plugin)
 .text          0x0000000000000000        0x0 build/obj/mac.o (symbol from plugin)
 .text          0x0000000000000000        0x0 build/obj/mmc_spi.o (symbol from plugin)
 .text          0x0000000000000000        0x0 build/obj/pal.o (symbol from plugin)
 .text          0x0000000000000000        0x0 build/obj/pwm.o (symbol from plugin)
 .text          0x0000000000000000        0x0 build/obj/rtc.o (symbol from plugin)
 .text          0x0000000000000000        0x0 build/obj/sdc.o (symbol from plugin)
 .text          0x0000000000000000        0x0 build/obj/serial.o (symbol from plugin)
 .text          0x0000000000000000        0x0 build/obj/serial_usb.o (symbol from plugin)
 .text          0x0000000000000000        0x0 build/obj/spi.o (symbol from plugin)
 .text          0x0000000000000000        0x0 build/obj/st.o (symbol from plugin)
 .text          0x0000000000000000        0x0 build/obj/uart.o (symbol from plugin)
 .text          0x0000000000000000        0x0 build/obj/usb.o (symbol from plugin)
 .text          0x0000000000000000        0x0 build/obj/osal.o (symbol from plugin)
 .text          0x0000000000000000        0x0 build/obj/nvic.o (symbol from plugin)
 .text          0x0000000000000000        0x0 build/obj/stm32_dma.o (symbol from plugin)
 .text          0x0000000000000000        0x0 build/obj/hal_lld.o (symbol from plugin)
 .text          0x0000000000000000        0x0 build/obj/adc_lld.o (symbol from plugin)
 .text          0x0000000000000000        0x0 build/obj/ext_lld_isr.o (symbol from plugin)
 .text          0x0000000000000000        0x0 build/obj/can_lld.o (symbol from plugin)
 .text          0x0000000000000000        0x0 build/obj/ext_lld.o (symbol from plugin)
 .text          0x0000000000000000        0x0 build/obj/mac_lld.o (symbol from plugin)
 .text          0x0000000000000000        0x0 build/obj/sdc_lld.o (symbol from plugin)
 .text          0x0000000000000000        0x0 build/obj/dac_lld.o (symbol from plugin)
 .text          0x0000000000000000        0x0 build/obj/pal_lld.o (symbol from plugin)
 .text          0x0000000000000000        0x0 build/obj/i2c_lld.o (symbol from plugin)
 .text          0x0000000000000000        0x0 build/obj/usb_lld.o (symbol from plugin)
 .text          0x0000000000000000        0x0 build/obj/rtc_lld.o (symbol from plugin)
 .text          0x0000000000000000        0x0 build/obj/i2s_lld.o (symbol from plugin)
 .text          0x0000000000000000        0x0 build/obj/spi_lld.o (symbol from plugin)
 .text          0x0000000000000000        0x0 build/obj/gpt_lld.o (symbol from plugin)
 .text          0x0000000000000000        0x0 build/obj/icu_lld.o (symbol from plugin)
 .text          0x0000000000000000        0x0 build/obj/pwm_lld.o (symbol from plugin)
 .text          0x0000000000000000        0x0 build/obj/st_lld.o (symbol from plugin)
 .text          0x0000000000000000        0x0 build/obj/serial_lld.o (symbol from plugin)
 .text          0x0000000000000000        0x0 build/obj/uart_lld.o (symbol from plugin)
 .text          0x0000000000000000        0x0 build/obj/board.o (symbol from plugin)
 .text          0x0000000000000000        0x0 build/obj/fatfs_diskio.o (symbol from plugin)
 .text          0x0000000000000000        0x0 build/obj/fatfs_syscall.o (symbol from plugin)
 .text          0x0000000000000000        0x0 build/obj/ff.o (symbol from plugin)
 .text          0x0000000000000000        0x0 build/obj/unicode.o (symbol from plugin)
 .text          0x0000000000000000        0x0 build/obj/chprintf.o (symbol from plugin)
 .text          0x0000000000000000        0x0 build/obj/memstreams.o (symbol from plugin)
 .text          0x0000000000000000        0x0 build/obj/analog_sensor.o (symbol from plugin)
 .text          0x0000000000000000        0x0 build/obj/i2c_sensor.o (symbol from plugin)
 .text          0x0000000000000000        0x0 build/obj/bmp280.o (symbol from plugin)
 .text          0x0000000000000000        0x0 build/obj/si70x0.o (symbol from plugin)
 .text          0x0000000000000000        0x0 build/obj/ms5607.o (symbol from plugin)
 .text          0x0000000000000000        0x0 build/obj/hih6030.o (symbol from plugin)
 .text          0x0000000000000000        0x0 build/obj/lsm303.o (symbol from plugin)
 .text          0x0000000000000000        0x0 build/obj/rfm23bp.o (symbol from plugin)
 .text          0x0000000000000000        0x0 build/obj/rtd.o (symbol from plugin)
 .text          0x0000000000000000        0x0 build/obj/tmp275.o (symbol from plugin)
 .text          0x0000000000000000        0x0 build/obj/datasample.o (symbol from plugin)
 .text          0x0000000000000000        0x0 build/obj/sensor_thread.o (symbol from plugin)
 .text          0x0000000000000000        0x0 build/obj/ustr.o (symbol from plugin)
 .text          0x0000000000000000        0x0 build/obj/umath.o (symbol from plugin)
 .text          0x0000000000000000        0x0 build/obj/gps.o (symbol from plugin)
 .text          0x0000000000000000        0x0 build/obj/sdmmcsimple.o (symbol from plugin)
 .text          0x0000000000000000        0x0 build/obj/datalogger.o (symbol from plugin)
 .text          0x0000000000000000        0x0 build/obj/main.o (symbol from plugin)

Memory Configuration

Name             Origin             Length             Attributes
flash            0x0000000008000000 0x0000000000040000
ram              0x0000000020000000 0x0000000000010000
*default*        0x0000000000000000 0xffffffffffffffff

Linker script and memory map

LOAD build/obj/chcoreasm_v7m.o
LOAD build/obj/crt0.o
LOAD /tmp/ccRDheSh.ltrans0.ltrans.o
LOAD /tmp/ccRDheSh.ltrans1.ltrans.o
LOAD /tmp/ccRDheSh.ltrans2.ltrans.o
LOAD /tmp/ccRDheSh.ltrans3.ltrans.o
LOAD /tmp/ccRDheSh.ltrans4.ltrans.o
LOAD /usr/bin/../lib/gcc/arm-none-eabi/4.8.4/armv7e-m/fpu/libgcc.a
LOAD /usr/bin/../lib/gcc/arm-none-eabi/4.8.4/../../../../arm-none-eabi/lib/armv7e-m/fpu/libc.a
LOAD build/obj/vectors.o
LOAD build/obj/chcore.o
LOAD build/obj/chcore_v7m.o
LOAD build/obj/chsys.o
LOAD build/obj/chdebug.o
LOAD build/obj/chtm.o
LOAD build/obj/chstats.o
LOAD build/obj/chschd.o
LOAD build/obj/chvt.o
LOAD build/obj/chthreads.o
LOAD build/obj/chdynamic.o
LOAD build/obj/chregistry.o
LOAD build/obj/chsem.o
LOAD build/obj/chmtx.o
LOAD build/obj/chcond.o
LOAD build/obj/chevents.o
LOAD build/obj/chmsg.o
LOAD build/obj/chmboxes.o
LOAD build/obj/chqueues.o
LOAD build/obj/chmemcore.o
LOAD build/obj/chheap.o
LOAD build/obj/chmempools.o
LOAD build/obj/test.o
LOAD build/obj/testthd.o
LOAD build/obj/testsem.o
LOAD build/obj/testmtx.o
LOAD build/obj/testmsg.o
LOAD build/obj/testmbox.o
LOAD build/obj/testevt.o
LOAD build/obj/testheap.o
LOAD build/obj/testpools.o
LOAD build/obj/testdyn.o
LOAD build/obj/testqueues.o
LOAD build/obj/testbmk.o
LOAD build/obj/hal.o
LOAD build/obj/hal_queues.o
LOAD build/obj/hal_mmcsd.o
LOAD build/obj/adc.o
LOAD build/obj/can.o
LOAD build/obj/dac.o
LOAD build/obj/ext.o
LOAD build/obj/gpt.o
LOAD build/obj/i2c.o
LOAD build/obj/i2s.o
LOAD build/obj/icu.o
LOAD build/obj/mac.o
LOAD build/obj/mmc_spi.o
LOAD build/obj/pal.o
LOAD build/obj/pwm.o
LOAD build/obj/rtc.o
LOAD build/obj/sdc.o
LOAD build/obj/serial.o
LOAD build/obj/serial_usb.o
LOAD build/obj/spi.o
LOAD build/obj/st.o
LOAD build/obj/uart.o
LOAD build/obj/usb.o
LOAD build/obj/osal.o
LOAD build/obj/nvic.o
LOAD build/obj/stm32_dma.o
LOAD build/obj/hal_lld.o
LOAD build/obj/adc_lld.o
LOAD build/obj/ext_lld_isr.o
LOAD build/obj/can_lld.o
LOAD build/obj/ext_lld.o
LOAD build/obj/mac_lld.o
LOAD build/obj/sdc_lld.o
LOAD build/obj/dac_lld.o
LOAD build/obj/pal_lld.o
LOAD build/obj/i2c_lld.o
LOAD build/obj/usb_lld.o
LOAD build/obj/rtc_lld.o
LOAD build/obj/i2s_lld.o
LOAD build/obj/spi_lld.o
LOAD build/obj/gpt_lld.o
LOAD build/obj/icu_lld.o
LOAD build/obj/pwm_lld.o
LOAD build/obj/st_lld.o
LOAD build/obj/serial_lld.o
LOAD build/obj/uart_lld.o
LOAD build/obj/board.o
LOAD build/obj/fatfs_diskio.o
LOAD build/obj/fatfs_syscall.o
LOAD build/obj/ff.o
LOAD build/obj/unicode.o
LOAD build/obj/chprintf.o
LOAD build/obj/memstreams.o
LOAD build/obj/analog_sensor.o
LOAD build/obj/i2c_sensor.o
LOAD build/obj/bmp280.o
LOAD build/obj/si70x0.o
LOAD build/obj/ms5607.o
LOAD build/obj/hih6030.o
LOAD build/obj/lsm303.o
LOAD build/obj/rfm23bp.o
LOAD build/obj/rtd.o
LOAD build/obj/tmp275.o
LOAD build/obj/datasample.o
LOAD build/obj/sensor_thread.o
LOAD build/obj/ustr.o
LOAD build/obj/umath.o
LOAD build/obj/gps.o
LOAD build/obj/sdmmcsimple.o
LOAD build/obj/datalogger.o
LOAD build/obj/main.o
                0x0000000020000000                __ram_start__ = ORIGIN (ram)
                0x0000000000010000                __ram_size__ = 0x10000
                0x0000000020010000                __ram_end__ = (__ram_start__ + __ram_size__)
                0x0000000000000000                . = 0x0
                0x0000000000000000                _text = .

startup         0x0000000008000000      0x1c0
 *(vectors)
 vectors        0x0000000008000000      0x1c0 /tmp/ccRDheSh.ltrans4.ltrans.o
                0x0000000008000000                _vectors

constructors    0x00000000080001c0        0x0
                0x00000000080001c0                PROVIDE (__init_array_start, .)
 *(SORT(.init_array.*))
 *(.init_array)
                0x00000000080001c0                PROVIDE (__init_array_end, .)

destructors     0x00000000080001c0        0x0
                0x00000000080001c0                PROVIDE (__fini_array_start, .)
 *(.fini_array)
 *(SORT(.fini_array.*))
                0x00000000080001c0                PROVIDE (__fini_array_end, .)

.text           0x00000000080001c0     0x3f5c
 *(.text.startup.*)
 .text.startup.main
                0x00000000080001c0      0x830 /tmp/ccRDheSh.ltrans0.ltrans.o
                0x00000000080001c0                main
 *(.text)
 .text          0x00000000080009f0       0x2e build/obj/chcoreasm_v7m.o
                0x00000000080009f0                _port_switch
                0x0000000008000a08                _port_thread_start
                0x0000000008000a16                _port_switch_from_isr
                0x0000000008000a1a                _port_exit_from_isr
 *fill*         0x0000000008000a1e        0x2 
 .text          0x0000000008000a20      0x370 /usr/bin/../lib/gcc/arm-none-eabi/4.8.4/armv7e-m/fpu/libgcc.a(_arm_addsubdf3.o)
                0x0000000008000a20                __aeabi_drsub
                0x0000000008000a28                __aeabi_dsub
                0x0000000008000a28                __subdf3
                0x0000000008000a2c                __adddf3
                0x0000000008000a2c                __aeabi_dadd
                0x0000000008000ca4                __aeabi_ui2d
                0x0000000008000ca4                __floatunsidf
                0x0000000008000cc4                __floatsidf
                0x0000000008000cc4                __aeabi_i2d
                0x0000000008000ce8                __extendsfdf2
                0x0000000008000ce8                __aeabi_f2d
                0x0000000008000d24                __aeabi_ul2d
                0x0000000008000d24                __floatundidf
                0x0000000008000d34                __floatdidf
                0x0000000008000d34                __aeabi_l2d
 .text          0x0000000008000d90      0x424 /usr/bin/../lib/gcc/arm-none-eabi/4.8.4/armv7e-m/fpu/libgcc.a(_arm_muldivdf3.o)
                0x0000000008000d90                __aeabi_dmul
                0x0000000008000d90                __muldf3
                0x0000000008000fe4                __aeabi_ddiv
                0x0000000008000fe4                __divdf3
 *fill*         0x00000000080011b4        0xc 
 .text          0x00000000080011c0       0x50 /usr/bin/../lib/gcc/arm-none-eabi/4.8.4/armv7e-m/fpu/libgcc.a(_arm_fixdfsi.o)
                0x00000000080011c0                __fixdfsi
                0x00000000080011c0                __aeabi_d2iz
 .text          0x0000000008001210       0xa0 /usr/bin/../lib/gcc/arm-none-eabi/4.8.4/armv7e-m/fpu/libgcc.a(_arm_truncdfsf2.o)
                0x0000000008001210                __aeabi_d2f
                0x0000000008001210                __truncdfsf2
 *(.text.*)
 .text.serve_interrupt.12020.4579
                0x00000000080012b0      0x1a0 /tmp/ccRDheSh.ltrans0.ltrans.o
 .text.Vector15C
                0x0000000008001450       0x20 /tmp/ccRDheSh.ltrans0.ltrans.o
                0x0000000008001450                Vector15C
 .text.VectorD8
                0x0000000008001470       0x20 /tmp/ccRDheSh.ltrans0.ltrans.o
                0x0000000008001470                VectorD8
 .text.I2CSensor_transact.constprop.7
                0x0000000008001490      0x110 /tmp/ccRDheSh.ltrans0.ltrans.o
                0x0000000008001490                I2CSensor_transact.constprop.7
 .text.adc_lld_stop_conversion.4261
                0x00000000080015a0       0x40 /tmp/ccRDheSh.ltrans1.ltrans.o
 .text.chCoreAlloc
                0x00000000080015e0       0x40 /tmp/ccRDheSh.ltrans1.ltrans.o
                0x00000000080015e0                chCoreAlloc
 .text.wakeup.4718
                0x0000000008001620       0x70 /tmp/ccRDheSh.ltrans1.ltrans.o
                0x0000000008001620                wakeup.4718
 .text._idle_thread.4338
                0x0000000008001690       0x20 /tmp/ccRDheSh.ltrans1.ltrans.o
                0x0000000008001690                _idle_thread.4338
 .text.SVC_Handler
                0x00000000080016b0       0x20 /tmp/ccRDheSh.ltrans1.ltrans.o
                0x00000000080016b0                SVC_Handler
 .text._pal_lld_setgroupmode
                0x00000000080016d0       0xd0 /tmp/ccRDheSh.ltrans1.ltrans.o
                0x00000000080016d0                _pal_lld_setgroupmode
 .text.dmaStreamRelease
                0x00000000080017a0       0x70 /tmp/ccRDheSh.ltrans1.ltrans.o
                0x00000000080017a0                dmaStreamRelease
 .text.dmaStreamAllocate
                0x0000000008001810       0xc0 /tmp/ccRDheSh.ltrans1.ltrans.o
                0x0000000008001810                dmaStreamAllocate
 .text.chSchDoRescheduleAhead
                0x00000000080018d0       0x40 /tmp/ccRDheSh.ltrans1.ltrans.o
                0x00000000080018d0                chSchDoRescheduleAhead
 .text.chSchRescheduleS
                0x0000000008001910       0x20 /tmp/ccRDheSh.ltrans1.ltrans.o
                0x0000000008001910                chSchRescheduleS
 .text.chSchGoSleepS
                0x0000000008001930       0x30 /tmp/ccRDheSh.ltrans1.ltrans.o
                0x0000000008001930                chSchGoSleepS
 .text._port_irq_epilogue
                0x0000000008001960       0x70 /tmp/ccRDheSh.ltrans1.ltrans.o
                0x0000000008001960                _port_irq_epilogue
 .text.Vector158
                0x00000000080019d0       0x30 /tmp/ccRDheSh.ltrans1.ltrans.o
                0x00000000080019d0                Vector158
 .text.Vector154
                0x0000000008001a00       0x30 /tmp/ccRDheSh.ltrans1.ltrans.o
                0x0000000008001a00                Vector154
 .text.Vector150
                0x0000000008001a30       0x30 /tmp/ccRDheSh.ltrans1.ltrans.o
                0x0000000008001a30                Vector150
 .text.Vector130
                0x0000000008001a60       0x30 /tmp/ccRDheSh.ltrans1.ltrans.o
                0x0000000008001a60                Vector130
 .text.Vector12C
                0x0000000008001a90       0x30 /tmp/ccRDheSh.ltrans1.ltrans.o
                0x0000000008001a90                Vector12C
 .text.Vector128
                0x0000000008001ac0       0x30 /tmp/ccRDheSh.ltrans1.ltrans.o
                0x0000000008001ac0                Vector128
 .text.Vector124
                0x0000000008001af0       0x30 /tmp/ccRDheSh.ltrans1.ltrans.o
                0x0000000008001af0                Vector124
 .text.Vector120
                0x0000000008001b20       0x30 /tmp/ccRDheSh.ltrans1.ltrans.o
                0x0000000008001b20                Vector120
 .text.VectorFC
                0x0000000008001b50       0x30 /tmp/ccRDheSh.ltrans1.ltrans.o
                0x0000000008001b50                VectorFC
 .text.Vector84
                0x0000000008001b80       0x30 /tmp/ccRDheSh.ltrans1.ltrans.o
                0x0000000008001b80                Vector84
 .text.Vector80
                0x0000000008001bb0       0x30 /tmp/ccRDheSh.ltrans1.ltrans.o
                0x0000000008001bb0                Vector80
 .text.Vector7C
                0x0000000008001be0       0x30 /tmp/ccRDheSh.ltrans1.ltrans.o
                0x0000000008001be0                Vector7C
 .text.Vector78
                0x0000000008001c10       0x30 /tmp/ccRDheSh.ltrans1.ltrans.o
                0x0000000008001c10                Vector78
 .text.Vector74
                0x0000000008001c40       0x30 /tmp/ccRDheSh.ltrans1.ltrans.o
                0x0000000008001c40                Vector74
 .text.Vector70
                0x0000000008001c70       0x30 /tmp/ccRDheSh.ltrans1.ltrans.o
                0x0000000008001c70                Vector70
 .text.Vector6C
                0x0000000008001ca0       0x30 /tmp/ccRDheSh.ltrans1.ltrans.o
                0x0000000008001ca0                Vector6C
 .text.chSchReadyI
                0x0000000008001cd0       0x30 /tmp/ccRDheSh.ltrans1.ltrans.o
                0x0000000008001cd0                chSchReadyI
 .text.chEvtBroadcastFlagsI
                0x0000000008001d00       0x60 /tmp/ccRDheSh.ltrans1.ltrans.o
                0x0000000008001d00                chEvtBroadcastFlagsI
 .text.chMtxLockS
                0x0000000008001d60       0xd0 /tmp/ccRDheSh.ltrans1.ltrans.o
                0x0000000008001d60                chMtxLockS
 .text.chThdResumeI
                0x0000000008001e30       0x20 /tmp/ccRDheSh.ltrans1.ltrans.o
                0x0000000008001e30                chThdResumeI
 .text.i2c_lld_serve_error_interrupt.11412
                0x0000000008001e50       0xb0 /tmp/ccRDheSh.ltrans1.ltrans.o
                0x0000000008001e50                i2c_lld_serve_error_interrupt.11412
 .text.i2c_lld_serve_event_interrupt.11409
                0x0000000008001f00      0x100 /tmp/ccRDheSh.ltrans1.ltrans.o
                0x0000000008001f00                i2c_lld_serve_event_interrupt.11409
 .text.Vector88
                0x0000000008002000       0x70 /tmp/ccRDheSh.ltrans1.ltrans.o
                0x0000000008002000                Vector88
 .text.adc_lld_serve_rx_interrupt.11091
                0x0000000008002070       0xd0 /tmp/ccRDheSh.ltrans1.ltrans.o
                0x0000000008002070                adc_lld_serve_rx_interrupt.11091
 .text.chTMStopMeasurementX
                0x0000000008002140       0x50 /tmp/ccRDheSh.ltrans1.ltrans.o
                0x0000000008002140                chTMStopMeasurementX
 .text._unhandled_exception.4397
                0x0000000008002190       0x10 /tmp/ccRDheSh.ltrans1.ltrans.o
                0x0000000008002190                Vector58
                0x0000000008002190                VectorE8
                0x0000000008002190                Vector9C
                0x0000000008002190                VectorAC
                0x0000000008002190                DebugMon_Handler
                0x0000000008002190                Vector1A0
                0x0000000008002190                Vector5C
                0x0000000008002190                Vector11C
                0x0000000008002190                HardFault_Handler
                0x0000000008002190                Vector1B8
                0x0000000008002190                Vector19C
                0x0000000008002190                Vector8C
                0x0000000008002190                SysTick_Handler
                0x0000000008002190                VectorDC
                0x0000000008002190                PendSV_Handler
                0x0000000008002190                Vector168
                0x0000000008002190                NMI_Handler
                0x0000000008002190                Vector110
                0x0000000008002190                VectorC8
                0x0000000008002190                Vector94
                0x0000000008002190                VectorA8
                0x0000000008002190                VectorB4
                0x0000000008002190                Vector1B0
                0x0000000008002190                UsageFault_Handler
                0x0000000008002190                VectorEC
                0x0000000008002190                Vector40
                0x0000000008002190                VectorF8
                0x0000000008002190                Vector108
                0x0000000008002190                Vector190
                0x0000000008002190                Vector148
                0x0000000008002190                Vector188
                0x0000000008002190                Vector198
                0x0000000008002190                Vector118
                0x0000000008002190                Vector64
                0x0000000008002190                VectorCC
                0x0000000008002190                Vector54
                0x0000000008002190                Vector98
                0x0000000008002190                Vector138
                0x0000000008002190                Vector24
                0x0000000008002190                Vector1AC
                0x0000000008002190                Vector178
                0x0000000008002190                Vector1A4
                0x0000000008002190                VectorD0
                0x0000000008002190                Vector1B4
                0x0000000008002190                Vector140
                0x0000000008002190                VectorE4
                0x0000000008002190                Vector134
                0x0000000008002190                VectorF0
                0x0000000008002190                Vector13C
                0x0000000008002190                Vector100
                0x0000000008002190                VectorE0
                0x0000000008002190                VectorF4
                0x0000000008002190                MemManage_Handler
                0x0000000008002190                VectorA0
                0x0000000008002190                VectorC4
                0x0000000008002190                Vector180
                0x0000000008002190                Vector90
                0x0000000008002190                Vector114
                0x0000000008002190                Vector60
                0x0000000008002190                Vector1C
                0x0000000008002190                Vector1BC
                0x0000000008002190                Vector17C
                0x0000000008002190                Vector48
                0x0000000008002190                Vector1A8
                0x0000000008002190                Vector16C
                0x0000000008002190                Vector4C
                0x0000000008002190                Vector144
                0x0000000008002190                Vector68
                0x0000000008002190                Vector170
                0x0000000008002190                Vector104
                0x0000000008002190                Vector184
                0x0000000008002190                Vector10C
                0x0000000008002190                Vector14C
                0x0000000008002190                BusFault_Handler
                0x0000000008002190                Vector50
                0x0000000008002190                Vector194
                0x0000000008002190                Vector44
                0x0000000008002190                Vector28
                0x0000000008002190                VectorB8
                0x0000000008002190                Vector34
                0x0000000008002190                VectorA4
                0x0000000008002190                Vector20
                0x0000000008002190                Vector18C
                0x0000000008002190                Vector174
 .text.i2c_lld_serve_tx_end_irq.11398.4367
                0x00000000080021a0       0x50 /tmp/ccRDheSh.ltrans2.ltrans.o
 .text.uart_lld_serve_rx_end_irq.12164
                0x00000000080021f0       0x90 /tmp/ccRDheSh.ltrans2.ltrans.o
                0x00000000080021f0                uart_lld_serve_rx_end_irq.12164
 .text.uart_lld_serve_tx_end_irq.12160
                0x0000000008002280       0x60 /tmp/ccRDheSh.ltrans2.ltrans.o
                0x0000000008002280                uart_lld_serve_tx_end_irq.12160
 .text.VectorB0
                0x00000000080022e0       0x90 /tmp/ccRDheSh.ltrans2.ltrans.o
                0x00000000080022e0                VectorB0
 .text.chIQGetTimeout.4417
                0x0000000008002370       0x50 /tmp/ccRDheSh.ltrans2.ltrans.o
 .text.gett.10196
                0x00000000080023c0       0x10 /tmp/ccRDheSh.ltrans2.ltrans.o
                0x00000000080023c0                gett.10196
 .text.get.10200
                0x00000000080023d0       0x10 /tmp/ccRDheSh.ltrans2.ltrans.o
                0x00000000080023d0                get.10200
 .text.chIQReadTimeout.4432
                0x00000000080023e0       0x80 /tmp/ccRDheSh.ltrans2.ltrans.o
 .text.readt.10173
                0x0000000008002460       0x10 /tmp/ccRDheSh.ltrans2.ltrans.o
                0x0000000008002460                readt.10173
 .text.read.10180
                0x0000000008002470       0x10 /tmp/ccRDheSh.ltrans2.ltrans.o
                0x0000000008002470                read.10180
 .text.chOQPutTimeout.4447
                0x0000000008002480       0x50 /tmp/ccRDheSh.ltrans2.ltrans.o
 .text.putt.10203
                0x00000000080024d0       0x10 /tmp/ccRDheSh.ltrans2.ltrans.o
                0x00000000080024d0                putt.10203
 .text.put.10208
                0x00000000080024e0       0x10 /tmp/ccRDheSh.ltrans2.ltrans.o
                0x00000000080024e0                put.10208
 .text.chOQWriteTimeout.4466
                0x00000000080024f0       0x80 /tmp/ccRDheSh.ltrans2.ltrans.o
 .text.writet.10185
                0x0000000008002570       0x10 /tmp/ccRDheSh.ltrans2.ltrans.o
                0x0000000008002570                writet.10185
 .text.write.10191
                0x0000000008002580       0x10 /tmp/ccRDheSh.ltrans2.ltrans.o
                0x0000000008002580                write.10191
 .text.sd_lld_start
                0x0000000008002590       0xd0 /tmp/ccRDheSh.ltrans2.ltrans.o
                0x0000000008002590                sd_lld_start
 .text.i2c_lld_start
                0x0000000008002660      0x200 /tmp/ccRDheSh.ltrans2.ltrans.o
                0x0000000008002660                i2c_lld_start
 .text.chThdSleep
                0x0000000008002860       0x20 /tmp/ccRDheSh.ltrans2.ltrans.o
                0x0000000008002860                chThdSleep
 .text.gpsThread
                0x0000000008002880      0x370 /tmp/ccRDheSh.ltrans2.ltrans.o
                0x0000000008002880                gpsThread
 .text.chThdSleepUntil
                0x0000000008002bf0       0x20 /tmp/ccRDheSh.ltrans2.ltrans.o
                0x0000000008002bf0                chThdSleepUntil
 .text.gpsRxErr.15553
                0x0000000008002c10       0x10 /tmp/ccRDheSh.ltrans3.ltrans.o
                0x0000000008002c10                gpsRxErr.15553
 .text.gpsRxEnd.15550
                0x0000000008002c20       0x10 /tmp/ccRDheSh.ltrans3.ltrans.o
                0x0000000008002c20                gpsRxEnd.15550
 .text.gpsTxC.15547
                0x0000000008002c30       0x10 /tmp/ccRDheSh.ltrans3.ltrans.o
                0x0000000008002c30                gpsTxC.15547
 .text.gpsTxbufEnd.15544
                0x0000000008002c40       0x10 /tmp/ccRDheSh.ltrans3.ltrans.o
                0x0000000008002c40                gpsTxbufEnd.15544
 .text.long_to_string_with_divisor.13048.4453
                0x0000000008002c50       0x50 /tmp/ccRDheSh.ltrans3.ltrans.o
 .text.notify6.12010
                0x0000000008002ca0       0x10 /tmp/ccRDheSh.ltrans3.ltrans.o
                0x0000000008002ca0                notify6.12010
 .text.notify2.12013
                0x0000000008002cb0       0x10 /tmp/ccRDheSh.ltrans3.ltrans.o
                0x0000000008002cb0                notify2.12013
 .text.chSchWakeupS.constprop.32.4308
                0x0000000008002cc0       0x60 /tmp/ccRDheSh.ltrans3.ltrans.o
 .text.i2c_lld_serve_rx_end_irq.11402
                0x0000000008002d20       0x70 /tmp/ccRDheSh.ltrans3.ltrans.o
                0x0000000008002d20                i2c_lld_serve_rx_end_irq.11402
 .text.VectorD4
                0x0000000008002d90       0x70 /tmp/ccRDheSh.ltrans3.ltrans.o
                0x0000000008002d90                VectorD4
 .text.gpsRxChar.15562
                0x0000000008002e00       0x90 /tmp/ccRDheSh.ltrans3.ltrans.o
                0x0000000008002e00                gpsRxChar.15562
 .text.Vector164
                0x0000000008002e90       0x30 /tmp/ccRDheSh.ltrans3.ltrans.o
                0x0000000008002e90                Vector164
 .text.VectorC0
                0x0000000008002ec0       0x30 /tmp/ccRDheSh.ltrans3.ltrans.o
                0x0000000008002ec0                VectorC0
 .text.Vector160
                0x0000000008002ef0       0x20 /tmp/ccRDheSh.ltrans3.ltrans.o
                0x0000000008002ef0                Vector160
 .text.VectorBC
                0x0000000008002f10       0x20 /tmp/ccRDheSh.ltrans3.ltrans.o
                0x0000000008002f10                VectorBC
 .text.chSchGoSleepTimeoutS
                0x0000000008002f30       0xe0 /tmp/ccRDheSh.ltrans3.ltrans.o
                0x0000000008002f30                chSchGoSleepTimeoutS
 .text.chThdEnqueueTimeoutS
                0x0000000008003010       0x30 /tmp/ccRDheSh.ltrans3.ltrans.o
                0x0000000008003010                chThdEnqueueTimeoutS
 .text.chprintf.16765.constprop.33
                0x0000000008003040      0x3a0 /tmp/ccRDheSh.ltrans3.ltrans.o
                0x0000000008003040                chprintf.16765.constprop.33
 .text.chThdCreateStatic
                0x00000000080033e0       0x80 /tmp/ccRDheSh.ltrans3.ltrans.o
                0x00000000080033e0                chThdCreateStatic
 .text.chMtxUnlock
                0x0000000008003460       0x60 /tmp/ccRDheSh.ltrans3.ltrans.o
                0x0000000008003460                chMtxUnlock
 .text.chTMStartMeasurementX.constprop.26
                0x00000000080034c0       0x10 /tmp/ccRDheSh.ltrans3.ltrans.o
                0x00000000080034c0                chTMStartMeasurementX.constprop.26
 .text.sdObjectInit.constprop.21
                0x00000000080034d0       0x70 /tmp/ccRDheSh.ltrans3.ltrans.o
                0x00000000080034d0                sdObjectInit.constprop.21
 .text.uStrCpy.constprop.3
                0x0000000008003540       0x40 /tmp/ccRDheSh.ltrans3.ltrans.o
                0x0000000008003540                uStrCpy.constprop.3
 .text.uStrInsertChar.constprop.2
                0x0000000008003580       0x40 /tmp/ccRDheSh.ltrans3.ltrans.o
                0x0000000008003580                uStrInsertChar.constprop.2
 .text.uStrPrependChar
                0x00000000080035c0       0x30 /tmp/ccRDheSh.ltrans3.ltrans.o
                0x00000000080035c0                uStrPrependChar
 .text.boardInit
                0x00000000080035f0       0xf0 /tmp/ccRDheSh.ltrans3.ltrans.o
                0x00000000080035f0                boardInit
 .text.usart_stop.12171
                0x00000000080036e0       0x50 /tmp/ccRDheSh.ltrans3.ltrans.o
                0x00000000080036e0                usart_stop.12171
 .text.sensorThread
                0x0000000008003730      0x3f0 /tmp/ccRDheSh.ltrans4.ltrans.o
                0x0000000008003730                sensorThread
 .text.Reset_Handler
                0x0000000008003b20      0x1b0 /tmp/ccRDheSh.ltrans4.ltrans.o
                0x0000000008003b20                Reset_Handler
 .text.chThdExit
                0x0000000008003cd0       0x50 /tmp/ccRDheSh.ltrans4.ltrans.o
                0x0000000008003cd0                chThdExit
 .text.chSchDoReschedule
                0x0000000008003d20       0x10 /tmp/ccRDheSh.ltrans4.ltrans.o
                0x0000000008003d20                chSchDoReschedule
 .text.strcpy   0x0000000008003d30       0xbc /usr/bin/../lib/gcc/arm-none-eabi/4.8.4/../../../../arm-none-eabi/lib/armv7e-m/fpu/libc.a(lib_a-strcpy.o)
                0x0000000008003d30                strcpy
 *fill*         0x0000000008003dec        0x4 
 .text.strlen   0x0000000008003df0       0x60 /usr/bin/../lib/gcc/arm-none-eabi/4.8.4/../../../../arm-none-eabi/lib/armv7e-m/fpu/libc.a(lib_a-strlen.o)
                0x0000000008003df0                strlen
 .text.strncmp  0x0000000008003e50       0xb4 /usr/bin/../lib/gcc/arm-none-eabi/4.8.4/../../../../arm-none-eabi/lib/armv7e-m/fpu/libc.a(lib_a-strncmp.o)
                0x0000000008003e50                strncmp
 *(.rodata)
 *(.rodata.*)
 *fill*         0x0000000008003f04        0xc 
 .rodata.ch_debug
                0x0000000008003f10       0x18 /tmp/ccRDheSh.ltrans0.ltrans.o
 *fill*         0x0000000008003f28        0x8 
 .rodata._stm32_dma_streams
                0x0000000008003f30       0xc0 /tmp/ccRDheSh.ltrans0.ltrans.o
 .rodata.str1.4
                0x0000000008003ff0       0x42 /tmp/ccRDheSh.ltrans0.ltrans.o
                                         0x48 (size before relaxing)
 *fill*         0x0000000008004032        0xe 
 .rodata.str1.4
                0x0000000008004040        0x5 /tmp/ccRDheSh.ltrans1.ltrans.o
                                          0x8 (size before relaxing)
 *fill*         0x0000000008004045        0xb 
 .rodata.default_config.12051.4571
                0x0000000008004050        0xc /tmp/ccRDheSh.ltrans2.ltrans.o
 *fill*         0x000000000800405c        0x4 
 .rodata.str1.4
                0x0000000008004060       0x18 /tmp/ccRDheSh.ltrans2.ltrans.o
 *fill*         0x0000000008004078        0x8 
 .rodata.vmt.10284
                0x0000000008004080       0x20 /tmp/ccRDheSh.ltrans2.ltrans.o
                0x0000000008004080                vmt.10284
 .rodata.pow10.13099.4600
                0x00000000080040a0       0x24 /tmp/ccRDheSh.ltrans3.ltrans.o
 *fill*         0x00000000080040c4        0xc 
 .rodata.str1.4
                0x00000000080040d0        0x8 /tmp/ccRDheSh.ltrans3.ltrans.o
                                         0x14 (size before relaxing)
 *fill*         0x00000000080040d8        0x8 
 .rodata.analogGrp.15244.4556
                0x00000000080040e0       0x28 /tmp/ccRDheSh.ltrans4.ltrans.o
 *fill*         0x0000000008004108        0x8 
 .rodata.i2cfg.15248.4559
                0x0000000008004110        0xc /tmp/ccRDheSh.ltrans4.ltrans.o
 *(.glue_7t)
 .glue_7t       0x0000000000000000        0x0 linker stubs
 *(.glue_7)
 .glue_7        0x0000000000000000        0x0 linker stubs
 *(.gcc*)

.vfp11_veneer   0x000000000800411c        0x0
 .vfp11_veneer  0x0000000000000000        0x0 linker stubs

.v4_bx          0x000000000800411c        0x0
 .v4_bx         0x0000000000000000        0x0 linker stubs

.iplt           0x000000000800411c        0x0
 .iplt          0x0000000000000000        0x0 build/obj/chcoreasm_v7m.o

.rel.dyn        0x000000000800411c        0x0
 .rel.iplt      0x0000000000000000        0x0 build/obj/chcoreasm_v7m.o

.ARM.extab
 *(.ARM.extab* .gnu.linkonce.armextab.*)

.ARM.exidx      0x000000000800411c        0x0
                0x000000000800411c                PROVIDE (__exidx_start, .)
 *(.ARM.exidx* .gnu.linkonce.armexidx.*)
                0x000000000800411c                PROVIDE (__exidx_end, .)

.eh_frame_hdr
 *(.eh_frame_hdr)

.eh_frame
 *(.eh_frame)

.textalign      0x000000000800411c        0x4
                0x0000000008004120                . = ALIGN (0x8)
 *fill*         0x000000000800411c        0x4 
                0x0000000008004120                . = ALIGN (0x4)
                0x0000000008004120                _etext = .
                0x0000000008004120                _textdata = _etext

.stacks         0x0000000020000000      0x800
                0x0000000020000000                . = ALIGN (0x8)
                0x0000000020000000                __main_stack_base__ = .
                0x0000000020000400                . = (. + __main_stack_size__)
 *fill*         0x0000000020000000      0x400 
                0x0000000020000400                . = ALIGN (0x8)
                0x0000000020000400                __main_stack_end__ = .
                0x0000000020000400                __process_stack_base__ = .
                0x0000000020000400                __main_thread_stack_base__ = .
                0x0000000020000800                . = (. + __process_stack_size__)
 *fill*         0x0000000020000400      0x400 
                0x0000000020000800                . = ALIGN (0x8)
                0x0000000020000800                __process_stack_end__ = .
                0x0000000020000800                __main_thread_stack_end__ = .

.data           0x0000000020000800       0x2c load address 0x0000000008004120
                0x0000000020000800                . = ALIGN (0x4)
                0x0000000020000800                PROVIDE (_data, .)
 *(.data)
 *(.data.*)
 .data.serGpsCfg.15631.4766
                0x0000000020000800       0x20 /tmp/ccRDheSh.ltrans0.ltrans.o
 .data.serCfg.16829.4764
                0x0000000020000820        0xc /tmp/ccRDheSh.ltrans0.ltrans.o
 *(.ramtext)
                0x000000002000082c                . = ALIGN (0x4)
                0x000000002000082c                PROVIDE (_edata, .)

.igot.plt       0x000000002000082c        0x0 load address 0x000000000800414c
 .igot.plt      0x0000000000000000        0x0 build/obj/chcoreasm_v7m.o

.bss            0x000000002000082c     0x2668
                0x000000002000082c                . = ALIGN (0x4)
                0x000000002000082c                PROVIDE (_bss_start, .)
 *(.bss)
 *(.bss.*)
 .bss.dma_streams_mask.10838
                0x000000002000082c        0x4 /tmp/ccRDheSh.ltrans0.ltrans.o
                0x000000002000082c                dma_streams_mask.10838
 .bss.dummytx.11757.4762
                0x0000000020000830        0x2 /tmp/ccRDheSh.ltrans0.ltrans.o
 *fill*         0x0000000020000832        0x2 
 .bss.SD2       0x0000000020000834      0x458 /tmp/ccRDheSh.ltrans0.ltrans.o
                0x0000000020000834                SD2
 .bss.mainthread.6320.4386.4767
                0x0000000020000c8c       0x44 /tmp/ccRDheSh.ltrans0.ltrans.o
 .bss.waSensor.16832.4786
                0x0000000020000cd0     0x1150 /tmp/ccRDheSh.ltrans0.ltrans.o
 .bss.default_heap.6947.4873
                0x0000000020001e20       0x20 /tmp/ccRDheSh.ltrans0.ltrans.o
 .bss.SPID3.4768
                0x0000000020001e40       0x30 /tmp/ccRDheSh.ltrans0.ltrans.o
 .bss.dma_isr_redir.10833
                0x0000000020001e70       0x80 /tmp/ccRDheSh.ltrans0.ltrans.o
                0x0000000020001e70                dma_isr_redir.10833
 .bss.UARTD1    0x0000000020001ef0       0x1c /tmp/ccRDheSh.ltrans0.ltrans.o
                0x0000000020001ef0                UARTD1
 *fill*         0x0000000020001f0c        0x4 
 .bss._idle_thread_wa.4385.4872
                0x0000000020001f10      0x160 /tmp/ccRDheSh.ltrans0.ltrans.o
 .bss.GPS.15632
                0x0000000020002070      0x140 /tmp/ccRDheSh.ltrans0.ltrans.o
                0x0000000020002070                GPS.15632
 .bss.endmem.6822
                0x00000000200021b0        0x4 /tmp/ccRDheSh.ltrans0.ltrans.o
                0x00000000200021b0                endmem.6822
 *fill*         0x00000000200021b4        0x4 
 .bss.waGps.16833.4784
                0x00000000200021b8      0x658 /tmp/ccRDheSh.ltrans0.ltrans.o
 .bss.nextmem.6820
                0x0000000020002810        0x4 /tmp/ccRDheSh.ltrans0.ltrans.o
                0x0000000020002810                nextmem.6820
 .bss.gpsSem    0x0000000020002814        0xc /tmp/ccRDheSh.ltrans2.ltrans.o
                0x0000000020002814                gpsSem
 .bss.tokBuf.15633
                0x0000000020002820       0x14 /tmp/ccRDheSh.ltrans2.ltrans.o
                0x0000000020002820                tokBuf.15633
 .bss.ADCD1     0x0000000020002834       0x34 /tmp/ccRDheSh.ltrans4.ltrans.o
                0x0000000020002834                ADCD1
 .bss.SD6       0x0000000020002868      0x458 /tmp/ccRDheSh.ltrans4.ltrans.o
                0x0000000020002868                SD6
 .bss.ch        0x0000000020002cc0       0x34 /tmp/ccRDheSh.ltrans4.ltrans.o
                0x0000000020002cc0                ch
 .bss.DEBUG.15249.4496
                0x0000000020002cf4        0x4 /tmp/ccRDheSh.ltrans4.ltrans.o
 .bss.I2CD3     0x0000000020002cf8       0x38 /tmp/ccRDheSh.ltrans4.ltrans.o
                0x0000000020002cf8                I2CD3
 .bss.I2CD1     0x0000000020002d30       0x38 /tmp/ccRDheSh.ltrans4.ltrans.o
                0x0000000020002d30                I2CD1
 .bss.analogSamples.15245.4557
                0x0000000020002d68      0x12c /tmp/ccRDheSh.ltrans4.ltrans.o
 *(COMMON)
                0x0000000020002e94                . = ALIGN (0x4)
                0x0000000020002e94                PROVIDE (_bss_end, .)
                0x0000000020002e94                PROVIDE (end, .)
                0x0000000020002e94                _end = .
                0x0000000020002e94                __heap_base__ = _end
                0x0000000020010000                __heap_end__ = __ram_end__
                0x0000000000000400                __process_stack_size__ = 0x400
                0x0000000000000400                __main_stack_size__ = 0x400
START GROUP
LOAD /usr/bin/../lib/gcc/arm-none-eabi/4.8.4/armv7e-m/fpu/libgcc.a
LOAD /usr/bin/../lib/gcc/arm-none-eabi/4.8.4/../../../../arm-none-eabi/lib/armv7e-m/fpu/libc.a
END GROUP
OUTPUT(build/stribog.elf elf32-littlearm)

.ARM.attributes
                0x0000000000000000       0x35
 .ARM.attributes
                0x0000000000000000       0x25 build/obj/chcoreasm_v7m.o
 .ARM.attributes
                0x0000000000000025       0x37 /tmp/ccRDheSh.ltrans0.ltrans.o
 .ARM.attributes
                0x000000000000005c       0x37 /tmp/ccRDheSh.ltrans1.ltrans.o
 .ARM.attributes
                0x0000000000000093       0x37 /tmp/ccRDheSh.ltrans2.ltrans.o
 .ARM.attributes
                0x00000000000000ca       0x37 /tmp/ccRDheSh.ltrans3.ltrans.o
 .ARM.attributes
                0x0000000000000101       0x37 /tmp/ccRDheSh.ltrans4.ltrans.o
 .ARM.attributes
                0x0000000000000138       0x22 /usr/bin/../lib/gcc/arm-none-eabi/4.8.4/armv7e-m/fpu/libgcc.a(_arm_addsubdf3.o)
 .ARM.attributes
                0x000000000000015a       0x22 /usr/bin/../lib/gcc/arm-none-eabi/4.8.4/armv7e-m/fpu/libgcc.a(_arm_muldivdf3.o)
 .ARM.attributes
                0x000000000000017c       0x22 /usr/bin/../lib/gcc/arm-none-eabi/4.8.4/armv7e-m/fpu/libgcc.a(_arm_fixdfsi.o)
 .ARM.attributes
                0x000000000000019e       0x22 /usr/bin/../lib/gcc/arm-none-eabi/4.8.4/armv7e-m/fpu/libgcc.a(_arm_truncdfsf2.o)
 .ARM.attributes
                0x00000000000001c0       0x34 /usr/bin/../lib/gcc/arm-none-eabi/4.8.4/../../../../arm-none-eabi/lib/armv7e-m/fpu/libc.a(lib_a-strcpy.o)
 .ARM.attributes
                0x00000000000001f4       0x34 /usr/bin/../lib/gcc/arm-none-eabi/4.8.4/../../../../arm-none-eabi/lib/armv7e-m/fpu/libc.a(lib_a-strlen.o)
 .ARM.attributes
                0x0000000000000228       0x34 /usr/bin/../lib/gcc/arm-none-eabi/4.8.4/../../../../arm-none-eabi/lib/armv7e-m/fpu/libc.a(lib_a-strncmp.o)

.comment        0x0000000000000000       0x70
 .comment       0x0000000000000000       0x70 /tmp/ccRDheSh.ltrans0.ltrans.o
                                         0x71 (size before relaxing)
 .comment       0x0000000000000000       0x71 /tmp/ccRDheSh.ltrans1.ltrans.o
 .comment       0x0000000000000000       0x71 /tmp/ccRDheSh.ltrans2.ltrans.o
 .comment       0x0000000000000000       0x71 /tmp/ccRDheSh.ltrans3.ltrans.o
 .comment       0x0000000000000000       0x71 /tmp/ccRDheSh.ltrans4.ltrans.o

.debug_frame    0x0000000000000000       0x68
 .debug_frame   0x0000000000000000       0x20 /usr/bin/../lib/gcc/arm-none-eabi/4.8.4/../../../../arm-none-eabi/lib/armv7e-m/fpu/libc.a(lib_a-strcpy.o)
 .debug_frame   0x0000000000000020       0x20 /usr/bin/../lib/gcc/arm-none-eabi/4.8.4/../../../../arm-none-eabi/lib/armv7e-m/fpu/libc.a(lib_a-strlen.o)
 .debug_frame   0x0000000000000040       0x28 /usr/bin/../lib/gcc/arm-none-eabi/4.8.4/../../../../arm-none-eabi/lib/armv7e-m/fpu/libc.a(lib_a-strncmp.o)

Cross Reference Table

Symbol                                            File
ADCD1                                             /tmp/ccRDheSh.ltrans4.ltrans.o
                                                  /tmp/ccRDheSh.ltrans1.ltrans.o
                                                  /tmp/ccRDheSh.ltrans0.ltrans.o
BusFault_Handler                                  /tmp/ccRDheSh.ltrans1.ltrans.o
                                                  /tmp/ccRDheSh.ltrans4.ltrans.o
DebugMon_Handler                                  /tmp/ccRDheSh.ltrans1.ltrans.o
                                                  /tmp/ccRDheSh.ltrans4.ltrans.o
GPS.15632                                         /tmp/ccRDheSh.ltrans0.ltrans.o
                                                  /tmp/ccRDheSh.ltrans3.ltrans.o
                                                  /tmp/ccRDheSh.ltrans2.ltrans.o
HardFault_Handler                                 /tmp/ccRDheSh.ltrans1.ltrans.o
                                                  /tmp/ccRDheSh.ltrans4.ltrans.o
I2CD1                                             /tmp/ccRDheSh.ltrans4.ltrans.o
                                                  /tmp/ccRDheSh.ltrans3.ltrans.o
                                                  /tmp/ccRDheSh.ltrans2.ltrans.o
                                                  /tmp/ccRDheSh.ltrans0.ltrans.o
I2CD3                                             /tmp/ccRDheSh.ltrans4.ltrans.o
                                                  /tmp/ccRDheSh.ltrans3.ltrans.o
                                                  /tmp/ccRDheSh.ltrans2.ltrans.o
                                                  /tmp/ccRDheSh.ltrans0.ltrans.o
I2CSensor_transact.constprop.7                    /tmp/ccRDheSh.ltrans0.ltrans.o
                                                  /tmp/ccRDheSh.ltrans4.ltrans.o
MemManage_Handler                                 /tmp/ccRDheSh.ltrans1.ltrans.o
                                                  /tmp/ccRDheSh.ltrans4.ltrans.o
NMI_Handler                                       /tmp/ccRDheSh.ltrans1.ltrans.o
                                                  /tmp/ccRDheSh.ltrans4.ltrans.o
PendSV_Handler                                    /tmp/ccRDheSh.ltrans1.ltrans.o
                                                  /tmp/ccRDheSh.ltrans4.ltrans.o
Reset_Handler                                     /tmp/ccRDheSh.ltrans4.ltrans.o
SD2                                               /tmp/ccRDheSh.ltrans0.ltrans.o
                                                  /tmp/ccRDheSh.ltrans2.ltrans.o
SD6                                               /tmp/ccRDheSh.ltrans4.ltrans.o
                                                  /tmp/ccRDheSh.ltrans3.ltrans.o
                                                  /tmp/ccRDheSh.ltrans2.ltrans.o
                                                  /tmp/ccRDheSh.ltrans0.ltrans.o
SVC_Handler                                       /tmp/ccRDheSh.ltrans1.ltrans.o
                                                  /tmp/ccRDheSh.ltrans4.ltrans.o
SysTick_Handler                                   /tmp/ccRDheSh.ltrans1.ltrans.o
                                                  /tmp/ccRDheSh.ltrans4.ltrans.o
UARTD1                                            /tmp/ccRDheSh.ltrans0.ltrans.o
                                                  /tmp/ccRDheSh.ltrans3.ltrans.o
                                                  /tmp/ccRDheSh.ltrans2.ltrans.o
UsageFault_Handler                                /tmp/ccRDheSh.ltrans1.ltrans.o
                                                  /tmp/ccRDheSh.ltrans4.ltrans.o
Vector100                                         /tmp/ccRDheSh.ltrans1.ltrans.o
                                                  /tmp/ccRDheSh.ltrans4.ltrans.o
Vector104                                         /tmp/ccRDheSh.ltrans1.ltrans.o
                                                  /tmp/ccRDheSh.ltrans4.ltrans.o
Vector108                                         /tmp/ccRDheSh.ltrans1.ltrans.o
                                                  /tmp/ccRDheSh.ltrans4.ltrans.o
Vector10C                                         /tmp/ccRDheSh.ltrans1.ltrans.o
                                                  /tmp/ccRDheSh.ltrans4.ltrans.o
Vector110                                         /tmp/ccRDheSh.ltrans1.ltrans.o
                                                  /tmp/ccRDheSh.ltrans4.ltrans.o
Vector114                                         /tmp/ccRDheSh.ltrans1.ltrans.o
                                                  /tmp/ccRDheSh.ltrans4.ltrans.o
Vector118                                         /tmp/ccRDheSh.ltrans1.ltrans.o
                                                  /tmp/ccRDheSh.ltrans4.ltrans.o
Vector11C                                         /tmp/ccRDheSh.ltrans1.ltrans.o
                                                  /tmp/ccRDheSh.ltrans4.ltrans.o
Vector120                                         /tmp/ccRDheSh.ltrans1.ltrans.o
                                                  /tmp/ccRDheSh.ltrans4.ltrans.o
Vector124                                         /tmp/ccRDheSh.ltrans1.ltrans.o
                                                  /tmp/ccRDheSh.ltrans4.ltrans.o
Vector128                                         /tmp/ccRDheSh.ltrans1.ltrans.o
                                                  /tmp/ccRDheSh.ltrans4.ltrans.o
Vector12C                                         /tmp/ccRDheSh.ltrans1.ltrans.o
                                                  /tmp/ccRDheSh.ltrans4.ltrans.o
Vector130                                         /tmp/ccRDheSh.ltrans1.ltrans.o
                                                  /tmp/ccRDheSh.ltrans4.ltrans.o
Vector134                                         /tmp/ccRDheSh.ltrans1.ltrans.o
                                                  /tmp/ccRDheSh.ltrans4.ltrans.o
Vector138                                         /tmp/ccRDheSh.ltrans1.ltrans.o
                                                  /tmp/ccRDheSh.ltrans4.ltrans.o
Vector13C                                         /tmp/ccRDheSh.ltrans1.ltrans.o
                                                  /tmp/ccRDheSh.ltrans4.ltrans.o
Vector140                                         /tmp/ccRDheSh.ltrans1.ltrans.o
                                                  /tmp/ccRDheSh.ltrans4.ltrans.o
Vector144                                         /tmp/ccRDheSh.ltrans1.ltrans.o
                                                  /tmp/ccRDheSh.ltrans4.ltrans.o
Vector148                                         /tmp/ccRDheSh.ltrans1.ltrans.o
                                                  /tmp/ccRDheSh.ltrans4.ltrans.o
Vector14C                                         /tmp/ccRDheSh.ltrans1.ltrans.o
                                                  /tmp/ccRDheSh.ltrans4.ltrans.o
Vector150                                         /tmp/ccRDheSh.ltrans1.ltrans.o
                                                  /tmp/ccRDheSh.ltrans4.ltrans.o
Vector154                                         /tmp/ccRDheSh.ltrans1.ltrans.o
                                                  /tmp/ccRDheSh.ltrans4.ltrans.o
Vector158                                         /tmp/ccRDheSh.ltrans1.ltrans.o
                                                  /tmp/ccRDheSh.ltrans4.ltrans.o
Vector15C                                         /tmp/ccRDheSh.ltrans0.ltrans.o
                                                  /tmp/ccRDheSh.ltrans4.ltrans.o
Vector160                                         /tmp/ccRDheSh.ltrans3.ltrans.o
                                                  /tmp/ccRDheSh.ltrans4.ltrans.o
Vector164                                         /tmp/ccRDheSh.ltrans3.ltrans.o
                                                  /tmp/ccRDheSh.ltrans4.ltrans.o
Vector168                                         /tmp/ccRDheSh.ltrans1.ltrans.o
                                                  /tmp/ccRDheSh.ltrans4.ltrans.o
Vector16C                                         /tmp/ccRDheSh.ltrans1.ltrans.o
                                                  /tmp/ccRDheSh.ltrans4.ltrans.o
Vector170                                         /tmp/ccRDheSh.ltrans1.ltrans.o
                                                  /tmp/ccRDheSh.ltrans4.ltrans.o
Vector174                                         /tmp/ccRDheSh.ltrans1.ltrans.o
                                                  /tmp/ccRDheSh.ltrans4.ltrans.o
Vector178                                         /tmp/ccRDheSh.ltrans1.ltrans.o
                                                  /tmp/ccRDheSh.ltrans4.ltrans.o
Vector17C                                         /tmp/ccRDheSh.ltrans1.ltrans.o
                                                  /tmp/ccRDheSh.ltrans4.ltrans.o
Vector180                                         /tmp/ccRDheSh.ltrans1.ltrans.o
                                                  /tmp/ccRDheSh.ltrans4.ltrans.o
Vector184                                         /tmp/ccRDheSh.ltrans1.ltrans.o
                                                  /tmp/ccRDheSh.ltrans4.ltrans.o
Vector188                                         /tmp/ccRDheSh.ltrans1.ltrans.o
                                                  /tmp/ccRDheSh.ltrans4.ltrans.o
Vector18C                                         /tmp/ccRDheSh.ltrans1.ltrans.o
                                                  /tmp/ccRDheSh.ltrans4.ltrans.o
Vector190                                         /tmp/ccRDheSh.ltrans1.ltrans.o
                                                  /tmp/ccRDheSh.ltrans4.ltrans.o
Vector194                                         /tmp/ccRDheSh.ltrans1.ltrans.o
                                                  /tmp/ccRDheSh.ltrans4.ltrans.o
Vector198                                         /tmp/ccRDheSh.ltrans1.ltrans.o
                                                  /tmp/ccRDheSh.ltrans4.ltrans.o
Vector19C                                         /tmp/ccRDheSh.ltrans1.ltrans.o
                                                  /tmp/ccRDheSh.ltrans4.ltrans.o
Vector1A0                                         /tmp/ccRDheSh.ltrans1.ltrans.o
                                                  /tmp/ccRDheSh.ltrans4.ltrans.o
Vector1A4                                         /tmp/ccRDheSh.ltrans1.ltrans.o
                                                  /tmp/ccRDheSh.ltrans4.ltrans.o
Vector1A8                                         /tmp/ccRDheSh.ltrans1.ltrans.o
                                                  /tmp/ccRDheSh.ltrans4.ltrans.o
Vector1AC                                         /tmp/ccRDheSh.ltrans1.ltrans.o
                                                  /tmp/ccRDheSh.ltrans4.ltrans.o
Vector1B0                                         /tmp/ccRDheSh.ltrans1.ltrans.o
                                                  /tmp/ccRDheSh.ltrans4.ltrans.o
Vector1B4                                         /tmp/ccRDheSh.ltrans1.ltrans.o
                                                  /tmp/ccRDheSh.ltrans4.ltrans.o
Vector1B8                                         /tmp/ccRDheSh.ltrans1.ltrans.o
                                                  /tmp/ccRDheSh.ltrans4.ltrans.o
Vector1BC                                         /tmp/ccRDheSh.ltrans1.ltrans.o
                                                  /tmp/ccRDheSh.ltrans4.ltrans.o
Vector1C                                          /tmp/ccRDheSh.ltrans1.ltrans.o
                                                  /tmp/ccRDheSh.ltrans4.ltrans.o
Vector20                                          /tmp/ccRDheSh.ltrans1.ltrans.o
                                                  /tmp/ccRDheSh.ltrans4.ltrans.o
Vector24                                          /tmp/ccRDheSh.ltrans1.ltrans.o
                                                  /tmp/ccRDheSh.ltrans4.ltrans.o
Vector28                                          /tmp/ccRDheSh.ltrans1.ltrans.o
                                                  /tmp/ccRDheSh.ltrans4.ltrans.o
Vector34                                          /tmp/ccRDheSh.ltrans1.ltrans.o
                                                  /tmp/ccRDheSh.ltrans4.ltrans.o
Vector40                                          /tmp/ccRDheSh.ltrans1.ltrans.o
                                                  /tmp/ccRDheSh.ltrans4.ltrans.o
Vector44                                          /tmp/ccRDheSh.ltrans1.ltrans.o
                                                  /tmp/ccRDheSh.ltrans4.ltrans.o
Vector48                                          /tmp/ccRDheSh.ltrans1.ltrans.o
                                                  /tmp/ccRDheSh.ltrans4.ltrans.o
Vector4C                                          /tmp/ccRDheSh.ltrans1.ltrans.o
                                                  /tmp/ccRDheSh.ltrans4.ltrans.o
Vector50                                          /tmp/ccRDheSh.ltrans1.ltrans.o
                                                  /tmp/ccRDheSh.ltrans4.ltrans.o
Vector54                                          /tmp/ccRDheSh.ltrans1.ltrans.o
                                                  /tmp/ccRDheSh.ltrans4.ltrans.o
Vector58                                          /tmp/ccRDheSh.ltrans1.ltrans.o
                                                  /tmp/ccRDheSh.ltrans4.ltrans.o
Vector5C                                          /tmp/ccRDheSh.ltrans1.ltrans.o
                                                  /tmp/ccRDheSh.ltrans4.ltrans.o
Vector60                                          /tmp/ccRDheSh.ltrans1.ltrans.o
                                                  /tmp/ccRDheSh.ltrans4.ltrans.o
Vector64                                          /tmp/ccRDheSh.ltrans1.ltrans.o
                                                  /tmp/ccRDheSh.ltrans4.ltrans.o
Vector68                                          /tmp/ccRDheSh.ltrans1.ltrans.o
                                                  /tmp/ccRDheSh.ltrans4.ltrans.o
Vector6C                                          /tmp/ccRDheSh.ltrans1.ltrans.o
                                                  /tmp/ccRDheSh.ltrans4.ltrans.o
Vector70                                          /tmp/ccRDheSh.ltrans1.ltrans.o
                                                  /tmp/ccRDheSh.ltrans4.ltrans.o
Vector74                                          /tmp/ccRDheSh.ltrans1.ltrans.o
                                                  /tmp/ccRDheSh.ltrans4.ltrans.o
Vector78                                          /tmp/ccRDheSh.ltrans1.ltrans.o
                                                  /tmp/ccRDheSh.ltrans4.ltrans.o
Vector7C                                          /tmp/ccRDheSh.ltrans1.ltrans.o
                                                  /tmp/ccRDheSh.ltrans4.ltrans.o
Vector80                                          /tmp/ccRDheSh.ltrans1.ltrans.o
                                                  /tmp/ccRDheSh.ltrans4.ltrans.o
Vector84                                          /tmp/ccRDheSh.ltrans1.ltrans.o
                                                  /tmp/ccRDheSh.ltrans4.ltrans.o
Vector88                                          /tmp/ccRDheSh.ltrans1.ltrans.o
                                                  /tmp/ccRDheSh.ltrans4.ltrans.o
Vector8C                                          /tmp/ccRDheSh.ltrans1.ltrans.o
                                                  /tmp/ccRDheSh.ltrans4.ltrans.o
Vector90                                          /tmp/ccRDheSh.ltrans1.ltrans.o
                                                  /tmp/ccRDheSh.ltrans4.ltrans.o
Vector94                                          /tmp/ccRDheSh.ltrans1.ltrans.o
                                                  /tmp/ccRDheSh.ltrans4.ltrans.o
Vector98                                          /tmp/ccRDheSh.ltrans1.ltrans.o
                                                  /tmp/ccRDheSh.ltrans4.ltrans.o
Vector9C                                          /tmp/ccRDheSh.ltrans1.ltrans.o
                                                  /tmp/ccRDheSh.ltrans4.ltrans.o
VectorA0                                          /tmp/ccRDheSh.ltrans1.ltrans.o
                                                  /tmp/ccRDheSh.ltrans4.ltrans.o
VectorA4                                          /tmp/ccRDheSh.ltrans1.ltrans.o
                                                  /tmp/ccRDheSh.ltrans4.ltrans.o
VectorA8                                          /tmp/ccRDheSh.ltrans1.ltrans.o
                                                  /tmp/ccRDheSh.ltrans4.ltrans.o
VectorAC                                          /tmp/ccRDheSh.ltrans1.ltrans.o
                                                  /tmp/ccRDheSh.ltrans4.ltrans.o
VectorB0                                          /tmp/ccRDheSh.ltrans2.ltrans.o
                                                  /tmp/ccRDheSh.ltrans4.ltrans.o
VectorB4                                          /tmp/ccRDheSh.ltrans1.ltrans.o
                                                  /tmp/ccRDheSh.ltrans4.ltrans.o
VectorB8                                          /tmp/ccRDheSh.ltrans1.ltrans.o
                                                  /tmp/ccRDheSh.ltrans4.ltrans.o
VectorBC                                          /tmp/ccRDheSh.ltrans3.ltrans.o
                                                  /tmp/ccRDheSh.ltrans4.ltrans.o
VectorC0                                          /tmp/ccRDheSh.ltrans3.ltrans.o
                                                  /tmp/ccRDheSh.ltrans4.ltrans.o
VectorC4                                          /tmp/ccRDheSh.ltrans1.ltrans.o
                                                  /tmp/ccRDheSh.ltrans4.ltrans.o
VectorC8                                          /tmp/ccRDheSh.ltrans1.ltrans.o
                                                  /tmp/ccRDheSh.ltrans4.ltrans.o
VectorCC                                          /tmp/ccRDheSh.ltrans1.ltrans.o
                                                  /tmp/ccRDheSh.ltrans4.ltrans.o
VectorD0                                          /tmp/ccRDheSh.ltrans1.ltrans.o
                                                  /tmp/ccRDheSh.ltrans4.ltrans.o
VectorD4                                          /tmp/ccRDheSh.ltrans3.ltrans.o
                                                  /tmp/ccRDheSh.ltrans4.ltrans.o
VectorD8                                          /tmp/ccRDheSh.ltrans0.ltrans.o
                                                  /tmp/ccRDheSh.ltrans4.ltrans.o
VectorDC                                          /tmp/ccRDheSh.ltrans1.ltrans.o
                                                  /tmp/ccRDheSh.ltrans4.ltrans.o
VectorE0                                          /tmp/ccRDheSh.ltrans1.ltrans.o
                                                  /tmp/ccRDheSh.ltrans4.ltrans.o
VectorE4                                          /tmp/ccRDheSh.ltrans1.ltrans.o
                                                  /tmp/ccRDheSh.ltrans4.ltrans.o
VectorE8                                          /tmp/ccRDheSh.ltrans1.ltrans.o
                                                  /tmp/ccRDheSh.ltrans4.ltrans.o
VectorEC                                          /tmp/ccRDheSh.ltrans1.ltrans.o
                                                  /tmp/ccRDheSh.ltrans4.ltrans.o
VectorF0                                          /tmp/ccRDheSh.ltrans1.ltrans.o
                                                  /tmp/ccRDheSh.ltrans4.ltrans.o
VectorF4                                          /tmp/ccRDheSh.ltrans1.ltrans.o
                                                  /tmp/ccRDheSh.ltrans4.ltrans.o
VectorF8                                          /tmp/ccRDheSh.ltrans1.ltrans.o
                                                  /tmp/ccRDheSh.ltrans4.ltrans.o
VectorFC                                          /tmp/ccRDheSh.ltrans1.ltrans.o
                                                  /tmp/ccRDheSh.ltrans4.ltrans.o
__adddf3                                          /usr/bin/../lib/gcc/arm-none-eabi/4.8.4/armv7e-m/fpu/libgcc.a(_arm_addsubdf3.o)
__aeabi_d2f                                       /usr/bin/../lib/gcc/arm-none-eabi/4.8.4/armv7e-m/fpu/libgcc.a(_arm_truncdfsf2.o)
                                                  /tmp/ccRDheSh.ltrans3.ltrans.o
__aeabi_d2iz                                      /usr/bin/../lib/gcc/arm-none-eabi/4.8.4/armv7e-m/fpu/libgcc.a(_arm_fixdfsi.o)
                                                  /tmp/ccRDheSh.ltrans3.ltrans.o
__aeabi_dadd                                      /usr/bin/../lib/gcc/arm-none-eabi/4.8.4/armv7e-m/fpu/libgcc.a(_arm_addsubdf3.o)
__aeabi_ddiv                                      /usr/bin/../lib/gcc/arm-none-eabi/4.8.4/armv7e-m/fpu/libgcc.a(_arm_muldivdf3.o)
__aeabi_dmul                                      /usr/bin/../lib/gcc/arm-none-eabi/4.8.4/armv7e-m/fpu/libgcc.a(_arm_muldivdf3.o)
                                                  /tmp/ccRDheSh.ltrans3.ltrans.o
__aeabi_drsub                                     /usr/bin/../lib/gcc/arm-none-eabi/4.8.4/armv7e-m/fpu/libgcc.a(_arm_addsubdf3.o)
__aeabi_dsub                                      /usr/bin/../lib/gcc/arm-none-eabi/4.8.4/armv7e-m/fpu/libgcc.a(_arm_addsubdf3.o)
                                                  /tmp/ccRDheSh.ltrans3.ltrans.o
__aeabi_f2d                                       /usr/bin/../lib/gcc/arm-none-eabi/4.8.4/armv7e-m/fpu/libgcc.a(_arm_addsubdf3.o)
                                                  /tmp/ccRDheSh.ltrans3.ltrans.o
__aeabi_i2d                                       /usr/bin/../lib/gcc/arm-none-eabi/4.8.4/armv7e-m/fpu/libgcc.a(_arm_addsubdf3.o)
                                                  /tmp/ccRDheSh.ltrans3.ltrans.o
__aeabi_l2d                                       /usr/bin/../lib/gcc/arm-none-eabi/4.8.4/armv7e-m/fpu/libgcc.a(_arm_addsubdf3.o)
__aeabi_ui2d                                      /usr/bin/../lib/gcc/arm-none-eabi/4.8.4/armv7e-m/fpu/libgcc.a(_arm_addsubdf3.o)
                                                  /tmp/ccRDheSh.ltrans3.ltrans.o
__aeabi_ul2d                                      /usr/bin/../lib/gcc/arm-none-eabi/4.8.4/armv7e-m/fpu/libgcc.a(_arm_addsubdf3.o)
__divdf3                                          /usr/bin/../lib/gcc/arm-none-eabi/4.8.4/armv7e-m/fpu/libgcc.a(_arm_muldivdf3.o)
__extendsfdf2                                     /usr/bin/../lib/gcc/arm-none-eabi/4.8.4/armv7e-m/fpu/libgcc.a(_arm_addsubdf3.o)
__fixdfsi                                         /usr/bin/../lib/gcc/arm-none-eabi/4.8.4/armv7e-m/fpu/libgcc.a(_arm_fixdfsi.o)
__floatdidf                                       /usr/bin/../lib/gcc/arm-none-eabi/4.8.4/armv7e-m/fpu/libgcc.a(_arm_addsubdf3.o)
__floatsidf                                       /usr/bin/../lib/gcc/arm-none-eabi/4.8.4/armv7e-m/fpu/libgcc.a(_arm_addsubdf3.o)
__floatundidf                                     /usr/bin/../lib/gcc/arm-none-eabi/4.8.4/armv7e-m/fpu/libgcc.a(_arm_addsubdf3.o)
__floatunsidf                                     /usr/bin/../lib/gcc/arm-none-eabi/4.8.4/armv7e-m/fpu/libgcc.a(_arm_addsubdf3.o)
__heap_base__                                     /tmp/ccRDheSh.ltrans0.ltrans.o
__heap_end__                                      /tmp/ccRDheSh.ltrans0.ltrans.o
__init_array_end                                  /tmp/ccRDheSh.ltrans4.ltrans.o
__init_array_start                                /tmp/ccRDheSh.ltrans4.ltrans.o
__main_stack_base__                               /tmp/ccRDheSh.ltrans4.ltrans.o
__main_stack_end__                                /tmp/ccRDheSh.ltrans4.ltrans.o
__muldf3                                          /usr/bin/../lib/gcc/arm-none-eabi/4.8.4/armv7e-m/fpu/libgcc.a(_arm_muldivdf3.o)
__process_stack_base__                            /tmp/ccRDheSh.ltrans4.ltrans.o
__process_stack_end__                             /tmp/ccRDheSh.ltrans4.ltrans.o
__subdf3                                          /usr/bin/../lib/gcc/arm-none-eabi/4.8.4/armv7e-m/fpu/libgcc.a(_arm_addsubdf3.o)
__truncdfsf2                                      /usr/bin/../lib/gcc/arm-none-eabi/4.8.4/armv7e-m/fpu/libgcc.a(_arm_truncdfsf2.o)
_bss_end                                          /tmp/ccRDheSh.ltrans4.ltrans.o
_bss_start                                        /tmp/ccRDheSh.ltrans4.ltrans.o
_data                                             /tmp/ccRDheSh.ltrans4.ltrans.o
_edata                                            /tmp/ccRDheSh.ltrans4.ltrans.o
_idle_thread.4338                                 /tmp/ccRDheSh.ltrans1.ltrans.o
                                                  /tmp/ccRDheSh.ltrans0.ltrans.o
_pal_lld_setgroupmode                             /tmp/ccRDheSh.ltrans1.ltrans.o
                                                  /tmp/ccRDheSh.ltrans3.ltrans.o
_port_exit_from_isr                               build/obj/chcoreasm_v7m.o
                                                  /tmp/ccRDheSh.ltrans1.ltrans.o
_port_irq_epilogue                                /tmp/ccRDheSh.ltrans1.ltrans.o
                                                  /tmp/ccRDheSh.ltrans3.ltrans.o
                                                  /tmp/ccRDheSh.ltrans2.ltrans.o
                                                  /tmp/ccRDheSh.ltrans0.ltrans.o
_port_switch                                      build/obj/chcoreasm_v7m.o
                                                  /tmp/ccRDheSh.ltrans3.ltrans.o
                                                  /tmp/ccRDheSh.ltrans1.ltrans.o
_port_switch_from_isr                             build/obj/chcoreasm_v7m.o
                                                  /tmp/ccRDheSh.ltrans1.ltrans.o
_port_thread_start                                build/obj/chcoreasm_v7m.o
                                                  /tmp/ccRDheSh.ltrans3.ltrans.o
_textdata                                         /tmp/ccRDheSh.ltrans4.ltrans.o
_vectors                                          /tmp/ccRDheSh.ltrans4.ltrans.o
adc_lld_serve_rx_interrupt.11091                  /tmp/ccRDheSh.ltrans1.ltrans.o
                                                  /tmp/ccRDheSh.ltrans0.ltrans.o
boardInit                                         /tmp/ccRDheSh.ltrans3.ltrans.o
                                                  /tmp/ccRDheSh.ltrans0.ltrans.o
ch                                                /tmp/ccRDheSh.ltrans4.ltrans.o
                                                  /tmp/ccRDheSh.ltrans3.ltrans.o
                                                  /tmp/ccRDheSh.ltrans2.ltrans.o
                                                  /tmp/ccRDheSh.ltrans1.ltrans.o
                                                  /tmp/ccRDheSh.ltrans0.ltrans.o
chCoreAlloc                                       /tmp/ccRDheSh.ltrans1.ltrans.o
                                                  /tmp/ccRDheSh.ltrans0.ltrans.o
chEvtBroadcastFlagsI                              /tmp/ccRDheSh.ltrans1.ltrans.o
                                                  /tmp/ccRDheSh.ltrans0.ltrans.o
chMtxLockS                                        /tmp/ccRDheSh.ltrans1.ltrans.o
                                                  /tmp/ccRDheSh.ltrans2.ltrans.o
                                                  /tmp/ccRDheSh.ltrans0.ltrans.o
chMtxUnlock                                       /tmp/ccRDheSh.ltrans3.ltrans.o
                                                  /tmp/ccRDheSh.ltrans2.ltrans.o
                                                  /tmp/ccRDheSh.ltrans0.ltrans.o
chSchDoReschedule                                 /tmp/ccRDheSh.ltrans4.ltrans.o
                                                  build/obj/chcoreasm_v7m.o
chSchDoRescheduleAhead                            /tmp/ccRDheSh.ltrans1.ltrans.o
                                                  /tmp/ccRDheSh.ltrans4.ltrans.o
chSchGoSleepS                                     /tmp/ccRDheSh.ltrans1.ltrans.o
                                                  /tmp/ccRDheSh.ltrans4.ltrans.o
                                                  /tmp/ccRDheSh.ltrans3.ltrans.o
                                                  /tmp/ccRDheSh.ltrans2.ltrans.o
chSchGoSleepTimeoutS                              /tmp/ccRDheSh.ltrans3.ltrans.o
                                                  /tmp/ccRDheSh.ltrans2.ltrans.o
                                                  /tmp/ccRDheSh.ltrans0.ltrans.o
chSchReadyI                                       /tmp/ccRDheSh.ltrans1.ltrans.o
                                                  /tmp/ccRDheSh.ltrans4.ltrans.o
                                                  /tmp/ccRDheSh.ltrans3.ltrans.o
                                                  /tmp/ccRDheSh.ltrans2.ltrans.o
                                                  /tmp/ccRDheSh.ltrans0.ltrans.o
chSchRescheduleS                                  /tmp/ccRDheSh.ltrans1.ltrans.o
                                                  /tmp/ccRDheSh.ltrans3.ltrans.o
                                                  /tmp/ccRDheSh.ltrans2.ltrans.o
chTMStartMeasurementX.constprop.26                /tmp/ccRDheSh.ltrans3.ltrans.o
                                                  /tmp/ccRDheSh.ltrans0.ltrans.o
chTMStopMeasurementX                              /tmp/ccRDheSh.ltrans1.ltrans.o
                                                  /tmp/ccRDheSh.ltrans0.ltrans.o
chThdCreateStatic                                 /tmp/ccRDheSh.ltrans3.ltrans.o
                                                  /tmp/ccRDheSh.ltrans0.ltrans.o
chThdEnqueueTimeoutS                              /tmp/ccRDheSh.ltrans3.ltrans.o
                                                  /tmp/ccRDheSh.ltrans2.ltrans.o
chThdExit                                         /tmp/ccRDheSh.ltrans4.ltrans.o
                                                  build/obj/chcoreasm_v7m.o
chThdResumeI                                      /tmp/ccRDheSh.ltrans1.ltrans.o
                                                  /tmp/ccRDheSh.ltrans3.ltrans.o
chThdSleep                                        /tmp/ccRDheSh.ltrans2.ltrans.o
                                                  /tmp/ccRDheSh.ltrans4.ltrans.o
                                                  /tmp/ccRDheSh.ltrans0.ltrans.o
chThdSleepUntil                                   /tmp/ccRDheSh.ltrans2.ltrans.o
                                                  /tmp/ccRDheSh.ltrans4.ltrans.o
                                                  /tmp/ccRDheSh.ltrans0.ltrans.o
chprintf.16765.constprop.33                       /tmp/ccRDheSh.ltrans3.ltrans.o
                                                  /tmp/ccRDheSh.ltrans0.ltrans.o
dmaStreamAllocate                                 /tmp/ccRDheSh.ltrans1.ltrans.o
                                                  /tmp/ccRDheSh.ltrans2.ltrans.o
                                                  /tmp/ccRDheSh.ltrans0.ltrans.o
dmaStreamRelease                                  /tmp/ccRDheSh.ltrans1.ltrans.o
                                                  /tmp/ccRDheSh.ltrans2.ltrans.o
dma_isr_redir.10833                               /tmp/ccRDheSh.ltrans0.ltrans.o
                                                  /tmp/ccRDheSh.ltrans1.ltrans.o
dma_streams_mask.10838                            /tmp/ccRDheSh.ltrans0.ltrans.o
                                                  /tmp/ccRDheSh.ltrans1.ltrans.o
endmem.6822                                       /tmp/ccRDheSh.ltrans0.ltrans.o
                                                  /tmp/ccRDheSh.ltrans1.ltrans.o
get.10200                                         /tmp/ccRDheSh.ltrans2.ltrans.o
gett.10196                                        /tmp/ccRDheSh.ltrans2.ltrans.o
gpsRxChar.15562                                   /tmp/ccRDheSh.ltrans3.ltrans.o
                                                  /tmp/ccRDheSh.ltrans0.ltrans.o
gpsRxEnd.15550                                    /tmp/ccRDheSh.ltrans3.ltrans.o
                                                  /tmp/ccRDheSh.ltrans0.ltrans.o
gpsRxErr.15553                                    /tmp/ccRDheSh.ltrans3.ltrans.o
                                                  /tmp/ccRDheSh.ltrans0.ltrans.o
gpsSem                                            /tmp/ccRDheSh.ltrans2.ltrans.o
                                                  /tmp/ccRDheSh.ltrans3.ltrans.o
gpsThread                                         /tmp/ccRDheSh.ltrans2.ltrans.o
                                                  /tmp/ccRDheSh.ltrans0.ltrans.o
gpsTxC.15547                                      /tmp/ccRDheSh.ltrans3.ltrans.o
                                                  /tmp/ccRDheSh.ltrans0.ltrans.o
gpsTxbufEnd.15544                                 /tmp/ccRDheSh.ltrans3.ltrans.o
                                                  /tmp/ccRDheSh.ltrans0.ltrans.o
i2c_lld_serve_error_interrupt.11412               /tmp/ccRDheSh.ltrans1.ltrans.o
                                                  /tmp/ccRDheSh.ltrans3.ltrans.o
i2c_lld_serve_event_interrupt.11409               /tmp/ccRDheSh.ltrans1.ltrans.o
                                                  /tmp/ccRDheSh.ltrans3.ltrans.o
i2c_lld_serve_rx_end_irq.11402                    /tmp/ccRDheSh.ltrans3.ltrans.o
                                                  /tmp/ccRDheSh.ltrans2.ltrans.o
i2c_lld_start                                     /tmp/ccRDheSh.ltrans2.ltrans.o
                                                  /tmp/ccRDheSh.ltrans4.ltrans.o
main                                              /tmp/ccRDheSh.ltrans0.ltrans.o
                                                  /tmp/ccRDheSh.ltrans4.ltrans.o
nextmem.6820                                      /tmp/ccRDheSh.ltrans0.ltrans.o
                                                  /tmp/ccRDheSh.ltrans1.ltrans.o
notify2.12013                                     /tmp/ccRDheSh.ltrans3.ltrans.o
                                                  /tmp/ccRDheSh.ltrans0.ltrans.o
notify6.12010                                     /tmp/ccRDheSh.ltrans3.ltrans.o
                                                  /tmp/ccRDheSh.ltrans0.ltrans.o
put.10208                                         /tmp/ccRDheSh.ltrans2.ltrans.o
putt.10203                                        /tmp/ccRDheSh.ltrans2.ltrans.o
read.10180                                        /tmp/ccRDheSh.ltrans2.ltrans.o
readt.10173                                       /tmp/ccRDheSh.ltrans2.ltrans.o
sdObjectInit.constprop.21                         /tmp/ccRDheSh.ltrans3.ltrans.o
                                                  /tmp/ccRDheSh.ltrans0.ltrans.o
sd_lld_start                                      /tmp/ccRDheSh.ltrans2.ltrans.o
                                                  /tmp/ccRDheSh.ltrans0.ltrans.o
sensorThread                                      /tmp/ccRDheSh.ltrans4.ltrans.o
                                                  /tmp/ccRDheSh.ltrans0.ltrans.o
strcpy                                            /usr/bin/../lib/gcc/arm-none-eabi/4.8.4/../../../../arm-none-eabi/lib/armv7e-m/fpu/libc.a(lib_a-strcpy.o)
                                                  /tmp/ccRDheSh.ltrans0.ltrans.o
strlen                                            /usr/bin/../lib/gcc/arm-none-eabi/4.8.4/../../../../arm-none-eabi/lib/armv7e-m/fpu/libc.a(lib_a-strlen.o)
                                                  /tmp/ccRDheSh.ltrans2.ltrans.o
strncmp                                           /usr/bin/../lib/gcc/arm-none-eabi/4.8.4/../../../../arm-none-eabi/lib/armv7e-m/fpu/libc.a(lib_a-strncmp.o)
                                                  /tmp/ccRDheSh.ltrans2.ltrans.o
tokBuf.15633                                      /tmp/ccRDheSh.ltrans2.ltrans.o
                                                  /tmp/ccRDheSh.ltrans3.ltrans.o
uStrCpy.constprop.3                               /tmp/ccRDheSh.ltrans3.ltrans.o
                                                  /tmp/ccRDheSh.ltrans2.ltrans.o
uStrInsertChar.constprop.2                        /tmp/ccRDheSh.ltrans3.ltrans.o
                                                  /tmp/ccRDheSh.ltrans2.ltrans.o
uStrPrependChar                                   /tmp/ccRDheSh.ltrans3.ltrans.o
                                                  /tmp/ccRDheSh.ltrans2.ltrans.o
uart_lld_serve_rx_end_irq.12164                   /tmp/ccRDheSh.ltrans2.ltrans.o
                                                  /tmp/ccRDheSh.ltrans0.ltrans.o
uart_lld_serve_tx_end_irq.12160                   /tmp/ccRDheSh.ltrans2.ltrans.o
                                                  /tmp/ccRDheSh.ltrans0.ltrans.o
usart_stop.12171                                  /tmp/ccRDheSh.ltrans3.ltrans.o
                                                  /tmp/ccRDheSh.ltrans2.ltrans.o
                                                  /tmp/ccRDheSh.ltrans0.ltrans.o
vmt.10284                                         /tmp/ccRDheSh.ltrans2.ltrans.o
                                                  /tmp/ccRDheSh.ltrans3.ltrans.o
wakeup.4718                                       /tmp/ccRDheSh.ltrans1.ltrans.o
                                                  /tmp/ccRDheSh.ltrans3.ltrans.o
write.10191                                       /tmp/ccRDheSh.ltrans2.ltrans.o
writet.10185                                      /tmp/ccRDheSh.ltrans2.ltrans.o
