Archive member included because of file (symbol)

/usr/bin/../lib/gcc/arm-none-eabi/4.8.4/armv7e-m/fpu/libgcc.a(_arm_addsubdf3.o)
                              /tmp/cceo0tYg.ltrans1.ltrans.o (__aeabi_dsub)
/usr/bin/../lib/gcc/arm-none-eabi/4.8.4/armv7e-m/fpu/libgcc.a(_arm_muldivdf3.o)
                              /tmp/cceo0tYg.ltrans1.ltrans.o (__aeabi_dmul)
/usr/bin/../lib/gcc/arm-none-eabi/4.8.4/armv7e-m/fpu/libgcc.a(_arm_fixdfsi.o)
                              /tmp/cceo0tYg.ltrans1.ltrans.o (__aeabi_d2iz)
/usr/bin/../lib/gcc/arm-none-eabi/4.8.4/armv7e-m/fpu/libgcc.a(_arm_truncdfsf2.o)
                              /tmp/cceo0tYg.ltrans1.ltrans.o (__aeabi_d2f)
/usr/bin/../lib/gcc/arm-none-eabi/4.8.4/../../../../arm-none-eabi/lib/armv7e-m/fpu/libc.a(lib_a-strcpy.o)
                              /tmp/cceo0tYg.ltrans0.ltrans.o (strcpy)
/usr/bin/../lib/gcc/arm-none-eabi/4.8.4/../../../../arm-none-eabi/lib/armv7e-m/fpu/libc.a(lib_a-strlen.o)
                              /tmp/cceo0tYg.ltrans2.ltrans.o (strlen)
/usr/bin/../lib/gcc/arm-none-eabi/4.8.4/../../../../arm-none-eabi/lib/armv7e-m/fpu/libc.a(lib_a-strncmp.o)
                              /tmp/cceo0tYg.ltrans2.ltrans.o (strncmp)

Discarded input sections

 .data          0x0000000000000000        0x0 build/obj/chcoreasm_v7m.o
 .bss           0x0000000000000000        0x0 build/obj/chcoreasm_v7m.o
 .text          0x0000000000000000        0x0 build/obj/crt0.o (symbol from plugin)
 .text          0x0000000000000000        0x0 /tmp/cceo0tYg.ltrans0.ltrans.o
 .data          0x0000000000000000        0x0 /tmp/cceo0tYg.ltrans0.ltrans.o
 .bss           0x0000000000000000        0x0 /tmp/cceo0tYg.ltrans0.ltrans.o
 .text          0x0000000000000000        0x0 /tmp/cceo0tYg.ltrans1.ltrans.o
 .data          0x0000000000000000        0x0 /tmp/cceo0tYg.ltrans1.ltrans.o
 .bss           0x0000000000000000        0x0 /tmp/cceo0tYg.ltrans1.ltrans.o
 .text          0x0000000000000000        0x0 /tmp/cceo0tYg.ltrans2.ltrans.o
 .data          0x0000000000000000        0x0 /tmp/cceo0tYg.ltrans2.ltrans.o
 .bss           0x0000000000000000        0x0 /tmp/cceo0tYg.ltrans2.ltrans.o
 .text          0x0000000000000000        0x0 /tmp/cceo0tYg.ltrans3.ltrans.o
 .data          0x0000000000000000        0x0 /tmp/cceo0tYg.ltrans3.ltrans.o
 .bss           0x0000000000000000        0x0 /tmp/cceo0tYg.ltrans3.ltrans.o
 .text          0x0000000000000000        0x0 /tmp/cceo0tYg.ltrans4.ltrans.o
 .data          0x0000000000000000        0x0 /tmp/cceo0tYg.ltrans4.ltrans.o
 .bss           0x0000000000000000        0x0 /tmp/cceo0tYg.ltrans4.ltrans.o
 .data          0x0000000000000000        0x0 /usr/bin/../lib/gcc/arm-none-eabi/4.8.4/armv7e-m/fpu/libgcc.a(_arm_addsubdf3.o)
 .bss           0x0000000000000000        0x0 /usr/bin/../lib/gcc/arm-none-eabi/4.8.4/armv7e-m/fpu/libgcc.a(_arm_addsubdf3.o)
 .data          0x0000000000000000        0x0 /usr/bin/../lib/gcc/arm-none-eabi/4.8.4/armv7e-m/fpu/libgcc.a(_arm_muldivdf3.o)
 .bss           0x0000000000000000        0x0 /usr/bin/../lib/gcc/arm-none-eabi/4.8.4/armv7e-m/fpu/libgcc.a(_arm_muldivdf3.o)
 .data          0x0000000000000000        0x0 /usr/bin/../lib/gcc/arm-none-eabi/4.8.4/armv7e-m/fpu/libgcc.a(_arm_fixdfsi.o)
 .bss           0x0000000000000000        0x0 /usr/bin/../lib/gcc/arm-none-eabi/4.8.4/armv7e-m/fpu/libgcc.a(_arm_fixdfsi.o)
 .data          0x0000000000000000        0x0 /usr/bin/../lib/gcc/arm-none-eabi/4.8.4/armv7e-m/fpu/libgcc.a(_arm_truncdfsf2.o)
 .bss           0x0000000000000000        0x0 /usr/bin/../lib/gcc/arm-none-eabi/4.8.4/armv7e-m/fpu/libgcc.a(_arm_truncdfsf2.o)
 .text          0x0000000000000000        0x0 /usr/bin/../lib/gcc/arm-none-eabi/4.8.4/../../../../arm-none-eabi/lib/armv7e-m/fpu/libc.a(lib_a-strcpy.o)
 .data          0x0000000000000000        0x0 /usr/bin/../lib/gcc/arm-none-eabi/4.8.4/../../../../arm-none-eabi/lib/armv7e-m/fpu/libc.a(lib_a-strcpy.o)
 .bss           0x0000000000000000        0x0 /usr/bin/../lib/gcc/arm-none-eabi/4.8.4/../../../../arm-none-eabi/lib/armv7e-m/fpu/libc.a(lib_a-strcpy.o)
 .text          0x0000000000000000        0x0 /usr/bin/../lib/gcc/arm-none-eabi/4.8.4/../../../../arm-none-eabi/lib/armv7e-m/fpu/libc.a(lib_a-strlen.o)
 .data          0x0000000000000000        0x0 /usr/bin/../lib/gcc/arm-none-eabi/4.8.4/../../../../arm-none-eabi/lib/armv7e-m/fpu/libc.a(lib_a-strlen.o)
 .bss           0x0000000000000000        0x0 /usr/bin/../lib/gcc/arm-none-eabi/4.8.4/../../../../arm-none-eabi/lib/armv7e-m/fpu/libc.a(lib_a-strlen.o)
 .text          0x0000000000000000        0x0 /usr/bin/../lib/gcc/arm-none-eabi/4.8.4/../../../../arm-none-eabi/lib/armv7e-m/fpu/libc.a(lib_a-strncmp.o)
 .data          0x0000000000000000        0x0 /usr/bin/../lib/gcc/arm-none-eabi/4.8.4/../../../../arm-none-eabi/lib/armv7e-m/fpu/libc.a(lib_a-strncmp.o)
 .bss           0x0000000000000000        0x0 /usr/bin/../lib/gcc/arm-none-eabi/4.8.4/../../../../arm-none-eabi/lib/armv7e-m/fpu/libc.a(lib_a-strncmp.o)
[...]
Memory Configuration

Name             Origin             Length             Attributes
flash            0x0000000008000000 0x0000000000080000
ram              0x0000000020000000 0x0000000000018000
*default*        0x0000000000000000 0xffffffffffffffff

Linker script and memory map

LOAD build/obj/chcoreasm_v7m.o
LOAD build/obj/crt0.o
LOAD /tmp/cceo0tYg.ltrans0.ltrans.o
LOAD /tmp/cceo0tYg.ltrans1.ltrans.o
LOAD /tmp/cceo0tYg.ltrans2.ltrans.o
LOAD /tmp/cceo0tYg.ltrans3.ltrans.o
LOAD /tmp/cceo0tYg.ltrans4.ltrans.o
LOAD /usr/bin/../lib/gcc/arm-none-eabi/4.8.4/armv7e-m/fpu/libgcc.a
LOAD /usr/bin/../lib/gcc/arm-none-eabi/4.8.4/../../../../arm-none-eabi/lib/armv7e-m/fpu/libc.a
LOAD build/obj/vectors.o
LOAD build/obj/chcore.o
LOAD build/obj/chcore_v7m.o
LOAD build/obj/chsys.o
LOAD build/obj/chdebug.o
LOAD build/obj/chtm.o
LOAD build/obj/chstats.o
LOAD build/obj/chschd.o
LOAD build/obj/chvt.o
LOAD build/obj/chthreads.o
LOAD build/obj/chdynamic.o
LOAD build/obj/chregistry.o
LOAD build/obj/chsem.o
LOAD build/obj/chmtx.o
LOAD build/obj/chcond.o
LOAD build/obj/chevents.o
LOAD build/obj/chmsg.o
LOAD build/obj/chmboxes.o
LOAD build/obj/chqueues.o
LOAD build/obj/chmemcore.o
LOAD build/obj/chheap.o
LOAD build/obj/chmempools.o
LOAD build/obj/test.o
LOAD build/obj/testthd.o
LOAD build/obj/testsem.o
LOAD build/obj/testmtx.o
LOAD build/obj/testmsg.o
LOAD build/obj/testmbox.o
LOAD build/obj/testevt.o
LOAD build/obj/testheap.o
LOAD build/obj/testpools.o
LOAD build/obj/testdyn.o
LOAD build/obj/testqueues.o
LOAD build/obj/testbmk.o
LOAD build/obj/hal.o
LOAD build/obj/hal_queues.o
LOAD build/obj/hal_mmcsd.o
LOAD build/obj/adc.o
LOAD build/obj/can.o
LOAD build/obj/dac.o
LOAD build/obj/ext.o
LOAD build/obj/gpt.o
LOAD build/obj/i2c.o
LOAD build/obj/i2s.o
LOAD build/obj/icu.o
LOAD build/obj/mac.o
LOAD build/obj/mmc_spi.o
LOAD build/obj/pal.o
LOAD build/obj/pwm.o
LOAD build/obj/rtc.o
LOAD build/obj/sdc.o
LOAD build/obj/serial.o
LOAD build/obj/serial_usb.o
LOAD build/obj/spi.o
LOAD build/obj/st.o
LOAD build/obj/uart.o
LOAD build/obj/usb.o
LOAD build/obj/osal.o
LOAD build/obj/nvic.o
LOAD build/obj/stm32_dma.o
LOAD build/obj/hal_lld.o
LOAD build/obj/adc_lld.o
LOAD build/obj/ext_lld_isr.o
LOAD build/obj/can_lld.o
LOAD build/obj/ext_lld.o
LOAD build/obj/mac_lld.o
LOAD build/obj/sdc_lld.o
LOAD build/obj/dac_lld.o
LOAD build/obj/pal_lld.o
LOAD build/obj/i2c_lld.o
LOAD build/obj/usb_lld.o
LOAD build/obj/rtc_lld.o
LOAD build/obj/i2s_lld.o
LOAD build/obj/spi_lld.o
LOAD build/obj/gpt_lld.o
LOAD build/obj/icu_lld.o
LOAD build/obj/pwm_lld.o
LOAD build/obj/st_lld.o
LOAD build/obj/serial_lld.o
LOAD build/obj/uart_lld.o
LOAD build/obj/board.o
LOAD build/obj/fatfs_diskio.o
LOAD build/obj/fatfs_syscall.o
LOAD build/obj/ff.o
LOAD build/obj/unicode.o
LOAD build/obj/chprintf.o
LOAD build/obj/memstreams.o
LOAD build/obj/analog_sensor.o
LOAD build/obj/i2c_sensor.o
LOAD build/obj/bmp280.o
LOAD build/obj/si70x0.o
LOAD build/obj/ms5607.o
LOAD build/obj/hih6030.o
LOAD build/obj/lsm303.o
LOAD build/obj/rfm23bp.o
LOAD build/obj/rtd.o
LOAD build/obj/tmp275.o
LOAD build/obj/datasample.o
LOAD build/obj/sensor_thread.o
LOAD build/obj/ustr.o
LOAD build/obj/umath.o
LOAD build/obj/gps.o
LOAD build/obj/sdmmcsimple.o
LOAD build/obj/datalogger.o
LOAD build/obj/main.o
                0x0000000020000000                __ram_start__ = ORIGIN (ram)
                0x0000000000018000                __ram_size__ = 0x18000
                0x0000000020018000                __ram_end__ = (__ram_start__ + __ram_size__)
                0x0000000000000000                . = 0x0
                0x0000000000000000                _text = .

startup         0x0000000008000000      0x1c0
 *(vectors)
 vectors        0x0000000008000000      0x1c0 /tmp/cceo0tYg.ltrans0.ltrans.o
                0x0000000008000000                _vectors

constructors    0x00000000080001c0        0x0
                0x00000000080001c0                PROVIDE (__init_array_start, .)
 *(SORT(.init_array.*))
 *(.init_array)
                0x00000000080001c0                PROVIDE (__init_array_end, .)

destructors     0x00000000080001c0        0x0
                0x00000000080001c0                PROVIDE (__fini_array_start, .)
 *(.fini_array)
 *(SORT(.fini_array.*))
                0x00000000080001c0                PROVIDE (__fini_array_end, .)

.text           0x00000000080001c0     0x4928
 *(.text.startup.*)
 .text.startup.main.4451
                0x00000000080001c0      0xa40 /tmp/cceo0tYg.ltrans0.ltrans.o
 *(.text)
 .text          0x0000000008000c00       0x2e build/obj/chcoreasm_v7m.o
                0x0000000008000c00                _port_switch
                0x0000000008000c18                _port_thread_start
                0x0000000008000c26                _port_switch_from_isr
                0x0000000008000c2a                _port_exit_from_isr
 *fill*         0x0000000008000c2e        0x2 
 .text          0x0000000008000c30      0x370 /usr/bin/../lib/gcc/arm-none-eabi/4.8.4/armv7e-m/fpu/libgcc.a(_arm_addsubdf3.o)
                0x0000000008000c30                __aeabi_drsub
                0x0000000008000c38                __aeabi_dsub
                0x0000000008000c38                __subdf3
                0x0000000008000c3c                __adddf3
                0x0000000008000c3c                __aeabi_dadd
                0x0000000008000eb4                __aeabi_ui2d
                0x0000000008000eb4                __floatunsidf
                0x0000000008000ed4                __floatsidf
                0x0000000008000ed4                __aeabi_i2d
                0x0000000008000ef8                __extendsfdf2
                0x0000000008000ef8                __aeabi_f2d
                0x0000000008000f34                __aeabi_ul2d
                0x0000000008000f34                __floatundidf
                0x0000000008000f44                __floatdidf
                0x0000000008000f44                __aeabi_l2d
 .text          0x0000000008000fa0      0x424 /usr/bin/../lib/gcc/arm-none-eabi/4.8.4/armv7e-m/fpu/libgcc.a(_arm_muldivdf3.o)
                0x0000000008000fa0                __aeabi_dmul
                0x0000000008000fa0                __muldf3
                0x00000000080011f4                __aeabi_ddiv
                0x00000000080011f4                __divdf3
 *fill*         0x00000000080013c4        0xc 
 .text          0x00000000080013d0       0x50 /usr/bin/../lib/gcc/arm-none-eabi/4.8.4/armv7e-m/fpu/libgcc.a(_arm_fixdfsi.o)
                0x00000000080013d0                __fixdfsi
                0x00000000080013d0                __aeabi_d2iz
 .text          0x0000000008001420       0xa0 /usr/bin/../lib/gcc/arm-none-eabi/4.8.4/armv7e-m/fpu/libgcc.a(_arm_truncdfsf2.o)
                0x0000000008001420                __aeabi_d2f
                0x0000000008001420                __truncdfsf2
 *(.text.*)
 .text.Reset_Handler
                0x00000000080014c0      0x1b0 /tmp/cceo0tYg.ltrans0.ltrans.o
                0x00000000080014c0                Reset_Handler
 .text.mmc_write.9978.4696
                0x0000000008001670       0x60 /tmp/cceo0tYg.ltrans0.ltrans.o
 .text.chThdExit
                0x00000000080016d0       0x50 /tmp/cceo0tYg.ltrans0.ltrans.o
                0x00000000080016d0                chThdExit
 .text.chSchDoReschedule
                0x0000000008001720       0x10 /tmp/cceo0tYg.ltrans0.ltrans.o
                0x0000000008001720                chSchDoReschedule
 .text.gpsRxErr.15474
                0x0000000008001730       0x10 /tmp/cceo0tYg.ltrans1.ltrans.o
                0x0000000008001730                gpsRxErr.15474
 .text.gpsRxEnd.15471
                0x0000000008001740       0x10 /tmp/cceo0tYg.ltrans1.ltrans.o
                0x0000000008001740                gpsRxEnd.15471
 .text.gpsTxC.15468
                0x0000000008001750       0x10 /tmp/cceo0tYg.ltrans1.ltrans.o
                0x0000000008001750                gpsTxC.15468
 .text.gpsTxbufEnd.15465
                0x0000000008001760       0x10 /tmp/cceo0tYg.ltrans1.ltrans.o
                0x0000000008001760                gpsTxbufEnd.15465
 .text.long_to_string_with_divisor.13049.4634
                0x0000000008001770       0x50 /tmp/cceo0tYg.ltrans1.ltrans.o
 .text.chvprintf.4620
                0x00000000080017c0      0x380 /tmp/cceo0tYg.ltrans1.ltrans.o
 .text.mmc_lld_is_write_protected
                0x0000000008001b40       0x10 /tmp/cceo0tYg.ltrans1.ltrans.o
                0x0000000008001b40                mmc_lld_is_write_protected
 .text.mmc_lld_is_card_inserted
                0x0000000008001b50       0x10 /tmp/cceo0tYg.ltrans1.ltrans.o
                0x0000000008001b50                mmc_lld_is_card_inserted
 .text.VectorB0
                0x0000000008001b60       0x90 /tmp/cceo0tYg.ltrans1.ltrans.o
                0x0000000008001b60                VectorB0
 .text.VectorD4
                0x0000000008001bf0       0x70 /tmp/cceo0tYg.ltrans1.ltrans.o
                0x0000000008001bf0                VectorD4
 .text.spi_lld_serve_rx_interrupt.11704
                0x0000000008001c60       0x90 /tmp/cceo0tYg.ltrans1.ltrans.o
                0x0000000008001c60                spi_lld_serve_rx_interrupt.11704
 .text.Vector88
                0x0000000008001cf0       0x90 /tmp/cceo0tYg.ltrans1.ltrans.o
                0x0000000008001cf0                Vector88
 .text.gpsRxChar.15483
                0x0000000008001d80       0x90 /tmp/cceo0tYg.ltrans1.ltrans.o
                0x0000000008001d80                gpsRxChar.15483
 .text.chSchGoSleepTimeoutS
                0x0000000008001e10       0xe0 /tmp/cceo0tYg.ltrans1.ltrans.o
                0x0000000008001e10                chSchGoSleepTimeoutS
 .text.chThdEnqueueTimeoutS
                0x0000000008001ef0       0x30 /tmp/cceo0tYg.ltrans1.ltrans.o
                0x0000000008001ef0                chThdEnqueueTimeoutS
 .text.chOQWriteTimeout
                0x0000000008001f20       0x80 /tmp/cceo0tYg.ltrans1.ltrans.o
                0x0000000008001f20                chOQWriteTimeout
 .text.chSchWakeupS.constprop.39
                0x0000000008001fa0       0x60 /tmp/cceo0tYg.ltrans1.ltrans.o
                0x0000000008001fa0                chSchWakeupS.constprop.39
 .text.chMtxUnlock.constprop.38
                0x0000000008002000       0x80 /tmp/cceo0tYg.ltrans1.ltrans.o
                0x0000000008002000                chMtxUnlock.constprop.38
 .text.chprintf.16627.constprop.36
                0x0000000008002080       0x30 /tmp/cceo0tYg.ltrans1.ltrans.o
                0x0000000008002080                chprintf.16627.constprop.36
 .text.spiSend  0x00000000080020b0       0x50 /tmp/cceo0tYg.ltrans1.ltrans.o
                0x00000000080020b0                spiSend
 .text.spiReceive
                0x0000000008002100       0x50 /tmp/cceo0tYg.ltrans1.ltrans.o
                0x0000000008002100                spiReceive
 .text.recvr1.isra.0.9868
                0x0000000008002150       0x30 /tmp/cceo0tYg.ltrans1.ltrans.o
                0x0000000008002150                recvr1.isra.0.9868
 .text.mmcStopSequentialRead.part.7.9923
                0x0000000008002180       0x30 /tmp/cceo0tYg.ltrans1.ltrans.o
                0x0000000008002180                mmcStopSequentialRead.part.7.9923
 .text.spiIgnore
                0x00000000080021b0       0x60 /tmp/cceo0tYg.ltrans1.ltrans.o
                0x00000000080021b0                spiIgnore
 .text.mmcSequentialRead
                0x0000000008002210       0x60 /tmp/cceo0tYg.ltrans1.ltrans.o
                0x0000000008002210                mmcSequentialRead
 .text.chTMStartMeasurementX.constprop.18
                0x0000000008002270       0x10 /tmp/cceo0tYg.ltrans1.ltrans.o
                0x0000000008002270                chTMStartMeasurementX.constprop.18
 .text.sdObjectInit.constprop.14
                0x0000000008002280       0x70 /tmp/cceo0tYg.ltrans1.ltrans.o
                0x0000000008002280                sdObjectInit.constprop.14
 .text.uStrCpy.constprop.3
                0x00000000080022f0       0x40 /tmp/cceo0tYg.ltrans1.ltrans.o
                0x00000000080022f0                uStrCpy.constprop.3
 .text.uStrInsertChar.constprop.2
                0x0000000008002330       0x40 /tmp/cceo0tYg.ltrans1.ltrans.o
                0x0000000008002330                uStrInsertChar.constprop.2
 .text.chprintf.16127
                0x0000000008002370       0x20 /tmp/cceo0tYg.ltrans1.ltrans.o
                0x0000000008002370                chprintf.16127
 .text.chprintf.15767
                0x0000000008002390       0x20 /tmp/cceo0tYg.ltrans1.ltrans.o
                0x0000000008002390                chprintf.15767
 .text.uStrPrependChar
                0x00000000080023b0       0x30 /tmp/cceo0tYg.ltrans1.ltrans.o
                0x00000000080023b0                uStrPrependChar
 .text.get_ldnumber.12788
                0x00000000080023e0       0x40 /tmp/cceo0tYg.ltrans1.ltrans.o
                0x00000000080023e0                get_ldnumber.12788
 .text.boardInit
                0x0000000008002420       0xf0 /tmp/cceo0tYg.ltrans1.ltrans.o
                0x0000000008002420                boardInit
 .text.spi_lld_serve_tx_interrupt.11700
                0x0000000008002510       0x20 /tmp/cceo0tYg.ltrans2.ltrans.o
                0x0000000008002510                spi_lld_serve_tx_interrupt.11700
 .text.uart_lld_serve_rx_end_irq.12165
                0x0000000008002530       0x90 /tmp/cceo0tYg.ltrans2.ltrans.o
                0x0000000008002530                uart_lld_serve_rx_end_irq.12165
 .text.uart_lld_serve_tx_end_irq.12161
                0x00000000080025c0       0x60 /tmp/cceo0tYg.ltrans2.ltrans.o
                0x00000000080025c0                uart_lld_serve_tx_end_irq.12161
 .text.chIQGetTimeout.4507
                0x0000000008002620       0x50 /tmp/cceo0tYg.ltrans2.ltrans.o
 .text.gett.10196
                0x0000000008002670       0x10 /tmp/cceo0tYg.ltrans2.ltrans.o
                0x0000000008002670                gett.10196
 .text.get.10200
                0x0000000008002680       0x10 /tmp/cceo0tYg.ltrans2.ltrans.o
                0x0000000008002680                get.10200
 .text.chIQReadTimeout.4534
                0x0000000008002690       0x80 /tmp/cceo0tYg.ltrans2.ltrans.o
 .text.readt.10173
                0x0000000008002710       0x10 /tmp/cceo0tYg.ltrans2.ltrans.o
                0x0000000008002710                readt.10173
 .text.read.10180
                0x0000000008002720       0x10 /tmp/cceo0tYg.ltrans2.ltrans.o
                0x0000000008002720                read.10180
 .text.chOQPutTimeout.4549
                0x0000000008002730       0x50 /tmp/cceo0tYg.ltrans2.ltrans.o
 .text.putt.10203
                0x0000000008002780       0x10 /tmp/cceo0tYg.ltrans2.ltrans.o
                0x0000000008002780                putt.10203
 .text.put.10208
                0x0000000008002790       0x10 /tmp/cceo0tYg.ltrans2.ltrans.o
                0x0000000008002790                put.10208
 .text.writet.10185
                0x00000000080027a0       0x10 /tmp/cceo0tYg.ltrans2.ltrans.o
                0x00000000080027a0                writet.10185
 .text.write.10191
                0x00000000080027b0       0x10 /tmp/cceo0tYg.ltrans2.ltrans.o
                0x00000000080027b0                write.10191
 .text.chThdSleep
                0x00000000080027c0       0x20 /tmp/cceo0tYg.ltrans2.ltrans.o
                0x00000000080027c0                chThdSleep
 .text.gpsThread
                0x00000000080027e0      0x370 /tmp/cceo0tYg.ltrans2.ltrans.o
                0x00000000080027e0                gpsThread
 .text.wait.isra.1.9875.4477
                0x0000000008002b50       0x40 /tmp/cceo0tYg.ltrans2.ltrans.o
 .text.mmcSequentialWrite
                0x0000000008002b90       0x80 /tmp/cceo0tYg.ltrans2.ltrans.o
                0x0000000008002b90                mmcSequentialWrite
 .text.send_hdr.9878.4472
                0x0000000008002c10       0x70 /tmp/cceo0tYg.ltrans2.ltrans.o
 .text.mmcStartSequentialWrite
                0x0000000008002c80       0x60 /tmp/cceo0tYg.ltrans2.ltrans.o
                0x0000000008002c80                mmcStartSequentialWrite
 .text.disk_write.constprop.29.4395
                0x0000000008002ce0       0x60 /tmp/cceo0tYg.ltrans2.ltrans.o
 .text.sync_window.part.3.12805
                0x0000000008002d40       0x60 /tmp/cceo0tYg.ltrans2.ltrans.o
                0x0000000008002d40                sync_window.part.3.12805
 .text.mmcStartSequentialRead.4445
                0x0000000008002da0       0x60 /tmp/cceo0tYg.ltrans2.ltrans.o
 .text.disk_read.constprop.31
                0x0000000008002e00       0x50 /tmp/cceo0tYg.ltrans2.ltrans.o
                0x0000000008002e00                disk_read.constprop.31
 .text.mmc_read.9961
                0x0000000008002e50       0x40 /tmp/cceo0tYg.ltrans2.ltrans.o
                0x0000000008002e50                mmc_read.9961
 .text.read_CxD.9894
                0x0000000008002e90       0xb0 /tmp/cceo0tYg.ltrans2.ltrans.o
                0x0000000008002e90                read_CxD.9894
 .text.send_command_R1.9889
                0x0000000008002f40       0x30 /tmp/cceo0tYg.ltrans2.ltrans.o
                0x0000000008002f40                send_command_R1.9889
 .text.send_command_R3.9883
                0x0000000008002f70       0x40 /tmp/cceo0tYg.ltrans2.ltrans.o
                0x0000000008002f70                send_command_R3.9883
 .text.sync.isra.2.9902.4492
                0x0000000008002fb0       0x40 /tmp/cceo0tYg.ltrans2.ltrans.o
 .text.mmcSync  0x0000000008002ff0       0x30 /tmp/cceo0tYg.ltrans2.ltrans.o
                0x0000000008002ff0                mmcSync
 .text.mmcDisconnect
                0x0000000008003020       0x50 /tmp/cceo0tYg.ltrans2.ltrans.o
                0x0000000008003020                mmcDisconnect
 .text.notify6.12011
                0x0000000008003070       0x10 /tmp/cceo0tYg.ltrans3.ltrans.o
                0x0000000008003070                notify6.12011
 .text.notify2.12014
                0x0000000008003080       0x10 /tmp/cceo0tYg.ltrans3.ltrans.o
                0x0000000008003080                notify2.12014
 .text.mmcGetInfo
                0x0000000008003090       0x20 /tmp/cceo0tYg.ltrans3.ltrans.o
                0x0000000008003090                mmcGetInfo
 .text.chCoreAlloc
                0x00000000080030b0       0x40 /tmp/cceo0tYg.ltrans3.ltrans.o
                0x00000000080030b0                chCoreAlloc
 .text.wakeup.4718
                0x00000000080030f0       0x70 /tmp/cceo0tYg.ltrans3.ltrans.o
                0x00000000080030f0                wakeup.4718
 .text._idle_thread.4338
                0x0000000008003160       0x20 /tmp/cceo0tYg.ltrans3.ltrans.o
                0x0000000008003160                _idle_thread.4338
 .text.SVC_Handler
                0x0000000008003180       0x20 /tmp/cceo0tYg.ltrans3.ltrans.o
                0x0000000008003180                SVC_Handler
 .text.usart_stop.12172
                0x00000000080031a0       0x50 /tmp/cceo0tYg.ltrans3.ltrans.o
                0x00000000080031a0                usart_stop.12172
 .text.spiUnselect
                0x00000000080031f0       0x20 /tmp/cceo0tYg.ltrans3.ltrans.o
                0x00000000080031f0                spiUnselect
 .text.spiSelect
                0x0000000008003210       0x20 /tmp/cceo0tYg.ltrans3.ltrans.o
                0x0000000008003210                spiSelect
 .text._pal_lld_setgroupmode
                0x0000000008003230       0xd0 /tmp/cceo0tYg.ltrans3.ltrans.o
                0x0000000008003230                _pal_lld_setgroupmode
 .text.dmaStreamRelease
                0x0000000008003300       0x70 /tmp/cceo0tYg.ltrans3.ltrans.o
                0x0000000008003300                dmaStreamRelease
 .text.spiStop  0x0000000008003370       0x60 /tmp/cceo0tYg.ltrans3.ltrans.o
                0x0000000008003370                spiStop
 .text.dmaStreamAllocate
                0x00000000080033d0       0xc0 /tmp/cceo0tYg.ltrans3.ltrans.o
                0x00000000080033d0                dmaStreamAllocate
 .text.spiStart
                0x0000000008003490       0xe0 /tmp/cceo0tYg.ltrans3.ltrans.o
                0x0000000008003490                spiStart
 .text.chSchDoRescheduleAhead
                0x0000000008003570       0x40 /tmp/cceo0tYg.ltrans3.ltrans.o
                0x0000000008003570                chSchDoRescheduleAhead
 .text.chSchRescheduleS
                0x00000000080035b0       0x20 /tmp/cceo0tYg.ltrans3.ltrans.o
                0x00000000080035b0                chSchRescheduleS
 .text.chSchGoSleepS
                0x00000000080035d0       0x30 /tmp/cceo0tYg.ltrans3.ltrans.o
                0x00000000080035d0                chSchGoSleepS
 .text.chThdSuspendS
                0x0000000008003600       0x30 /tmp/cceo0tYg.ltrans3.ltrans.o
                0x0000000008003600                chThdSuspendS
 .text._port_irq_epilogue
                0x0000000008003630       0x70 /tmp/cceo0tYg.ltrans3.ltrans.o
                0x0000000008003630                _port_irq_epilogue
 .text.Vector158
                0x00000000080036a0       0x30 /tmp/cceo0tYg.ltrans3.ltrans.o
                0x00000000080036a0                Vector158
 .text.Vector154
                0x00000000080036d0       0x30 /tmp/cceo0tYg.ltrans3.ltrans.o
                0x00000000080036d0                Vector154
 .text.Vector150
                0x0000000008003700       0x30 /tmp/cceo0tYg.ltrans3.ltrans.o
                0x0000000008003700                Vector150
 .text.Vector130
                0x0000000008003730       0x30 /tmp/cceo0tYg.ltrans3.ltrans.o
                0x0000000008003730                Vector130
 .text.Vector12C
                0x0000000008003760       0x30 /tmp/cceo0tYg.ltrans3.ltrans.o
                0x0000000008003760                Vector12C
 .text.Vector128
                0x0000000008003790       0x30 /tmp/cceo0tYg.ltrans3.ltrans.o
                0x0000000008003790                Vector128
 .text.Vector124
                0x00000000080037c0       0x30 /tmp/cceo0tYg.ltrans3.ltrans.o
                0x00000000080037c0                Vector124
 .text.Vector120
                0x00000000080037f0       0x30 /tmp/cceo0tYg.ltrans3.ltrans.o
                0x00000000080037f0                Vector120
 .text.VectorFC
                0x0000000008003820       0x30 /tmp/cceo0tYg.ltrans3.ltrans.o
                0x0000000008003820                VectorFC
 .text.Vector84
                0x0000000008003850       0x30 /tmp/cceo0tYg.ltrans3.ltrans.o
                0x0000000008003850                Vector84
 .text.Vector80
                0x0000000008003880       0x30 /tmp/cceo0tYg.ltrans3.ltrans.o
                0x0000000008003880                Vector80
 .text.Vector7C
                0x00000000080038b0       0x30 /tmp/cceo0tYg.ltrans3.ltrans.o
                0x00000000080038b0                Vector7C
 .text.Vector78
                0x00000000080038e0       0x30 /tmp/cceo0tYg.ltrans3.ltrans.o
                0x00000000080038e0                Vector78
 .text.Vector74
                0x0000000008003910       0x30 /tmp/cceo0tYg.ltrans3.ltrans.o
                0x0000000008003910                Vector74
 .text.Vector70
                0x0000000008003940       0x30 /tmp/cceo0tYg.ltrans3.ltrans.o
                0x0000000008003940                Vector70
 .text.Vector6C
                0x0000000008003970       0x30 /tmp/cceo0tYg.ltrans3.ltrans.o
                0x0000000008003970                Vector6C
 .text.chSchReadyI
                0x00000000080039a0       0x30 /tmp/cceo0tYg.ltrans3.ltrans.o
                0x00000000080039a0                chSchReadyI
 .text.chEvtBroadcastFlagsI
                0x00000000080039d0       0x60 /tmp/cceo0tYg.ltrans3.ltrans.o
                0x00000000080039d0                chEvtBroadcastFlagsI
 .text.chMtxLockS
                0x0000000008003a30       0xd0 /tmp/cceo0tYg.ltrans3.ltrans.o
                0x0000000008003a30                chMtxLockS
 .text.chThdResumeI
                0x0000000008003b00       0x20 /tmp/cceo0tYg.ltrans3.ltrans.o
                0x0000000008003b00                chThdResumeI
 .text.i2c_lld_serve_error_interrupt.11412.4283
                0x0000000008003b20       0xb0 /tmp/cceo0tYg.ltrans3.ltrans.o
 .text.Vector164
                0x0000000008003bd0       0x30 /tmp/cceo0tYg.ltrans3.ltrans.o
                0x0000000008003bd0                Vector164
 .text.VectorC0
                0x0000000008003c00       0x30 /tmp/cceo0tYg.ltrans3.ltrans.o
                0x0000000008003c00                VectorC0
 .text.i2c_lld_serve_event_interrupt.11409.4326
                0x0000000008003c30      0x100 /tmp/cceo0tYg.ltrans3.ltrans.o
 .text.Vector160
                0x0000000008003d30       0x20 /tmp/cceo0tYg.ltrans3.ltrans.o
                0x0000000008003d30                Vector160
 .text.VectorBC
                0x0000000008003d50       0x20 /tmp/cceo0tYg.ltrans3.ltrans.o
                0x0000000008003d50                VectorBC
 .text.chTMStopMeasurementX
                0x0000000008003d70       0x50 /tmp/cceo0tYg.ltrans3.ltrans.o
                0x0000000008003d70                chTMStopMeasurementX
 .text._unhandled_exception.4509
                0x0000000008003dc0       0x10 /tmp/cceo0tYg.ltrans3.ltrans.o
                0x0000000008003dc0                Vector58
                0x0000000008003dc0                VectorE8
                0x0000000008003dc0                Vector9C
                0x0000000008003dc0                VectorAC
                0x0000000008003dc0                DebugMon_Handler
                0x0000000008003dc0                Vector1A0
                0x0000000008003dc0                Vector5C
                0x0000000008003dc0                Vector11C
                0x0000000008003dc0                HardFault_Handler
                0x0000000008003dc0                Vector1B8
                0x0000000008003dc0                Vector19C
                0x0000000008003dc0                Vector8C
                0x0000000008003dc0                SysTick_Handler
                0x0000000008003dc0                VectorDC
                0x0000000008003dc0                PendSV_Handler
                0x0000000008003dc0                Vector168
                0x0000000008003dc0                NMI_Handler
                0x0000000008003dc0                Vector110
                0x0000000008003dc0                VectorC8
                0x0000000008003dc0                Vector94
                0x0000000008003dc0                VectorA8
                0x0000000008003dc0                VectorB4
                0x0000000008003dc0                Vector1B0
                0x0000000008003dc0                UsageFault_Handler
                0x0000000008003dc0                VectorEC
                0x0000000008003dc0                Vector40
                0x0000000008003dc0                VectorF8
                0x0000000008003dc0                Vector108
                0x0000000008003dc0                Vector190
                0x0000000008003dc0                Vector148
                0x0000000008003dc0                Vector188
                0x0000000008003dc0                Vector198
                0x0000000008003dc0                Vector118
                0x0000000008003dc0                Vector64
                0x0000000008003dc0                VectorCC
                0x0000000008003dc0                Vector54
                0x0000000008003dc0                Vector98
                0x0000000008003dc0                Vector138
                0x0000000008003dc0                Vector24
                0x0000000008003dc0                Vector1AC
                0x0000000008003dc0                Vector178
                0x0000000008003dc0                Vector1A4
                0x0000000008003dc0                VectorD0
                0x0000000008003dc0                Vector1B4
                0x0000000008003dc0                Vector140
                0x0000000008003dc0                VectorE4
                0x0000000008003dc0                Vector134
                0x0000000008003dc0                VectorF0
                0x0000000008003dc0                Vector13C
                0x0000000008003dc0                Vector100
                0x0000000008003dc0                VectorE0
                0x0000000008003dc0                VectorF4
                0x0000000008003dc0                MemManage_Handler
                0x0000000008003dc0                VectorA0
                0x0000000008003dc0                VectorC4
                0x0000000008003dc0                Vector180
                0x0000000008003dc0                Vector90
                0x0000000008003dc0                Vector114
                0x0000000008003dc0                Vector60
                0x0000000008003dc0                Vector1C
                0x0000000008003dc0                Vector1BC
                0x0000000008003dc0                Vector17C
                0x0000000008003dc0                Vector48
                0x0000000008003dc0                Vector1A8
                0x0000000008003dc0                Vector16C
                0x0000000008003dc0                Vector4C
                0x0000000008003dc0                Vector144
                0x0000000008003dc0                Vector68
                0x0000000008003dc0                Vector170
                0x0000000008003dc0                Vector104
                0x0000000008003dc0                Vector184
                0x0000000008003dc0                Vector10C
                0x0000000008003dc0                Vector14C
                0x0000000008003dc0                BusFault_Handler
                0x0000000008003dc0                Vector50
                0x0000000008003dc0                Vector194
                0x0000000008003dc0                Vector44
                0x0000000008003dc0                Vector28
                0x0000000008003dc0                VectorB8
                0x0000000008003dc0                Vector34
                0x0000000008003dc0                VectorA4
                0x0000000008003dc0                Vector20
                0x0000000008003dc0                Vector18C
                0x0000000008003dc0                Vector174
 .text.serve_interrupt.12021.4025
                0x0000000008003dd0      0x1a0 /tmp/cceo0tYg.ltrans4.ltrans.o
 .text.Vector15C
                0x0000000008003f70       0x20 /tmp/cceo0tYg.ltrans4.ltrans.o
                0x0000000008003f70                Vector15C
 .text.VectorD8
                0x0000000008003f90       0x20 /tmp/cceo0tYg.ltrans4.ltrans.o
                0x0000000008003f90                VectorD8
 .text.check_fs.12822.4366
                0x0000000008003fb0       0xa0 /tmp/cceo0tYg.ltrans4.ltrans.o
 .text.mmcConnect
                0x0000000008004050      0x160 /tmp/cceo0tYg.ltrans4.ltrans.o
                0x0000000008004050                mmcConnect
 .text.f_mount  0x00000000080041b0      0x360 /tmp/cceo0tYg.ltrans4.ltrans.o
                0x00000000080041b0                f_mount
 .text.strcpy   0x0000000008004510       0xbc /usr/bin/../lib/gcc/arm-none-eabi/4.8.4/../../../../arm-none-eabi/lib/armv7e-m/fpu/libc.a(lib_a-strcpy.o)
                0x0000000008004510                strcpy
 *fill*         0x00000000080045cc        0x4 
 .text.strlen   0x00000000080045d0       0x60 /usr/bin/../lib/gcc/arm-none-eabi/4.8.4/../../../../arm-none-eabi/lib/armv7e-m/fpu/libc.a(lib_a-strlen.o)
                0x00000000080045d0                strlen
 .text.strncmp  0x0000000008004630       0xb4 /usr/bin/../lib/gcc/arm-none-eabi/4.8.4/../../../../arm-none-eabi/lib/armv7e-m/fpu/libc.a(lib_a-strncmp.o)
                0x0000000008004630                strncmp
 *(.rodata)
 *(.rodata.*)
 *fill*         0x00000000080046e4        0xc 
 .rodata.stop.7733.10004
                0x00000000080046f0        0x4 /tmp/cceo0tYg.ltrans0.ltrans.o
                0x00000000080046f0                stop.7733.10004
 *fill*         0x00000000080046f4        0xc 
 .rodata._stm32_dma_streams
                0x0000000008004700       0xc0 /tmp/cceo0tYg.ltrans0.ltrans.o
 .rodata.str1.4
                0x00000000080047c0      0x13a /tmp/cceo0tYg.ltrans0.ltrans.o
                                        0x140 (size before relaxing)
 *fill*         0x00000000080048fa        0x6 
 .rodata.ch_debug
                0x0000000008004900       0x18 /tmp/cceo0tYg.ltrans0.ltrans.o
 *fill*         0x0000000008004918        0x8 
 .rodata.mmc_vmt.10007.5094
                0x0000000008004920       0x20 /tmp/cceo0tYg.ltrans0.ltrans.o
 .rodata.pow10.13100.4767
                0x0000000008004940       0x24 /tmp/cceo0tYg.ltrans1.ltrans.o
 *fill*         0x0000000008004964        0xc 
 .rodata.str1.4
                0x0000000008004970       0x14 /tmp/cceo0tYg.ltrans1.ltrans.o
 *fill*         0x0000000008004984        0xc 
 .rodata.stopcmd.7716.10003.4760
                0x0000000008004990        0x8 /tmp/cceo0tYg.ltrans1.ltrans.o
 *fill*         0x0000000008004998        0x8 
 .rodata.crc7_lookup_table.10006.4707
                0x00000000080049a0      0x100 /tmp/cceo0tYg.ltrans2.ltrans.o
 .rodata.vmt.10284
                0x0000000008004aa0       0x20 /tmp/cceo0tYg.ltrans2.ltrans.o
                0x0000000008004aa0                vmt.10284
 .rodata.str1.4
                0x0000000008004ac0        0xc /tmp/cceo0tYg.ltrans2.ltrans.o
                                         0x18 (size before relaxing)
 *fill*         0x0000000008004acc        0x4 
 .rodata.start.7727.10005.4706
                0x0000000008004ad0        0x4 /tmp/cceo0tYg.ltrans2.ltrans.o
 *fill*         0x0000000008004ad4        0xc 
 .rodata.str1.4
                0x0000000008004ae0        0x8 /tmp/cceo0tYg.ltrans3.ltrans.o
 *(.glue_7t)
 .glue_7t       0x0000000000000000        0x0 linker stubs
 *(.glue_7)
 .glue_7        0x0000000000000000        0x0 linker stubs
 *(.gcc*)

.vfp11_veneer   0x0000000008004ae8        0x0
 .vfp11_veneer  0x0000000000000000        0x0 linker stubs

.v4_bx          0x0000000008004ae8        0x0
 .v4_bx         0x0000000000000000        0x0 linker stubs

.iplt           0x0000000008004ae8        0x0
 .iplt          0x0000000000000000        0x0 build/obj/chcoreasm_v7m.o

.rel.dyn        0x0000000008004ae8        0x0
 .rel.iplt      0x0000000000000000        0x0 build/obj/chcoreasm_v7m.o

.ARM.extab
 *(.ARM.extab* .gnu.linkonce.armextab.*)

.ARM.exidx      0x0000000008004ae8        0x0
                0x0000000008004ae8                PROVIDE (__exidx_start, .)
 *(.ARM.exidx* .gnu.linkonce.armexidx.*)
                0x0000000008004ae8                PROVIDE (__exidx_end, .)

.eh_frame_hdr
 *(.eh_frame_hdr)

.eh_frame
 *(.eh_frame)

.textalign      0x0000000008004ae8        0x0
                0x0000000008004ae8                . = ALIGN (0x8)
                0x0000000008004ae8                . = ALIGN (0x4)
                0x0000000008004ae8                _etext = .
                0x0000000008004ae8                _textdata = _etext

.stacks         0x0000000020000000      0x800
                0x0000000020000000                . = ALIGN (0x8)
                0x0000000020000000                __main_stack_base__ = .
                0x0000000020000400                . = (. + __main_stack_size__)
 *fill*         0x0000000020000000      0x400 
                0x0000000020000400                . = ALIGN (0x8)
                0x0000000020000400                __main_stack_end__ = .
                0x0000000020000400                __process_stack_base__ = .
                0x0000000020000400                __main_thread_stack_base__ = .
                0x0000000020000800                . = (. + __process_stack_size__)
 *fill*         0x0000000020000400      0x400 
                0x0000000020000800                . = ALIGN (0x8)
                0x0000000020000800                __process_stack_end__ = .
                0x0000000020000800                __main_thread_stack_end__ = .

.data           0x0000000020000800       0x50 load address 0x0000000008004ae8
                0x0000000020000800                . = ALIGN (0x4)
                0x0000000020000800                PROVIDE (_data, .)
 *(.data)
 *(.data.*)
 .data.serCfg.16695.5023
                0x0000000020000800        0xc /tmp/cceo0tYg.ltrans0.ltrans.o
 .data.mmcCfg.15904.5019
                0x000000002000080c        0xc /tmp/cceo0tYg.ltrans0.ltrans.o
 .data.serGpsCfg.15552.5025
                0x0000000020000818       0x20 /tmp/cceo0tYg.ltrans0.ltrans.o
 .data.lsCfg.15906.5021
                0x0000000020000838        0xc /tmp/cceo0tYg.ltrans0.ltrans.o
 .data.hsCfg.15907.5022
                0x0000000020000844        0xc /tmp/cceo0tYg.ltrans0.ltrans.o
 *(.ramtext)
                0x0000000020000850                . = ALIGN (0x4)
                0x0000000020000850                PROVIDE (_edata, .)

.igot.plt       0x0000000020000850        0x0 load address 0x0000000008004b38
 .igot.plt      0x0000000000000000        0x0 build/obj/chcoreasm_v7m.o

.bss            0x0000000020000850     0x16b4
                0x0000000020000850                . = ALIGN (0x4)
                0x0000000020000850                PROVIDE (_bss_start, .)
 *(.bss)
 *(.bss.*)
 .bss.mainthread.6320.4386.5026
                0x0000000020000850       0x44 /tmp/cceo0tYg.ltrans0.ltrans.o
 .bss.nextmem.6820
                0x0000000020000894        0x4 /tmp/cceo0tYg.ltrans0.ltrans.o
                0x0000000020000894                nextmem.6820
 .bss.DEBUG.16283.5012
                0x0000000020000898        0x4 /tmp/cceo0tYg.ltrans0.ltrans.o
 .bss.GPS.15553
                0x000000002000089c      0x140 /tmp/cceo0tYg.ltrans0.ltrans.o
                0x000000002000089c                GPS.15553
 .bss.SPID2     0x00000000200009dc       0x30 /tmp/cceo0tYg.ltrans0.ltrans.o
                0x00000000200009dc                SPID2
 .bss.SD2       0x0000000020000a0c      0x458 /tmp/cceo0tYg.ltrans0.ltrans.o
                0x0000000020000a0c                SD2
 .bss.SD.15909.5011
                0x0000000020000e64        0x4 /tmp/cceo0tYg.ltrans0.ltrans.o
 .bss.logger.16689.5015
                0x0000000020000e68       0x10 /tmp/cceo0tYg.ltrans0.ltrans.o
 .bss.SD6       0x0000000020000e78      0x458 /tmp/cceo0tYg.ltrans0.ltrans.o
                0x0000000020000e78                SD6
 .bss.endmem.6822
                0x00000000200012d0        0x4 /tmp/cceo0tYg.ltrans0.ltrans.o
                0x00000000200012d0                endmem.6822
 *fill*         0x00000000200012d4        0x4 
 .bss.default_heap.6947.5138
                0x00000000200012d8       0x20 /tmp/cceo0tYg.ltrans0.ltrans.o
 .bss.FS.15903.5093
                0x00000000200012f8      0x230 /tmp/cceo0tYg.ltrans0.ltrans.o
 .bss.ch        0x0000000020001528       0x34 /tmp/cceo0tYg.ltrans0.ltrans.o
                0x0000000020001528                ch
 *fill*         0x000000002000155c        0x4 
 .bss._idle_thread_wa.4385.5137
                0x0000000020001560      0x160 /tmp/cceo0tYg.ltrans0.ltrans.o
 .bss.waGps.16697.5091
                0x00000000200016c0      0x658 /tmp/cceo0tYg.ltrans0.ltrans.o
 .bss.sd.16690.5016
                0x0000000020001d18       0x10 /tmp/cceo0tYg.ltrans0.ltrans.o
 .bss.dma_isr_redir.10833
                0x0000000020001d28       0x80 /tmp/cceo0tYg.ltrans0.ltrans.o
                0x0000000020001d28                dma_isr_redir.10833
 .bss.dma_streams_mask.10838
                0x0000000020001da8        0x4 /tmp/cceo0tYg.ltrans0.ltrans.o
                0x0000000020001da8                dma_streams_mask.10838
 .bss.serialPort.15908.5010
                0x0000000020001dac        0x4 /tmp/cceo0tYg.ltrans0.ltrans.o
 .bss.SPID3     0x0000000020001db0       0x30 /tmp/cceo0tYg.ltrans0.ltrans.o
                0x0000000020001db0                SPID3
 .bss.ADCD1     0x0000000020001de0       0x34 /tmp/cceo0tYg.ltrans0.ltrans.o
                0x0000000020001de0                ADCD1
 .bss.dummytx.11758
                0x0000000020001e14        0x2 /tmp/cceo0tYg.ltrans0.ltrans.o
                0x0000000020001e14                dummytx.11758
 *fill*         0x0000000020001e16        0x2 
 .bss.MMCD1     0x0000000020001e18       0x34 /tmp/cceo0tYg.ltrans0.ltrans.o
                0x0000000020001e18                MMCD1
 .bss.I2CD1     0x0000000020001e4c       0x38 /tmp/cceo0tYg.ltrans0.ltrans.o
                0x0000000020001e4c                I2CD1
 .bss.I2CD3     0x0000000020001e84       0x38 /tmp/cceo0tYg.ltrans0.ltrans.o
                0x0000000020001e84                I2CD3
 .bss.UARTD1    0x0000000020001ebc       0x1c /tmp/cceo0tYg.ltrans0.ltrans.o
                0x0000000020001ebc                UARTD1
 .bss.dummyrx.11760.4764
                0x0000000020001ed8        0x2 /tmp/cceo0tYg.ltrans1.ltrans.o
 *fill*         0x0000000020001eda        0x2 
 .bss.tokBuf.15554
                0x0000000020001edc       0x14 /tmp/cceo0tYg.ltrans2.ltrans.o
                0x0000000020001edc                tokBuf.15554
 .bss.gpsSem    0x0000000020001ef0        0xc /tmp/cceo0tYg.ltrans2.ltrans.o
                0x0000000020001ef0                gpsSem
 .bss.Fsid.13003.4429
                0x0000000020001efc        0x2 /tmp/cceo0tYg.ltrans4.ltrans.o
 *fill*         0x0000000020001efe        0x2 
 .bss.FatFs.13002.4428
                0x0000000020001f00        0x4 /tmp/cceo0tYg.ltrans4.ltrans.o
 *(COMMON)
                0x0000000020001f04                . = ALIGN (0x4)
                0x0000000020001f04                PROVIDE (_bss_end, .)
                0x0000000020001f04                PROVIDE (end, .)
                0x0000000020001f04                _end = .
                0x0000000020001f04                __heap_base__ = _end
                0x0000000020018000                __heap_end__ = __ram_end__
                0x0000000000000400                __process_stack_size__ = 0x400
                0x0000000000000400                __main_stack_size__ = 0x400
START GROUP
LOAD /usr/bin/../lib/gcc/arm-none-eabi/4.8.4/armv7e-m/fpu/libgcc.a
LOAD /usr/bin/../lib/gcc/arm-none-eabi/4.8.4/../../../../arm-none-eabi/lib/armv7e-m/fpu/libc.a
END GROUP
OUTPUT(build/aoss584Lab.elf elf32-littlearm)

.ARM.attributes
                0x0000000000000000       0x35
 .ARM.attributes
                0x0000000000000000       0x25 build/obj/chcoreasm_v7m.o
 .ARM.attributes
                0x0000000000000025       0x37 /tmp/cceo0tYg.ltrans0.ltrans.o
 .ARM.attributes
                0x000000000000005c       0x37 /tmp/cceo0tYg.ltrans1.ltrans.o
 .ARM.attributes
                0x0000000000000093       0x37 /tmp/cceo0tYg.ltrans2.ltrans.o
 .ARM.attributes
                0x00000000000000ca       0x37 /tmp/cceo0tYg.ltrans3.ltrans.o
 .ARM.attributes
                0x0000000000000101       0x37 /tmp/cceo0tYg.ltrans4.ltrans.o
 .ARM.attributes
                0x0000000000000138       0x22 /usr/bin/../lib/gcc/arm-none-eabi/4.8.4/armv7e-m/fpu/libgcc.a(_arm_addsubdf3.o)
 .ARM.attributes
                0x000000000000015a       0x22 /usr/bin/../lib/gcc/arm-none-eabi/4.8.4/armv7e-m/fpu/libgcc.a(_arm_muldivdf3.o)
 .ARM.attributes
                0x000000000000017c       0x22 /usr/bin/../lib/gcc/arm-none-eabi/4.8.4/armv7e-m/fpu/libgcc.a(_arm_fixdfsi.o)
 .ARM.attributes
                0x000000000000019e       0x22 /usr/bin/../lib/gcc/arm-none-eabi/4.8.4/armv7e-m/fpu/libgcc.a(_arm_truncdfsf2.o)
 .ARM.attributes
                0x00000000000001c0       0x34 /usr/bin/../lib/gcc/arm-none-eabi/4.8.4/../../../../arm-none-eabi/lib/armv7e-m/fpu/libc.a(lib_a-strcpy.o)
 .ARM.attributes
                0x00000000000001f4       0x34 /usr/bin/../lib/gcc/arm-none-eabi/4.8.4/../../../../arm-none-eabi/lib/armv7e-m/fpu/libc.a(lib_a-strlen.o)
 .ARM.attributes
                0x0000000000000228       0x34 /usr/bin/../lib/gcc/arm-none-eabi/4.8.4/../../../../arm-none-eabi/lib/armv7e-m/fpu/libc.a(lib_a-strncmp.o)

.comment        0x0000000000000000       0x70
 .comment       0x0000000000000000       0x70 /tmp/cceo0tYg.ltrans0.ltrans.o
                                         0x71 (size before relaxing)
 .comment       0x0000000000000000       0x71 /tmp/cceo0tYg.ltrans1.ltrans.o
 .comment       0x0000000000000000       0x71 /tmp/cceo0tYg.ltrans2.ltrans.o
 .comment       0x0000000000000000       0x71 /tmp/cceo0tYg.ltrans3.ltrans.o
 .comment       0x0000000000000000       0x71 /tmp/cceo0tYg.ltrans4.ltrans.o

.debug_frame    0x0000000000000000       0x68
 .debug_frame   0x0000000000000000       0x20 /usr/bin/../lib/gcc/arm-none-eabi/4.8.4/../../../../arm-none-eabi/lib/armv7e-m/fpu/libc.a(lib_a-strcpy.o)
 .debug_frame   0x0000000000000020       0x20 /usr/bin/../lib/gcc/arm-none-eabi/4.8.4/../../../../arm-none-eabi/lib/armv7e-m/fpu/libc.a(lib_a-strlen.o)
 .debug_frame   0x0000000000000040       0x28 /usr/bin/../lib/gcc/arm-none-eabi/4.8.4/../../../../arm-none-eabi/lib/armv7e-m/fpu/libc.a(lib_a-strncmp.o)

Cross Reference Table

Symbol                                            File
ADCD1                                             /tmp/cceo0tYg.ltrans0.ltrans.o
                                                  /tmp/cceo0tYg.ltrans1.ltrans.o
BusFault_Handler                                  /tmp/cceo0tYg.ltrans3.ltrans.o
                                                  /tmp/cceo0tYg.ltrans0.ltrans.o
DebugMon_Handler                                  /tmp/cceo0tYg.ltrans3.ltrans.o
                                                  /tmp/cceo0tYg.ltrans0.ltrans.o
GPS.15553                                         /tmp/cceo0tYg.ltrans0.ltrans.o
                                                  /tmp/cceo0tYg.ltrans2.ltrans.o
                                                  /tmp/cceo0tYg.ltrans1.ltrans.o
HardFault_Handler                                 /tmp/cceo0tYg.ltrans3.ltrans.o
                                                  /tmp/cceo0tYg.ltrans0.ltrans.o
I2CD1                                             /tmp/cceo0tYg.ltrans0.ltrans.o
                                                  /tmp/cceo0tYg.ltrans3.ltrans.o
I2CD3                                             /tmp/cceo0tYg.ltrans0.ltrans.o
                                                  /tmp/cceo0tYg.ltrans3.ltrans.o
MMCD1                                             /tmp/cceo0tYg.ltrans0.ltrans.o
                                                  /tmp/cceo0tYg.ltrans4.ltrans.o
                                                  /tmp/cceo0tYg.ltrans2.ltrans.o
MemManage_Handler                                 /tmp/cceo0tYg.ltrans3.ltrans.o
                                                  /tmp/cceo0tYg.ltrans0.ltrans.o
NMI_Handler                                       /tmp/cceo0tYg.ltrans3.ltrans.o
                                                  /tmp/cceo0tYg.ltrans0.ltrans.o
PendSV_Handler                                    /tmp/cceo0tYg.ltrans3.ltrans.o
                                                  /tmp/cceo0tYg.ltrans0.ltrans.o
Reset_Handler                                     /tmp/cceo0tYg.ltrans0.ltrans.o
SD2                                               /tmp/cceo0tYg.ltrans0.ltrans.o
                                                  /tmp/cceo0tYg.ltrans4.ltrans.o
SD6                                               /tmp/cceo0tYg.ltrans0.ltrans.o
                                                  /tmp/cceo0tYg.ltrans4.ltrans.o
                                                  /tmp/cceo0tYg.ltrans1.ltrans.o
SPID2                                             /tmp/cceo0tYg.ltrans0.ltrans.o
                                                  /tmp/cceo0tYg.ltrans3.ltrans.o
SPID3                                             /tmp/cceo0tYg.ltrans0.ltrans.o
                                                  /tmp/cceo0tYg.ltrans3.ltrans.o
SVC_Handler                                       /tmp/cceo0tYg.ltrans3.ltrans.o
                                                  /tmp/cceo0tYg.ltrans0.ltrans.o
SysTick_Handler                                   /tmp/cceo0tYg.ltrans3.ltrans.o
                                                  /tmp/cceo0tYg.ltrans0.ltrans.o
UARTD1                                            /tmp/cceo0tYg.ltrans0.ltrans.o
                                                  /tmp/cceo0tYg.ltrans2.ltrans.o
                                                  /tmp/cceo0tYg.ltrans1.ltrans.o
UsageFault_Handler                                /tmp/cceo0tYg.ltrans3.ltrans.o
                                                  /tmp/cceo0tYg.ltrans0.ltrans.o
Vector100                                         /tmp/cceo0tYg.ltrans3.ltrans.o
                                                  /tmp/cceo0tYg.ltrans0.ltrans.o
Vector104                                         /tmp/cceo0tYg.ltrans3.ltrans.o
                                                  /tmp/cceo0tYg.ltrans0.ltrans.o
Vector108                                         /tmp/cceo0tYg.ltrans3.ltrans.o
                                                  /tmp/cceo0tYg.ltrans0.ltrans.o
Vector10C                                         /tmp/cceo0tYg.ltrans3.ltrans.o
                                                  /tmp/cceo0tYg.ltrans0.ltrans.o
Vector110                                         /tmp/cceo0tYg.ltrans3.ltrans.o
                                                  /tmp/cceo0tYg.ltrans0.ltrans.o
Vector114                                         /tmp/cceo0tYg.ltrans3.ltrans.o
                                                  /tmp/cceo0tYg.ltrans0.ltrans.o
Vector118                                         /tmp/cceo0tYg.ltrans3.ltrans.o
                                                  /tmp/cceo0tYg.ltrans0.ltrans.o
Vector11C                                         /tmp/cceo0tYg.ltrans3.ltrans.o
                                                  /tmp/cceo0tYg.ltrans0.ltrans.o
Vector120                                         /tmp/cceo0tYg.ltrans3.ltrans.o
                                                  /tmp/cceo0tYg.ltrans0.ltrans.o
Vector124                                         /tmp/cceo0tYg.ltrans3.ltrans.o
                                                  /tmp/cceo0tYg.ltrans0.ltrans.o
Vector128                                         /tmp/cceo0tYg.ltrans3.ltrans.o
                                                  /tmp/cceo0tYg.ltrans0.ltrans.o
Vector12C                                         /tmp/cceo0tYg.ltrans3.ltrans.o
                                                  /tmp/cceo0tYg.ltrans0.ltrans.o
Vector130                                         /tmp/cceo0tYg.ltrans3.ltrans.o
                                                  /tmp/cceo0tYg.ltrans0.ltrans.o
Vector134                                         /tmp/cceo0tYg.ltrans3.ltrans.o
                                                  /tmp/cceo0tYg.ltrans0.ltrans.o
Vector138                                         /tmp/cceo0tYg.ltrans3.ltrans.o
                                                  /tmp/cceo0tYg.ltrans0.ltrans.o
Vector13C                                         /tmp/cceo0tYg.ltrans3.ltrans.o
                                                  /tmp/cceo0tYg.ltrans0.ltrans.o
Vector140                                         /tmp/cceo0tYg.ltrans3.ltrans.o
                                                  /tmp/cceo0tYg.ltrans0.ltrans.o
Vector144                                         /tmp/cceo0tYg.ltrans3.ltrans.o
                                                  /tmp/cceo0tYg.ltrans0.ltrans.o
Vector148                                         /tmp/cceo0tYg.ltrans3.ltrans.o
                                                  /tmp/cceo0tYg.ltrans0.ltrans.o
Vector14C                                         /tmp/cceo0tYg.ltrans3.ltrans.o
                                                  /tmp/cceo0tYg.ltrans0.ltrans.o
Vector150                                         /tmp/cceo0tYg.ltrans3.ltrans.o
                                                  /tmp/cceo0tYg.ltrans0.ltrans.o
Vector154                                         /tmp/cceo0tYg.ltrans3.ltrans.o
                                                  /tmp/cceo0tYg.ltrans0.ltrans.o
Vector158                                         /tmp/cceo0tYg.ltrans3.ltrans.o
                                                  /tmp/cceo0tYg.ltrans0.ltrans.o
Vector15C                                         /tmp/cceo0tYg.ltrans4.ltrans.o
                                                  /tmp/cceo0tYg.ltrans0.ltrans.o
Vector160                                         /tmp/cceo0tYg.ltrans3.ltrans.o
                                                  /tmp/cceo0tYg.ltrans0.ltrans.o
Vector164                                         /tmp/cceo0tYg.ltrans3.ltrans.o
                                                  /tmp/cceo0tYg.ltrans0.ltrans.o
Vector168                                         /tmp/cceo0tYg.ltrans3.ltrans.o
                                                  /tmp/cceo0tYg.ltrans0.ltrans.o
Vector16C                                         /tmp/cceo0tYg.ltrans3.ltrans.o
                                                  /tmp/cceo0tYg.ltrans0.ltrans.o
Vector170                                         /tmp/cceo0tYg.ltrans3.ltrans.o
                                                  /tmp/cceo0tYg.ltrans0.ltrans.o
Vector174                                         /tmp/cceo0tYg.ltrans3.ltrans.o
                                                  /tmp/cceo0tYg.ltrans0.ltrans.o
Vector178                                         /tmp/cceo0tYg.ltrans3.ltrans.o
                                                  /tmp/cceo0tYg.ltrans0.ltrans.o
Vector17C                                         /tmp/cceo0tYg.ltrans3.ltrans.o
                                                  /tmp/cceo0tYg.ltrans0.ltrans.o
Vector180                                         /tmp/cceo0tYg.ltrans3.ltrans.o
                                                  /tmp/cceo0tYg.ltrans0.ltrans.o
Vector184                                         /tmp/cceo0tYg.ltrans3.ltrans.o
                                                  /tmp/cceo0tYg.ltrans0.ltrans.o
Vector188                                         /tmp/cceo0tYg.ltrans3.ltrans.o
                                                  /tmp/cceo0tYg.ltrans0.ltrans.o
Vector18C                                         /tmp/cceo0tYg.ltrans3.ltrans.o
                                                  /tmp/cceo0tYg.ltrans0.ltrans.o
Vector190                                         /tmp/cceo0tYg.ltrans3.ltrans.o
                                                  /tmp/cceo0tYg.ltrans0.ltrans.o
Vector194                                         /tmp/cceo0tYg.ltrans3.ltrans.o
                                                  /tmp/cceo0tYg.ltrans0.ltrans.o
Vector198                                         /tmp/cceo0tYg.ltrans3.ltrans.o
                                                  /tmp/cceo0tYg.ltrans0.ltrans.o
Vector19C                                         /tmp/cceo0tYg.ltrans3.ltrans.o
                                                  /tmp/cceo0tYg.ltrans0.ltrans.o
Vector1A0                                         /tmp/cceo0tYg.ltrans3.ltrans.o
                                                  /tmp/cceo0tYg.ltrans0.ltrans.o
Vector1A4                                         /tmp/cceo0tYg.ltrans3.ltrans.o
                                                  /tmp/cceo0tYg.ltrans0.ltrans.o
Vector1A8                                         /tmp/cceo0tYg.ltrans3.ltrans.o
                                                  /tmp/cceo0tYg.ltrans0.ltrans.o
Vector1AC                                         /tmp/cceo0tYg.ltrans3.ltrans.o
                                                  /tmp/cceo0tYg.ltrans0.ltrans.o
Vector1B0                                         /tmp/cceo0tYg.ltrans3.ltrans.o
                                                  /tmp/cceo0tYg.ltrans0.ltrans.o
Vector1B4                                         /tmp/cceo0tYg.ltrans3.ltrans.o
                                                  /tmp/cceo0tYg.ltrans0.ltrans.o
Vector1B8                                         /tmp/cceo0tYg.ltrans3.ltrans.o
                                                  /tmp/cceo0tYg.ltrans0.ltrans.o
Vector1BC                                         /tmp/cceo0tYg.ltrans3.ltrans.o
                                                  /tmp/cceo0tYg.ltrans0.ltrans.o
Vector1C                                          /tmp/cceo0tYg.ltrans3.ltrans.o
                                                  /tmp/cceo0tYg.ltrans0.ltrans.o
Vector20                                          /tmp/cceo0tYg.ltrans3.ltrans.o
                                                  /tmp/cceo0tYg.ltrans0.ltrans.o
Vector24                                          /tmp/cceo0tYg.ltrans3.ltrans.o
                                                  /tmp/cceo0tYg.ltrans0.ltrans.o
Vector28                                          /tmp/cceo0tYg.ltrans3.ltrans.o
                                                  /tmp/cceo0tYg.ltrans0.ltrans.o
Vector34                                          /tmp/cceo0tYg.ltrans3.ltrans.o
                                                  /tmp/cceo0tYg.ltrans0.ltrans.o
Vector40                                          /tmp/cceo0tYg.ltrans3.ltrans.o
                                                  /tmp/cceo0tYg.ltrans0.ltrans.o
Vector44                                          /tmp/cceo0tYg.ltrans3.ltrans.o
                                                  /tmp/cceo0tYg.ltrans0.ltrans.o
Vector48                                          /tmp/cceo0tYg.ltrans3.ltrans.o
                                                  /tmp/cceo0tYg.ltrans0.ltrans.o
Vector4C                                          /tmp/cceo0tYg.ltrans3.ltrans.o
                                                  /tmp/cceo0tYg.ltrans0.ltrans.o
Vector50                                          /tmp/cceo0tYg.ltrans3.ltrans.o
                                                  /tmp/cceo0tYg.ltrans0.ltrans.o
Vector54                                          /tmp/cceo0tYg.ltrans3.ltrans.o
                                                  /tmp/cceo0tYg.ltrans0.ltrans.o
Vector58                                          /tmp/cceo0tYg.ltrans3.ltrans.o
                                                  /tmp/cceo0tYg.ltrans0.ltrans.o
Vector5C                                          /tmp/cceo0tYg.ltrans3.ltrans.o
                                                  /tmp/cceo0tYg.ltrans0.ltrans.o
Vector60                                          /tmp/cceo0tYg.ltrans3.ltrans.o
                                                  /tmp/cceo0tYg.ltrans0.ltrans.o
Vector64                                          /tmp/cceo0tYg.ltrans3.ltrans.o
                                                  /tmp/cceo0tYg.ltrans0.ltrans.o
Vector68                                          /tmp/cceo0tYg.ltrans3.ltrans.o
                                                  /tmp/cceo0tYg.ltrans0.ltrans.o
Vector6C                                          /tmp/cceo0tYg.ltrans3.ltrans.o
                                                  /tmp/cceo0tYg.ltrans0.ltrans.o
Vector70                                          /tmp/cceo0tYg.ltrans3.ltrans.o
                                                  /tmp/cceo0tYg.ltrans0.ltrans.o
Vector74                                          /tmp/cceo0tYg.ltrans3.ltrans.o
                                                  /tmp/cceo0tYg.ltrans0.ltrans.o
Vector78                                          /tmp/cceo0tYg.ltrans3.ltrans.o
                                                  /tmp/cceo0tYg.ltrans0.ltrans.o
Vector7C                                          /tmp/cceo0tYg.ltrans3.ltrans.o
                                                  /tmp/cceo0tYg.ltrans0.ltrans.o
Vector80                                          /tmp/cceo0tYg.ltrans3.ltrans.o
                                                  /tmp/cceo0tYg.ltrans0.ltrans.o
Vector84                                          /tmp/cceo0tYg.ltrans3.ltrans.o
                                                  /tmp/cceo0tYg.ltrans0.ltrans.o
Vector88                                          /tmp/cceo0tYg.ltrans1.ltrans.o
                                                  /tmp/cceo0tYg.ltrans0.ltrans.o
Vector8C                                          /tmp/cceo0tYg.ltrans3.ltrans.o
                                                  /tmp/cceo0tYg.ltrans0.ltrans.o
Vector90                                          /tmp/cceo0tYg.ltrans3.ltrans.o
                                                  /tmp/cceo0tYg.ltrans0.ltrans.o
Vector94                                          /tmp/cceo0tYg.ltrans3.ltrans.o
                                                  /tmp/cceo0tYg.ltrans0.ltrans.o
Vector98                                          /tmp/cceo0tYg.ltrans3.ltrans.o
                                                  /tmp/cceo0tYg.ltrans0.ltrans.o
Vector9C                                          /tmp/cceo0tYg.ltrans3.ltrans.o
                                                  /tmp/cceo0tYg.ltrans0.ltrans.o
VectorA0                                          /tmp/cceo0tYg.ltrans3.ltrans.o
                                                  /tmp/cceo0tYg.ltrans0.ltrans.o
VectorA4                                          /tmp/cceo0tYg.ltrans3.ltrans.o
                                                  /tmp/cceo0tYg.ltrans0.ltrans.o
VectorA8                                          /tmp/cceo0tYg.ltrans3.ltrans.o
                                                  /tmp/cceo0tYg.ltrans0.ltrans.o
VectorAC                                          /tmp/cceo0tYg.ltrans3.ltrans.o
                                                  /tmp/cceo0tYg.ltrans0.ltrans.o
VectorB0                                          /tmp/cceo0tYg.ltrans1.ltrans.o
                                                  /tmp/cceo0tYg.ltrans0.ltrans.o
VectorB4                                          /tmp/cceo0tYg.ltrans3.ltrans.o
                                                  /tmp/cceo0tYg.ltrans0.ltrans.o
VectorB8                                          /tmp/cceo0tYg.ltrans3.ltrans.o
                                                  /tmp/cceo0tYg.ltrans0.ltrans.o
VectorBC                                          /tmp/cceo0tYg.ltrans3.ltrans.o
                                                  /tmp/cceo0tYg.ltrans0.ltrans.o
VectorC0                                          /tmp/cceo0tYg.ltrans3.ltrans.o
                                                  /tmp/cceo0tYg.ltrans0.ltrans.o
VectorC4                                          /tmp/cceo0tYg.ltrans3.ltrans.o
                                                  /tmp/cceo0tYg.ltrans0.ltrans.o
VectorC8                                          /tmp/cceo0tYg.ltrans3.ltrans.o
                                                  /tmp/cceo0tYg.ltrans0.ltrans.o
VectorCC                                          /tmp/cceo0tYg.ltrans3.ltrans.o
                                                  /tmp/cceo0tYg.ltrans0.ltrans.o
VectorD0                                          /tmp/cceo0tYg.ltrans3.ltrans.o
                                                  /tmp/cceo0tYg.ltrans0.ltrans.o
VectorD4                                          /tmp/cceo0tYg.ltrans1.ltrans.o
                                                  /tmp/cceo0tYg.ltrans0.ltrans.o
VectorD8                                          /tmp/cceo0tYg.ltrans4.ltrans.o
                                                  /tmp/cceo0tYg.ltrans0.ltrans.o
VectorDC                                          /tmp/cceo0tYg.ltrans3.ltrans.o
                                                  /tmp/cceo0tYg.ltrans0.ltrans.o
VectorE0                                          /tmp/cceo0tYg.ltrans3.ltrans.o
                                                  /tmp/cceo0tYg.ltrans0.ltrans.o
VectorE4                                          /tmp/cceo0tYg.ltrans3.ltrans.o
                                                  /tmp/cceo0tYg.ltrans0.ltrans.o
VectorE8                                          /tmp/cceo0tYg.ltrans3.ltrans.o
                                                  /tmp/cceo0tYg.ltrans0.ltrans.o
VectorEC                                          /tmp/cceo0tYg.ltrans3.ltrans.o
                                                  /tmp/cceo0tYg.ltrans0.ltrans.o
VectorF0                                          /tmp/cceo0tYg.ltrans3.ltrans.o
                                                  /tmp/cceo0tYg.ltrans0.ltrans.o
VectorF4                                          /tmp/cceo0tYg.ltrans3.ltrans.o
                                                  /tmp/cceo0tYg.ltrans0.ltrans.o
VectorF8                                          /tmp/cceo0tYg.ltrans3.ltrans.o
                                                  /tmp/cceo0tYg.ltrans0.ltrans.o
VectorFC                                          /tmp/cceo0tYg.ltrans3.ltrans.o
                                                  /tmp/cceo0tYg.ltrans0.ltrans.o
__adddf3                                          /usr/bin/../lib/gcc/arm-none-eabi/4.8.4/armv7e-m/fpu/libgcc.a(_arm_addsubdf3.o)
__aeabi_d2f                                       /usr/bin/../lib/gcc/arm-none-eabi/4.8.4/armv7e-m/fpu/libgcc.a(_arm_truncdfsf2.o)
                                                  /tmp/cceo0tYg.ltrans1.ltrans.o
__aeabi_d2iz                                      /usr/bin/../lib/gcc/arm-none-eabi/4.8.4/armv7e-m/fpu/libgcc.a(_arm_fixdfsi.o)
                                                  /tmp/cceo0tYg.ltrans1.ltrans.o
__aeabi_dadd                                      /usr/bin/../lib/gcc/arm-none-eabi/4.8.4/armv7e-m/fpu/libgcc.a(_arm_addsubdf3.o)
__aeabi_ddiv                                      /usr/bin/../lib/gcc/arm-none-eabi/4.8.4/armv7e-m/fpu/libgcc.a(_arm_muldivdf3.o)
__aeabi_dmul                                      /usr/bin/../lib/gcc/arm-none-eabi/4.8.4/armv7e-m/fpu/libgcc.a(_arm_muldivdf3.o)
                                                  /tmp/cceo0tYg.ltrans1.ltrans.o
__aeabi_drsub                                     /usr/bin/../lib/gcc/arm-none-eabi/4.8.4/armv7e-m/fpu/libgcc.a(_arm_addsubdf3.o)
__aeabi_dsub                                      /usr/bin/../lib/gcc/arm-none-eabi/4.8.4/armv7e-m/fpu/libgcc.a(_arm_addsubdf3.o)
                                                  /tmp/cceo0tYg.ltrans1.ltrans.o
__aeabi_f2d                                       /usr/bin/../lib/gcc/arm-none-eabi/4.8.4/armv7e-m/fpu/libgcc.a(_arm_addsubdf3.o)
                                                  /tmp/cceo0tYg.ltrans1.ltrans.o
__aeabi_i2d                                       /usr/bin/../lib/gcc/arm-none-eabi/4.8.4/armv7e-m/fpu/libgcc.a(_arm_addsubdf3.o)
                                                  /tmp/cceo0tYg.ltrans1.ltrans.o
__aeabi_l2d                                       /usr/bin/../lib/gcc/arm-none-eabi/4.8.4/armv7e-m/fpu/libgcc.a(_arm_addsubdf3.o)
__aeabi_ui2d                                      /usr/bin/../lib/gcc/arm-none-eabi/4.8.4/armv7e-m/fpu/libgcc.a(_arm_addsubdf3.o)
                                                  /tmp/cceo0tYg.ltrans1.ltrans.o
__aeabi_ul2d                                      /usr/bin/../lib/gcc/arm-none-eabi/4.8.4/armv7e-m/fpu/libgcc.a(_arm_addsubdf3.o)
__divdf3                                          /usr/bin/../lib/gcc/arm-none-eabi/4.8.4/armv7e-m/fpu/libgcc.a(_arm_muldivdf3.o)
__extendsfdf2                                     /usr/bin/../lib/gcc/arm-none-eabi/4.8.4/armv7e-m/fpu/libgcc.a(_arm_addsubdf3.o)
__fixdfsi                                         /usr/bin/../lib/gcc/arm-none-eabi/4.8.4/armv7e-m/fpu/libgcc.a(_arm_fixdfsi.o)
__floatdidf                                       /usr/bin/../lib/gcc/arm-none-eabi/4.8.4/armv7e-m/fpu/libgcc.a(_arm_addsubdf3.o)
__floatsidf                                       /usr/bin/../lib/gcc/arm-none-eabi/4.8.4/armv7e-m/fpu/libgcc.a(_arm_addsubdf3.o)
__floatundidf                                     /usr/bin/../lib/gcc/arm-none-eabi/4.8.4/armv7e-m/fpu/libgcc.a(_arm_addsubdf3.o)
__floatunsidf                                     /usr/bin/../lib/gcc/arm-none-eabi/4.8.4/armv7e-m/fpu/libgcc.a(_arm_addsubdf3.o)
__heap_base__                                     /tmp/cceo0tYg.ltrans0.ltrans.o
__heap_end__                                      /tmp/cceo0tYg.ltrans0.ltrans.o
__init_array_end                                  /tmp/cceo0tYg.ltrans0.ltrans.o
__init_array_start                                /tmp/cceo0tYg.ltrans0.ltrans.o
__main_stack_base__                               /tmp/cceo0tYg.ltrans0.ltrans.o
__main_stack_end__                                /tmp/cceo0tYg.ltrans0.ltrans.o
__muldf3                                          /usr/bin/../lib/gcc/arm-none-eabi/4.8.4/armv7e-m/fpu/libgcc.a(_arm_muldivdf3.o)
__process_stack_base__                            /tmp/cceo0tYg.ltrans0.ltrans.o
__process_stack_end__                             /tmp/cceo0tYg.ltrans0.ltrans.o
__subdf3                                          /usr/bin/../lib/gcc/arm-none-eabi/4.8.4/armv7e-m/fpu/libgcc.a(_arm_addsubdf3.o)
__truncdfsf2                                      /usr/bin/../lib/gcc/arm-none-eabi/4.8.4/armv7e-m/fpu/libgcc.a(_arm_truncdfsf2.o)
_bss_end                                          /tmp/cceo0tYg.ltrans0.ltrans.o
_bss_start                                        /tmp/cceo0tYg.ltrans0.ltrans.o
_data                                             /tmp/cceo0tYg.ltrans0.ltrans.o
_edata                                            /tmp/cceo0tYg.ltrans0.ltrans.o
_idle_thread.4338                                 /tmp/cceo0tYg.ltrans3.ltrans.o
                                                  /tmp/cceo0tYg.ltrans0.ltrans.o
_pal_lld_setgroupmode                             /tmp/cceo0tYg.ltrans3.ltrans.o
                                                  /tmp/cceo0tYg.ltrans1.ltrans.o
                                                  /tmp/cceo0tYg.ltrans0.ltrans.o
_port_exit_from_isr                               build/obj/chcoreasm_v7m.o
                                                  /tmp/cceo0tYg.ltrans3.ltrans.o
_port_irq_epilogue                                /tmp/cceo0tYg.ltrans3.ltrans.o
                                                  /tmp/cceo0tYg.ltrans4.ltrans.o
                                                  /tmp/cceo0tYg.ltrans1.ltrans.o
_port_switch                                      build/obj/chcoreasm_v7m.o
                                                  /tmp/cceo0tYg.ltrans3.ltrans.o
                                                  /tmp/cceo0tYg.ltrans1.ltrans.o
_port_switch_from_isr                             build/obj/chcoreasm_v7m.o
                                                  /tmp/cceo0tYg.ltrans3.ltrans.o
_port_thread_start                                build/obj/chcoreasm_v7m.o
                                                  /tmp/cceo0tYg.ltrans0.ltrans.o
_textdata                                         /tmp/cceo0tYg.ltrans0.ltrans.o
_vectors                                          /tmp/cceo0tYg.ltrans0.ltrans.o
boardInit                                         /tmp/cceo0tYg.ltrans1.ltrans.o
                                                  /tmp/cceo0tYg.ltrans0.ltrans.o
ch                                                /tmp/cceo0tYg.ltrans0.ltrans.o
                                                  /tmp/cceo0tYg.ltrans3.ltrans.o
                                                  /tmp/cceo0tYg.ltrans2.ltrans.o
                                                  /tmp/cceo0tYg.ltrans1.ltrans.o
chCoreAlloc                                       /tmp/cceo0tYg.ltrans3.ltrans.o
                                                  /tmp/cceo0tYg.ltrans0.ltrans.o
chEvtBroadcastFlagsI                              /tmp/cceo0tYg.ltrans3.ltrans.o
                                                  /tmp/cceo0tYg.ltrans4.ltrans.o
chMtxLockS                                        /tmp/cceo0tYg.ltrans3.ltrans.o
                                                  /tmp/cceo0tYg.ltrans2.ltrans.o
                                                  /tmp/cceo0tYg.ltrans0.ltrans.o
chMtxUnlock.constprop.38                          /tmp/cceo0tYg.ltrans1.ltrans.o
                                                  /tmp/cceo0tYg.ltrans2.ltrans.o
                                                  /tmp/cceo0tYg.ltrans0.ltrans.o
chOQWriteTimeout                                  /tmp/cceo0tYg.ltrans1.ltrans.o
                                                  /tmp/cceo0tYg.ltrans2.ltrans.o
chSchDoReschedule                                 /tmp/cceo0tYg.ltrans0.ltrans.o
                                                  build/obj/chcoreasm_v7m.o
chSchDoRescheduleAhead                            /tmp/cceo0tYg.ltrans3.ltrans.o
                                                  /tmp/cceo0tYg.ltrans0.ltrans.o
chSchGoSleepS                                     /tmp/cceo0tYg.ltrans3.ltrans.o
                                                  /tmp/cceo0tYg.ltrans2.ltrans.o
                                                  /tmp/cceo0tYg.ltrans1.ltrans.o
                                                  /tmp/cceo0tYg.ltrans0.ltrans.o
chSchGoSleepTimeoutS                              /tmp/cceo0tYg.ltrans1.ltrans.o
                                                  /tmp/cceo0tYg.ltrans2.ltrans.o
chSchReadyI                                       /tmp/cceo0tYg.ltrans3.ltrans.o
                                                  /tmp/cceo0tYg.ltrans4.ltrans.o
                                                  /tmp/cceo0tYg.ltrans2.ltrans.o
                                                  /tmp/cceo0tYg.ltrans1.ltrans.o
                                                  /tmp/cceo0tYg.ltrans0.ltrans.o
chSchRescheduleS                                  /tmp/cceo0tYg.ltrans3.ltrans.o
                                                  /tmp/cceo0tYg.ltrans2.ltrans.o
                                                  /tmp/cceo0tYg.ltrans1.ltrans.o
chSchWakeupS.constprop.39                         /tmp/cceo0tYg.ltrans1.ltrans.o
                                                  /tmp/cceo0tYg.ltrans0.ltrans.o
chTMStartMeasurementX.constprop.18                /tmp/cceo0tYg.ltrans1.ltrans.o
                                                  /tmp/cceo0tYg.ltrans0.ltrans.o
chTMStopMeasurementX                              /tmp/cceo0tYg.ltrans3.ltrans.o
                                                  /tmp/cceo0tYg.ltrans0.ltrans.o
chThdEnqueueTimeoutS                              /tmp/cceo0tYg.ltrans1.ltrans.o
                                                  /tmp/cceo0tYg.ltrans2.ltrans.o
chThdExit                                         /tmp/cceo0tYg.ltrans0.ltrans.o
                                                  build/obj/chcoreasm_v7m.o
chThdResumeI                                      /tmp/cceo0tYg.ltrans3.ltrans.o
                                                  /tmp/cceo0tYg.ltrans1.ltrans.o
chThdSleep                                        /tmp/cceo0tYg.ltrans2.ltrans.o
                                                  /tmp/cceo0tYg.ltrans4.ltrans.o
                                                  /tmp/cceo0tYg.ltrans0.ltrans.o
chThdSuspendS                                     /tmp/cceo0tYg.ltrans3.ltrans.o
                                                  /tmp/cceo0tYg.ltrans1.ltrans.o
chprintf.15767                                    /tmp/cceo0tYg.ltrans1.ltrans.o
                                                  /tmp/cceo0tYg.ltrans0.ltrans.o
chprintf.16127                                    /tmp/cceo0tYg.ltrans1.ltrans.o
                                                  /tmp/cceo0tYg.ltrans0.ltrans.o
chprintf.16627.constprop.36                       /tmp/cceo0tYg.ltrans1.ltrans.o
                                                  /tmp/cceo0tYg.ltrans0.ltrans.o
disk_read.constprop.31                            /tmp/cceo0tYg.ltrans2.ltrans.o
                                                  /tmp/cceo0tYg.ltrans4.ltrans.o
dmaStreamAllocate                                 /tmp/cceo0tYg.ltrans3.ltrans.o
                                                  /tmp/cceo0tYg.ltrans0.ltrans.o
dmaStreamRelease                                  /tmp/cceo0tYg.ltrans3.ltrans.o
                                                  /tmp/cceo0tYg.ltrans2.ltrans.o
dma_isr_redir.10833                               /tmp/cceo0tYg.ltrans0.ltrans.o
                                                  /tmp/cceo0tYg.ltrans3.ltrans.o
dma_streams_mask.10838                            /tmp/cceo0tYg.ltrans0.ltrans.o
                                                  /tmp/cceo0tYg.ltrans3.ltrans.o
dummytx.11758                                     /tmp/cceo0tYg.ltrans0.ltrans.o
                                                  /tmp/cceo0tYg.ltrans1.ltrans.o
endmem.6822                                       /tmp/cceo0tYg.ltrans0.ltrans.o
                                                  /tmp/cceo0tYg.ltrans3.ltrans.o
f_mount                                           /tmp/cceo0tYg.ltrans4.ltrans.o
                                                  /tmp/cceo0tYg.ltrans0.ltrans.o
get.10200                                         /tmp/cceo0tYg.ltrans2.ltrans.o
get_ldnumber.12788                                /tmp/cceo0tYg.ltrans1.ltrans.o
                                                  /tmp/cceo0tYg.ltrans4.ltrans.o
gett.10196                                        /tmp/cceo0tYg.ltrans2.ltrans.o
gpsRxChar.15483                                   /tmp/cceo0tYg.ltrans1.ltrans.o
                                                  /tmp/cceo0tYg.ltrans0.ltrans.o
gpsRxEnd.15471                                    /tmp/cceo0tYg.ltrans1.ltrans.o
                                                  /tmp/cceo0tYg.ltrans0.ltrans.o
gpsRxErr.15474                                    /tmp/cceo0tYg.ltrans1.ltrans.o
                                                  /tmp/cceo0tYg.ltrans0.ltrans.o
gpsSem                                            /tmp/cceo0tYg.ltrans2.ltrans.o
                                                  /tmp/cceo0tYg.ltrans1.ltrans.o
gpsThread                                         /tmp/cceo0tYg.ltrans2.ltrans.o
                                                  /tmp/cceo0tYg.ltrans0.ltrans.o
gpsTxC.15468                                      /tmp/cceo0tYg.ltrans1.ltrans.o
                                                  /tmp/cceo0tYg.ltrans0.ltrans.o
gpsTxbufEnd.15465                                 /tmp/cceo0tYg.ltrans1.ltrans.o
                                                  /tmp/cceo0tYg.ltrans0.ltrans.o
mmcConnect                                        /tmp/cceo0tYg.ltrans4.ltrans.o
                                                  /tmp/cceo0tYg.ltrans0.ltrans.o
mmcDisconnect                                     /tmp/cceo0tYg.ltrans2.ltrans.o
                                                  /tmp/cceo0tYg.ltrans0.ltrans.o
mmcGetInfo                                        /tmp/cceo0tYg.ltrans3.ltrans.o
                                                  /tmp/cceo0tYg.ltrans0.ltrans.o
mmcSequentialRead                                 /tmp/cceo0tYg.ltrans1.ltrans.o
                                                  /tmp/cceo0tYg.ltrans2.ltrans.o
mmcSequentialWrite                                /tmp/cceo0tYg.ltrans2.ltrans.o
                                                  /tmp/cceo0tYg.ltrans0.ltrans.o
mmcStartSequentialWrite                           /tmp/cceo0tYg.ltrans2.ltrans.o
                                                  /tmp/cceo0tYg.ltrans0.ltrans.o
mmcStopSequentialRead.part.7.9923                 /tmp/cceo0tYg.ltrans1.ltrans.o
                                                  /tmp/cceo0tYg.ltrans2.ltrans.o
mmcSync                                           /tmp/cceo0tYg.ltrans2.ltrans.o
                                                  /tmp/cceo0tYg.ltrans0.ltrans.o
mmc_lld_is_card_inserted                          /tmp/cceo0tYg.ltrans1.ltrans.o
                                                  /tmp/cceo0tYg.ltrans0.ltrans.o
mmc_lld_is_write_protected                        /tmp/cceo0tYg.ltrans1.ltrans.o
                                                  /tmp/cceo0tYg.ltrans0.ltrans.o
mmc_read.9961                                     /tmp/cceo0tYg.ltrans2.ltrans.o
                                                  /tmp/cceo0tYg.ltrans0.ltrans.o
nextmem.6820                                      /tmp/cceo0tYg.ltrans0.ltrans.o
                                                  /tmp/cceo0tYg.ltrans3.ltrans.o
notify2.12014                                     /tmp/cceo0tYg.ltrans3.ltrans.o
                                                  /tmp/cceo0tYg.ltrans0.ltrans.o
notify6.12011                                     /tmp/cceo0tYg.ltrans3.ltrans.o
                                                  /tmp/cceo0tYg.ltrans0.ltrans.o
put.10208                                         /tmp/cceo0tYg.ltrans2.ltrans.o
putt.10203                                        /tmp/cceo0tYg.ltrans2.ltrans.o
read.10180                                        /tmp/cceo0tYg.ltrans2.ltrans.o
read_CxD.9894                                     /tmp/cceo0tYg.ltrans2.ltrans.o
                                                  /tmp/cceo0tYg.ltrans4.ltrans.o
readt.10173                                       /tmp/cceo0tYg.ltrans2.ltrans.o
recvr1.isra.0.9868                                /tmp/cceo0tYg.ltrans1.ltrans.o
                                                  /tmp/cceo0tYg.ltrans2.ltrans.o
sdObjectInit.constprop.14                         /tmp/cceo0tYg.ltrans1.ltrans.o
                                                  /tmp/cceo0tYg.ltrans0.ltrans.o
send_command_R1.9889                              /tmp/cceo0tYg.ltrans2.ltrans.o
                                                  /tmp/cceo0tYg.ltrans4.ltrans.o
send_command_R3.9883                              /tmp/cceo0tYg.ltrans2.ltrans.o
                                                  /tmp/cceo0tYg.ltrans4.ltrans.o
spiIgnore                                         /tmp/cceo0tYg.ltrans1.ltrans.o
                                                  /tmp/cceo0tYg.ltrans4.ltrans.o
                                                  /tmp/cceo0tYg.ltrans2.ltrans.o
spiReceive                                        /tmp/cceo0tYg.ltrans1.ltrans.o
                                                  /tmp/cceo0tYg.ltrans2.ltrans.o
spiSelect                                         /tmp/cceo0tYg.ltrans3.ltrans.o
                                                  /tmp/cceo0tYg.ltrans2.ltrans.o
spiSend                                           /tmp/cceo0tYg.ltrans1.ltrans.o
                                                  /tmp/cceo0tYg.ltrans2.ltrans.o
                                                  /tmp/cceo0tYg.ltrans0.ltrans.o
spiStart                                          /tmp/cceo0tYg.ltrans3.ltrans.o
                                                  /tmp/cceo0tYg.ltrans4.ltrans.o
                                                  /tmp/cceo0tYg.ltrans2.ltrans.o
spiStop                                           /tmp/cceo0tYg.ltrans3.ltrans.o
                                                  /tmp/cceo0tYg.ltrans4.ltrans.o
                                                  /tmp/cceo0tYg.ltrans2.ltrans.o
                                                  /tmp/cceo0tYg.ltrans1.ltrans.o
spiUnselect                                       /tmp/cceo0tYg.ltrans3.ltrans.o
                                                  /tmp/cceo0tYg.ltrans2.ltrans.o
                                                  /tmp/cceo0tYg.ltrans1.ltrans.o
                                                  /tmp/cceo0tYg.ltrans0.ltrans.o
spi_lld_serve_rx_interrupt.11704                  /tmp/cceo0tYg.ltrans1.ltrans.o
                                                  /tmp/cceo0tYg.ltrans3.ltrans.o
spi_lld_serve_tx_interrupt.11700                  /tmp/cceo0tYg.ltrans2.ltrans.o
                                                  /tmp/cceo0tYg.ltrans3.ltrans.o
stop.7733.10004                                   /tmp/cceo0tYg.ltrans0.ltrans.o
                                                  /tmp/cceo0tYg.ltrans2.ltrans.o
strcpy                                            /usr/bin/../lib/gcc/arm-none-eabi/4.8.4/../../../../arm-none-eabi/lib/armv7e-m/fpu/libc.a(lib_a-strcpy.o)
                                                  /tmp/cceo0tYg.ltrans0.ltrans.o
strlen                                            /usr/bin/../lib/gcc/arm-none-eabi/4.8.4/../../../../arm-none-eabi/lib/armv7e-m/fpu/libc.a(lib_a-strlen.o)
                                                  /tmp/cceo0tYg.ltrans2.ltrans.o
strncmp                                           /usr/bin/../lib/gcc/arm-none-eabi/4.8.4/../../../../arm-none-eabi/lib/armv7e-m/fpu/libc.a(lib_a-strncmp.o)
                                                  /tmp/cceo0tYg.ltrans2.ltrans.o
sync_window.part.3.12805                          /tmp/cceo0tYg.ltrans2.ltrans.o
                                                  /tmp/cceo0tYg.ltrans4.ltrans.o
tokBuf.15554                                      /tmp/cceo0tYg.ltrans2.ltrans.o
                                                  /tmp/cceo0tYg.ltrans1.ltrans.o
uStrCpy.constprop.3                               /tmp/cceo0tYg.ltrans1.ltrans.o
                                                  /tmp/cceo0tYg.ltrans2.ltrans.o
uStrInsertChar.constprop.2                        /tmp/cceo0tYg.ltrans1.ltrans.o
                                                  /tmp/cceo0tYg.ltrans2.ltrans.o
uStrPrependChar                                   /tmp/cceo0tYg.ltrans1.ltrans.o
                                                  /tmp/cceo0tYg.ltrans2.ltrans.o
uart_lld_serve_rx_end_irq.12165                   /tmp/cceo0tYg.ltrans2.ltrans.o
                                                  /tmp/cceo0tYg.ltrans0.ltrans.o
uart_lld_serve_tx_end_irq.12161                   /tmp/cceo0tYg.ltrans2.ltrans.o
                                                  /tmp/cceo0tYg.ltrans0.ltrans.o
usart_stop.12172                                  /tmp/cceo0tYg.ltrans3.ltrans.o
                                                  /tmp/cceo0tYg.ltrans2.ltrans.o
                                                  /tmp/cceo0tYg.ltrans0.ltrans.o
vmt.10284                                         /tmp/cceo0tYg.ltrans2.ltrans.o
                                                  /tmp/cceo0tYg.ltrans1.ltrans.o
wakeup.4718                                       /tmp/cceo0tYg.ltrans3.ltrans.o
                                                  /tmp/cceo0tYg.ltrans1.ltrans.o
write.10191                                       /tmp/cceo0tYg.ltrans2.ltrans.o
writet.10185                                      /tmp/cceo0tYg.ltrans2.ltrans.o
