Archive member included because of file (symbol)

/usr/bin/../lib/gcc/arm-none-eabi/4.8.4/armv7e-m/fpu/libgcc.a(_arm_addsubdf3.o)
                              /tmp/cc9ELrtY.ltrans0.ltrans.o (__aeabi_dsub)
/usr/bin/../lib/gcc/arm-none-eabi/4.8.4/armv7e-m/fpu/libgcc.a(_arm_muldivdf3.o)
                              /tmp/cc9ELrtY.ltrans0.ltrans.o (__aeabi_dmul)
/usr/bin/../lib/gcc/arm-none-eabi/4.8.4/armv7e-m/fpu/libgcc.a(_arm_fixdfsi.o)
                              /tmp/cc9ELrtY.ltrans0.ltrans.o (__aeabi_d2iz)
/usr/bin/../lib/gcc/arm-none-eabi/4.8.4/armv7e-m/fpu/libgcc.a(_arm_truncdfsf2.o)
                              /tmp/cc9ELrtY.ltrans0.ltrans.o (__aeabi_d2f)
/usr/bin/../lib/gcc/arm-none-eabi/4.8.4/../../../../arm-none-eabi/lib/armv7e-m/fpu/libc.a(lib_a-strcpy.o)
                              /tmp/cc9ELrtY.ltrans2.ltrans.o (strcpy)
/usr/bin/../lib/gcc/arm-none-eabi/4.8.4/../../../../arm-none-eabi/lib/armv7e-m/fpu/libc.a(lib_a-strlen.o)
                              /tmp/cc9ELrtY.ltrans1.ltrans.o (strlen)
/usr/bin/../lib/gcc/arm-none-eabi/4.8.4/../../../../arm-none-eabi/lib/armv7e-m/fpu/libc.a(lib_a-strncmp.o)
                              /tmp/cc9ELrtY.ltrans1.ltrans.o (strncmp)

Discarded input sections

 .data          0x0000000000000000        0x0 build/obj/chcoreasm_v7m.o
 .bss           0x0000000000000000        0x0 build/obj/chcoreasm_v7m.o
 .text          0x0000000000000000        0x0 build/obj/crt0.o (symbol from plugin)
 .text          0x0000000000000000        0x0 /tmp/cc9ELrtY.ltrans0.ltrans.o
 .data          0x0000000000000000        0x0 /tmp/cc9ELrtY.ltrans0.ltrans.o
 .bss           0x0000000000000000        0x0 /tmp/cc9ELrtY.ltrans0.ltrans.o
 .text          0x0000000000000000        0x0 /tmp/cc9ELrtY.ltrans1.ltrans.o
 .data          0x0000000000000000        0x0 /tmp/cc9ELrtY.ltrans1.ltrans.o
 .bss           0x0000000000000000        0x0 /tmp/cc9ELrtY.ltrans1.ltrans.o
 .text          0x0000000000000000        0x0 /tmp/cc9ELrtY.ltrans2.ltrans.o
 .data          0x0000000000000000        0x0 /tmp/cc9ELrtY.ltrans2.ltrans.o
 .bss           0x0000000000000000        0x0 /tmp/cc9ELrtY.ltrans2.ltrans.o
 .text          0x0000000000000000        0x0 /tmp/cc9ELrtY.ltrans3.ltrans.o
 .data          0x0000000000000000        0x0 /tmp/cc9ELrtY.ltrans3.ltrans.o
 .bss           0x0000000000000000        0x0 /tmp/cc9ELrtY.ltrans3.ltrans.o
 .text          0x0000000000000000        0x0 /tmp/cc9ELrtY.ltrans4.ltrans.o
 .data          0x0000000000000000        0x0 /tmp/cc9ELrtY.ltrans4.ltrans.o
 .bss           0x0000000000000000        0x0 /tmp/cc9ELrtY.ltrans4.ltrans.o
 .data          0x0000000000000000        0x0 /usr/bin/../lib/gcc/arm-none-eabi/4.8.4/armv7e-m/fpu/libgcc.a(_arm_addsubdf3.o)
 .bss           0x0000000000000000        0x0 /usr/bin/../lib/gcc/arm-none-eabi/4.8.4/armv7e-m/fpu/libgcc.a(_arm_addsubdf3.o)
 .data          0x0000000000000000        0x0 /usr/bin/../lib/gcc/arm-none-eabi/4.8.4/armv7e-m/fpu/libgcc.a(_arm_muldivdf3.o)
 .bss           0x0000000000000000        0x0 /usr/bin/../lib/gcc/arm-none-eabi/4.8.4/armv7e-m/fpu/libgcc.a(_arm_muldivdf3.o)
 .data          0x0000000000000000        0x0 /usr/bin/../lib/gcc/arm-none-eabi/4.8.4/armv7e-m/fpu/libgcc.a(_arm_fixdfsi.o)
 .bss           0x0000000000000000        0x0 /usr/bin/../lib/gcc/arm-none-eabi/4.8.4/armv7e-m/fpu/libgcc.a(_arm_fixdfsi.o)
 .data          0x0000000000000000        0x0 /usr/bin/../lib/gcc/arm-none-eabi/4.8.4/armv7e-m/fpu/libgcc.a(_arm_truncdfsf2.o)
 .bss           0x0000000000000000        0x0 /usr/bin/../lib/gcc/arm-none-eabi/4.8.4/armv7e-m/fpu/libgcc.a(_arm_truncdfsf2.o)
 .text          0x0000000000000000        0x0 /usr/bin/../lib/gcc/arm-none-eabi/4.8.4/../../../../arm-none-eabi/lib/armv7e-m/fpu/libc.a(lib_a-strcpy.o)
 .data          0x0000000000000000        0x0 /usr/bin/../lib/gcc/arm-none-eabi/4.8.4/../../../../arm-none-eabi/lib/armv7e-m/fpu/libc.a(lib_a-strcpy.o)
 .bss           0x0000000000000000        0x0 /usr/bin/../lib/gcc/arm-none-eabi/4.8.4/../../../../arm-none-eabi/lib/armv7e-m/fpu/libc.a(lib_a-strcpy.o)
 .text          0x0000000000000000        0x0 /usr/bin/../lib/gcc/arm-none-eabi/4.8.4/../../../../arm-none-eabi/lib/armv7e-m/fpu/libc.a(lib_a-strlen.o)
 .data          0x0000000000000000        0x0 /usr/bin/../lib/gcc/arm-none-eabi/4.8.4/../../../../arm-none-eabi/lib/armv7e-m/fpu/libc.a(lib_a-strlen.o)
 .bss           0x0000000000000000        0x0 /usr/bin/../lib/gcc/arm-none-eabi/4.8.4/../../../../arm-none-eabi/lib/armv7e-m/fpu/libc.a(lib_a-strlen.o)
 .text          0x0000000000000000        0x0 /usr/bin/../lib/gcc/arm-none-eabi/4.8.4/../../../../arm-none-eabi/lib/armv7e-m/fpu/libc.a(lib_a-strncmp.o)
 .data          0x0000000000000000        0x0 /usr/bin/../lib/gcc/arm-none-eabi/4.8.4/../../../../arm-none-eabi/lib/armv7e-m/fpu/libc.a(lib_a-strncmp.o)
 .bss           0x0000000000000000        0x0 /usr/bin/../lib/gcc/arm-none-eabi/4.8.4/../../../../arm-none-eabi/lib/armv7e-m/fpu/libc.a(lib_a-strncmp.o)
[...]
Memory Configuration

Name             Origin             Length             Attributes
flash            0x0000000008000000 0x0000000000080000
ram              0x0000000020000000 0x0000000000018000
*default*        0x0000000000000000 0xffffffffffffffff

Linker script and memory map

LOAD build/obj/chcoreasm_v7m.o
LOAD build/obj/crt0.o
LOAD /tmp/cc9ELrtY.ltrans0.ltrans.o
LOAD /tmp/cc9ELrtY.ltrans1.ltrans.o
LOAD /tmp/cc9ELrtY.ltrans2.ltrans.o
LOAD /tmp/cc9ELrtY.ltrans3.ltrans.o
LOAD /tmp/cc9ELrtY.ltrans4.ltrans.o
LOAD /usr/bin/../lib/gcc/arm-none-eabi/4.8.4/armv7e-m/fpu/libgcc.a
LOAD /usr/bin/../lib/gcc/arm-none-eabi/4.8.4/../../../../arm-none-eabi/lib/armv7e-m/fpu/libc.a
LOAD build/obj/vectors.o
LOAD build/obj/chcore.o
LOAD build/obj/chcore_v7m.o
LOAD build/obj/chsys.o
LOAD build/obj/chdebug.o
LOAD build/obj/chtm.o
LOAD build/obj/chstats.o
LOAD build/obj/chschd.o
LOAD build/obj/chvt.o
LOAD build/obj/chthreads.o
LOAD build/obj/chdynamic.o
LOAD build/obj/chregistry.o
LOAD build/obj/chsem.o
LOAD build/obj/chmtx.o
LOAD build/obj/chcond.o
LOAD build/obj/chevents.o
LOAD build/obj/chmsg.o
LOAD build/obj/chmboxes.o
LOAD build/obj/chqueues.o
LOAD build/obj/chmemcore.o
LOAD build/obj/chheap.o
LOAD build/obj/chmempools.o
LOAD build/obj/test.o
LOAD build/obj/testthd.o
LOAD build/obj/testsem.o
LOAD build/obj/testmtx.o
LOAD build/obj/testmsg.o
LOAD build/obj/testmbox.o
LOAD build/obj/testevt.o
LOAD build/obj/testheap.o
LOAD build/obj/testpools.o
LOAD build/obj/testdyn.o
LOAD build/obj/testqueues.o
LOAD build/obj/testbmk.o
LOAD build/obj/hal.o
LOAD build/obj/hal_queues.o
LOAD build/obj/hal_mmcsd.o
LOAD build/obj/adc.o
LOAD build/obj/can.o
LOAD build/obj/dac.o
LOAD build/obj/ext.o
LOAD build/obj/gpt.o
LOAD build/obj/i2c.o
LOAD build/obj/i2s.o
LOAD build/obj/icu.o
LOAD build/obj/mac.o
LOAD build/obj/mmc_spi.o
LOAD build/obj/pal.o
LOAD build/obj/pwm.o
LOAD build/obj/rtc.o
LOAD build/obj/sdc.o
LOAD build/obj/serial.o
LOAD build/obj/serial_usb.o
LOAD build/obj/spi.o
LOAD build/obj/st.o
LOAD build/obj/uart.o
LOAD build/obj/usb.o
LOAD build/obj/osal.o
LOAD build/obj/nvic.o
LOAD build/obj/stm32_dma.o
LOAD build/obj/hal_lld.o
LOAD build/obj/adc_lld.o
LOAD build/obj/ext_lld_isr.o
LOAD build/obj/can_lld.o
LOAD build/obj/ext_lld.o
LOAD build/obj/mac_lld.o
LOAD build/obj/sdc_lld.o
LOAD build/obj/dac_lld.o
LOAD build/obj/pal_lld.o
LOAD build/obj/i2c_lld.o
LOAD build/obj/usb_lld.o
LOAD build/obj/rtc_lld.o
LOAD build/obj/i2s_lld.o
LOAD build/obj/spi_lld.o
LOAD build/obj/gpt_lld.o
LOAD build/obj/icu_lld.o
LOAD build/obj/pwm_lld.o
LOAD build/obj/st_lld.o
LOAD build/obj/serial_lld.o
LOAD build/obj/uart_lld.o
LOAD build/obj/board.o
LOAD build/obj/fatfs_diskio.o
LOAD build/obj/fatfs_syscall.o
LOAD build/obj/ff.o
LOAD build/obj/unicode.o
LOAD build/obj/chprintf.o
LOAD build/obj/memstreams.o
LOAD build/obj/analog_sensor.o
LOAD build/obj/i2c_sensor.o
LOAD build/obj/bmp280.o
LOAD build/obj/si70x0.o
LOAD build/obj/ms5607.o
LOAD build/obj/hih6030.o
LOAD build/obj/lsm303.o
LOAD build/obj/rfm23bp.o
LOAD build/obj/rtd.o
LOAD build/obj/tmp275.o
LOAD build/obj/datasample.o
LOAD build/obj/sensor_thread.o
LOAD build/obj/ustr.o
LOAD build/obj/umath.o
LOAD build/obj/gps.o
LOAD build/obj/sdmmcsimple.o
LOAD build/obj/datalogger.o
LOAD build/obj/main.o
                0x0000000020000000                __ram_start__ = ORIGIN (ram)
                0x0000000000018000                __ram_size__ = 0x18000
                0x0000000020018000                __ram_end__ = (__ram_start__ + __ram_size__)
                0x0000000000000000                . = 0x0
                0x0000000000000000                _text = .

startup         0x0000000008000000      0x1c0
 *(vectors)
 vectors        0x0000000008000000      0x1c0 /tmp/cc9ELrtY.ltrans2.ltrans.o
                0x0000000008000000                _vectors

constructors    0x00000000080001c0        0x0
                0x00000000080001c0                PROVIDE (__init_array_start, .)
 *(SORT(.init_array.*))
 *(.init_array)
                0x00000000080001c0                PROVIDE (__init_array_end, .)

destructors     0x00000000080001c0        0x0
                0x00000000080001c0                PROVIDE (__fini_array_start, .)
 *(.fini_array)
 *(SORT(.fini_array.*))
                0x00000000080001c0                PROVIDE (__fini_array_end, .)

.text           0x00000000080001c0     0x4984
 *(.text.startup.*)
 .text.startup.main.4451
                0x00000000080001c0      0xa60 /tmp/cc9ELrtY.ltrans2.ltrans.o
 *(.text)
 .text          0x0000000008000c20       0x2e build/obj/chcoreasm_v7m.o
                0x0000000008000c20                _port_switch
                0x0000000008000c38                _port_thread_start
                0x0000000008000c46                _port_switch_from_isr
                0x0000000008000c4a                _port_exit_from_isr
 *fill*         0x0000000008000c4e        0x2 
 .text          0x0000000008000c50      0x370 /usr/bin/../lib/gcc/arm-none-eabi/4.8.4/armv7e-m/fpu/libgcc.a(_arm_addsubdf3.o)
                0x0000000008000c50                __aeabi_drsub
                0x0000000008000c58                __aeabi_dsub
                0x0000000008000c58                __subdf3
                0x0000000008000c5c                __adddf3
                0x0000000008000c5c                __aeabi_dadd
                0x0000000008000ed4                __aeabi_ui2d
                0x0000000008000ed4                __floatunsidf
                0x0000000008000ef4                __floatsidf
                0x0000000008000ef4                __aeabi_i2d
                0x0000000008000f18                __extendsfdf2
                0x0000000008000f18                __aeabi_f2d
                0x0000000008000f54                __aeabi_ul2d
                0x0000000008000f54                __floatundidf
                0x0000000008000f64                __floatdidf
                0x0000000008000f64                __aeabi_l2d
 .text          0x0000000008000fc0      0x424 /usr/bin/../lib/gcc/arm-none-eabi/4.8.4/armv7e-m/fpu/libgcc.a(_arm_muldivdf3.o)
                0x0000000008000fc0                __aeabi_dmul
                0x0000000008000fc0                __muldf3
                0x0000000008001214                __aeabi_ddiv
                0x0000000008001214                __divdf3
 *fill*         0x00000000080013e4        0xc 
 .text          0x00000000080013f0       0x50 /usr/bin/../lib/gcc/arm-none-eabi/4.8.4/armv7e-m/fpu/libgcc.a(_arm_fixdfsi.o)
                0x00000000080013f0                __fixdfsi
                0x00000000080013f0                __aeabi_d2iz
 .text          0x0000000008001440       0xa0 /usr/bin/../lib/gcc/arm-none-eabi/4.8.4/armv7e-m/fpu/libgcc.a(_arm_truncdfsf2.o)
                0x0000000008001440                __aeabi_d2f
                0x0000000008001440                __truncdfsf2
 *(.text.*)
 .text.gpsRxErr.15474
                0x00000000080014e0       0x10 /tmp/cc9ELrtY.ltrans0.ltrans.o
                0x00000000080014e0                gpsRxErr.15474
 .text.gpsRxEnd.15471
                0x00000000080014f0       0x10 /tmp/cc9ELrtY.ltrans0.ltrans.o
                0x00000000080014f0                gpsRxEnd.15471
 .text.gpsTxC.15468
                0x0000000008001500       0x10 /tmp/cc9ELrtY.ltrans0.ltrans.o
                0x0000000008001500                gpsTxC.15468
 .text.gpsTxbufEnd.15465
                0x0000000008001510       0x10 /tmp/cc9ELrtY.ltrans0.ltrans.o
                0x0000000008001510                gpsTxbufEnd.15465
 .text.long_to_string_with_divisor.13049.4634
                0x0000000008001520       0x50 /tmp/cc9ELrtY.ltrans0.ltrans.o
 .text.chvprintf.4620
                0x0000000008001570      0x380 /tmp/cc9ELrtY.ltrans0.ltrans.o
 .text.mmc_lld_is_write_protected
                0x00000000080018f0       0x10 /tmp/cc9ELrtY.ltrans0.ltrans.o
                0x00000000080018f0                mmc_lld_is_write_protected
 .text.mmc_lld_is_card_inserted
                0x0000000008001900       0x10 /tmp/cc9ELrtY.ltrans0.ltrans.o
                0x0000000008001900                mmc_lld_is_card_inserted
 .text.VectorB0
                0x0000000008001910       0x90 /tmp/cc9ELrtY.ltrans0.ltrans.o
                0x0000000008001910                VectorB0
 .text.VectorD4
                0x00000000080019a0       0x70 /tmp/cc9ELrtY.ltrans0.ltrans.o
                0x00000000080019a0                VectorD4
 .text.spi_lld_serve_rx_interrupt.11704
                0x0000000008001a10       0x90 /tmp/cc9ELrtY.ltrans0.ltrans.o
                0x0000000008001a10                spi_lld_serve_rx_interrupt.11704
 .text.Vector88
                0x0000000008001aa0       0x90 /tmp/cc9ELrtY.ltrans0.ltrans.o
                0x0000000008001aa0                Vector88
 .text.gpsRxChar.15483
                0x0000000008001b30       0x90 /tmp/cc9ELrtY.ltrans0.ltrans.o
                0x0000000008001b30                gpsRxChar.15483
 .text.chSchGoSleepTimeoutS
                0x0000000008001bc0       0xe0 /tmp/cc9ELrtY.ltrans0.ltrans.o
                0x0000000008001bc0                chSchGoSleepTimeoutS
 .text.chThdEnqueueTimeoutS
                0x0000000008001ca0       0x30 /tmp/cc9ELrtY.ltrans0.ltrans.o
                0x0000000008001ca0                chThdEnqueueTimeoutS
 .text.chOQWriteTimeout
                0x0000000008001cd0       0x80 /tmp/cc9ELrtY.ltrans0.ltrans.o
                0x0000000008001cd0                chOQWriteTimeout
 .text.chSchWakeupS.constprop.39
                0x0000000008001d50       0x60 /tmp/cc9ELrtY.ltrans0.ltrans.o
                0x0000000008001d50                chSchWakeupS.constprop.39
 .text.chMtxUnlock.constprop.38
                0x0000000008001db0       0x80 /tmp/cc9ELrtY.ltrans0.ltrans.o
                0x0000000008001db0                chMtxUnlock.constprop.38
 .text.chprintf.16627.constprop.36
                0x0000000008001e30       0x30 /tmp/cc9ELrtY.ltrans0.ltrans.o
                0x0000000008001e30                chprintf.16627.constprop.36
 .text.spiSend  0x0000000008001e60       0x50 /tmp/cc9ELrtY.ltrans0.ltrans.o
                0x0000000008001e60                spiSend
 .text.spiReceive
                0x0000000008001eb0       0x50 /tmp/cc9ELrtY.ltrans0.ltrans.o
                0x0000000008001eb0                spiReceive
 .text.recvr1.isra.0.9868
                0x0000000008001f00       0x30 /tmp/cc9ELrtY.ltrans0.ltrans.o
                0x0000000008001f00                recvr1.isra.0.9868
 .text.mmcStopSequentialRead.part.7.9923
                0x0000000008001f30       0x30 /tmp/cc9ELrtY.ltrans0.ltrans.o
                0x0000000008001f30                mmcStopSequentialRead.part.7.9923
 .text.spiIgnore
                0x0000000008001f60       0x60 /tmp/cc9ELrtY.ltrans0.ltrans.o
                0x0000000008001f60                spiIgnore
 .text.mmcSequentialRead
                0x0000000008001fc0       0x60 /tmp/cc9ELrtY.ltrans0.ltrans.o
                0x0000000008001fc0                mmcSequentialRead
 .text.chTMStartMeasurementX.constprop.18
                0x0000000008002020       0x10 /tmp/cc9ELrtY.ltrans0.ltrans.o
                0x0000000008002020                chTMStartMeasurementX.constprop.18
 .text.sdObjectInit.constprop.14
                0x0000000008002030       0x70 /tmp/cc9ELrtY.ltrans0.ltrans.o
                0x0000000008002030                sdObjectInit.constprop.14
 .text.uStrCpy.constprop.3
                0x00000000080020a0       0x40 /tmp/cc9ELrtY.ltrans0.ltrans.o
                0x00000000080020a0                uStrCpy.constprop.3
 .text.uStrInsertChar.constprop.2
                0x00000000080020e0       0x40 /tmp/cc9ELrtY.ltrans0.ltrans.o
                0x00000000080020e0                uStrInsertChar.constprop.2
 .text.chprintf.16127
                0x0000000008002120       0x20 /tmp/cc9ELrtY.ltrans0.ltrans.o
                0x0000000008002120                chprintf.16127
 .text.chprintf.15767
                0x0000000008002140       0x20 /tmp/cc9ELrtY.ltrans0.ltrans.o
                0x0000000008002140                chprintf.15767
 .text.uStrPrependChar
                0x0000000008002160       0x30 /tmp/cc9ELrtY.ltrans0.ltrans.o
                0x0000000008002160                uStrPrependChar
 .text.get_ldnumber.12788
                0x0000000008002190       0x40 /tmp/cc9ELrtY.ltrans0.ltrans.o
                0x0000000008002190                get_ldnumber.12788
 .text.boardInit
                0x00000000080021d0       0xf0 /tmp/cc9ELrtY.ltrans0.ltrans.o
                0x00000000080021d0                boardInit
 .text.spi_lld_serve_tx_interrupt.11700
                0x00000000080022c0       0x20 /tmp/cc9ELrtY.ltrans1.ltrans.o
                0x00000000080022c0                spi_lld_serve_tx_interrupt.11700
 .text.uart_lld_serve_rx_end_irq.12165
                0x00000000080022e0       0x90 /tmp/cc9ELrtY.ltrans1.ltrans.o
                0x00000000080022e0                uart_lld_serve_rx_end_irq.12165
 .text.uart_lld_serve_tx_end_irq.12161
                0x0000000008002370       0x60 /tmp/cc9ELrtY.ltrans1.ltrans.o
                0x0000000008002370                uart_lld_serve_tx_end_irq.12161
 .text.chIQGetTimeout.4507
                0x00000000080023d0       0x50 /tmp/cc9ELrtY.ltrans1.ltrans.o
 .text.gett.10196
                0x0000000008002420       0x10 /tmp/cc9ELrtY.ltrans1.ltrans.o
                0x0000000008002420                gett.10196
 .text.get.10200
                0x0000000008002430       0x10 /tmp/cc9ELrtY.ltrans1.ltrans.o
                0x0000000008002430                get.10200
 .text.chIQReadTimeout.4534
                0x0000000008002440       0x80 /tmp/cc9ELrtY.ltrans1.ltrans.o
 .text.readt.10173
                0x00000000080024c0       0x10 /tmp/cc9ELrtY.ltrans1.ltrans.o
                0x00000000080024c0                readt.10173
 .text.read.10180
                0x00000000080024d0       0x10 /tmp/cc9ELrtY.ltrans1.ltrans.o
                0x00000000080024d0                read.10180
 .text.chOQPutTimeout.4549
                0x00000000080024e0       0x50 /tmp/cc9ELrtY.ltrans1.ltrans.o
 .text.putt.10203
                0x0000000008002530       0x10 /tmp/cc9ELrtY.ltrans1.ltrans.o
                0x0000000008002530                putt.10203
 .text.put.10208
                0x0000000008002540       0x10 /tmp/cc9ELrtY.ltrans1.ltrans.o
                0x0000000008002540                put.10208
 .text.writet.10185
                0x0000000008002550       0x10 /tmp/cc9ELrtY.ltrans1.ltrans.o
                0x0000000008002550                writet.10185
 .text.write.10191
                0x0000000008002560       0x10 /tmp/cc9ELrtY.ltrans1.ltrans.o
                0x0000000008002560                write.10191
 .text.chThdSleep
                0x0000000008002570       0x20 /tmp/cc9ELrtY.ltrans1.ltrans.o
                0x0000000008002570                chThdSleep
 .text.gpsThread
                0x0000000008002590      0x370 /tmp/cc9ELrtY.ltrans1.ltrans.o
                0x0000000008002590                gpsThread
 .text.wait.isra.1.9875.4477
                0x0000000008002900       0x40 /tmp/cc9ELrtY.ltrans1.ltrans.o
 .text.mmcSequentialWrite
                0x0000000008002940       0x80 /tmp/cc9ELrtY.ltrans1.ltrans.o
                0x0000000008002940                mmcSequentialWrite
 .text.send_hdr.9878.4472
                0x00000000080029c0       0x70 /tmp/cc9ELrtY.ltrans1.ltrans.o
 .text.mmcStartSequentialWrite
                0x0000000008002a30       0x60 /tmp/cc9ELrtY.ltrans1.ltrans.o
                0x0000000008002a30                mmcStartSequentialWrite
 .text.disk_write.constprop.29.4395
                0x0000000008002a90       0x60 /tmp/cc9ELrtY.ltrans1.ltrans.o
 .text.sync_window.part.3.12805
                0x0000000008002af0       0x60 /tmp/cc9ELrtY.ltrans1.ltrans.o
                0x0000000008002af0                sync_window.part.3.12805
 .text.mmcStartSequentialRead.4445
                0x0000000008002b50       0x60 /tmp/cc9ELrtY.ltrans1.ltrans.o
 .text.disk_read.constprop.31
                0x0000000008002bb0       0x50 /tmp/cc9ELrtY.ltrans1.ltrans.o
                0x0000000008002bb0                disk_read.constprop.31
 .text.mmc_read.9961
                0x0000000008002c00       0x40 /tmp/cc9ELrtY.ltrans1.ltrans.o
                0x0000000008002c00                mmc_read.9961
 .text.read_CxD.9894
                0x0000000008002c40       0xb0 /tmp/cc9ELrtY.ltrans1.ltrans.o
                0x0000000008002c40                read_CxD.9894
 .text.send_command_R1.9889
                0x0000000008002cf0       0x30 /tmp/cc9ELrtY.ltrans1.ltrans.o
                0x0000000008002cf0                send_command_R1.9889
 .text.send_command_R3.9883
                0x0000000008002d20       0x40 /tmp/cc9ELrtY.ltrans1.ltrans.o
                0x0000000008002d20                send_command_R3.9883
 .text.sync.isra.2.9902.4492
                0x0000000008002d60       0x40 /tmp/cc9ELrtY.ltrans1.ltrans.o
 .text.mmcSync  0x0000000008002da0       0x30 /tmp/cc9ELrtY.ltrans1.ltrans.o
                0x0000000008002da0                mmcSync
 .text.mmcDisconnect
                0x0000000008002dd0       0x50 /tmp/cc9ELrtY.ltrans1.ltrans.o
                0x0000000008002dd0                mmcDisconnect
 .text.Reset_Handler
                0x0000000008002e20      0x1b0 /tmp/cc9ELrtY.ltrans2.ltrans.o
                0x0000000008002e20                Reset_Handler
 .text.chThdExit
                0x0000000008002fd0       0x50 /tmp/cc9ELrtY.ltrans2.ltrans.o
                0x0000000008002fd0                chThdExit
 .text.chSchDoReschedule
                0x0000000008003020       0x10 /tmp/cc9ELrtY.ltrans2.ltrans.o
                0x0000000008003020                chSchDoReschedule
 .text.notify6.12011
                0x0000000008003030       0x10 /tmp/cc9ELrtY.ltrans3.ltrans.o
                0x0000000008003030                notify6.12011
 .text.notify2.12014
                0x0000000008003040       0x10 /tmp/cc9ELrtY.ltrans3.ltrans.o
                0x0000000008003040                notify2.12014
 .text.mmcGetInfo
                0x0000000008003050       0x20 /tmp/cc9ELrtY.ltrans3.ltrans.o
                0x0000000008003050                mmcGetInfo
 .text.chCoreAlloc
                0x0000000008003070       0x40 /tmp/cc9ELrtY.ltrans3.ltrans.o
                0x0000000008003070                chCoreAlloc
 .text.wakeup.4718
                0x00000000080030b0       0x70 /tmp/cc9ELrtY.ltrans3.ltrans.o
                0x00000000080030b0                wakeup.4718
 .text._idle_thread.4338
                0x0000000008003120       0x20 /tmp/cc9ELrtY.ltrans3.ltrans.o
                0x0000000008003120                _idle_thread.4338
 .text.SVC_Handler
                0x0000000008003140       0x20 /tmp/cc9ELrtY.ltrans3.ltrans.o
                0x0000000008003140                SVC_Handler
 .text.usart_stop.12172
                0x0000000008003160       0x50 /tmp/cc9ELrtY.ltrans3.ltrans.o
                0x0000000008003160                usart_stop.12172
 .text.spiUnselect
                0x00000000080031b0       0x20 /tmp/cc9ELrtY.ltrans3.ltrans.o
                0x00000000080031b0                spiUnselect
 .text.spiSelect
                0x00000000080031d0       0x20 /tmp/cc9ELrtY.ltrans3.ltrans.o
                0x00000000080031d0                spiSelect
 .text._pal_lld_setgroupmode
                0x00000000080031f0       0xd0 /tmp/cc9ELrtY.ltrans3.ltrans.o
                0x00000000080031f0                _pal_lld_setgroupmode
 .text.dmaStreamRelease
                0x00000000080032c0       0x70 /tmp/cc9ELrtY.ltrans3.ltrans.o
                0x00000000080032c0                dmaStreamRelease
 .text.spiStop  0x0000000008003330       0x60 /tmp/cc9ELrtY.ltrans3.ltrans.o
                0x0000000008003330                spiStop
 .text.dmaStreamAllocate
                0x0000000008003390       0xc0 /tmp/cc9ELrtY.ltrans3.ltrans.o
                0x0000000008003390                dmaStreamAllocate
 .text.spiStart
                0x0000000008003450       0xe0 /tmp/cc9ELrtY.ltrans3.ltrans.o
                0x0000000008003450                spiStart
 .text.chSchDoRescheduleAhead
                0x0000000008003530       0x40 /tmp/cc9ELrtY.ltrans3.ltrans.o
                0x0000000008003530                chSchDoRescheduleAhead
 .text.chSchRescheduleS
                0x0000000008003570       0x20 /tmp/cc9ELrtY.ltrans3.ltrans.o
                0x0000000008003570                chSchRescheduleS
 .text.chSchGoSleepS
                0x0000000008003590       0x30 /tmp/cc9ELrtY.ltrans3.ltrans.o
                0x0000000008003590                chSchGoSleepS
 .text.chThdSuspendS
                0x00000000080035c0       0x30 /tmp/cc9ELrtY.ltrans3.ltrans.o
                0x00000000080035c0                chThdSuspendS
 .text._port_irq_epilogue
                0x00000000080035f0       0x70 /tmp/cc9ELrtY.ltrans3.ltrans.o
                0x00000000080035f0                _port_irq_epilogue
 .text.Vector158
                0x0000000008003660       0x30 /tmp/cc9ELrtY.ltrans3.ltrans.o
                0x0000000008003660                Vector158
 .text.Vector154
                0x0000000008003690       0x30 /tmp/cc9ELrtY.ltrans3.ltrans.o
                0x0000000008003690                Vector154
 .text.Vector150
                0x00000000080036c0       0x30 /tmp/cc9ELrtY.ltrans3.ltrans.o
                0x00000000080036c0                Vector150
 .text.Vector130
                0x00000000080036f0       0x30 /tmp/cc9ELrtY.ltrans3.ltrans.o
                0x00000000080036f0                Vector130
 .text.Vector12C
                0x0000000008003720       0x30 /tmp/cc9ELrtY.ltrans3.ltrans.o
                0x0000000008003720                Vector12C
 .text.Vector128
                0x0000000008003750       0x30 /tmp/cc9ELrtY.ltrans3.ltrans.o
                0x0000000008003750                Vector128
 .text.Vector124
                0x0000000008003780       0x30 /tmp/cc9ELrtY.ltrans3.ltrans.o
                0x0000000008003780                Vector124
 .text.Vector120
                0x00000000080037b0       0x30 /tmp/cc9ELrtY.ltrans3.ltrans.o
                0x00000000080037b0                Vector120
 .text.VectorFC
                0x00000000080037e0       0x30 /tmp/cc9ELrtY.ltrans3.ltrans.o
                0x00000000080037e0                VectorFC
 .text.Vector84
                0x0000000008003810       0x30 /tmp/cc9ELrtY.ltrans3.ltrans.o
                0x0000000008003810                Vector84
 .text.Vector80
                0x0000000008003840       0x30 /tmp/cc9ELrtY.ltrans3.ltrans.o
                0x0000000008003840                Vector80
 .text.Vector7C
                0x0000000008003870       0x30 /tmp/cc9ELrtY.ltrans3.ltrans.o
                0x0000000008003870                Vector7C
 .text.Vector78
                0x00000000080038a0       0x30 /tmp/cc9ELrtY.ltrans3.ltrans.o
                0x00000000080038a0                Vector78
 .text.Vector74
                0x00000000080038d0       0x30 /tmp/cc9ELrtY.ltrans3.ltrans.o
                0x00000000080038d0                Vector74
 .text.Vector70
                0x0000000008003900       0x30 /tmp/cc9ELrtY.ltrans3.ltrans.o
                0x0000000008003900                Vector70
 .text.Vector6C
                0x0000000008003930       0x30 /tmp/cc9ELrtY.ltrans3.ltrans.o
                0x0000000008003930                Vector6C
 .text.chSchReadyI
                0x0000000008003960       0x30 /tmp/cc9ELrtY.ltrans3.ltrans.o
                0x0000000008003960                chSchReadyI
 .text.chEvtBroadcastFlagsI
                0x0000000008003990       0x60 /tmp/cc9ELrtY.ltrans3.ltrans.o
                0x0000000008003990                chEvtBroadcastFlagsI
 .text.chMtxLockS
                0x00000000080039f0       0xd0 /tmp/cc9ELrtY.ltrans3.ltrans.o
                0x00000000080039f0                chMtxLockS
 .text.chThdResumeI
                0x0000000008003ac0       0x20 /tmp/cc9ELrtY.ltrans3.ltrans.o
                0x0000000008003ac0                chThdResumeI
 .text.i2c_lld_serve_error_interrupt.11412.4283
                0x0000000008003ae0       0xb0 /tmp/cc9ELrtY.ltrans3.ltrans.o
 .text.Vector164
                0x0000000008003b90       0x30 /tmp/cc9ELrtY.ltrans3.ltrans.o
                0x0000000008003b90                Vector164
 .text.VectorC0
                0x0000000008003bc0       0x30 /tmp/cc9ELrtY.ltrans3.ltrans.o
                0x0000000008003bc0                VectorC0
 .text.i2c_lld_serve_event_interrupt.11409.4326
                0x0000000008003bf0      0x100 /tmp/cc9ELrtY.ltrans3.ltrans.o
 .text.Vector160
                0x0000000008003cf0       0x20 /tmp/cc9ELrtY.ltrans3.ltrans.o
                0x0000000008003cf0                Vector160
 .text.VectorBC
                0x0000000008003d10       0x20 /tmp/cc9ELrtY.ltrans3.ltrans.o
                0x0000000008003d10                VectorBC
 .text.chTMStopMeasurementX
                0x0000000008003d30       0x50 /tmp/cc9ELrtY.ltrans3.ltrans.o
                0x0000000008003d30                chTMStopMeasurementX
 .text._unhandled_exception.4509
                0x0000000008003d80       0x10 /tmp/cc9ELrtY.ltrans3.ltrans.o
                0x0000000008003d80                Vector58
                0x0000000008003d80                VectorE8
                0x0000000008003d80                Vector9C
                0x0000000008003d80                VectorAC
                0x0000000008003d80                DebugMon_Handler
                0x0000000008003d80                Vector1A0
                0x0000000008003d80                Vector5C
                0x0000000008003d80                Vector11C
                0x0000000008003d80                HardFault_Handler
                0x0000000008003d80                Vector1B8
                0x0000000008003d80                Vector19C
                0x0000000008003d80                Vector8C
                0x0000000008003d80                SysTick_Handler
                0x0000000008003d80                VectorDC
                0x0000000008003d80                PendSV_Handler
                0x0000000008003d80                Vector168
                0x0000000008003d80                NMI_Handler
                0x0000000008003d80                Vector110
                0x0000000008003d80                VectorC8
                0x0000000008003d80                Vector94
                0x0000000008003d80                VectorA8
                0x0000000008003d80                VectorB4
                0x0000000008003d80                Vector1B0
                0x0000000008003d80                UsageFault_Handler
                0x0000000008003d80                VectorEC
                0x0000000008003d80                Vector40
                0x0000000008003d80                VectorF8
                0x0000000008003d80                Vector108
                0x0000000008003d80                Vector190
                0x0000000008003d80                Vector148
                0x0000000008003d80                Vector188
                0x0000000008003d80                Vector198
                0x0000000008003d80                Vector118
                0x0000000008003d80                Vector64
                0x0000000008003d80                VectorCC
                0x0000000008003d80                Vector54
                0x0000000008003d80                Vector98
                0x0000000008003d80                Vector138
                0x0000000008003d80                Vector24
                0x0000000008003d80                Vector1AC
                0x0000000008003d80                Vector178
                0x0000000008003d80                Vector1A4
                0x0000000008003d80                VectorD0
                0x0000000008003d80                Vector1B4
                0x0000000008003d80                Vector140
                0x0000000008003d80                VectorE4
                0x0000000008003d80                Vector134
                0x0000000008003d80                VectorF0
                0x0000000008003d80                Vector13C
                0x0000000008003d80                Vector100
                0x0000000008003d80                VectorE0
                0x0000000008003d80                VectorF4
                0x0000000008003d80                MemManage_Handler
                0x0000000008003d80                VectorA0
                0x0000000008003d80                VectorC4
                0x0000000008003d80                Vector180
                0x0000000008003d80                Vector90
                0x0000000008003d80                Vector114
                0x0000000008003d80                Vector60
                0x0000000008003d80                Vector1C
                0x0000000008003d80                Vector1BC
                0x0000000008003d80                Vector17C
                0x0000000008003d80                Vector48
                0x0000000008003d80                Vector1A8
                0x0000000008003d80                Vector16C
                0x0000000008003d80                Vector4C
                0x0000000008003d80                Vector144
                0x0000000008003d80                Vector68
                0x0000000008003d80                Vector170
                0x0000000008003d80                Vector104
                0x0000000008003d80                Vector184
                0x0000000008003d80                Vector10C
                0x0000000008003d80                Vector14C
                0x0000000008003d80                BusFault_Handler
                0x0000000008003d80                Vector50
                0x0000000008003d80                Vector194
                0x0000000008003d80                Vector44
                0x0000000008003d80                Vector28
                0x0000000008003d80                VectorB8
                0x0000000008003d80                Vector34
                0x0000000008003d80                VectorA4
                0x0000000008003d80                Vector20
                0x0000000008003d80                Vector18C
                0x0000000008003d80                Vector174
 .text.mmc_write.9978
                0x0000000008003d90       0x60 /tmp/cc9ELrtY.ltrans4.ltrans.o
                0x0000000008003d90                mmc_write.9978
 .text.serve_interrupt.12021.4221
                0x0000000008003df0      0x1a0 /tmp/cc9ELrtY.ltrans4.ltrans.o
 .text.Vector15C
                0x0000000008003f90       0x20 /tmp/cc9ELrtY.ltrans4.ltrans.o
                0x0000000008003f90                Vector15C
 .text.VectorD8
                0x0000000008003fb0       0x20 /tmp/cc9ELrtY.ltrans4.ltrans.o
                0x0000000008003fb0                VectorD8
 .text.check_fs.12822.4378
                0x0000000008003fd0       0xa0 /tmp/cc9ELrtY.ltrans4.ltrans.o
 .text.mmcConnect
                0x0000000008004070      0x180 /tmp/cc9ELrtY.ltrans4.ltrans.o
                0x0000000008004070                mmcConnect
 .text.f_mount  0x00000000080041f0      0x360 /tmp/cc9ELrtY.ltrans4.ltrans.o
                0x00000000080041f0                f_mount
 .text.strcpy   0x0000000008004550       0xbc /usr/bin/../lib/gcc/arm-none-eabi/4.8.4/../../../../arm-none-eabi/lib/armv7e-m/fpu/libc.a(lib_a-strcpy.o)
                0x0000000008004550                strcpy
 *fill*         0x000000000800460c        0x4 
 .text.strlen   0x0000000008004610       0x60 /usr/bin/../lib/gcc/arm-none-eabi/4.8.4/../../../../arm-none-eabi/lib/armv7e-m/fpu/libc.a(lib_a-strlen.o)
                0x0000000008004610                strlen
 .text.strncmp  0x0000000008004670       0xb4 /usr/bin/../lib/gcc/arm-none-eabi/4.8.4/../../../../arm-none-eabi/lib/armv7e-m/fpu/libc.a(lib_a-strncmp.o)
                0x0000000008004670                strncmp
 *(.rodata)
 *(.rodata.*)
 *fill*         0x0000000008004724        0xc 
 .rodata.pow10.13100.4767
                0x0000000008004730       0x24 /tmp/cc9ELrtY.ltrans0.ltrans.o
 *fill*         0x0000000008004754        0xc 
 .rodata.str1.4
                0x0000000008004760       0x14 /tmp/cc9ELrtY.ltrans0.ltrans.o
 *fill*         0x0000000008004774        0xc 
 .rodata.stopcmd.7716.10003.4760
                0x0000000008004780        0x8 /tmp/cc9ELrtY.ltrans0.ltrans.o
 *fill*         0x0000000008004788        0x8 
 .rodata.crc7_lookup_table.10006.4707
                0x0000000008004790      0x100 /tmp/cc9ELrtY.ltrans1.ltrans.o
 .rodata.vmt.10284
                0x0000000008004890       0x20 /tmp/cc9ELrtY.ltrans1.ltrans.o
                0x0000000008004890                vmt.10284
 .rodata.str1.4
                0x00000000080048b0        0xc /tmp/cc9ELrtY.ltrans1.ltrans.o
                                         0x18 (size before relaxing)
 *fill*         0x00000000080048bc        0x4 
 .rodata.start.7727.10005.4706
                0x00000000080048c0        0x4 /tmp/cc9ELrtY.ltrans1.ltrans.o
 *fill*         0x00000000080048c4        0xc 
 .rodata._stm32_dma_streams
                0x00000000080048d0       0xc0 /tmp/cc9ELrtY.ltrans2.ltrans.o
 .rodata.ch_debug
                0x0000000008004990       0x18 /tmp/cc9ELrtY.ltrans2.ltrans.o
 *fill*         0x00000000080049a8        0x8 
 .rodata.str1.4
                0x00000000080049b0      0x15e /tmp/cc9ELrtY.ltrans2.ltrans.o
                                        0x164 (size before relaxing)
 *fill*         0x0000000008004b0e        0x2 
 .rodata.mmc_vmt.10007.5072
                0x0000000008004b10       0x20 /tmp/cc9ELrtY.ltrans2.ltrans.o
 .rodata.str1.4
                0x0000000008004b30        0x8 /tmp/cc9ELrtY.ltrans3.ltrans.o
 *fill*         0x0000000008004b38        0x8 
 .rodata.stop.7733.10004
                0x0000000008004b40        0x4 /tmp/cc9ELrtY.ltrans4.ltrans.o
                0x0000000008004b40                stop.7733.10004
 *(.glue_7t)
 .glue_7t       0x0000000000000000        0x0 linker stubs
 *(.glue_7)
 .glue_7        0x0000000000000000        0x0 linker stubs
 *(.gcc*)

.vfp11_veneer   0x0000000008004b44        0x0
 .vfp11_veneer  0x0000000000000000        0x0 linker stubs

.v4_bx          0x0000000008004b44        0x0
 .v4_bx         0x0000000000000000        0x0 linker stubs

.iplt           0x0000000008004b44        0x0
 .iplt          0x0000000000000000        0x0 build/obj/chcoreasm_v7m.o

.rel.dyn        0x0000000008004b44        0x0
 .rel.iplt      0x0000000000000000        0x0 build/obj/chcoreasm_v7m.o

.ARM.extab
 *(.ARM.extab* .gnu.linkonce.armextab.*)

.ARM.exidx      0x0000000008004b44        0x0
                0x0000000008004b44                PROVIDE (__exidx_start, .)
 *(.ARM.exidx* .gnu.linkonce.armexidx.*)
                0x0000000008004b44                PROVIDE (__exidx_end, .)

.eh_frame_hdr
 *(.eh_frame_hdr)

.eh_frame
 *(.eh_frame)

.textalign      0x0000000008004b44        0x4
                0x0000000008004b48                . = ALIGN (0x8)
 *fill*         0x0000000008004b44        0x4 
                0x0000000008004b48                . = ALIGN (0x4)
                0x0000000008004b48                _etext = .
                0x0000000008004b48                _textdata = _etext

.stacks         0x0000000020000000      0x800
                0x0000000020000000                . = ALIGN (0x8)
                0x0000000020000000                __main_stack_base__ = .
                0x0000000020000400                . = (. + __main_stack_size__)
 *fill*         0x0000000020000000      0x400 
                0x0000000020000400                . = ALIGN (0x8)
                0x0000000020000400                __main_stack_end__ = .
                0x0000000020000400                __process_stack_base__ = .
                0x0000000020000400                __main_thread_stack_base__ = .
                0x0000000020000800                . = (. + __process_stack_size__)
 *fill*         0x0000000020000400      0x400 
                0x0000000020000800                . = ALIGN (0x8)
                0x0000000020000800                __process_stack_end__ = .
                0x0000000020000800                __main_thread_stack_end__ = .

.data           0x0000000020000800       0x50 load address 0x0000000008004b48
                0x0000000020000800                . = ALIGN (0x4)
                0x0000000020000800                PROVIDE (_data, .)
 *(.data)
 *(.data.*)
 .data.lsCfg.15906.4999
                0x0000000020000800        0xc /tmp/cc9ELrtY.ltrans2.ltrans.o
 .data.serCfg.16695.5001
                0x000000002000080c        0xc /tmp/cc9ELrtY.ltrans2.ltrans.o
 .data.serGpsCfg.15552.5003
                0x0000000020000818       0x20 /tmp/cc9ELrtY.ltrans2.ltrans.o
 .data.hsCfg.15907.5000
                0x0000000020000838        0xc /tmp/cc9ELrtY.ltrans2.ltrans.o
 .data.mmcCfg.15904.4997
                0x0000000020000844        0xc /tmp/cc9ELrtY.ltrans2.ltrans.o
 *(.ramtext)
                0x0000000020000850                . = ALIGN (0x4)
                0x0000000020000850                PROVIDE (_edata, .)

.igot.plt       0x0000000020000850        0x0 load address 0x0000000008004b98
 .igot.plt      0x0000000000000000        0x0 build/obj/chcoreasm_v7m.o

.bss            0x0000000020000850     0x16ac
                0x0000000020000850                . = ALIGN (0x4)
                0x0000000020000850                PROVIDE (_bss_start, .)
 *(.bss)
 *(.bss.*)
 .bss.dummyrx.11760.4764
                0x0000000020000850        0x2 /tmp/cc9ELrtY.ltrans0.ltrans.o
 *fill*         0x0000000020000852        0x2 
 .bss.tokBuf.15554
                0x0000000020000854       0x14 /tmp/cc9ELrtY.ltrans1.ltrans.o
                0x0000000020000854                tokBuf.15554
 .bss.gpsSem    0x0000000020000868        0xc /tmp/cc9ELrtY.ltrans1.ltrans.o
                0x0000000020000868                gpsSem
 .bss.nextmem.6820
                0x0000000020000874        0x4 /tmp/cc9ELrtY.ltrans2.ltrans.o
                0x0000000020000874                nextmem.6820
 .bss.default_heap.6947.5116
                0x0000000020000878       0x20 /tmp/cc9ELrtY.ltrans2.ltrans.o
 .bss.DEBUG.16283.4990
                0x0000000020000898        0x4 /tmp/cc9ELrtY.ltrans2.ltrans.o
 .bss.GPS.15553
                0x000000002000089c      0x140 /tmp/cc9ELrtY.ltrans2.ltrans.o
                0x000000002000089c                GPS.15553
 .bss.SPID2     0x00000000200009dc       0x30 /tmp/cc9ELrtY.ltrans2.ltrans.o
                0x00000000200009dc                SPID2
 .bss.SD2       0x0000000020000a0c      0x458 /tmp/cc9ELrtY.ltrans2.ltrans.o
                0x0000000020000a0c                SD2
 .bss.serialPort.15908.4988
                0x0000000020000e64        0x4 /tmp/cc9ELrtY.ltrans2.ltrans.o
 .bss.SD6       0x0000000020000e68      0x458 /tmp/cc9ELrtY.ltrans2.ltrans.o
                0x0000000020000e68                SD6
 .bss.waGps.16697.5069
                0x00000000200012c0      0x658 /tmp/cc9ELrtY.ltrans2.ltrans.o
 .bss._idle_thread_wa.4385.5115
                0x0000000020001918      0x160 /tmp/cc9ELrtY.ltrans2.ltrans.o
 .bss.ch        0x0000000020001a78       0x34 /tmp/cc9ELrtY.ltrans2.ltrans.o
                0x0000000020001a78                ch
 .bss.sd.16690.4994
                0x0000000020001aac       0x10 /tmp/cc9ELrtY.ltrans2.ltrans.o
 .bss.FS.15903.5071
                0x0000000020001abc      0x230 /tmp/cc9ELrtY.ltrans2.ltrans.o
 .bss.dma_isr_redir.10833
                0x0000000020001cec       0x80 /tmp/cc9ELrtY.ltrans2.ltrans.o
                0x0000000020001cec                dma_isr_redir.10833
 .bss.dma_streams_mask.10838
                0x0000000020001d6c        0x4 /tmp/cc9ELrtY.ltrans2.ltrans.o
                0x0000000020001d6c                dma_streams_mask.10838
 .bss.SPID3     0x0000000020001d70       0x30 /tmp/cc9ELrtY.ltrans2.ltrans.o
                0x0000000020001d70                SPID3
 .bss.ADCD1     0x0000000020001da0       0x34 /tmp/cc9ELrtY.ltrans2.ltrans.o
                0x0000000020001da0                ADCD1
 .bss.dummytx.11758
                0x0000000020001dd4        0x2 /tmp/cc9ELrtY.ltrans2.ltrans.o
                0x0000000020001dd4                dummytx.11758
 *fill*         0x0000000020001dd6        0x2 
 .bss.logger.16689.4993
                0x0000000020001dd8       0x10 /tmp/cc9ELrtY.ltrans2.ltrans.o
 .bss.endmem.6822
                0x0000000020001de8        0x4 /tmp/cc9ELrtY.ltrans2.ltrans.o
                0x0000000020001de8                endmem.6822
 .bss.mainthread.6320.4386.5004
                0x0000000020001dec       0x44 /tmp/cc9ELrtY.ltrans2.ltrans.o
 .bss.SD.15909.4989
                0x0000000020001e30        0x4 /tmp/cc9ELrtY.ltrans2.ltrans.o
 .bss.MMCD1     0x0000000020001e34       0x34 /tmp/cc9ELrtY.ltrans2.ltrans.o
                0x0000000020001e34                MMCD1
 .bss.I2CD1     0x0000000020001e68       0x38 /tmp/cc9ELrtY.ltrans2.ltrans.o
                0x0000000020001e68                I2CD1
 .bss.I2CD3     0x0000000020001ea0       0x38 /tmp/cc9ELrtY.ltrans2.ltrans.o
                0x0000000020001ea0                I2CD3
 .bss.UARTD1    0x0000000020001ed8       0x1c /tmp/cc9ELrtY.ltrans2.ltrans.o
                0x0000000020001ed8                UARTD1
 .bss.FatFs.13002.4456
                0x0000000020001ef4        0x4 /tmp/cc9ELrtY.ltrans4.ltrans.o
 .bss.Fsid.13003.4457
                0x0000000020001ef8        0x2 /tmp/cc9ELrtY.ltrans4.ltrans.o
 *(COMMON)
                0x0000000020001efc                . = ALIGN (0x4)
 *fill*         0x0000000020001efa        0x2 
                0x0000000020001efc                PROVIDE (_bss_end, .)
                0x0000000020001efc                PROVIDE (end, .)
                0x0000000020001efc                _end = .
                0x0000000020001efc                __heap_base__ = _end
                0x0000000020018000                __heap_end__ = __ram_end__
                0x0000000000000400                __process_stack_size__ = 0x400
                0x0000000000000400                __main_stack_size__ = 0x400
START GROUP
LOAD /usr/bin/../lib/gcc/arm-none-eabi/4.8.4/armv7e-m/fpu/libgcc.a
LOAD /usr/bin/../lib/gcc/arm-none-eabi/4.8.4/../../../../arm-none-eabi/lib/armv7e-m/fpu/libc.a
END GROUP
OUTPUT(build/aoss584Lab.elf elf32-littlearm)

.ARM.attributes
                0x0000000000000000       0x35
 .ARM.attributes
                0x0000000000000000       0x25 build/obj/chcoreasm_v7m.o
 .ARM.attributes
                0x0000000000000025       0x37 /tmp/cc9ELrtY.ltrans0.ltrans.o
 .ARM.attributes
                0x000000000000005c       0x37 /tmp/cc9ELrtY.ltrans1.ltrans.o
 .ARM.attributes
                0x0000000000000093       0x37 /tmp/cc9ELrtY.ltrans2.ltrans.o
 .ARM.attributes
                0x00000000000000ca       0x37 /tmp/cc9ELrtY.ltrans3.ltrans.o
 .ARM.attributes
                0x0000000000000101       0x37 /tmp/cc9ELrtY.ltrans4.ltrans.o
 .ARM.attributes
                0x0000000000000138       0x22 /usr/bin/../lib/gcc/arm-none-eabi/4.8.4/armv7e-m/fpu/libgcc.a(_arm_addsubdf3.o)
 .ARM.attributes
                0x000000000000015a       0x22 /usr/bin/../lib/gcc/arm-none-eabi/4.8.4/armv7e-m/fpu/libgcc.a(_arm_muldivdf3.o)
 .ARM.attributes
                0x000000000000017c       0x22 /usr/bin/../lib/gcc/arm-none-eabi/4.8.4/armv7e-m/fpu/libgcc.a(_arm_fixdfsi.o)
 .ARM.attributes
                0x000000000000019e       0x22 /usr/bin/../lib/gcc/arm-none-eabi/4.8.4/armv7e-m/fpu/libgcc.a(_arm_truncdfsf2.o)
 .ARM.attributes
                0x00000000000001c0       0x34 /usr/bin/../lib/gcc/arm-none-eabi/4.8.4/../../../../arm-none-eabi/lib/armv7e-m/fpu/libc.a(lib_a-strcpy.o)
 .ARM.attributes
                0x00000000000001f4       0x34 /usr/bin/../lib/gcc/arm-none-eabi/4.8.4/../../../../arm-none-eabi/lib/armv7e-m/fpu/libc.a(lib_a-strlen.o)
 .ARM.attributes
                0x0000000000000228       0x34 /usr/bin/../lib/gcc/arm-none-eabi/4.8.4/../../../../arm-none-eabi/lib/armv7e-m/fpu/libc.a(lib_a-strncmp.o)

.comment        0x0000000000000000       0x70
 .comment       0x0000000000000000       0x70 /tmp/cc9ELrtY.ltrans0.ltrans.o
                                         0x71 (size before relaxing)
 .comment       0x0000000000000000       0x71 /tmp/cc9ELrtY.ltrans1.ltrans.o
 .comment       0x0000000000000000       0x71 /tmp/cc9ELrtY.ltrans2.ltrans.o
 .comment       0x0000000000000000       0x71 /tmp/cc9ELrtY.ltrans3.ltrans.o
 .comment       0x0000000000000000       0x71 /tmp/cc9ELrtY.ltrans4.ltrans.o

.debug_frame    0x0000000000000000       0x68
 .debug_frame   0x0000000000000000       0x20 /usr/bin/../lib/gcc/arm-none-eabi/4.8.4/../../../../arm-none-eabi/lib/armv7e-m/fpu/libc.a(lib_a-strcpy.o)
 .debug_frame   0x0000000000000020       0x20 /usr/bin/../lib/gcc/arm-none-eabi/4.8.4/../../../../arm-none-eabi/lib/armv7e-m/fpu/libc.a(lib_a-strlen.o)
 .debug_frame   0x0000000000000040       0x28 /usr/bin/../lib/gcc/arm-none-eabi/4.8.4/../../../../arm-none-eabi/lib/armv7e-m/fpu/libc.a(lib_a-strncmp.o)

Cross Reference Table

Symbol                                            File
ADCD1                                             /tmp/cc9ELrtY.ltrans2.ltrans.o
                                                  /tmp/cc9ELrtY.ltrans0.ltrans.o
BusFault_Handler                                  /tmp/cc9ELrtY.ltrans3.ltrans.o
                                                  /tmp/cc9ELrtY.ltrans2.ltrans.o
DebugMon_Handler                                  /tmp/cc9ELrtY.ltrans3.ltrans.o
                                                  /tmp/cc9ELrtY.ltrans2.ltrans.o
GPS.15553                                         /tmp/cc9ELrtY.ltrans2.ltrans.o
                                                  /tmp/cc9ELrtY.ltrans1.ltrans.o
                                                  /tmp/cc9ELrtY.ltrans0.ltrans.o
HardFault_Handler                                 /tmp/cc9ELrtY.ltrans3.ltrans.o
                                                  /tmp/cc9ELrtY.ltrans2.ltrans.o
I2CD1                                             /tmp/cc9ELrtY.ltrans2.ltrans.o
                                                  /tmp/cc9ELrtY.ltrans3.ltrans.o
I2CD3                                             /tmp/cc9ELrtY.ltrans2.ltrans.o
                                                  /tmp/cc9ELrtY.ltrans3.ltrans.o
MMCD1                                             /tmp/cc9ELrtY.ltrans2.ltrans.o
                                                  /tmp/cc9ELrtY.ltrans4.ltrans.o
                                                  /tmp/cc9ELrtY.ltrans1.ltrans.o
MemManage_Handler                                 /tmp/cc9ELrtY.ltrans3.ltrans.o
                                                  /tmp/cc9ELrtY.ltrans2.ltrans.o
NMI_Handler                                       /tmp/cc9ELrtY.ltrans3.ltrans.o
                                                  /tmp/cc9ELrtY.ltrans2.ltrans.o
PendSV_Handler                                    /tmp/cc9ELrtY.ltrans3.ltrans.o
                                                  /tmp/cc9ELrtY.ltrans2.ltrans.o
Reset_Handler                                     /tmp/cc9ELrtY.ltrans2.ltrans.o
SD2                                               /tmp/cc9ELrtY.ltrans2.ltrans.o
                                                  /tmp/cc9ELrtY.ltrans4.ltrans.o
SD6                                               /tmp/cc9ELrtY.ltrans2.ltrans.o
                                                  /tmp/cc9ELrtY.ltrans4.ltrans.o
                                                  /tmp/cc9ELrtY.ltrans0.ltrans.o
SPID2                                             /tmp/cc9ELrtY.ltrans2.ltrans.o
                                                  /tmp/cc9ELrtY.ltrans3.ltrans.o
SPID3                                             /tmp/cc9ELrtY.ltrans2.ltrans.o
                                                  /tmp/cc9ELrtY.ltrans3.ltrans.o
SVC_Handler                                       /tmp/cc9ELrtY.ltrans3.ltrans.o
                                                  /tmp/cc9ELrtY.ltrans2.ltrans.o
SysTick_Handler                                   /tmp/cc9ELrtY.ltrans3.ltrans.o
                                                  /tmp/cc9ELrtY.ltrans2.ltrans.o
UARTD1                                            /tmp/cc9ELrtY.ltrans2.ltrans.o
                                                  /tmp/cc9ELrtY.ltrans1.ltrans.o
                                                  /tmp/cc9ELrtY.ltrans0.ltrans.o
UsageFault_Handler                                /tmp/cc9ELrtY.ltrans3.ltrans.o
                                                  /tmp/cc9ELrtY.ltrans2.ltrans.o
Vector100                                         /tmp/cc9ELrtY.ltrans3.ltrans.o
                                                  /tmp/cc9ELrtY.ltrans2.ltrans.o
Vector104                                         /tmp/cc9ELrtY.ltrans3.ltrans.o
                                                  /tmp/cc9ELrtY.ltrans2.ltrans.o
Vector108                                         /tmp/cc9ELrtY.ltrans3.ltrans.o
                                                  /tmp/cc9ELrtY.ltrans2.ltrans.o
Vector10C                                         /tmp/cc9ELrtY.ltrans3.ltrans.o
                                                  /tmp/cc9ELrtY.ltrans2.ltrans.o
Vector110                                         /tmp/cc9ELrtY.ltrans3.ltrans.o
                                                  /tmp/cc9ELrtY.ltrans2.ltrans.o
Vector114                                         /tmp/cc9ELrtY.ltrans3.ltrans.o
                                                  /tmp/cc9ELrtY.ltrans2.ltrans.o
Vector118                                         /tmp/cc9ELrtY.ltrans3.ltrans.o
                                                  /tmp/cc9ELrtY.ltrans2.ltrans.o
Vector11C                                         /tmp/cc9ELrtY.ltrans3.ltrans.o
                                                  /tmp/cc9ELrtY.ltrans2.ltrans.o
Vector120                                         /tmp/cc9ELrtY.ltrans3.ltrans.o
                                                  /tmp/cc9ELrtY.ltrans2.ltrans.o
Vector124                                         /tmp/cc9ELrtY.ltrans3.ltrans.o
                                                  /tmp/cc9ELrtY.ltrans2.ltrans.o
Vector128                                         /tmp/cc9ELrtY.ltrans3.ltrans.o
                                                  /tmp/cc9ELrtY.ltrans2.ltrans.o
Vector12C                                         /tmp/cc9ELrtY.ltrans3.ltrans.o
                                                  /tmp/cc9ELrtY.ltrans2.ltrans.o
Vector130                                         /tmp/cc9ELrtY.ltrans3.ltrans.o
                                                  /tmp/cc9ELrtY.ltrans2.ltrans.o
Vector134                                         /tmp/cc9ELrtY.ltrans3.ltrans.o
                                                  /tmp/cc9ELrtY.ltrans2.ltrans.o
Vector138                                         /tmp/cc9ELrtY.ltrans3.ltrans.o
                                                  /tmp/cc9ELrtY.ltrans2.ltrans.o
Vector13C                                         /tmp/cc9ELrtY.ltrans3.ltrans.o
                                                  /tmp/cc9ELrtY.ltrans2.ltrans.o
Vector140                                         /tmp/cc9ELrtY.ltrans3.ltrans.o
                                                  /tmp/cc9ELrtY.ltrans2.ltrans.o
Vector144                                         /tmp/cc9ELrtY.ltrans3.ltrans.o
                                                  /tmp/cc9ELrtY.ltrans2.ltrans.o
Vector148                                         /tmp/cc9ELrtY.ltrans3.ltrans.o
                                                  /tmp/cc9ELrtY.ltrans2.ltrans.o
Vector14C                                         /tmp/cc9ELrtY.ltrans3.ltrans.o
                                                  /tmp/cc9ELrtY.ltrans2.ltrans.o
Vector150                                         /tmp/cc9ELrtY.ltrans3.ltrans.o
                                                  /tmp/cc9ELrtY.ltrans2.ltrans.o
Vector154                                         /tmp/cc9ELrtY.ltrans3.ltrans.o
                                                  /tmp/cc9ELrtY.ltrans2.ltrans.o
Vector158                                         /tmp/cc9ELrtY.ltrans3.ltrans.o
                                                  /tmp/cc9ELrtY.ltrans2.ltrans.o
Vector15C                                         /tmp/cc9ELrtY.ltrans4.ltrans.o
                                                  /tmp/cc9ELrtY.ltrans2.ltrans.o
Vector160                                         /tmp/cc9ELrtY.ltrans3.ltrans.o
                                                  /tmp/cc9ELrtY.ltrans2.ltrans.o
Vector164                                         /tmp/cc9ELrtY.ltrans3.ltrans.o
                                                  /tmp/cc9ELrtY.ltrans2.ltrans.o
Vector168                                         /tmp/cc9ELrtY.ltrans3.ltrans.o
                                                  /tmp/cc9ELrtY.ltrans2.ltrans.o
Vector16C                                         /tmp/cc9ELrtY.ltrans3.ltrans.o
                                                  /tmp/cc9ELrtY.ltrans2.ltrans.o
Vector170                                         /tmp/cc9ELrtY.ltrans3.ltrans.o
                                                  /tmp/cc9ELrtY.ltrans2.ltrans.o
Vector174                                         /tmp/cc9ELrtY.ltrans3.ltrans.o
                                                  /tmp/cc9ELrtY.ltrans2.ltrans.o
Vector178                                         /tmp/cc9ELrtY.ltrans3.ltrans.o
                                                  /tmp/cc9ELrtY.ltrans2.ltrans.o
Vector17C                                         /tmp/cc9ELrtY.ltrans3.ltrans.o
                                                  /tmp/cc9ELrtY.ltrans2.ltrans.o
Vector180                                         /tmp/cc9ELrtY.ltrans3.ltrans.o
                                                  /tmp/cc9ELrtY.ltrans2.ltrans.o
Vector184                                         /tmp/cc9ELrtY.ltrans3.ltrans.o
                                                  /tmp/cc9ELrtY.ltrans2.ltrans.o
Vector188                                         /tmp/cc9ELrtY.ltrans3.ltrans.o
                                                  /tmp/cc9ELrtY.ltrans2.ltrans.o
Vector18C                                         /tmp/cc9ELrtY.ltrans3.ltrans.o
                                                  /tmp/cc9ELrtY.ltrans2.ltrans.o
Vector190                                         /tmp/cc9ELrtY.ltrans3.ltrans.o
                                                  /tmp/cc9ELrtY.ltrans2.ltrans.o
Vector194                                         /tmp/cc9ELrtY.ltrans3.ltrans.o
                                                  /tmp/cc9ELrtY.ltrans2.ltrans.o
Vector198                                         /tmp/cc9ELrtY.ltrans3.ltrans.o
                                                  /tmp/cc9ELrtY.ltrans2.ltrans.o
Vector19C                                         /tmp/cc9ELrtY.ltrans3.ltrans.o
                                                  /tmp/cc9ELrtY.ltrans2.ltrans.o
Vector1A0                                         /tmp/cc9ELrtY.ltrans3.ltrans.o
                                                  /tmp/cc9ELrtY.ltrans2.ltrans.o
Vector1A4                                         /tmp/cc9ELrtY.ltrans3.ltrans.o
                                                  /tmp/cc9ELrtY.ltrans2.ltrans.o
Vector1A8                                         /tmp/cc9ELrtY.ltrans3.ltrans.o
                                                  /tmp/cc9ELrtY.ltrans2.ltrans.o
Vector1AC                                         /tmp/cc9ELrtY.ltrans3.ltrans.o
                                                  /tmp/cc9ELrtY.ltrans2.ltrans.o
Vector1B0                                         /tmp/cc9ELrtY.ltrans3.ltrans.o
                                                  /tmp/cc9ELrtY.ltrans2.ltrans.o
Vector1B4                                         /tmp/cc9ELrtY.ltrans3.ltrans.o
                                                  /tmp/cc9ELrtY.ltrans2.ltrans.o
Vector1B8                                         /tmp/cc9ELrtY.ltrans3.ltrans.o
                                                  /tmp/cc9ELrtY.ltrans2.ltrans.o
Vector1BC                                         /tmp/cc9ELrtY.ltrans3.ltrans.o
                                                  /tmp/cc9ELrtY.ltrans2.ltrans.o
Vector1C                                          /tmp/cc9ELrtY.ltrans3.ltrans.o
                                                  /tmp/cc9ELrtY.ltrans2.ltrans.o
Vector20                                          /tmp/cc9ELrtY.ltrans3.ltrans.o
                                                  /tmp/cc9ELrtY.ltrans2.ltrans.o
Vector24                                          /tmp/cc9ELrtY.ltrans3.ltrans.o
                                                  /tmp/cc9ELrtY.ltrans2.ltrans.o
Vector28                                          /tmp/cc9ELrtY.ltrans3.ltrans.o
                                                  /tmp/cc9ELrtY.ltrans2.ltrans.o
Vector34                                          /tmp/cc9ELrtY.ltrans3.ltrans.o
                                                  /tmp/cc9ELrtY.ltrans2.ltrans.o
Vector40                                          /tmp/cc9ELrtY.ltrans3.ltrans.o
                                                  /tmp/cc9ELrtY.ltrans2.ltrans.o
Vector44                                          /tmp/cc9ELrtY.ltrans3.ltrans.o
                                                  /tmp/cc9ELrtY.ltrans2.ltrans.o
Vector48                                          /tmp/cc9ELrtY.ltrans3.ltrans.o
                                                  /tmp/cc9ELrtY.ltrans2.ltrans.o
Vector4C                                          /tmp/cc9ELrtY.ltrans3.ltrans.o
                                                  /tmp/cc9ELrtY.ltrans2.ltrans.o
Vector50                                          /tmp/cc9ELrtY.ltrans3.ltrans.o
                                                  /tmp/cc9ELrtY.ltrans2.ltrans.o
Vector54                                          /tmp/cc9ELrtY.ltrans3.ltrans.o
                                                  /tmp/cc9ELrtY.ltrans2.ltrans.o
Vector58                                          /tmp/cc9ELrtY.ltrans3.ltrans.o
                                                  /tmp/cc9ELrtY.ltrans2.ltrans.o
Vector5C                                          /tmp/cc9ELrtY.ltrans3.ltrans.o
                                                  /tmp/cc9ELrtY.ltrans2.ltrans.o
Vector60                                          /tmp/cc9ELrtY.ltrans3.ltrans.o
                                                  /tmp/cc9ELrtY.ltrans2.ltrans.o
Vector64                                          /tmp/cc9ELrtY.ltrans3.ltrans.o
                                                  /tmp/cc9ELrtY.ltrans2.ltrans.o
Vector68                                          /tmp/cc9ELrtY.ltrans3.ltrans.o
                                                  /tmp/cc9ELrtY.ltrans2.ltrans.o
Vector6C                                          /tmp/cc9ELrtY.ltrans3.ltrans.o
                                                  /tmp/cc9ELrtY.ltrans2.ltrans.o
Vector70                                          /tmp/cc9ELrtY.ltrans3.ltrans.o
                                                  /tmp/cc9ELrtY.ltrans2.ltrans.o
Vector74                                          /tmp/cc9ELrtY.ltrans3.ltrans.o
                                                  /tmp/cc9ELrtY.ltrans2.ltrans.o
Vector78                                          /tmp/cc9ELrtY.ltrans3.ltrans.o
                                                  /tmp/cc9ELrtY.ltrans2.ltrans.o
Vector7C                                          /tmp/cc9ELrtY.ltrans3.ltrans.o
                                                  /tmp/cc9ELrtY.ltrans2.ltrans.o
Vector80                                          /tmp/cc9ELrtY.ltrans3.ltrans.o
                                                  /tmp/cc9ELrtY.ltrans2.ltrans.o
Vector84                                          /tmp/cc9ELrtY.ltrans3.ltrans.o
                                                  /tmp/cc9ELrtY.ltrans2.ltrans.o
Vector88                                          /tmp/cc9ELrtY.ltrans0.ltrans.o
                                                  /tmp/cc9ELrtY.ltrans2.ltrans.o
Vector8C                                          /tmp/cc9ELrtY.ltrans3.ltrans.o
                                                  /tmp/cc9ELrtY.ltrans2.ltrans.o
Vector90                                          /tmp/cc9ELrtY.ltrans3.ltrans.o
                                                  /tmp/cc9ELrtY.ltrans2.ltrans.o
Vector94                                          /tmp/cc9ELrtY.ltrans3.ltrans.o
                                                  /tmp/cc9ELrtY.ltrans2.ltrans.o
Vector98                                          /tmp/cc9ELrtY.ltrans3.ltrans.o
                                                  /tmp/cc9ELrtY.ltrans2.ltrans.o
Vector9C                                          /tmp/cc9ELrtY.ltrans3.ltrans.o
                                                  /tmp/cc9ELrtY.ltrans2.ltrans.o
VectorA0                                          /tmp/cc9ELrtY.ltrans3.ltrans.o
                                                  /tmp/cc9ELrtY.ltrans2.ltrans.o
VectorA4                                          /tmp/cc9ELrtY.ltrans3.ltrans.o
                                                  /tmp/cc9ELrtY.ltrans2.ltrans.o
VectorA8                                          /tmp/cc9ELrtY.ltrans3.ltrans.o
                                                  /tmp/cc9ELrtY.ltrans2.ltrans.o
VectorAC                                          /tmp/cc9ELrtY.ltrans3.ltrans.o
                                                  /tmp/cc9ELrtY.ltrans2.ltrans.o
VectorB0                                          /tmp/cc9ELrtY.ltrans0.ltrans.o
                                                  /tmp/cc9ELrtY.ltrans2.ltrans.o
VectorB4                                          /tmp/cc9ELrtY.ltrans3.ltrans.o
                                                  /tmp/cc9ELrtY.ltrans2.ltrans.o
VectorB8                                          /tmp/cc9ELrtY.ltrans3.ltrans.o
                                                  /tmp/cc9ELrtY.ltrans2.ltrans.o
VectorBC                                          /tmp/cc9ELrtY.ltrans3.ltrans.o
                                                  /tmp/cc9ELrtY.ltrans2.ltrans.o
VectorC0                                          /tmp/cc9ELrtY.ltrans3.ltrans.o
                                                  /tmp/cc9ELrtY.ltrans2.ltrans.o
VectorC4                                          /tmp/cc9ELrtY.ltrans3.ltrans.o
                                                  /tmp/cc9ELrtY.ltrans2.ltrans.o
VectorC8                                          /tmp/cc9ELrtY.ltrans3.ltrans.o
                                                  /tmp/cc9ELrtY.ltrans2.ltrans.o
VectorCC                                          /tmp/cc9ELrtY.ltrans3.ltrans.o
                                                  /tmp/cc9ELrtY.ltrans2.ltrans.o
VectorD0                                          /tmp/cc9ELrtY.ltrans3.ltrans.o
                                                  /tmp/cc9ELrtY.ltrans2.ltrans.o
VectorD4                                          /tmp/cc9ELrtY.ltrans0.ltrans.o
                                                  /tmp/cc9ELrtY.ltrans2.ltrans.o
VectorD8                                          /tmp/cc9ELrtY.ltrans4.ltrans.o
                                                  /tmp/cc9ELrtY.ltrans2.ltrans.o
VectorDC                                          /tmp/cc9ELrtY.ltrans3.ltrans.o
                                                  /tmp/cc9ELrtY.ltrans2.ltrans.o
VectorE0                                          /tmp/cc9ELrtY.ltrans3.ltrans.o
                                                  /tmp/cc9ELrtY.ltrans2.ltrans.o
VectorE4                                          /tmp/cc9ELrtY.ltrans3.ltrans.o
                                                  /tmp/cc9ELrtY.ltrans2.ltrans.o
VectorE8                                          /tmp/cc9ELrtY.ltrans3.ltrans.o
                                                  /tmp/cc9ELrtY.ltrans2.ltrans.o
VectorEC                                          /tmp/cc9ELrtY.ltrans3.ltrans.o
                                                  /tmp/cc9ELrtY.ltrans2.ltrans.o
VectorF0                                          /tmp/cc9ELrtY.ltrans3.ltrans.o
                                                  /tmp/cc9ELrtY.ltrans2.ltrans.o
VectorF4                                          /tmp/cc9ELrtY.ltrans3.ltrans.o
                                                  /tmp/cc9ELrtY.ltrans2.ltrans.o
VectorF8                                          /tmp/cc9ELrtY.ltrans3.ltrans.o
                                                  /tmp/cc9ELrtY.ltrans2.ltrans.o
VectorFC                                          /tmp/cc9ELrtY.ltrans3.ltrans.o
                                                  /tmp/cc9ELrtY.ltrans2.ltrans.o
__adddf3                                          /usr/bin/../lib/gcc/arm-none-eabi/4.8.4/armv7e-m/fpu/libgcc.a(_arm_addsubdf3.o)
__aeabi_d2f                                       /usr/bin/../lib/gcc/arm-none-eabi/4.8.4/armv7e-m/fpu/libgcc.a(_arm_truncdfsf2.o)
                                                  /tmp/cc9ELrtY.ltrans0.ltrans.o
__aeabi_d2iz                                      /usr/bin/../lib/gcc/arm-none-eabi/4.8.4/armv7e-m/fpu/libgcc.a(_arm_fixdfsi.o)
                                                  /tmp/cc9ELrtY.ltrans0.ltrans.o
__aeabi_dadd                                      /usr/bin/../lib/gcc/arm-none-eabi/4.8.4/armv7e-m/fpu/libgcc.a(_arm_addsubdf3.o)
__aeabi_ddiv                                      /usr/bin/../lib/gcc/arm-none-eabi/4.8.4/armv7e-m/fpu/libgcc.a(_arm_muldivdf3.o)
__aeabi_dmul                                      /usr/bin/../lib/gcc/arm-none-eabi/4.8.4/armv7e-m/fpu/libgcc.a(_arm_muldivdf3.o)
                                                  /tmp/cc9ELrtY.ltrans0.ltrans.o
__aeabi_drsub                                     /usr/bin/../lib/gcc/arm-none-eabi/4.8.4/armv7e-m/fpu/libgcc.a(_arm_addsubdf3.o)
__aeabi_dsub                                      /usr/bin/../lib/gcc/arm-none-eabi/4.8.4/armv7e-m/fpu/libgcc.a(_arm_addsubdf3.o)
                                                  /tmp/cc9ELrtY.ltrans0.ltrans.o
__aeabi_f2d                                       /usr/bin/../lib/gcc/arm-none-eabi/4.8.4/armv7e-m/fpu/libgcc.a(_arm_addsubdf3.o)
                                                  /tmp/cc9ELrtY.ltrans0.ltrans.o
__aeabi_i2d                                       /usr/bin/../lib/gcc/arm-none-eabi/4.8.4/armv7e-m/fpu/libgcc.a(_arm_addsubdf3.o)
                                                  /tmp/cc9ELrtY.ltrans0.ltrans.o
__aeabi_l2d                                       /usr/bin/../lib/gcc/arm-none-eabi/4.8.4/armv7e-m/fpu/libgcc.a(_arm_addsubdf3.o)
__aeabi_ui2d                                      /usr/bin/../lib/gcc/arm-none-eabi/4.8.4/armv7e-m/fpu/libgcc.a(_arm_addsubdf3.o)
                                                  /tmp/cc9ELrtY.ltrans0.ltrans.o
__aeabi_ul2d                                      /usr/bin/../lib/gcc/arm-none-eabi/4.8.4/armv7e-m/fpu/libgcc.a(_arm_addsubdf3.o)
__divdf3                                          /usr/bin/../lib/gcc/arm-none-eabi/4.8.4/armv7e-m/fpu/libgcc.a(_arm_muldivdf3.o)
__extendsfdf2                                     /usr/bin/../lib/gcc/arm-none-eabi/4.8.4/armv7e-m/fpu/libgcc.a(_arm_addsubdf3.o)
__fixdfsi                                         /usr/bin/../lib/gcc/arm-none-eabi/4.8.4/armv7e-m/fpu/libgcc.a(_arm_fixdfsi.o)
__floatdidf                                       /usr/bin/../lib/gcc/arm-none-eabi/4.8.4/armv7e-m/fpu/libgcc.a(_arm_addsubdf3.o)
__floatsidf                                       /usr/bin/../lib/gcc/arm-none-eabi/4.8.4/armv7e-m/fpu/libgcc.a(_arm_addsubdf3.o)
__floatundidf                                     /usr/bin/../lib/gcc/arm-none-eabi/4.8.4/armv7e-m/fpu/libgcc.a(_arm_addsubdf3.o)
__floatunsidf                                     /usr/bin/../lib/gcc/arm-none-eabi/4.8.4/armv7e-m/fpu/libgcc.a(_arm_addsubdf3.o)
__heap_base__                                     /tmp/cc9ELrtY.ltrans2.ltrans.o
__heap_end__                                      /tmp/cc9ELrtY.ltrans2.ltrans.o
__init_array_end                                  /tmp/cc9ELrtY.ltrans2.ltrans.o
__init_array_start                                /tmp/cc9ELrtY.ltrans2.ltrans.o
__main_stack_base__                               /tmp/cc9ELrtY.ltrans2.ltrans.o
__main_stack_end__                                /tmp/cc9ELrtY.ltrans2.ltrans.o
__muldf3                                          /usr/bin/../lib/gcc/arm-none-eabi/4.8.4/armv7e-m/fpu/libgcc.a(_arm_muldivdf3.o)
__process_stack_base__                            /tmp/cc9ELrtY.ltrans2.ltrans.o
__process_stack_end__                             /tmp/cc9ELrtY.ltrans2.ltrans.o
__subdf3                                          /usr/bin/../lib/gcc/arm-none-eabi/4.8.4/armv7e-m/fpu/libgcc.a(_arm_addsubdf3.o)
__truncdfsf2                                      /usr/bin/../lib/gcc/arm-none-eabi/4.8.4/armv7e-m/fpu/libgcc.a(_arm_truncdfsf2.o)
_bss_end                                          /tmp/cc9ELrtY.ltrans2.ltrans.o
_bss_start                                        /tmp/cc9ELrtY.ltrans2.ltrans.o
_data                                             /tmp/cc9ELrtY.ltrans2.ltrans.o
_edata                                            /tmp/cc9ELrtY.ltrans2.ltrans.o
_idle_thread.4338                                 /tmp/cc9ELrtY.ltrans3.ltrans.o
                                                  /tmp/cc9ELrtY.ltrans2.ltrans.o
_pal_lld_setgroupmode                             /tmp/cc9ELrtY.ltrans3.ltrans.o
                                                  /tmp/cc9ELrtY.ltrans2.ltrans.o
                                                  /tmp/cc9ELrtY.ltrans0.ltrans.o
_port_exit_from_isr                               build/obj/chcoreasm_v7m.o
                                                  /tmp/cc9ELrtY.ltrans3.ltrans.o
_port_irq_epilogue                                /tmp/cc9ELrtY.ltrans3.ltrans.o
                                                  /tmp/cc9ELrtY.ltrans4.ltrans.o
                                                  /tmp/cc9ELrtY.ltrans0.ltrans.o
_port_switch                                      build/obj/chcoreasm_v7m.o
                                                  /tmp/cc9ELrtY.ltrans3.ltrans.o
                                                  /tmp/cc9ELrtY.ltrans0.ltrans.o
_port_switch_from_isr                             build/obj/chcoreasm_v7m.o
                                                  /tmp/cc9ELrtY.ltrans3.ltrans.o
_port_thread_start                                build/obj/chcoreasm_v7m.o
                                                  /tmp/cc9ELrtY.ltrans2.ltrans.o
_textdata                                         /tmp/cc9ELrtY.ltrans2.ltrans.o
_vectors                                          /tmp/cc9ELrtY.ltrans2.ltrans.o
boardInit                                         /tmp/cc9ELrtY.ltrans0.ltrans.o
                                                  /tmp/cc9ELrtY.ltrans2.ltrans.o
ch                                                /tmp/cc9ELrtY.ltrans2.ltrans.o
                                                  /tmp/cc9ELrtY.ltrans3.ltrans.o
                                                  /tmp/cc9ELrtY.ltrans1.ltrans.o
                                                  /tmp/cc9ELrtY.ltrans0.ltrans.o
chCoreAlloc                                       /tmp/cc9ELrtY.ltrans3.ltrans.o
                                                  /tmp/cc9ELrtY.ltrans2.ltrans.o
chEvtBroadcastFlagsI                              /tmp/cc9ELrtY.ltrans3.ltrans.o
                                                  /tmp/cc9ELrtY.ltrans4.ltrans.o
chMtxLockS                                        /tmp/cc9ELrtY.ltrans3.ltrans.o
                                                  /tmp/cc9ELrtY.ltrans2.ltrans.o
                                                  /tmp/cc9ELrtY.ltrans1.ltrans.o
chMtxUnlock.constprop.38                          /tmp/cc9ELrtY.ltrans0.ltrans.o
                                                  /tmp/cc9ELrtY.ltrans2.ltrans.o
                                                  /tmp/cc9ELrtY.ltrans1.ltrans.o
chOQWriteTimeout                                  /tmp/cc9ELrtY.ltrans0.ltrans.o
                                                  /tmp/cc9ELrtY.ltrans1.ltrans.o
chSchDoReschedule                                 /tmp/cc9ELrtY.ltrans2.ltrans.o
                                                  build/obj/chcoreasm_v7m.o
chSchDoRescheduleAhead                            /tmp/cc9ELrtY.ltrans3.ltrans.o
                                                  /tmp/cc9ELrtY.ltrans2.ltrans.o
chSchGoSleepS                                     /tmp/cc9ELrtY.ltrans3.ltrans.o
                                                  /tmp/cc9ELrtY.ltrans2.ltrans.o
                                                  /tmp/cc9ELrtY.ltrans1.ltrans.o
                                                  /tmp/cc9ELrtY.ltrans0.ltrans.o
chSchGoSleepTimeoutS                              /tmp/cc9ELrtY.ltrans0.ltrans.o
                                                  /tmp/cc9ELrtY.ltrans1.ltrans.o
chSchReadyI                                       /tmp/cc9ELrtY.ltrans3.ltrans.o
                                                  /tmp/cc9ELrtY.ltrans4.ltrans.o
                                                  /tmp/cc9ELrtY.ltrans2.ltrans.o
                                                  /tmp/cc9ELrtY.ltrans1.ltrans.o
                                                  /tmp/cc9ELrtY.ltrans0.ltrans.o
chSchRescheduleS                                  /tmp/cc9ELrtY.ltrans3.ltrans.o
                                                  /tmp/cc9ELrtY.ltrans1.ltrans.o
                                                  /tmp/cc9ELrtY.ltrans0.ltrans.o
chSchWakeupS.constprop.39                         /tmp/cc9ELrtY.ltrans0.ltrans.o
                                                  /tmp/cc9ELrtY.ltrans2.ltrans.o
chTMStartMeasurementX.constprop.18                /tmp/cc9ELrtY.ltrans0.ltrans.o
                                                  /tmp/cc9ELrtY.ltrans2.ltrans.o
chTMStopMeasurementX                              /tmp/cc9ELrtY.ltrans3.ltrans.o
                                                  /tmp/cc9ELrtY.ltrans2.ltrans.o
chThdEnqueueTimeoutS                              /tmp/cc9ELrtY.ltrans0.ltrans.o
                                                  /tmp/cc9ELrtY.ltrans1.ltrans.o
chThdExit                                         /tmp/cc9ELrtY.ltrans2.ltrans.o
                                                  build/obj/chcoreasm_v7m.o
chThdResumeI                                      /tmp/cc9ELrtY.ltrans3.ltrans.o
                                                  /tmp/cc9ELrtY.ltrans0.ltrans.o
chThdSleep                                        /tmp/cc9ELrtY.ltrans1.ltrans.o
                                                  /tmp/cc9ELrtY.ltrans4.ltrans.o
                                                  /tmp/cc9ELrtY.ltrans2.ltrans.o
chThdSuspendS                                     /tmp/cc9ELrtY.ltrans3.ltrans.o
                                                  /tmp/cc9ELrtY.ltrans0.ltrans.o
chprintf.15767                                    /tmp/cc9ELrtY.ltrans0.ltrans.o
                                                  /tmp/cc9ELrtY.ltrans2.ltrans.o
chprintf.16127                                    /tmp/cc9ELrtY.ltrans0.ltrans.o
                                                  /tmp/cc9ELrtY.ltrans2.ltrans.o
chprintf.16627.constprop.36                       /tmp/cc9ELrtY.ltrans0.ltrans.o
                                                  /tmp/cc9ELrtY.ltrans2.ltrans.o
disk_read.constprop.31                            /tmp/cc9ELrtY.ltrans1.ltrans.o
                                                  /tmp/cc9ELrtY.ltrans4.ltrans.o
dmaStreamAllocate                                 /tmp/cc9ELrtY.ltrans3.ltrans.o
                                                  /tmp/cc9ELrtY.ltrans2.ltrans.o
dmaStreamRelease                                  /tmp/cc9ELrtY.ltrans3.ltrans.o
                                                  /tmp/cc9ELrtY.ltrans1.ltrans.o
dma_isr_redir.10833                               /tmp/cc9ELrtY.ltrans2.ltrans.o
                                                  /tmp/cc9ELrtY.ltrans3.ltrans.o
dma_streams_mask.10838                            /tmp/cc9ELrtY.ltrans2.ltrans.o
                                                  /tmp/cc9ELrtY.ltrans3.ltrans.o
dummytx.11758                                     /tmp/cc9ELrtY.ltrans2.ltrans.o
                                                  /tmp/cc9ELrtY.ltrans0.ltrans.o
endmem.6822                                       /tmp/cc9ELrtY.ltrans2.ltrans.o
                                                  /tmp/cc9ELrtY.ltrans3.ltrans.o
f_mount                                           /tmp/cc9ELrtY.ltrans4.ltrans.o
                                                  /tmp/cc9ELrtY.ltrans2.ltrans.o
get.10200                                         /tmp/cc9ELrtY.ltrans1.ltrans.o
get_ldnumber.12788                                /tmp/cc9ELrtY.ltrans0.ltrans.o
                                                  /tmp/cc9ELrtY.ltrans4.ltrans.o
gett.10196                                        /tmp/cc9ELrtY.ltrans1.ltrans.o
gpsRxChar.15483                                   /tmp/cc9ELrtY.ltrans0.ltrans.o
                                                  /tmp/cc9ELrtY.ltrans2.ltrans.o
gpsRxEnd.15471                                    /tmp/cc9ELrtY.ltrans0.ltrans.o
                                                  /tmp/cc9ELrtY.ltrans2.ltrans.o
gpsRxErr.15474                                    /tmp/cc9ELrtY.ltrans0.ltrans.o
                                                  /tmp/cc9ELrtY.ltrans2.ltrans.o
gpsSem                                            /tmp/cc9ELrtY.ltrans1.ltrans.o
                                                  /tmp/cc9ELrtY.ltrans0.ltrans.o
gpsThread                                         /tmp/cc9ELrtY.ltrans1.ltrans.o
                                                  /tmp/cc9ELrtY.ltrans2.ltrans.o
gpsTxC.15468                                      /tmp/cc9ELrtY.ltrans0.ltrans.o
                                                  /tmp/cc9ELrtY.ltrans2.ltrans.o
gpsTxbufEnd.15465                                 /tmp/cc9ELrtY.ltrans0.ltrans.o
                                                  /tmp/cc9ELrtY.ltrans2.ltrans.o
mmcConnect                                        /tmp/cc9ELrtY.ltrans4.ltrans.o
                                                  /tmp/cc9ELrtY.ltrans2.ltrans.o
mmcDisconnect                                     /tmp/cc9ELrtY.ltrans1.ltrans.o
                                                  /tmp/cc9ELrtY.ltrans2.ltrans.o
mmcGetInfo                                        /tmp/cc9ELrtY.ltrans3.ltrans.o
                                                  /tmp/cc9ELrtY.ltrans2.ltrans.o
mmcSequentialRead                                 /tmp/cc9ELrtY.ltrans0.ltrans.o
                                                  /tmp/cc9ELrtY.ltrans1.ltrans.o
mmcSequentialWrite                                /tmp/cc9ELrtY.ltrans1.ltrans.o
                                                  /tmp/cc9ELrtY.ltrans4.ltrans.o
mmcStartSequentialWrite                           /tmp/cc9ELrtY.ltrans1.ltrans.o
                                                  /tmp/cc9ELrtY.ltrans4.ltrans.o
mmcStopSequentialRead.part.7.9923                 /tmp/cc9ELrtY.ltrans0.ltrans.o
                                                  /tmp/cc9ELrtY.ltrans1.ltrans.o
mmcSync                                           /tmp/cc9ELrtY.ltrans1.ltrans.o
                                                  /tmp/cc9ELrtY.ltrans2.ltrans.o
mmc_lld_is_card_inserted                          /tmp/cc9ELrtY.ltrans0.ltrans.o
                                                  /tmp/cc9ELrtY.ltrans2.ltrans.o
mmc_lld_is_write_protected                        /tmp/cc9ELrtY.ltrans0.ltrans.o
                                                  /tmp/cc9ELrtY.ltrans2.ltrans.o
mmc_read.9961                                     /tmp/cc9ELrtY.ltrans1.ltrans.o
                                                  /tmp/cc9ELrtY.ltrans2.ltrans.o
mmc_write.9978                                    /tmp/cc9ELrtY.ltrans4.ltrans.o
                                                  /tmp/cc9ELrtY.ltrans2.ltrans.o
nextmem.6820                                      /tmp/cc9ELrtY.ltrans2.ltrans.o
                                                  /tmp/cc9ELrtY.ltrans3.ltrans.o
notify2.12014                                     /tmp/cc9ELrtY.ltrans3.ltrans.o
                                                  /tmp/cc9ELrtY.ltrans2.ltrans.o
notify6.12011                                     /tmp/cc9ELrtY.ltrans3.ltrans.o
                                                  /tmp/cc9ELrtY.ltrans2.ltrans.o
put.10208                                         /tmp/cc9ELrtY.ltrans1.ltrans.o
putt.10203                                        /tmp/cc9ELrtY.ltrans1.ltrans.o
read.10180                                        /tmp/cc9ELrtY.ltrans1.ltrans.o
read_CxD.9894                                     /tmp/cc9ELrtY.ltrans1.ltrans.o
                                                  /tmp/cc9ELrtY.ltrans4.ltrans.o
readt.10173                                       /tmp/cc9ELrtY.ltrans1.ltrans.o
recvr1.isra.0.9868                                /tmp/cc9ELrtY.ltrans0.ltrans.o
                                                  /tmp/cc9ELrtY.ltrans1.ltrans.o
sdObjectInit.constprop.14                         /tmp/cc9ELrtY.ltrans0.ltrans.o
                                                  /tmp/cc9ELrtY.ltrans2.ltrans.o
send_command_R1.9889                              /tmp/cc9ELrtY.ltrans1.ltrans.o
                                                  /tmp/cc9ELrtY.ltrans4.ltrans.o
send_command_R3.9883                              /tmp/cc9ELrtY.ltrans1.ltrans.o
                                                  /tmp/cc9ELrtY.ltrans4.ltrans.o
spiIgnore                                         /tmp/cc9ELrtY.ltrans0.ltrans.o
                                                  /tmp/cc9ELrtY.ltrans4.ltrans.o
                                                  /tmp/cc9ELrtY.ltrans1.ltrans.o
spiReceive                                        /tmp/cc9ELrtY.ltrans0.ltrans.o
                                                  /tmp/cc9ELrtY.ltrans1.ltrans.o
spiSelect                                         /tmp/cc9ELrtY.ltrans3.ltrans.o
                                                  /tmp/cc9ELrtY.ltrans1.ltrans.o
spiSend                                           /tmp/cc9ELrtY.ltrans0.ltrans.o
                                                  /tmp/cc9ELrtY.ltrans4.ltrans.o
                                                  /tmp/cc9ELrtY.ltrans1.ltrans.o
spiStart                                          /tmp/cc9ELrtY.ltrans3.ltrans.o
                                                  /tmp/cc9ELrtY.ltrans4.ltrans.o
                                                  /tmp/cc9ELrtY.ltrans1.ltrans.o
spiStop                                           /tmp/cc9ELrtY.ltrans3.ltrans.o
                                                  /tmp/cc9ELrtY.ltrans4.ltrans.o
                                                  /tmp/cc9ELrtY.ltrans1.ltrans.o
                                                  /tmp/cc9ELrtY.ltrans0.ltrans.o
spiUnselect                                       /tmp/cc9ELrtY.ltrans3.ltrans.o
                                                  /tmp/cc9ELrtY.ltrans4.ltrans.o
                                                  /tmp/cc9ELrtY.ltrans1.ltrans.o
                                                  /tmp/cc9ELrtY.ltrans0.ltrans.o
spi_lld_serve_rx_interrupt.11704                  /tmp/cc9ELrtY.ltrans0.ltrans.o
                                                  /tmp/cc9ELrtY.ltrans3.ltrans.o
spi_lld_serve_tx_interrupt.11700                  /tmp/cc9ELrtY.ltrans1.ltrans.o
                                                  /tmp/cc9ELrtY.ltrans3.ltrans.o
stop.7733.10004                                   /tmp/cc9ELrtY.ltrans4.ltrans.o
                                                  /tmp/cc9ELrtY.ltrans1.ltrans.o
strcpy                                            /usr/bin/../lib/gcc/arm-none-eabi/4.8.4/../../../../arm-none-eabi/lib/armv7e-m/fpu/libc.a(lib_a-strcpy.o)
                                                  /tmp/cc9ELrtY.ltrans2.ltrans.o
strlen                                            /usr/bin/../lib/gcc/arm-none-eabi/4.8.4/../../../../arm-none-eabi/lib/armv7e-m/fpu/libc.a(lib_a-strlen.o)
                                                  /tmp/cc9ELrtY.ltrans1.ltrans.o
strncmp                                           /usr/bin/../lib/gcc/arm-none-eabi/4.8.4/../../../../arm-none-eabi/lib/armv7e-m/fpu/libc.a(lib_a-strncmp.o)
                                                  /tmp/cc9ELrtY.ltrans1.ltrans.o
sync_window.part.3.12805                          /tmp/cc9ELrtY.ltrans1.ltrans.o
                                                  /tmp/cc9ELrtY.ltrans4.ltrans.o
tokBuf.15554                                      /tmp/cc9ELrtY.ltrans1.ltrans.o
                                                  /tmp/cc9ELrtY.ltrans0.ltrans.o
uStrCpy.constprop.3                               /tmp/cc9ELrtY.ltrans0.ltrans.o
                                                  /tmp/cc9ELrtY.ltrans1.ltrans.o
uStrInsertChar.constprop.2                        /tmp/cc9ELrtY.ltrans0.ltrans.o
                                                  /tmp/cc9ELrtY.ltrans1.ltrans.o
uStrPrependChar                                   /tmp/cc9ELrtY.ltrans0.ltrans.o
                                                  /tmp/cc9ELrtY.ltrans1.ltrans.o
uart_lld_serve_rx_end_irq.12165                   /tmp/cc9ELrtY.ltrans1.ltrans.o
                                                  /tmp/cc9ELrtY.ltrans2.ltrans.o
uart_lld_serve_tx_end_irq.12161                   /tmp/cc9ELrtY.ltrans1.ltrans.o
                                                  /tmp/cc9ELrtY.ltrans2.ltrans.o
usart_stop.12172                                  /tmp/cc9ELrtY.ltrans3.ltrans.o
                                                  /tmp/cc9ELrtY.ltrans2.ltrans.o
                                                  /tmp/cc9ELrtY.ltrans1.ltrans.o
vmt.10284                                         /tmp/cc9ELrtY.ltrans1.ltrans.o
                                                  /tmp/cc9ELrtY.ltrans0.ltrans.o
wakeup.4718                                       /tmp/cc9ELrtY.ltrans3.ltrans.o
                                                  /tmp/cc9ELrtY.ltrans0.ltrans.o
write.10191                                       /tmp/cc9ELrtY.ltrans1.ltrans.o
writet.10185                                      /tmp/cc9ELrtY.ltrans1.ltrans.o
