Archive member included because of file (symbol)

/usr/bin/../lib/gcc/arm-none-eabi/4.8.4/armv7e-m/fpu/libgcc.a(_arm_addsubdf3.o)
                              /tmp/ccNBCSH4.ltrans0.ltrans.o (__aeabi_dsub)
/usr/bin/../lib/gcc/arm-none-eabi/4.8.4/armv7e-m/fpu/libgcc.a(_arm_muldivdf3.o)
                              /tmp/ccNBCSH4.ltrans0.ltrans.o (__aeabi_dmul)
/usr/bin/../lib/gcc/arm-none-eabi/4.8.4/armv7e-m/fpu/libgcc.a(_arm_fixdfsi.o)
                              /tmp/ccNBCSH4.ltrans0.ltrans.o (__aeabi_d2iz)
/usr/bin/../lib/gcc/arm-none-eabi/4.8.4/armv7e-m/fpu/libgcc.a(_arm_truncdfsf2.o)
                              /tmp/ccNBCSH4.ltrans0.ltrans.o (__aeabi_d2f)
/usr/bin/../lib/gcc/arm-none-eabi/4.8.4/../../../../arm-none-eabi/lib/armv7e-m/fpu/libc.a(lib_a-memcpy.o)
                              /tmp/ccNBCSH4.ltrans0.ltrans.o (memcpy)
/usr/bin/../lib/gcc/arm-none-eabi/4.8.4/../../../../arm-none-eabi/lib/armv7e-m/fpu/libc.a(lib_a-strcpy.o)
                              /tmp/ccNBCSH4.ltrans4.ltrans.o (strcpy)
/usr/bin/../lib/gcc/arm-none-eabi/4.8.4/../../../../arm-none-eabi/lib/armv7e-m/fpu/libc.a(lib_a-strlen.o)
                              /tmp/ccNBCSH4.ltrans5.ltrans.o (strlen)
/usr/bin/../lib/gcc/arm-none-eabi/4.8.4/../../../../arm-none-eabi/lib/armv7e-m/fpu/libc.a(lib_a-strncmp.o)
                              /tmp/ccNBCSH4.ltrans5.ltrans.o (strncmp)

Discarded input sections

 .data          0x0000000000000000        0x0 build/obj/chcoreasm_v7m.o
 .bss           0x0000000000000000        0x0 build/obj/chcoreasm_v7m.o
 .text          0x0000000000000000        0x0 build/obj/crt0.o (symbol from plugin)
 .text          0x0000000000000000        0x0 /tmp/ccNBCSH4.ltrans0.ltrans.o
 .data          0x0000000000000000        0x0 /tmp/ccNBCSH4.ltrans0.ltrans.o
 .bss           0x0000000000000000        0x0 /tmp/ccNBCSH4.ltrans0.ltrans.o
 .text          0x0000000000000000        0x0 /tmp/ccNBCSH4.ltrans1.ltrans.o
 .data          0x0000000000000000        0x0 /tmp/ccNBCSH4.ltrans1.ltrans.o
 .bss           0x0000000000000000        0x0 /tmp/ccNBCSH4.ltrans1.ltrans.o
 .text          0x0000000000000000        0x0 /tmp/ccNBCSH4.ltrans2.ltrans.o
 .data          0x0000000000000000        0x0 /tmp/ccNBCSH4.ltrans2.ltrans.o
 .bss           0x0000000000000000        0x0 /tmp/ccNBCSH4.ltrans2.ltrans.o
 .text.unlikely.logfileOpenAppend
                0x0000000000000000      0x15c /tmp/ccNBCSH4.ltrans2.ltrans.o
 .text          0x0000000000000000        0x0 /tmp/ccNBCSH4.ltrans3.ltrans.o
 .data          0x0000000000000000        0x0 /tmp/ccNBCSH4.ltrans3.ltrans.o
 .bss           0x0000000000000000        0x0 /tmp/ccNBCSH4.ltrans3.ltrans.o
 .text          0x0000000000000000        0x0 /tmp/ccNBCSH4.ltrans4.ltrans.o
 .data          0x0000000000000000        0x0 /tmp/ccNBCSH4.ltrans4.ltrans.o
 .bss           0x0000000000000000        0x0 /tmp/ccNBCSH4.ltrans4.ltrans.o
 .text          0x0000000000000000        0x0 /tmp/ccNBCSH4.ltrans5.ltrans.o
 .data          0x0000000000000000        0x0 /tmp/ccNBCSH4.ltrans5.ltrans.o
 .bss           0x0000000000000000        0x0 /tmp/ccNBCSH4.ltrans5.ltrans.o
 .text          0x0000000000000000        0x0 /tmp/ccNBCSH4.ltrans6.ltrans.o
 .data          0x0000000000000000        0x0 /tmp/ccNBCSH4.ltrans6.ltrans.o
 .bss           0x0000000000000000        0x0 /tmp/ccNBCSH4.ltrans6.ltrans.o
 .data          0x0000000000000000        0x0 /usr/bin/../lib/gcc/arm-none-eabi/4.8.4/armv7e-m/fpu/libgcc.a(_arm_addsubdf3.o)
 .bss           0x0000000000000000        0x0 /usr/bin/../lib/gcc/arm-none-eabi/4.8.4/armv7e-m/fpu/libgcc.a(_arm_addsubdf3.o)
 .data          0x0000000000000000        0x0 /usr/bin/../lib/gcc/arm-none-eabi/4.8.4/armv7e-m/fpu/libgcc.a(_arm_muldivdf3.o)
 .bss           0x0000000000000000        0x0 /usr/bin/../lib/gcc/arm-none-eabi/4.8.4/armv7e-m/fpu/libgcc.a(_arm_muldivdf3.o)
 .data          0x0000000000000000        0x0 /usr/bin/../lib/gcc/arm-none-eabi/4.8.4/armv7e-m/fpu/libgcc.a(_arm_fixdfsi.o)
 .bss           0x0000000000000000        0x0 /usr/bin/../lib/gcc/arm-none-eabi/4.8.4/armv7e-m/fpu/libgcc.a(_arm_fixdfsi.o)
 .data          0x0000000000000000        0x0 /usr/bin/../lib/gcc/arm-none-eabi/4.8.4/armv7e-m/fpu/libgcc.a(_arm_truncdfsf2.o)
 .bss           0x0000000000000000        0x0 /usr/bin/../lib/gcc/arm-none-eabi/4.8.4/armv7e-m/fpu/libgcc.a(_arm_truncdfsf2.o)
 .data          0x0000000000000000        0x0 /usr/bin/../lib/gcc/arm-none-eabi/4.8.4/../../../../arm-none-eabi/lib/armv7e-m/fpu/libc.a(lib_a-memcpy.o)
 .bss           0x0000000000000000        0x0 /usr/bin/../lib/gcc/arm-none-eabi/4.8.4/../../../../arm-none-eabi/lib/armv7e-m/fpu/libc.a(lib_a-memcpy.o)
 .text          0x0000000000000000        0x0 /usr/bin/../lib/gcc/arm-none-eabi/4.8.4/../../../../arm-none-eabi/lib/armv7e-m/fpu/libc.a(lib_a-strcpy.o)
 .data          0x0000000000000000        0x0 /usr/bin/../lib/gcc/arm-none-eabi/4.8.4/../../../../arm-none-eabi/lib/armv7e-m/fpu/libc.a(lib_a-strcpy.o)
[...]
Memory Configuration

Name             Origin             Length             Attributes
flash            0x0000000008000000 0x0000000000080000
ram              0x0000000020000000 0x0000000000018000
*default*        0x0000000000000000 0xffffffffffffffff

Linker script and memory map

LOAD build/obj/chcoreasm_v7m.o
LOAD build/obj/crt0.o
LOAD /tmp/ccNBCSH4.ltrans0.ltrans.o
LOAD /tmp/ccNBCSH4.ltrans1.ltrans.o
LOAD /tmp/ccNBCSH4.ltrans2.ltrans.o
LOAD /tmp/ccNBCSH4.ltrans3.ltrans.o
LOAD /tmp/ccNBCSH4.ltrans4.ltrans.o
LOAD /tmp/ccNBCSH4.ltrans5.ltrans.o
LOAD /tmp/ccNBCSH4.ltrans6.ltrans.o
LOAD /usr/bin/../lib/gcc/arm-none-eabi/4.8.4/armv7e-m/fpu/libgcc.a
LOAD /usr/bin/../lib/gcc/arm-none-eabi/4.8.4/../../../../arm-none-eabi/lib/armv7e-m/fpu/libc.a
LOAD build/obj/vectors.o
LOAD build/obj/chcore.o
LOAD build/obj/chcore_v7m.o
LOAD build/obj/chsys.o
LOAD build/obj/chdebug.o
LOAD build/obj/chtm.o
LOAD build/obj/chstats.o
LOAD build/obj/chschd.o
LOAD build/obj/chvt.o
LOAD build/obj/chthreads.o
LOAD build/obj/chdynamic.o
LOAD build/obj/chregistry.o
LOAD build/obj/chsem.o
LOAD build/obj/chmtx.o
LOAD build/obj/chcond.o
LOAD build/obj/chevents.o
LOAD build/obj/chmsg.o
LOAD build/obj/chmboxes.o
LOAD build/obj/chqueues.o
LOAD build/obj/chmemcore.o
LOAD build/obj/chheap.o
LOAD build/obj/chmempools.o
LOAD build/obj/test.o
LOAD build/obj/testthd.o
LOAD build/obj/testsem.o
LOAD build/obj/testmtx.o
LOAD build/obj/testmsg.o
LOAD build/obj/testmbox.o
LOAD build/obj/testevt.o
LOAD build/obj/testheap.o
LOAD build/obj/testpools.o
LOAD build/obj/testdyn.o
LOAD build/obj/testqueues.o
LOAD build/obj/testbmk.o
LOAD build/obj/hal.o
LOAD build/obj/hal_queues.o
LOAD build/obj/hal_mmcsd.o
LOAD build/obj/adc.o
LOAD build/obj/can.o
LOAD build/obj/dac.o
LOAD build/obj/ext.o
LOAD build/obj/gpt.o
LOAD build/obj/i2c.o
LOAD build/obj/i2s.o
LOAD build/obj/icu.o
LOAD build/obj/mac.o
LOAD build/obj/mmc_spi.o
LOAD build/obj/pal.o
LOAD build/obj/pwm.o
LOAD build/obj/rtc.o
LOAD build/obj/sdc.o
LOAD build/obj/serial.o
LOAD build/obj/serial_usb.o
LOAD build/obj/spi.o
LOAD build/obj/st.o
LOAD build/obj/uart.o
LOAD build/obj/usb.o
LOAD build/obj/osal.o
LOAD build/obj/nvic.o
LOAD build/obj/stm32_dma.o
LOAD build/obj/hal_lld.o
LOAD build/obj/adc_lld.o
LOAD build/obj/ext_lld_isr.o
LOAD build/obj/can_lld.o
LOAD build/obj/ext_lld.o
LOAD build/obj/mac_lld.o
LOAD build/obj/sdc_lld.o
LOAD build/obj/dac_lld.o
LOAD build/obj/pal_lld.o
LOAD build/obj/i2c_lld.o
LOAD build/obj/usb_lld.o
LOAD build/obj/rtc_lld.o
LOAD build/obj/i2s_lld.o
LOAD build/obj/spi_lld.o
LOAD build/obj/gpt_lld.o
LOAD build/obj/icu_lld.o
LOAD build/obj/pwm_lld.o
LOAD build/obj/st_lld.o
LOAD build/obj/serial_lld.o
LOAD build/obj/uart_lld.o
LOAD build/obj/board.o
LOAD build/obj/fatfs_diskio.o
LOAD build/obj/fatfs_syscall.o
LOAD build/obj/ff.o
LOAD build/obj/unicode.o
LOAD build/obj/chprintf.o
LOAD build/obj/memstreams.o
LOAD build/obj/analog_sensor.o
LOAD build/obj/i2c_sensor.o
LOAD build/obj/bmp280.o
LOAD build/obj/si70x0.o
LOAD build/obj/ms5607.o
LOAD build/obj/lsm303.o
LOAD build/obj/rfm23bp.o
LOAD build/obj/rtd.o
LOAD build/obj/tmp275.o
LOAD build/obj/datasample.o
LOAD build/obj/sensor_thread.o
LOAD build/obj/ustr.o
LOAD build/obj/gps.o
LOAD build/obj/sdmmcsimple.o
LOAD build/obj/datalogger.o
LOAD build/obj/main.o
                0x0000000020000000                __ram_start__ = ORIGIN (ram)
                0x0000000000018000                __ram_size__ = 0x18000
                0x0000000020018000                __ram_end__ = (__ram_start__ + __ram_size__)
                0x0000000000000000                . = 0x0
                0x0000000000000000                _text = .

startup         0x0000000008000000      0x1c0
 *(vectors)
 vectors        0x0000000008000000      0x1c0 /tmp/ccNBCSH4.ltrans6.ltrans.o
                0x0000000008000000                _vectors

constructors    0x00000000080001c0        0x0
                0x00000000080001c0                PROVIDE (__init_array_start, .)
 *(SORT(.init_array.*))
 *(.init_array)
                0x00000000080001c0                PROVIDE (__init_array_end, .)

destructors     0x00000000080001c0        0x0
                0x00000000080001c0                PROVIDE (__fini_array_start, .)
 *(.fini_array)
 *(SORT(.fini_array.*))
                0x00000000080001c0                PROVIDE (__fini_array_end, .)

.text           0x00000000080001c0     0x5ddc
 *(.text.startup.*)
 .text.startup.main
                0x00000000080001c0      0xc10 /tmp/ccNBCSH4.ltrans4.ltrans.o
                0x00000000080001c0                main
 *(.text)
 .text          0x0000000008000dd0       0x2e build/obj/chcoreasm_v7m.o
                0x0000000008000dd0                _port_switch
                0x0000000008000de8                _port_thread_start
                0x0000000008000df6                _port_switch_from_isr
                0x0000000008000dfa                _port_exit_from_isr
 *fill*         0x0000000008000dfe        0x2 
 .text          0x0000000008000e00      0x370 /usr/bin/../lib/gcc/arm-none-eabi/4.8.4/armv7e-m/fpu/libgcc.a(_arm_addsubdf3.o)
                0x0000000008000e00                __aeabi_drsub
                0x0000000008000e08                __aeabi_dsub
                0x0000000008000e08                __subdf3
                0x0000000008000e0c                __adddf3
                0x0000000008000e0c                __aeabi_dadd
                0x0000000008001084                __aeabi_ui2d
                0x0000000008001084                __floatunsidf
                0x00000000080010a4                __floatsidf
                0x00000000080010a4                __aeabi_i2d
                0x00000000080010c8                __extendsfdf2
                0x00000000080010c8                __aeabi_f2d
                0x0000000008001104                __aeabi_ul2d
                0x0000000008001104                __floatundidf
                0x0000000008001114                __floatdidf
                0x0000000008001114                __aeabi_l2d
 .text          0x0000000008001170      0x424 /usr/bin/../lib/gcc/arm-none-eabi/4.8.4/armv7e-m/fpu/libgcc.a(_arm_muldivdf3.o)
                0x0000000008001170                __aeabi_dmul
                0x0000000008001170                __muldf3
                0x00000000080013c4                __aeabi_ddiv
                0x00000000080013c4                __divdf3
 *fill*         0x0000000008001594        0xc 
 .text          0x00000000080015a0       0x50 /usr/bin/../lib/gcc/arm-none-eabi/4.8.4/armv7e-m/fpu/libgcc.a(_arm_fixdfsi.o)
                0x00000000080015a0                __fixdfsi
                0x00000000080015a0                __aeabi_d2iz
 .text          0x00000000080015f0       0xa0 /usr/bin/../lib/gcc/arm-none-eabi/4.8.4/armv7e-m/fpu/libgcc.a(_arm_truncdfsf2.o)
                0x00000000080015f0                __aeabi_d2f
                0x00000000080015f0                __truncdfsf2
 .text          0x0000000008001690      0x134 /usr/bin/../lib/gcc/arm-none-eabi/4.8.4/../../../../arm-none-eabi/lib/armv7e-m/fpu/libc.a(lib_a-memcpy.o)
                0x0000000008001690                memcpy
 *(.text.*)
 *fill*         0x00000000080017c4        0xc 
 .text.get.13114
                0x00000000080017d0       0x20 /tmp/ccNBCSH4.ltrans0.ltrans.o
                0x00000000080017d0                get.13114
 .text.put.13104
                0x00000000080017f0       0x20 /tmp/ccNBCSH4.ltrans0.ltrans.o
                0x00000000080017f0                put.13104
 .text.long_to_string_with_divisor.13038.4071
                0x0000000008001810       0x50 /tmp/ccNBCSH4.ltrans0.ltrans.o
 .text.mmc_lld_is_write_protected
                0x0000000008001860       0x10 /tmp/ccNBCSH4.ltrans0.ltrans.o
                0x0000000008001860                mmc_lld_is_write_protected
 .text.mmc_lld_is_card_inserted
                0x0000000008001870       0x10 /tmp/ccNBCSH4.ltrans0.ltrans.o
                0x0000000008001870                mmc_lld_is_card_inserted
 .text.notify6.12006
                0x0000000008001880       0x10 /tmp/ccNBCSH4.ltrans0.ltrans.o
                0x0000000008001880                notify6.12006
 .text.notify2.12009
                0x0000000008001890       0x10 /tmp/ccNBCSH4.ltrans0.ltrans.o
                0x0000000008001890                notify2.12009
 .text.adc_lld_stop_conversion.4445
                0x00000000080018a0       0x40 /tmp/ccNBCSH4.ltrans0.ltrans.o
 .text.mmcGetInfo
                0x00000000080018e0       0x20 /tmp/ccNBCSH4.ltrans0.ltrans.o
                0x00000000080018e0                mmcGetInfo
 .text.chCoreAlloc
                0x0000000008001900       0x40 /tmp/ccNBCSH4.ltrans0.ltrans.o
                0x0000000008001900                chCoreAlloc
 .text.wakeup.4718
                0x0000000008001940       0x70 /tmp/ccNBCSH4.ltrans0.ltrans.o
                0x0000000008001940                wakeup.4718
 .text._idle_thread.4338
                0x00000000080019b0       0x20 /tmp/ccNBCSH4.ltrans0.ltrans.o
                0x00000000080019b0                _idle_thread.4338
 .text.SVC_Handler
                0x00000000080019d0       0x20 /tmp/ccNBCSH4.ltrans0.ltrans.o
                0x00000000080019d0                SVC_Handler
 .text.writes.13123
                0x00000000080019f0       0x30 /tmp/ccNBCSH4.ltrans0.ltrans.o
                0x00000000080019f0                writes.13123
 .text.reads.13117
                0x0000000008001a20       0x30 /tmp/ccNBCSH4.ltrans0.ltrans.o
                0x0000000008001a20                reads.13117
 .text.uStrCpy  0x0000000008001a50       0x30 /tmp/ccNBCSH4.ltrans0.ltrans.o
                0x0000000008001a50                uStrCpy
 .text.chvprintf
                0x0000000008001a80      0x3a0 /tmp/ccNBCSH4.ltrans0.ltrans.o
                0x0000000008001a80                chvprintf
 .text.get_ldnumber.12777
                0x0000000008001e20       0x50 /tmp/ccNBCSH4.ltrans0.ltrans.o
                0x0000000008001e20                get_ldnumber.12777
 .text.usart_stop.12167
                0x0000000008001e70       0x50 /tmp/ccNBCSH4.ltrans0.ltrans.o
                0x0000000008001e70                usart_stop.12167
 .text.spiUnselect
                0x0000000008001ec0       0x20 /tmp/ccNBCSH4.ltrans0.ltrans.o
                0x0000000008001ec0                spiUnselect
 .text.spiSelect
                0x0000000008001ee0       0x20 /tmp/ccNBCSH4.ltrans0.ltrans.o
                0x0000000008001ee0                spiSelect
 .text._pal_lld_setgroupmode
                0x0000000008001f00       0xd0 /tmp/ccNBCSH4.ltrans0.ltrans.o
                0x0000000008001f00                _pal_lld_setgroupmode
 .text.boardInit
                0x0000000008001fd0       0xb0 /tmp/ccNBCSH4.ltrans0.ltrans.o
                0x0000000008001fd0                boardInit
 .text.dmaStreamRelease
                0x0000000008002080       0x70 /tmp/ccNBCSH4.ltrans0.ltrans.o
                0x0000000008002080                dmaStreamRelease
 .text.spiStop  0x00000000080020f0       0x60 /tmp/ccNBCSH4.ltrans0.ltrans.o
                0x00000000080020f0                spiStop
 .text.dmaStreamAllocate
                0x0000000008002150       0xc0 /tmp/ccNBCSH4.ltrans0.ltrans.o
                0x0000000008002150                dmaStreamAllocate
 .text.spiStart
                0x0000000008002210       0xe0 /tmp/ccNBCSH4.ltrans0.ltrans.o
                0x0000000008002210                spiStart
 .text.chSchDoRescheduleAhead
                0x00000000080022f0       0x40 /tmp/ccNBCSH4.ltrans0.ltrans.o
                0x00000000080022f0                chSchDoRescheduleAhead
 .text.chSchRescheduleS
                0x0000000008002330       0x20 /tmp/ccNBCSH4.ltrans0.ltrans.o
                0x0000000008002330                chSchRescheduleS
 .text.chSchGoSleepS
                0x0000000008002350       0x30 /tmp/ccNBCSH4.ltrans0.ltrans.o
                0x0000000008002350                chSchGoSleepS
 .text.chThdSuspendS
                0x0000000008002380       0x30 /tmp/ccNBCSH4.ltrans0.ltrans.o
                0x0000000008002380                chThdSuspendS
 .text._port_irq_epilogue
                0x00000000080023b0       0x70 /tmp/ccNBCSH4.ltrans0.ltrans.o
                0x00000000080023b0                _port_irq_epilogue
 .text.Vector158
                0x0000000008002420       0x30 /tmp/ccNBCSH4.ltrans0.ltrans.o
                0x0000000008002420                Vector158
 .text.Vector154
                0x0000000008002450       0x30 /tmp/ccNBCSH4.ltrans0.ltrans.o
                0x0000000008002450                Vector154
 .text.Vector150
                0x0000000008002480       0x30 /tmp/ccNBCSH4.ltrans0.ltrans.o
                0x0000000008002480                Vector150
 .text.Vector130
                0x00000000080024b0       0x30 /tmp/ccNBCSH4.ltrans0.ltrans.o
                0x00000000080024b0                Vector130
 .text.Vector12C
                0x00000000080024e0       0x30 /tmp/ccNBCSH4.ltrans0.ltrans.o
                0x00000000080024e0                Vector12C
 .text.Vector128
                0x0000000008002510       0x30 /tmp/ccNBCSH4.ltrans0.ltrans.o
                0x0000000008002510                Vector128
 .text.Vector124
                0x0000000008002540       0x30 /tmp/ccNBCSH4.ltrans0.ltrans.o
                0x0000000008002540                Vector124
 .text.Vector120
                0x0000000008002570       0x30 /tmp/ccNBCSH4.ltrans0.ltrans.o
                0x0000000008002570                Vector120
 .text.VectorFC
                0x00000000080025a0       0x30 /tmp/ccNBCSH4.ltrans0.ltrans.o
                0x00000000080025a0                VectorFC
 .text.Vector84
                0x00000000080025d0       0x30 /tmp/ccNBCSH4.ltrans0.ltrans.o
                0x00000000080025d0                Vector84
 .text.Vector80
                0x0000000008002600       0x30 /tmp/ccNBCSH4.ltrans0.ltrans.o
                0x0000000008002600                Vector80
 .text.Vector7C
                0x0000000008002630       0x30 /tmp/ccNBCSH4.ltrans0.ltrans.o
                0x0000000008002630                Vector7C
 .text.Vector78
                0x0000000008002660       0x30 /tmp/ccNBCSH4.ltrans0.ltrans.o
                0x0000000008002660                Vector78
 .text.Vector74
                0x0000000008002690       0x30 /tmp/ccNBCSH4.ltrans0.ltrans.o
                0x0000000008002690                Vector74
 .text.Vector70
                0x00000000080026c0       0x30 /tmp/ccNBCSH4.ltrans0.ltrans.o
                0x00000000080026c0                Vector70
 .text.Vector6C
                0x00000000080026f0       0x30 /tmp/ccNBCSH4.ltrans0.ltrans.o
                0x00000000080026f0                Vector6C
 .text.chSchReadyI
                0x0000000008002720       0x30 /tmp/ccNBCSH4.ltrans0.ltrans.o
                0x0000000008002720                chSchReadyI
 .text.chEvtBroadcastFlagsI
                0x0000000008002750       0x60 /tmp/ccNBCSH4.ltrans0.ltrans.o
                0x0000000008002750                chEvtBroadcastFlagsI
 .text.chMtxLockS
                0x00000000080027b0       0xd0 /tmp/ccNBCSH4.ltrans0.ltrans.o
                0x00000000080027b0                chMtxLockS
 .text.chThdResumeI
                0x0000000008002880       0x20 /tmp/ccNBCSH4.ltrans0.ltrans.o
                0x0000000008002880                chThdResumeI
 .text.Vector88
                0x00000000080028a0       0x70 /tmp/ccNBCSH4.ltrans0.ltrans.o
                0x00000000080028a0                Vector88
 .text.adc_lld_serve_rx_interrupt.11091
                0x0000000008002910       0xd0 /tmp/ccNBCSH4.ltrans0.ltrans.o
                0x0000000008002910                adc_lld_serve_rx_interrupt.11091
 .text.chTMStopMeasurementX
                0x00000000080029e0       0x50 /tmp/ccNBCSH4.ltrans0.ltrans.o
                0x00000000080029e0                chTMStopMeasurementX
 .text._unhandled_exception.4588
                0x0000000008002a30       0x10 /tmp/ccNBCSH4.ltrans0.ltrans.o
                0x0000000008002a30                Vector58
                0x0000000008002a30                VectorE8
                0x0000000008002a30                Vector9C
                0x0000000008002a30                VectorAC
                0x0000000008002a30                DebugMon_Handler
                0x0000000008002a30                Vector1A0
                0x0000000008002a30                Vector5C
                0x0000000008002a30                Vector11C
                0x0000000008002a30                HardFault_Handler
                0x0000000008002a30                Vector1B8
                0x0000000008002a30                Vector19C
                0x0000000008002a30                Vector8C
                0x0000000008002a30                SysTick_Handler
                0x0000000008002a30                VectorDC
                0x0000000008002a30                PendSV_Handler
                0x0000000008002a30                Vector168
                0x0000000008002a30                NMI_Handler
                0x0000000008002a30                Vector110
                0x0000000008002a30                VectorC8
                0x0000000008002a30                Vector94
                0x0000000008002a30                VectorA8
                0x0000000008002a30                VectorB4
                0x0000000008002a30                Vector160
                0x0000000008002a30                Vector1B0
                0x0000000008002a30                UsageFault_Handler
                0x0000000008002a30                VectorEC
                0x0000000008002a30                Vector40
                0x0000000008002a30                VectorF8
                0x0000000008002a30                Vector108
                0x0000000008002a30                Vector190
                0x0000000008002a30                Vector148
                0x0000000008002a30                Vector188
                0x0000000008002a30                Vector198
                0x0000000008002a30                Vector118
                0x0000000008002a30                Vector64
                0x0000000008002a30                VectorCC
                0x0000000008002a30                Vector54
                0x0000000008002a30                Vector98
                0x0000000008002a30                Vector138
                0x0000000008002a30                Vector24
                0x0000000008002a30                Vector1AC
                0x0000000008002a30                Vector178
                0x0000000008002a30                Vector1A4
                0x0000000008002a30                VectorD0
                0x0000000008002a30                Vector1B4
                0x0000000008002a30                Vector140
                0x0000000008002a30                VectorE4
                0x0000000008002a30                Vector134
                0x0000000008002a30                VectorF0
                0x0000000008002a30                Vector13C
                0x0000000008002a30                Vector100
                0x0000000008002a30                VectorE0
                0x0000000008002a30                VectorF4
                0x0000000008002a30                MemManage_Handler
                0x0000000008002a30                VectorA0
                0x0000000008002a30                VectorC4
                0x0000000008002a30                Vector180
                0x0000000008002a30                Vector90
                0x0000000008002a30                Vector114
                0x0000000008002a30                Vector164
                0x0000000008002a30                Vector60
                0x0000000008002a30                Vector1C
                0x0000000008002a30                Vector1BC
                0x0000000008002a30                Vector17C
                0x0000000008002a30                Vector48
                0x0000000008002a30                Vector1A8
                0x0000000008002a30                Vector16C
                0x0000000008002a30                Vector4C
                0x0000000008002a30                Vector144
                0x0000000008002a30                Vector68
                0x0000000008002a30                Vector170
                0x0000000008002a30                Vector104
                0x0000000008002a30                Vector184
                0x0000000008002a30                Vector10C
                0x0000000008002a30                Vector14C
                0x0000000008002a30                BusFault_Handler
                0x0000000008002a30                Vector50
                0x0000000008002a30                Vector194
                0x0000000008002a30                Vector44
                0x0000000008002a30                Vector28
                0x0000000008002a30                VectorB8
                0x0000000008002a30                Vector34
                0x0000000008002a30                VectorA4
                0x0000000008002a30                Vector20
                0x0000000008002a30                Vector18C
                0x0000000008002a30                Vector174
 .text.gpsRxErr.15260
                0x0000000008002a40       0x10 /tmp/ccNBCSH4.ltrans1.ltrans.o
                0x0000000008002a40                gpsRxErr.15260
 .text.gpsRxEnd.15257
                0x0000000008002a50       0x10 /tmp/ccNBCSH4.ltrans1.ltrans.o
                0x0000000008002a50                gpsRxEnd.15257
 .text.gpsTxC.15254
                0x0000000008002a60       0x10 /tmp/ccNBCSH4.ltrans1.ltrans.o
                0x0000000008002a60                gpsTxC.15254
 .text.gpsTxbufEnd.15251
                0x0000000008002a70       0x10 /tmp/ccNBCSH4.ltrans1.ltrans.o
                0x0000000008002a70                gpsTxbufEnd.15251
 .text.VectorB0
                0x0000000008002a80       0x90 /tmp/ccNBCSH4.ltrans1.ltrans.o
                0x0000000008002a80                VectorB0
 .text.VectorD4
                0x0000000008002b10       0x70 /tmp/ccNBCSH4.ltrans1.ltrans.o
                0x0000000008002b10                VectorD4
 .text.chSchWakeupS.constprop.33.4590
                0x0000000008002b80       0x60 /tmp/ccNBCSH4.ltrans1.ltrans.o
 .text.spi_lld_serve_rx_interrupt.11699
                0x0000000008002be0       0x90 /tmp/ccNBCSH4.ltrans1.ltrans.o
                0x0000000008002be0                spi_lld_serve_rx_interrupt.11699
 .text.VectorBC
                0x0000000008002c70      0x100 /tmp/ccNBCSH4.ltrans1.ltrans.o
                0x0000000008002c70                VectorBC
 .text.VectorC0
                0x0000000008002d70       0xe0 /tmp/ccNBCSH4.ltrans1.ltrans.o
                0x0000000008002d70                VectorC0
 .text.gpsRxChar.15269
                0x0000000008002e50       0x90 /tmp/ccNBCSH4.ltrans1.ltrans.o
                0x0000000008002e50                gpsRxChar.15269
 .text.chSchGoSleepTimeoutS
                0x0000000008002ee0       0xe0 /tmp/ccNBCSH4.ltrans1.ltrans.o
                0x0000000008002ee0                chSchGoSleepTimeoutS
 .text.chThdEnqueueTimeoutS.4344
                0x0000000008002fc0       0x30 /tmp/ccNBCSH4.ltrans1.ltrans.o
 .text.chIQGetTimeout.4289
                0x0000000008002ff0       0x50 /tmp/ccNBCSH4.ltrans1.ltrans.o
 .text.gett.10196.4282
                0x0000000008003040       0x10 /tmp/ccNBCSH4.ltrans1.ltrans.o
 .text.get.10200.4286
                0x0000000008003050       0x10 /tmp/ccNBCSH4.ltrans1.ltrans.o
 .text.chIQReadTimeout.4304
                0x0000000008003060       0x80 /tmp/ccNBCSH4.ltrans1.ltrans.o
 .text.readt.10173.4293
                0x00000000080030e0       0x10 /tmp/ccNBCSH4.ltrans1.ltrans.o
 .text.read.10180.4299
                0x00000000080030f0       0x10 /tmp/ccNBCSH4.ltrans1.ltrans.o
 .text.chOQPutTimeout.4319
                0x0000000008003100       0x50 /tmp/ccNBCSH4.ltrans1.ltrans.o
 .text.putt.10203.4310
                0x0000000008003150       0x10 /tmp/ccNBCSH4.ltrans1.ltrans.o
 .text.put.10208.4315
                0x0000000008003160       0x10 /tmp/ccNBCSH4.ltrans1.ltrans.o
 .text.chOQWriteTimeout.4338
                0x0000000008003170       0x80 /tmp/ccNBCSH4.ltrans1.ltrans.o
 .text.writet.10185.4327
                0x00000000080031f0       0x10 /tmp/ccNBCSH4.ltrans1.ltrans.o
 .text.write.10191.4333
                0x0000000008003200       0x10 /tmp/ccNBCSH4.ltrans1.ltrans.o
 .text.disk_status
                0x0000000008003210       0x20 /tmp/ccNBCSH4.ltrans1.ltrans.o
                0x0000000008003210                disk_status
 .text.validate.12780
                0x0000000008003230       0x30 /tmp/ccNBCSH4.ltrans1.ltrans.o
                0x0000000008003230                validate.12780
 .text.spiSend  0x0000000008003260       0x50 /tmp/ccNBCSH4.ltrans1.ltrans.o
                0x0000000008003260                spiSend
 .text.spiReceive
                0x00000000080032b0       0x50 /tmp/ccNBCSH4.ltrans1.ltrans.o
                0x00000000080032b0                spiReceive
 .text.recvr1.isra.0.9868
                0x0000000008003300       0x30 /tmp/ccNBCSH4.ltrans1.ltrans.o
                0x0000000008003300                recvr1.isra.0.9868
 .text.mmcStopSequentialRead.part.7.9923
                0x0000000008003330       0x30 /tmp/ccNBCSH4.ltrans1.ltrans.o
                0x0000000008003330                mmcStopSequentialRead.part.7.9923
 .text.spiIgnore
                0x0000000008003360       0x60 /tmp/ccNBCSH4.ltrans1.ltrans.o
                0x0000000008003360                spiIgnore
 .text.mmcSequentialRead
                0x00000000080033c0       0x60 /tmp/ccNBCSH4.ltrans1.ltrans.o
                0x00000000080033c0                mmcSequentialRead
 .text.chsnprintf
                0x0000000008003420       0x60 /tmp/ccNBCSH4.ltrans1.ltrans.o
                0x0000000008003420                chsnprintf
 .text.chprintf.16498.constprop.35
                0x0000000008003480       0x30 /tmp/ccNBCSH4.ltrans1.ltrans.o
                0x0000000008003480                chprintf.16498.constprop.35
 .text.chThdCreateStatic
                0x00000000080034b0       0x80 /tmp/ccNBCSH4.ltrans1.ltrans.o
                0x00000000080034b0                chThdCreateStatic
 .text.chMtxUnlock.constprop.32
                0x0000000008003530       0x80 /tmp/ccNBCSH4.ltrans1.ltrans.o
                0x0000000008003530                chMtxUnlock.constprop.32
 .text.chTMStartMeasurementX.constprop.19
                0x00000000080035b0       0x10 /tmp/ccNBCSH4.ltrans1.ltrans.o
                0x00000000080035b0                chTMStartMeasurementX.constprop.19
 .text.sdObjectInit.constprop.15
                0x00000000080035c0       0x70 /tmp/ccNBCSH4.ltrans1.ltrans.o
                0x00000000080035c0                sdObjectInit.constprop.15
 .text.uStrInsertChar.constprop.2
                0x0000000008003630       0x40 /tmp/ccNBCSH4.ltrans1.ltrans.o
                0x0000000008003630                uStrInsertChar.constprop.2
 .text.chprintf.15913
                0x0000000008003670       0x20 /tmp/ccNBCSH4.ltrans1.ltrans.o
                0x0000000008003670                chprintf.15913
 .text.chprintf.15553
                0x0000000008003690       0x20 /tmp/ccNBCSH4.ltrans1.ltrans.o
                0x0000000008003690                chprintf.15553
 .text.uStrPrependChar
                0x00000000080036b0       0x30 /tmp/ccNBCSH4.ltrans1.ltrans.o
                0x00000000080036b0                uStrPrependChar
 .text.create_chain.12839.4362
                0x00000000080036e0       0xd0 /tmp/ccNBCSH4.ltrans2.ltrans.o
 .text.dir_next.12843.4321
                0x00000000080037b0      0x140 /tmp/ccNBCSH4.ltrans2.ltrans.o
 .text.f_open   0x00000000080038f0      0x470 /tmp/ccNBCSH4.ltrans2.ltrans.o
                0x00000000080038f0                f_open
 .text.f_close  0x0000000008003d60      0x170 /tmp/ccNBCSH4.ltrans2.ltrans.o
                0x0000000008003d60                f_close
 .text.f_write  0x0000000008003ed0      0x1d0 /tmp/ccNBCSH4.ltrans2.ltrans.o
                0x0000000008003ed0                f_write
 .text.chThdSleep
                0x00000000080040a0       0x20 /tmp/ccNBCSH4.ltrans3.ltrans.o
                0x00000000080040a0                chThdSleep
 .text.wait.isra.1.9875.4377
                0x00000000080040c0       0x40 /tmp/ccNBCSH4.ltrans3.ltrans.o
 .text.mmcSequentialWrite
                0x0000000008004100       0x80 /tmp/ccNBCSH4.ltrans3.ltrans.o
                0x0000000008004100                mmcSequentialWrite
 .text.send_hdr.9878.4372
                0x0000000008004180       0x70 /tmp/ccNBCSH4.ltrans3.ltrans.o
 .text.mmcStartSequentialWrite
                0x00000000080041f0       0x60 /tmp/ccNBCSH4.ltrans3.ltrans.o
                0x00000000080041f0                mmcStartSequentialWrite
 .text.disk_write
                0x0000000008004250       0x80 /tmp/ccNBCSH4.ltrans3.ltrans.o
                0x0000000008004250                disk_write
 .text.sync_window.part.3.12794
                0x00000000080042d0       0x60 /tmp/ccNBCSH4.ltrans3.ltrans.o
                0x00000000080042d0                sync_window.part.3.12794
 .text.mmcStartSequentialRead.4345
                0x0000000008004330       0x60 /tmp/ccNBCSH4.ltrans3.ltrans.o
 .text.disk_read.constprop.45
                0x0000000008004390       0x50 /tmp/ccNBCSH4.ltrans3.ltrans.o
                0x0000000008004390                disk_read.constprop.45
 .text.move_window.12804
                0x00000000080043e0       0x40 /tmp/ccNBCSH4.ltrans3.ltrans.o
                0x00000000080043e0                move_window.12804
 .text.put_fat.part.8.12834
                0x0000000008004420      0x100 /tmp/ccNBCSH4.ltrans3.ltrans.o
                0x0000000008004420                put_fat.part.8.12834
 .text.get_fat.part.6.12820
                0x0000000008004520       0xd0 /tmp/ccNBCSH4.ltrans3.ltrans.o
                0x0000000008004520                get_fat.part.6.12820
 .text.dir_sdi.12824.constprop.43
                0x00000000080045f0       0x80 /tmp/ccNBCSH4.ltrans3.ltrans.o
                0x00000000080045f0                dir_sdi.12824.constprop.43
 .text.check_fs.12811.4274
                0x0000000008004670       0x90 /tmp/ccNBCSH4.ltrans3.ltrans.o
 .text.find_volume.12815
                0x0000000008004700      0x320 /tmp/ccNBCSH4.ltrans3.ltrans.o
                0x0000000008004700                find_volume.12815
 .text.f_mount  0x0000000008004a20       0x60 /tmp/ccNBCSH4.ltrans3.ltrans.o
                0x0000000008004a20                f_mount
 .text.mmc_read.9961
                0x0000000008004a80       0x40 /tmp/ccNBCSH4.ltrans3.ltrans.o
                0x0000000008004a80                mmc_read.9961
 .text.read_CxD.9894
                0x0000000008004ac0       0xb0 /tmp/ccNBCSH4.ltrans3.ltrans.o
                0x0000000008004ac0                read_CxD.9894
 .text.send_command_R1.9889
                0x0000000008004b70       0x30 /tmp/ccNBCSH4.ltrans3.ltrans.o
                0x0000000008004b70                send_command_R1.9889
 .text.send_command_R3.9883
                0x0000000008004ba0       0x40 /tmp/ccNBCSH4.ltrans3.ltrans.o
                0x0000000008004ba0                send_command_R3.9883
 .text.sync.isra.2.9902.4392
                0x0000000008004be0       0x40 /tmp/ccNBCSH4.ltrans3.ltrans.o
 .text.mmcSync  0x0000000008004c20       0x30 /tmp/ccNBCSH4.ltrans3.ltrans.o
                0x0000000008004c20                mmcSync
 .text.mmcDisconnect
                0x0000000008004c50       0x50 /tmp/ccNBCSH4.ltrans3.ltrans.o
                0x0000000008004c50                mmcDisconnect
 .text.mmc_write.9978.4757
                0x0000000008004ca0       0x60 /tmp/ccNBCSH4.ltrans4.ltrans.o
 .text.spi_lld_serve_tx_interrupt.11695
                0x0000000008004d00       0x20 /tmp/ccNBCSH4.ltrans5.ltrans.o
                0x0000000008004d00                spi_lld_serve_tx_interrupt.11695
 .text.uart_lld_serve_rx_end_irq.12160
                0x0000000008004d20       0x90 /tmp/ccNBCSH4.ltrans5.ltrans.o
                0x0000000008004d20                uart_lld_serve_rx_end_irq.12160
 .text.uart_lld_serve_tx_end_irq.12156
                0x0000000008004db0       0x60 /tmp/ccNBCSH4.ltrans5.ltrans.o
                0x0000000008004db0                uart_lld_serve_tx_end_irq.12156
 .text.serve_interrupt.12016.4354
                0x0000000008004e10      0x1a0 /tmp/ccNBCSH4.ltrans5.ltrans.o
 .text.Vector15C
                0x0000000008004fb0       0x20 /tmp/ccNBCSH4.ltrans5.ltrans.o
                0x0000000008004fb0                Vector15C
 .text.VectorD8
                0x0000000008004fd0       0x20 /tmp/ccNBCSH4.ltrans5.ltrans.o
                0x0000000008004fd0                VectorD8
 .text.sensorThread
                0x0000000008004ff0       0x30 /tmp/ccNBCSH4.ltrans5.ltrans.o
                0x0000000008004ff0                sensorThread
 .text.mmcConnect
                0x0000000008005020      0x160 /tmp/ccNBCSH4.ltrans5.ltrans.o
                0x0000000008005020                mmcConnect
 .text.gpsThread
                0x0000000008005180      0x350 /tmp/ccNBCSH4.ltrans5.ltrans.o
                0x0000000008005180                gpsThread
 .text.writeHeader
                0x00000000080054d0       0x50 /tmp/ccNBCSH4.ltrans5.ltrans.o
                0x00000000080054d0                writeHeader
 .text.openNewLogfile.part.0.16510
                0x0000000008005520       0xa0 /tmp/ccNBCSH4.ltrans5.ltrans.o
                0x0000000008005520                openNewLogfile.part.0.16510
 .text.Reset_Handler
                0x00000000080055c0      0x1b0 /tmp/ccNBCSH4.ltrans6.ltrans.o
                0x00000000080055c0                Reset_Handler
 .text.chThdExit
                0x0000000008005770       0x50 /tmp/ccNBCSH4.ltrans6.ltrans.o
                0x0000000008005770                chThdExit
 .text.chSchDoReschedule
                0x00000000080057c0       0x10 /tmp/ccNBCSH4.ltrans6.ltrans.o
                0x00000000080057c0                chSchDoReschedule
 .text.strcpy   0x00000000080057d0       0xbc /usr/bin/../lib/gcc/arm-none-eabi/4.8.4/../../../../arm-none-eabi/lib/armv7e-m/fpu/libc.a(lib_a-strcpy.o)
                0x00000000080057d0                strcpy
 *fill*         0x000000000800588c        0x4 
 .text.strlen   0x0000000008005890       0x60 /usr/bin/../lib/gcc/arm-none-eabi/4.8.4/../../../../arm-none-eabi/lib/armv7e-m/fpu/libc.a(lib_a-strlen.o)
                0x0000000008005890                strlen
 .text.strncmp  0x00000000080058f0       0xb4 /usr/bin/../lib/gcc/arm-none-eabi/4.8.4/../../../../arm-none-eabi/lib/armv7e-m/fpu/libc.a(lib_a-strncmp.o)
                0x00000000080058f0                strncmp
 *(.rodata)
 *(.rodata.*)
 *fill*         0x00000000080059a4        0xc 
 .rodata.pow10.13089.4687
                0x00000000080059b0       0x24 /tmp/ccNBCSH4.ltrans0.ltrans.o
 *fill*         0x00000000080059d4        0xc 
 .rodata.str1.4
                0x00000000080059e0        0xf /tmp/ccNBCSH4.ltrans0.ltrans.o
                                         0x10 (size before relaxing)
 *fill*         0x00000000080059ef        0x1 
 .rodata.vmt.10284.4804
                0x00000000080059f0       0x20 /tmp/ccNBCSH4.ltrans1.ltrans.o
 .rodata.vmt.13147.4803
                0x0000000008005a10       0x10 /tmp/ccNBCSH4.ltrans1.ltrans.o
 .rodata.stopcmd.7711.10003.4797
                0x0000000008005a20        0x8 /tmp/ccNBCSH4.ltrans1.ltrans.o
 *fill*         0x0000000008005a28        0x8 
 .rodata.str1.4
                0x0000000008005a30        0xc /tmp/ccNBCSH4.ltrans1.ltrans.o
 *fill*         0x0000000008005a3c        0x4 
 .rodata.str1.4
                0x0000000008005a40        0xf /tmp/ccNBCSH4.ltrans2.ltrans.o
                                         0x10 (size before relaxing)
 *fill*         0x0000000008005a4f        0x1 
 .rodata.ExCvt.12990.4408
                0x0000000008005a50       0x80 /tmp/ccNBCSH4.ltrans2.ltrans.o
 .rodata.start.7722.10005.4454
                0x0000000008005ad0        0x4 /tmp/ccNBCSH4.ltrans3.ltrans.o
 *fill*         0x0000000008005ad4        0xc 
 .rodata.crc7_lookup_table.10006.4455
                0x0000000008005ae0      0x100 /tmp/ccNBCSH4.ltrans3.ltrans.o
 .rodata.mmc_vmt.10007.4999
                0x0000000008005be0       0x20 /tmp/ccNBCSH4.ltrans4.ltrans.o
 .rodata._stm32_dma_streams
                0x0000000008005c00       0xc0 /tmp/ccNBCSH4.ltrans4.ltrans.o
 .rodata.ch_debug
                0x0000000008005cc0       0x18 /tmp/ccNBCSH4.ltrans4.ltrans.o
 *fill*         0x0000000008005cd8        0x8 
 .rodata.str1.4
                0x0000000008005ce0      0x197 /tmp/ccNBCSH4.ltrans4.ltrans.o
                                        0x1a0 (size before relaxing)
 *fill*         0x0000000008005e77        0x9 
 .rodata.stop.7728.10004
                0x0000000008005e80        0x4 /tmp/ccNBCSH4.ltrans4.ltrans.o
                0x0000000008005e80                stop.7728.10004
 *fill*         0x0000000008005e84        0xc 
 .rodata.str1.4
                0x0000000008005e90      0x10c /tmp/ccNBCSH4.ltrans5.ltrans.o
                                        0x118 (size before relaxing)
 *(.glue_7t)
 .glue_7t       0x0000000000000000        0x0 linker stubs
 *(.glue_7)
 .glue_7        0x0000000000000000        0x0 linker stubs
 *(.gcc*)

.vfp11_veneer   0x0000000008005f9c        0x0
 .vfp11_veneer  0x0000000000000000        0x0 linker stubs

.v4_bx          0x0000000008005f9c        0x0
 .v4_bx         0x0000000000000000        0x0 linker stubs

.iplt           0x0000000008005f9c        0x0
 .iplt          0x0000000000000000        0x0 build/obj/chcoreasm_v7m.o

.rel.dyn        0x0000000008005f9c        0x0
 .rel.iplt      0x0000000000000000        0x0 build/obj/chcoreasm_v7m.o

.ARM.extab
 *(.ARM.extab* .gnu.linkonce.armextab.*)

.ARM.exidx      0x0000000008005f9c        0x0
                0x0000000008005f9c                PROVIDE (__exidx_start, .)
 *(.ARM.exidx* .gnu.linkonce.armexidx.*)
                0x0000000008005f9c                PROVIDE (__exidx_end, .)

.eh_frame_hdr
 *(.eh_frame_hdr)

.eh_frame
 *(.eh_frame)

.textalign      0x0000000008005f9c        0x4
                0x0000000008005fa0                . = ALIGN (0x8)
 *fill*         0x0000000008005f9c        0x4 
                0x0000000008005fa0                . = ALIGN (0x4)
                0x0000000008005fa0                _etext = .
                0x0000000008005fa0                _textdata = _etext

.stacks         0x0000000020000000      0x800
                0x0000000020000000                . = ALIGN (0x8)
                0x0000000020000000                __main_stack_base__ = .
                0x0000000020000400                . = (. + __main_stack_size__)
 *fill*         0x0000000020000000      0x400 
                0x0000000020000400                . = ALIGN (0x8)
                0x0000000020000400                __main_stack_end__ = .
                0x0000000020000400                __process_stack_base__ = .
                0x0000000020000400                __main_thread_stack_base__ = .
                0x0000000020000800                . = (. + __process_stack_size__)
 *fill*         0x0000000020000400      0x400 
                0x0000000020000800                . = ALIGN (0x8)
                0x0000000020000800                __process_stack_end__ = .
                0x0000000020000800                __main_thread_stack_end__ = .

.data           0x0000000020000800       0x50 load address 0x0000000008005fa0
                0x0000000020000800                . = ALIGN (0x4)
                0x0000000020000800                PROVIDE (_data, .)
 *(.data)
 *(.data.*)
 .data.serGpsCfg.15338.4977
                0x0000000020000800       0x20 /tmp/ccNBCSH4.ltrans4.ltrans.o
 .data.serCfg.16567.4975
                0x0000000020000820        0xc /tmp/ccNBCSH4.ltrans4.ltrans.o
 .data.hsCfg.15693.4974
                0x000000002000082c        0xc /tmp/ccNBCSH4.ltrans4.ltrans.o
 .data.mmcCfg.15690.4971
                0x0000000020000838        0xc /tmp/ccNBCSH4.ltrans4.ltrans.o
 .data.lsCfg.15692.4973
                0x0000000020000844        0xc /tmp/ccNBCSH4.ltrans4.ltrans.o
 *(.ramtext)
                0x0000000020000850                . = ALIGN (0x4)
                0x0000000020000850                PROVIDE (_edata, .)

.igot.plt       0x0000000020000850        0x0 load address 0x0000000008005ff0
 .igot.plt      0x0000000000000000        0x0 build/obj/chcoreasm_v7m.o

.bss            0x0000000020000850     0x2c60
                0x0000000020000850                . = ALIGN (0x4)
                0x0000000020000850                PROVIDE (_bss_start, .)
 *(.bss)
 *(.bss.*)
 .bss.dummyrx.11755.4801
                0x0000000020000850        0x2 /tmp/ccNBCSH4.ltrans1.ltrans.o
 .bss.Fsid.12992.4450
                0x0000000020000852        0x2 /tmp/ccNBCSH4.ltrans3.ltrans.o
 .bss.FatFs.12991.4449
                0x0000000020000854        0x4 /tmp/ccNBCSH4.ltrans3.ltrans.o
 .bss.logger.16561
                0x0000000020000858       0x10 /tmp/ccNBCSH4.ltrans4.ltrans.o
                0x0000000020000858                logger.16561
 .bss.masterSample.16569.4962
                0x0000000020000868       0xe0 /tmp/ccNBCSH4.ltrans4.ltrans.o
 .bss.nextmem.6820
                0x0000000020000948        0x4 /tmp/ccNBCSH4.ltrans4.ltrans.o
                0x0000000020000948                nextmem.6820
 .bss.mainthread.6316.4386.4978
                0x000000002000094c       0x44 /tmp/ccNBCSH4.ltrans4.ltrans.o
 .bss.default_heap.6947.5078
                0x0000000020000990       0x20 /tmp/ccNBCSH4.ltrans4.ltrans.o
 .bss.DEBUG.16069
                0x00000000200009b0        0x4 /tmp/ccNBCSH4.ltrans4.ltrans.o
                0x00000000200009b0                DEBUG.16069
 .bss.SPID2     0x00000000200009b4       0x30 /tmp/ccNBCSH4.ltrans4.ltrans.o
                0x00000000200009b4                SPID2
 .bss.SD2       0x00000000200009e4      0x458 /tmp/ccNBCSH4.ltrans4.ltrans.o
                0x00000000200009e4                SD2
 *fill*         0x0000000020000e3c        0x4 
 .bss.waGps.16571.4994
                0x0000000020000e40      0x658 /tmp/ccNBCSH4.ltrans4.ltrans.o
 .bss.SD6       0x0000000020001498      0x458 /tmp/ccNBCSH4.ltrans4.ltrans.o
                0x0000000020001498                SD6
 .bss.endmem.6822
                0x00000000200018f0        0x4 /tmp/ccNBCSH4.ltrans4.ltrans.o
                0x00000000200018f0                endmem.6822
 .bss.dataPrintBuf.14767.4997
                0x00000000200018f4      0x180 /tmp/ccNBCSH4.ltrans4.ltrans.o
 .bss.serialPort.15694.4959
                0x0000000020001a74        0x4 /tmp/ccNBCSH4.ltrans4.ltrans.o
 .bss.sd.16565.4968
                0x0000000020001a78       0x10 /tmp/ccNBCSH4.ltrans4.ltrans.o
 .bss.waSensor.16570.4996
                0x0000000020001a88     0x1150 /tmp/ccNBCSH4.ltrans4.ltrans.o
 .bss.MMCD1     0x0000000020002bd8       0x34 /tmp/ccNBCSH4.ltrans4.ltrans.o
                0x0000000020002bd8                MMCD1
 .bss.dma_isr_redir.10833
                0x0000000020002c0c       0x80 /tmp/ccNBCSH4.ltrans4.ltrans.o
                0x0000000020002c0c                dma_isr_redir.10833
 .bss.dma_streams_mask.10838
                0x0000000020002c8c        0x4 /tmp/ccNBCSH4.ltrans4.ltrans.o
                0x0000000020002c8c                dma_streams_mask.10838
 .bss.SD.15695.4960
                0x0000000020002c90        0x4 /tmp/ccNBCSH4.ltrans4.ltrans.o
 .bss.SPID3     0x0000000020002c94       0x30 /tmp/ccNBCSH4.ltrans4.ltrans.o
                0x0000000020002c94                SPID3
 .bss.ADCD1     0x0000000020002cc4       0x34 /tmp/ccNBCSH4.ltrans4.ltrans.o
                0x0000000020002cc4                ADCD1
 .bss.sensorLog.16560
                0x0000000020002cf8       0x18 /tmp/ccNBCSH4.ltrans4.ltrans.o
                0x0000000020002cf8                sensorLog.16560
 .bss._idle_thread_wa.4385.5077
                0x0000000020002d10      0x160 /tmp/ccNBCSH4.ltrans4.ltrans.o
 .bss.GPS.15339
                0x0000000020002e70      0x140 /tmp/ccNBCSH4.ltrans4.ltrans.o
                0x0000000020002e70                GPS.15339
 .bss.I2CD1     0x0000000020002fb0       0x38 /tmp/ccNBCSH4.ltrans4.ltrans.o
                0x0000000020002fb0                I2CD1
 .bss.dummytx.11753
                0x0000000020002fe8        0x2 /tmp/ccNBCSH4.ltrans4.ltrans.o
                0x0000000020002fe8                dummytx.11753
 *fill*         0x0000000020002fea        0x2 
 .bss.FS.15689.4998
                0x0000000020002fec      0x230 /tmp/ccNBCSH4.ltrans4.ltrans.o
 .bss.UARTD1    0x000000002000321c       0x1c /tmp/ccNBCSH4.ltrans4.ltrans.o
                0x000000002000321c                UARTD1
 .bss.lFile.4669
                0x0000000020003238      0x224 /tmp/ccNBCSH4.ltrans5.ltrans.o
 .bss.gpsSem    0x000000002000345c        0xc /tmp/ccNBCSH4.ltrans5.ltrans.o
                0x000000002000345c                gpsSem
 .bss.tokBuf.15340
                0x0000000020003468       0x14 /tmp/ccNBCSH4.ltrans5.ltrans.o
                0x0000000020003468                tokBuf.15340
 .bss.ch        0x000000002000347c       0x34 /tmp/ccNBCSH4.ltrans6.ltrans.o
                0x000000002000347c                ch
 *(COMMON)
                0x00000000200034b0                . = ALIGN (0x4)
                0x00000000200034b0                PROVIDE (_bss_end, .)
                0x00000000200034b0                PROVIDE (end, .)
                0x00000000200034b0                _end = .
                0x00000000200034b0                __heap_base__ = _end
                0x0000000020018000                __heap_end__ = __ram_end__
                0x0000000000000400                __process_stack_size__ = 0x400
                0x0000000000000400                __main_stack_size__ = 0x400
START GROUP
LOAD /usr/bin/../lib/gcc/arm-none-eabi/4.8.4/armv7e-m/fpu/libgcc.a
LOAD /usr/bin/../lib/gcc/arm-none-eabi/4.8.4/../../../../arm-none-eabi/lib/armv7e-m/fpu/libc.a
END GROUP
OUTPUT(build/aoss584Lab.elf elf32-littlearm)

.ARM.attributes
                0x0000000000000000       0x35
 .ARM.attributes
                0x0000000000000000       0x25 build/obj/chcoreasm_v7m.o
 .ARM.attributes
                0x0000000000000025       0x37 /tmp/ccNBCSH4.ltrans0.ltrans.o
 .ARM.attributes
                0x000000000000005c       0x37 /tmp/ccNBCSH4.ltrans1.ltrans.o
 .ARM.attributes
                0x0000000000000093       0x37 /tmp/ccNBCSH4.ltrans2.ltrans.o
 .ARM.attributes
                0x00000000000000ca       0x37 /tmp/ccNBCSH4.ltrans3.ltrans.o
 .ARM.attributes
                0x0000000000000101       0x37 /tmp/ccNBCSH4.ltrans4.ltrans.o
 .ARM.attributes
                0x0000000000000138       0x37 /tmp/ccNBCSH4.ltrans5.ltrans.o
 .ARM.attributes
                0x000000000000016f       0x37 /tmp/ccNBCSH4.ltrans6.ltrans.o
 .ARM.attributes
                0x00000000000001a6       0x22 /usr/bin/../lib/gcc/arm-none-eabi/4.8.4/armv7e-m/fpu/libgcc.a(_arm_addsubdf3.o)
 .ARM.attributes
                0x00000000000001c8       0x22 /usr/bin/../lib/gcc/arm-none-eabi/4.8.4/armv7e-m/fpu/libgcc.a(_arm_muldivdf3.o)
 .ARM.attributes
                0x00000000000001ea       0x22 /usr/bin/../lib/gcc/arm-none-eabi/4.8.4/armv7e-m/fpu/libgcc.a(_arm_fixdfsi.o)
 .ARM.attributes
                0x000000000000020c       0x22 /usr/bin/../lib/gcc/arm-none-eabi/4.8.4/armv7e-m/fpu/libgcc.a(_arm_truncdfsf2.o)
 .ARM.attributes
                0x000000000000022e       0x20 /usr/bin/../lib/gcc/arm-none-eabi/4.8.4/../../../../arm-none-eabi/lib/armv7e-m/fpu/libc.a(lib_a-memcpy.o)
 .ARM.attributes
                0x000000000000024e       0x34 /usr/bin/../lib/gcc/arm-none-eabi/4.8.4/../../../../arm-none-eabi/lib/armv7e-m/fpu/libc.a(lib_a-strcpy.o)
 .ARM.attributes
                0x0000000000000282       0x34 /usr/bin/../lib/gcc/arm-none-eabi/4.8.4/../../../../arm-none-eabi/lib/armv7e-m/fpu/libc.a(lib_a-strlen.o)
 .ARM.attributes
                0x00000000000002b6       0x34 /usr/bin/../lib/gcc/arm-none-eabi/4.8.4/../../../../arm-none-eabi/lib/armv7e-m/fpu/libc.a(lib_a-strncmp.o)

.comment        0x0000000000000000       0x70
 .comment       0x0000000000000000       0x70 /tmp/ccNBCSH4.ltrans0.ltrans.o
                                         0x71 (size before relaxing)
 .comment       0x0000000000000000       0x71 /tmp/ccNBCSH4.ltrans1.ltrans.o
 .comment       0x0000000000000000       0x71 /tmp/ccNBCSH4.ltrans2.ltrans.o
 .comment       0x0000000000000000       0x71 /tmp/ccNBCSH4.ltrans3.ltrans.o
 .comment       0x0000000000000000       0x71 /tmp/ccNBCSH4.ltrans4.ltrans.o
 .comment       0x0000000000000000       0x71 /tmp/ccNBCSH4.ltrans5.ltrans.o
 .comment       0x0000000000000000       0x71 /tmp/ccNBCSH4.ltrans6.ltrans.o

.debug_frame    0x0000000000000000       0x68
 .debug_frame   0x0000000000000000       0x20 /usr/bin/../lib/gcc/arm-none-eabi/4.8.4/../../../../arm-none-eabi/lib/armv7e-m/fpu/libc.a(lib_a-strcpy.o)
 .debug_frame   0x0000000000000020       0x20 /usr/bin/../lib/gcc/arm-none-eabi/4.8.4/../../../../arm-none-eabi/lib/armv7e-m/fpu/libc.a(lib_a-strlen.o)
 .debug_frame   0x0000000000000040       0x28 /usr/bin/../lib/gcc/arm-none-eabi/4.8.4/../../../../arm-none-eabi/lib/armv7e-m/fpu/libc.a(lib_a-strncmp.o)

Cross Reference Table

Symbol                                            File
ADCD1                                             /tmp/ccNBCSH4.ltrans4.ltrans.o
                                                  /tmp/ccNBCSH4.ltrans0.ltrans.o
BusFault_Handler                                  /tmp/ccNBCSH4.ltrans0.ltrans.o
                                                  /tmp/ccNBCSH4.ltrans6.ltrans.o
DEBUG.16069                                       /tmp/ccNBCSH4.ltrans4.ltrans.o
                                                  /tmp/ccNBCSH4.ltrans5.ltrans.o
DebugMon_Handler                                  /tmp/ccNBCSH4.ltrans0.ltrans.o
                                                  /tmp/ccNBCSH4.ltrans6.ltrans.o
GPS.15339                                         /tmp/ccNBCSH4.ltrans4.ltrans.o
                                                  /tmp/ccNBCSH4.ltrans5.ltrans.o
                                                  /tmp/ccNBCSH4.ltrans1.ltrans.o
HardFault_Handler                                 /tmp/ccNBCSH4.ltrans0.ltrans.o
                                                  /tmp/ccNBCSH4.ltrans6.ltrans.o
I2CD1                                             /tmp/ccNBCSH4.ltrans4.ltrans.o
                                                  /tmp/ccNBCSH4.ltrans1.ltrans.o
MMCD1                                             /tmp/ccNBCSH4.ltrans4.ltrans.o
                                                  /tmp/ccNBCSH4.ltrans3.ltrans.o
                                                  /tmp/ccNBCSH4.ltrans1.ltrans.o
MemManage_Handler                                 /tmp/ccNBCSH4.ltrans0.ltrans.o
                                                  /tmp/ccNBCSH4.ltrans6.ltrans.o
NMI_Handler                                       /tmp/ccNBCSH4.ltrans0.ltrans.o
                                                  /tmp/ccNBCSH4.ltrans6.ltrans.o
PendSV_Handler                                    /tmp/ccNBCSH4.ltrans0.ltrans.o
                                                  /tmp/ccNBCSH4.ltrans6.ltrans.o
Reset_Handler                                     /tmp/ccNBCSH4.ltrans6.ltrans.o
SD2                                               /tmp/ccNBCSH4.ltrans4.ltrans.o
                                                  /tmp/ccNBCSH4.ltrans5.ltrans.o
SD6                                               /tmp/ccNBCSH4.ltrans4.ltrans.o
                                                  /tmp/ccNBCSH4.ltrans5.ltrans.o
                                                  /tmp/ccNBCSH4.ltrans1.ltrans.o
SPID2                                             /tmp/ccNBCSH4.ltrans4.ltrans.o
                                                  /tmp/ccNBCSH4.ltrans0.ltrans.o
SPID3                                             /tmp/ccNBCSH4.ltrans4.ltrans.o
                                                  /tmp/ccNBCSH4.ltrans0.ltrans.o
SVC_Handler                                       /tmp/ccNBCSH4.ltrans0.ltrans.o
                                                  /tmp/ccNBCSH4.ltrans6.ltrans.o
SysTick_Handler                                   /tmp/ccNBCSH4.ltrans0.ltrans.o
                                                  /tmp/ccNBCSH4.ltrans6.ltrans.o
UARTD1                                            /tmp/ccNBCSH4.ltrans4.ltrans.o
                                                  /tmp/ccNBCSH4.ltrans5.ltrans.o
                                                  /tmp/ccNBCSH4.ltrans1.ltrans.o
UsageFault_Handler                                /tmp/ccNBCSH4.ltrans0.ltrans.o
                                                  /tmp/ccNBCSH4.ltrans6.ltrans.o
Vector100                                         /tmp/ccNBCSH4.ltrans0.ltrans.o
                                                  /tmp/ccNBCSH4.ltrans6.ltrans.o
Vector104                                         /tmp/ccNBCSH4.ltrans0.ltrans.o
                                                  /tmp/ccNBCSH4.ltrans6.ltrans.o
Vector108                                         /tmp/ccNBCSH4.ltrans0.ltrans.o
                                                  /tmp/ccNBCSH4.ltrans6.ltrans.o
Vector10C                                         /tmp/ccNBCSH4.ltrans0.ltrans.o
                                                  /tmp/ccNBCSH4.ltrans6.ltrans.o
Vector110                                         /tmp/ccNBCSH4.ltrans0.ltrans.o
                                                  /tmp/ccNBCSH4.ltrans6.ltrans.o
Vector114                                         /tmp/ccNBCSH4.ltrans0.ltrans.o
                                                  /tmp/ccNBCSH4.ltrans6.ltrans.o
Vector118                                         /tmp/ccNBCSH4.ltrans0.ltrans.o
                                                  /tmp/ccNBCSH4.ltrans6.ltrans.o
Vector11C                                         /tmp/ccNBCSH4.ltrans0.ltrans.o
                                                  /tmp/ccNBCSH4.ltrans6.ltrans.o
Vector120                                         /tmp/ccNBCSH4.ltrans0.ltrans.o
                                                  /tmp/ccNBCSH4.ltrans6.ltrans.o
Vector124                                         /tmp/ccNBCSH4.ltrans0.ltrans.o
                                                  /tmp/ccNBCSH4.ltrans6.ltrans.o
Vector128                                         /tmp/ccNBCSH4.ltrans0.ltrans.o
                                                  /tmp/ccNBCSH4.ltrans6.ltrans.o
Vector12C                                         /tmp/ccNBCSH4.ltrans0.ltrans.o
                                                  /tmp/ccNBCSH4.ltrans6.ltrans.o
Vector130                                         /tmp/ccNBCSH4.ltrans0.ltrans.o
                                                  /tmp/ccNBCSH4.ltrans6.ltrans.o
Vector134                                         /tmp/ccNBCSH4.ltrans0.ltrans.o
                                                  /tmp/ccNBCSH4.ltrans6.ltrans.o
Vector138                                         /tmp/ccNBCSH4.ltrans0.ltrans.o
                                                  /tmp/ccNBCSH4.ltrans6.ltrans.o
Vector13C                                         /tmp/ccNBCSH4.ltrans0.ltrans.o
                                                  /tmp/ccNBCSH4.ltrans6.ltrans.o
Vector140                                         /tmp/ccNBCSH4.ltrans0.ltrans.o
                                                  /tmp/ccNBCSH4.ltrans6.ltrans.o
Vector144                                         /tmp/ccNBCSH4.ltrans0.ltrans.o
                                                  /tmp/ccNBCSH4.ltrans6.ltrans.o
Vector148                                         /tmp/ccNBCSH4.ltrans0.ltrans.o
                                                  /tmp/ccNBCSH4.ltrans6.ltrans.o
Vector14C                                         /tmp/ccNBCSH4.ltrans0.ltrans.o
                                                  /tmp/ccNBCSH4.ltrans6.ltrans.o
Vector150                                         /tmp/ccNBCSH4.ltrans0.ltrans.o
                                                  /tmp/ccNBCSH4.ltrans6.ltrans.o
Vector154                                         /tmp/ccNBCSH4.ltrans0.ltrans.o
                                                  /tmp/ccNBCSH4.ltrans6.ltrans.o
Vector158                                         /tmp/ccNBCSH4.ltrans0.ltrans.o
                                                  /tmp/ccNBCSH4.ltrans6.ltrans.o
Vector15C                                         /tmp/ccNBCSH4.ltrans5.ltrans.o
                                                  /tmp/ccNBCSH4.ltrans6.ltrans.o
Vector160                                         /tmp/ccNBCSH4.ltrans0.ltrans.o
                                                  /tmp/ccNBCSH4.ltrans6.ltrans.o
Vector164                                         /tmp/ccNBCSH4.ltrans0.ltrans.o
                                                  /tmp/ccNBCSH4.ltrans6.ltrans.o
Vector168                                         /tmp/ccNBCSH4.ltrans0.ltrans.o
                                                  /tmp/ccNBCSH4.ltrans6.ltrans.o
Vector16C                                         /tmp/ccNBCSH4.ltrans0.ltrans.o
                                                  /tmp/ccNBCSH4.ltrans6.ltrans.o
Vector170                                         /tmp/ccNBCSH4.ltrans0.ltrans.o
                                                  /tmp/ccNBCSH4.ltrans6.ltrans.o
Vector174                                         /tmp/ccNBCSH4.ltrans0.ltrans.o
                                                  /tmp/ccNBCSH4.ltrans6.ltrans.o
Vector178                                         /tmp/ccNBCSH4.ltrans0.ltrans.o
                                                  /tmp/ccNBCSH4.ltrans6.ltrans.o
Vector17C                                         /tmp/ccNBCSH4.ltrans0.ltrans.o
                                                  /tmp/ccNBCSH4.ltrans6.ltrans.o
Vector180                                         /tmp/ccNBCSH4.ltrans0.ltrans.o
                                                  /tmp/ccNBCSH4.ltrans6.ltrans.o
Vector184                                         /tmp/ccNBCSH4.ltrans0.ltrans.o
                                                  /tmp/ccNBCSH4.ltrans6.ltrans.o
Vector188                                         /tmp/ccNBCSH4.ltrans0.ltrans.o
                                                  /tmp/ccNBCSH4.ltrans6.ltrans.o
Vector18C                                         /tmp/ccNBCSH4.ltrans0.ltrans.o
                                                  /tmp/ccNBCSH4.ltrans6.ltrans.o
Vector190                                         /tmp/ccNBCSH4.ltrans0.ltrans.o
                                                  /tmp/ccNBCSH4.ltrans6.ltrans.o
Vector194                                         /tmp/ccNBCSH4.ltrans0.ltrans.o
                                                  /tmp/ccNBCSH4.ltrans6.ltrans.o
Vector198                                         /tmp/ccNBCSH4.ltrans0.ltrans.o
                                                  /tmp/ccNBCSH4.ltrans6.ltrans.o
Vector19C                                         /tmp/ccNBCSH4.ltrans0.ltrans.o
                                                  /tmp/ccNBCSH4.ltrans6.ltrans.o
Vector1A0                                         /tmp/ccNBCSH4.ltrans0.ltrans.o
                                                  /tmp/ccNBCSH4.ltrans6.ltrans.o
Vector1A4                                         /tmp/ccNBCSH4.ltrans0.ltrans.o
                                                  /tmp/ccNBCSH4.ltrans6.ltrans.o
Vector1A8                                         /tmp/ccNBCSH4.ltrans0.ltrans.o
                                                  /tmp/ccNBCSH4.ltrans6.ltrans.o
Vector1AC                                         /tmp/ccNBCSH4.ltrans0.ltrans.o
                                                  /tmp/ccNBCSH4.ltrans6.ltrans.o
Vector1B0                                         /tmp/ccNBCSH4.ltrans0.ltrans.o
                                                  /tmp/ccNBCSH4.ltrans6.ltrans.o
Vector1B4                                         /tmp/ccNBCSH4.ltrans0.ltrans.o
                                                  /tmp/ccNBCSH4.ltrans6.ltrans.o
Vector1B8                                         /tmp/ccNBCSH4.ltrans0.ltrans.o
                                                  /tmp/ccNBCSH4.ltrans6.ltrans.o
Vector1BC                                         /tmp/ccNBCSH4.ltrans0.ltrans.o
                                                  /tmp/ccNBCSH4.ltrans6.ltrans.o
Vector1C                                          /tmp/ccNBCSH4.ltrans0.ltrans.o
                                                  /tmp/ccNBCSH4.ltrans6.ltrans.o
Vector20                                          /tmp/ccNBCSH4.ltrans0.ltrans.o
                                                  /tmp/ccNBCSH4.ltrans6.ltrans.o
Vector24                                          /tmp/ccNBCSH4.ltrans0.ltrans.o
                                                  /tmp/ccNBCSH4.ltrans6.ltrans.o
Vector28                                          /tmp/ccNBCSH4.ltrans0.ltrans.o
                                                  /tmp/ccNBCSH4.ltrans6.ltrans.o
Vector34                                          /tmp/ccNBCSH4.ltrans0.ltrans.o
                                                  /tmp/ccNBCSH4.ltrans6.ltrans.o
Vector40                                          /tmp/ccNBCSH4.ltrans0.ltrans.o
                                                  /tmp/ccNBCSH4.ltrans6.ltrans.o
Vector44                                          /tmp/ccNBCSH4.ltrans0.ltrans.o
                                                  /tmp/ccNBCSH4.ltrans6.ltrans.o
Vector48                                          /tmp/ccNBCSH4.ltrans0.ltrans.o
                                                  /tmp/ccNBCSH4.ltrans6.ltrans.o
Vector4C                                          /tmp/ccNBCSH4.ltrans0.ltrans.o
                                                  /tmp/ccNBCSH4.ltrans6.ltrans.o
Vector50                                          /tmp/ccNBCSH4.ltrans0.ltrans.o
                                                  /tmp/ccNBCSH4.ltrans6.ltrans.o
Vector54                                          /tmp/ccNBCSH4.ltrans0.ltrans.o
                                                  /tmp/ccNBCSH4.ltrans6.ltrans.o
Vector58                                          /tmp/ccNBCSH4.ltrans0.ltrans.o
                                                  /tmp/ccNBCSH4.ltrans6.ltrans.o
Vector5C                                          /tmp/ccNBCSH4.ltrans0.ltrans.o
                                                  /tmp/ccNBCSH4.ltrans6.ltrans.o
Vector60                                          /tmp/ccNBCSH4.ltrans0.ltrans.o
                                                  /tmp/ccNBCSH4.ltrans6.ltrans.o
Vector64                                          /tmp/ccNBCSH4.ltrans0.ltrans.o
                                                  /tmp/ccNBCSH4.ltrans6.ltrans.o
Vector68                                          /tmp/ccNBCSH4.ltrans0.ltrans.o
                                                  /tmp/ccNBCSH4.ltrans6.ltrans.o
Vector6C                                          /tmp/ccNBCSH4.ltrans0.ltrans.o
                                                  /tmp/ccNBCSH4.ltrans6.ltrans.o
Vector70                                          /tmp/ccNBCSH4.ltrans0.ltrans.o
                                                  /tmp/ccNBCSH4.ltrans6.ltrans.o
Vector74                                          /tmp/ccNBCSH4.ltrans0.ltrans.o
                                                  /tmp/ccNBCSH4.ltrans6.ltrans.o
Vector78                                          /tmp/ccNBCSH4.ltrans0.ltrans.o
                                                  /tmp/ccNBCSH4.ltrans6.ltrans.o
Vector7C                                          /tmp/ccNBCSH4.ltrans0.ltrans.o
                                                  /tmp/ccNBCSH4.ltrans6.ltrans.o
Vector80                                          /tmp/ccNBCSH4.ltrans0.ltrans.o
                                                  /tmp/ccNBCSH4.ltrans6.ltrans.o
Vector84                                          /tmp/ccNBCSH4.ltrans0.ltrans.o
                                                  /tmp/ccNBCSH4.ltrans6.ltrans.o
Vector88                                          /tmp/ccNBCSH4.ltrans0.ltrans.o
                                                  /tmp/ccNBCSH4.ltrans6.ltrans.o
Vector8C                                          /tmp/ccNBCSH4.ltrans0.ltrans.o
                                                  /tmp/ccNBCSH4.ltrans6.ltrans.o
Vector90                                          /tmp/ccNBCSH4.ltrans0.ltrans.o
                                                  /tmp/ccNBCSH4.ltrans6.ltrans.o
Vector94                                          /tmp/ccNBCSH4.ltrans0.ltrans.o
                                                  /tmp/ccNBCSH4.ltrans6.ltrans.o
Vector98                                          /tmp/ccNBCSH4.ltrans0.ltrans.o
                                                  /tmp/ccNBCSH4.ltrans6.ltrans.o
Vector9C                                          /tmp/ccNBCSH4.ltrans0.ltrans.o
                                                  /tmp/ccNBCSH4.ltrans6.ltrans.o
VectorA0                                          /tmp/ccNBCSH4.ltrans0.ltrans.o
                                                  /tmp/ccNBCSH4.ltrans6.ltrans.o
VectorA4                                          /tmp/ccNBCSH4.ltrans0.ltrans.o
                                                  /tmp/ccNBCSH4.ltrans6.ltrans.o
VectorA8                                          /tmp/ccNBCSH4.ltrans0.ltrans.o
                                                  /tmp/ccNBCSH4.ltrans6.ltrans.o
VectorAC                                          /tmp/ccNBCSH4.ltrans0.ltrans.o
                                                  /tmp/ccNBCSH4.ltrans6.ltrans.o
VectorB0                                          /tmp/ccNBCSH4.ltrans1.ltrans.o
                                                  /tmp/ccNBCSH4.ltrans6.ltrans.o
VectorB4                                          /tmp/ccNBCSH4.ltrans0.ltrans.o
                                                  /tmp/ccNBCSH4.ltrans6.ltrans.o
VectorB8                                          /tmp/ccNBCSH4.ltrans0.ltrans.o
                                                  /tmp/ccNBCSH4.ltrans6.ltrans.o
VectorBC                                          /tmp/ccNBCSH4.ltrans1.ltrans.o
                                                  /tmp/ccNBCSH4.ltrans6.ltrans.o
VectorC0                                          /tmp/ccNBCSH4.ltrans1.ltrans.o
                                                  /tmp/ccNBCSH4.ltrans6.ltrans.o
VectorC4                                          /tmp/ccNBCSH4.ltrans0.ltrans.o
                                                  /tmp/ccNBCSH4.ltrans6.ltrans.o
VectorC8                                          /tmp/ccNBCSH4.ltrans0.ltrans.o
                                                  /tmp/ccNBCSH4.ltrans6.ltrans.o
VectorCC                                          /tmp/ccNBCSH4.ltrans0.ltrans.o
                                                  /tmp/ccNBCSH4.ltrans6.ltrans.o
VectorD0                                          /tmp/ccNBCSH4.ltrans0.ltrans.o
                                                  /tmp/ccNBCSH4.ltrans6.ltrans.o
VectorD4                                          /tmp/ccNBCSH4.ltrans1.ltrans.o
                                                  /tmp/ccNBCSH4.ltrans6.ltrans.o
VectorD8                                          /tmp/ccNBCSH4.ltrans5.ltrans.o
                                                  /tmp/ccNBCSH4.ltrans6.ltrans.o
VectorDC                                          /tmp/ccNBCSH4.ltrans0.ltrans.o
                                                  /tmp/ccNBCSH4.ltrans6.ltrans.o
VectorE0                                          /tmp/ccNBCSH4.ltrans0.ltrans.o
                                                  /tmp/ccNBCSH4.ltrans6.ltrans.o
VectorE4                                          /tmp/ccNBCSH4.ltrans0.ltrans.o
                                                  /tmp/ccNBCSH4.ltrans6.ltrans.o
VectorE8                                          /tmp/ccNBCSH4.ltrans0.ltrans.o
                                                  /tmp/ccNBCSH4.ltrans6.ltrans.o
VectorEC                                          /tmp/ccNBCSH4.ltrans0.ltrans.o
                                                  /tmp/ccNBCSH4.ltrans6.ltrans.o
VectorF0                                          /tmp/ccNBCSH4.ltrans0.ltrans.o
                                                  /tmp/ccNBCSH4.ltrans6.ltrans.o
VectorF4                                          /tmp/ccNBCSH4.ltrans0.ltrans.o
                                                  /tmp/ccNBCSH4.ltrans6.ltrans.o
VectorF8                                          /tmp/ccNBCSH4.ltrans0.ltrans.o
                                                  /tmp/ccNBCSH4.ltrans6.ltrans.o
VectorFC                                          /tmp/ccNBCSH4.ltrans0.ltrans.o
                                                  /tmp/ccNBCSH4.ltrans6.ltrans.o
__adddf3                                          /usr/bin/../lib/gcc/arm-none-eabi/4.8.4/armv7e-m/fpu/libgcc.a(_arm_addsubdf3.o)
__aeabi_d2f                                       /usr/bin/../lib/gcc/arm-none-eabi/4.8.4/armv7e-m/fpu/libgcc.a(_arm_truncdfsf2.o)
                                                  /tmp/ccNBCSH4.ltrans0.ltrans.o
__aeabi_d2iz                                      /usr/bin/../lib/gcc/arm-none-eabi/4.8.4/armv7e-m/fpu/libgcc.a(_arm_fixdfsi.o)
                                                  /tmp/ccNBCSH4.ltrans0.ltrans.o
__aeabi_dadd                                      /usr/bin/../lib/gcc/arm-none-eabi/4.8.4/armv7e-m/fpu/libgcc.a(_arm_addsubdf3.o)
__aeabi_ddiv                                      /usr/bin/../lib/gcc/arm-none-eabi/4.8.4/armv7e-m/fpu/libgcc.a(_arm_muldivdf3.o)
__aeabi_dmul                                      /usr/bin/../lib/gcc/arm-none-eabi/4.8.4/armv7e-m/fpu/libgcc.a(_arm_muldivdf3.o)
                                                  /tmp/ccNBCSH4.ltrans0.ltrans.o
__aeabi_drsub                                     /usr/bin/../lib/gcc/arm-none-eabi/4.8.4/armv7e-m/fpu/libgcc.a(_arm_addsubdf3.o)
__aeabi_dsub                                      /usr/bin/../lib/gcc/arm-none-eabi/4.8.4/armv7e-m/fpu/libgcc.a(_arm_addsubdf3.o)
                                                  /tmp/ccNBCSH4.ltrans0.ltrans.o
__aeabi_f2d                                       /usr/bin/../lib/gcc/arm-none-eabi/4.8.4/armv7e-m/fpu/libgcc.a(_arm_addsubdf3.o)
                                                  /tmp/ccNBCSH4.ltrans0.ltrans.o
__aeabi_i2d                                       /usr/bin/../lib/gcc/arm-none-eabi/4.8.4/armv7e-m/fpu/libgcc.a(_arm_addsubdf3.o)
                                                  /tmp/ccNBCSH4.ltrans0.ltrans.o
__aeabi_l2d                                       /usr/bin/../lib/gcc/arm-none-eabi/4.8.4/armv7e-m/fpu/libgcc.a(_arm_addsubdf3.o)
__aeabi_ui2d                                      /usr/bin/../lib/gcc/arm-none-eabi/4.8.4/armv7e-m/fpu/libgcc.a(_arm_addsubdf3.o)
                                                  /tmp/ccNBCSH4.ltrans0.ltrans.o
__aeabi_ul2d                                      /usr/bin/../lib/gcc/arm-none-eabi/4.8.4/armv7e-m/fpu/libgcc.a(_arm_addsubdf3.o)
__divdf3                                          /usr/bin/../lib/gcc/arm-none-eabi/4.8.4/armv7e-m/fpu/libgcc.a(_arm_muldivdf3.o)
__extendsfdf2                                     /usr/bin/../lib/gcc/arm-none-eabi/4.8.4/armv7e-m/fpu/libgcc.a(_arm_addsubdf3.o)
__fixdfsi                                         /usr/bin/../lib/gcc/arm-none-eabi/4.8.4/armv7e-m/fpu/libgcc.a(_arm_fixdfsi.o)
__floatdidf                                       /usr/bin/../lib/gcc/arm-none-eabi/4.8.4/armv7e-m/fpu/libgcc.a(_arm_addsubdf3.o)
__floatsidf                                       /usr/bin/../lib/gcc/arm-none-eabi/4.8.4/armv7e-m/fpu/libgcc.a(_arm_addsubdf3.o)
__floatundidf                                     /usr/bin/../lib/gcc/arm-none-eabi/4.8.4/armv7e-m/fpu/libgcc.a(_arm_addsubdf3.o)
__floatunsidf                                     /usr/bin/../lib/gcc/arm-none-eabi/4.8.4/armv7e-m/fpu/libgcc.a(_arm_addsubdf3.o)
__heap_base__                                     /tmp/ccNBCSH4.ltrans4.ltrans.o
__heap_end__                                      /tmp/ccNBCSH4.ltrans4.ltrans.o
__init_array_end                                  /tmp/ccNBCSH4.ltrans6.ltrans.o
__init_array_start                                /tmp/ccNBCSH4.ltrans6.ltrans.o
__main_stack_base__                               /tmp/ccNBCSH4.ltrans6.ltrans.o
__main_stack_end__                                /tmp/ccNBCSH4.ltrans6.ltrans.o
__muldf3                                          /usr/bin/../lib/gcc/arm-none-eabi/4.8.4/armv7e-m/fpu/libgcc.a(_arm_muldivdf3.o)
__process_stack_base__                            /tmp/ccNBCSH4.ltrans6.ltrans.o
__process_stack_end__                             /tmp/ccNBCSH4.ltrans6.ltrans.o
__subdf3                                          /usr/bin/../lib/gcc/arm-none-eabi/4.8.4/armv7e-m/fpu/libgcc.a(_arm_addsubdf3.o)
__truncdfsf2                                      /usr/bin/../lib/gcc/arm-none-eabi/4.8.4/armv7e-m/fpu/libgcc.a(_arm_truncdfsf2.o)
_bss_end                                          /tmp/ccNBCSH4.ltrans6.ltrans.o
_bss_start                                        /tmp/ccNBCSH4.ltrans6.ltrans.o
_data                                             /tmp/ccNBCSH4.ltrans6.ltrans.o
_edata                                            /tmp/ccNBCSH4.ltrans6.ltrans.o
_idle_thread.4338                                 /tmp/ccNBCSH4.ltrans0.ltrans.o
                                                  /tmp/ccNBCSH4.ltrans4.ltrans.o
_pal_lld_setgroupmode                             /tmp/ccNBCSH4.ltrans0.ltrans.o
                                                  /tmp/ccNBCSH4.ltrans4.ltrans.o
_port_exit_from_isr                               build/obj/chcoreasm_v7m.o
                                                  /tmp/ccNBCSH4.ltrans0.ltrans.o
_port_irq_epilogue                                /tmp/ccNBCSH4.ltrans0.ltrans.o
                                                  /tmp/ccNBCSH4.ltrans5.ltrans.o
                                                  /tmp/ccNBCSH4.ltrans1.ltrans.o
_port_switch                                      build/obj/chcoreasm_v7m.o
                                                  /tmp/ccNBCSH4.ltrans1.ltrans.o
                                                  /tmp/ccNBCSH4.ltrans0.ltrans.o
_port_switch_from_isr                             build/obj/chcoreasm_v7m.o
                                                  /tmp/ccNBCSH4.ltrans0.ltrans.o
_port_thread_start                                build/obj/chcoreasm_v7m.o
                                                  /tmp/ccNBCSH4.ltrans1.ltrans.o
_textdata                                         /tmp/ccNBCSH4.ltrans6.ltrans.o
_vectors                                          /tmp/ccNBCSH4.ltrans6.ltrans.o
adc_lld_serve_rx_interrupt.11091                  /tmp/ccNBCSH4.ltrans0.ltrans.o
                                                  /tmp/ccNBCSH4.ltrans4.ltrans.o
boardInit                                         /tmp/ccNBCSH4.ltrans0.ltrans.o
                                                  /tmp/ccNBCSH4.ltrans4.ltrans.o
ch                                                /tmp/ccNBCSH4.ltrans6.ltrans.o
                                                  /tmp/ccNBCSH4.ltrans5.ltrans.o
                                                  /tmp/ccNBCSH4.ltrans4.ltrans.o
                                                  /tmp/ccNBCSH4.ltrans1.ltrans.o
                                                  /tmp/ccNBCSH4.ltrans0.ltrans.o
chCoreAlloc                                       /tmp/ccNBCSH4.ltrans0.ltrans.o
                                                  /tmp/ccNBCSH4.ltrans4.ltrans.o
chEvtBroadcastFlagsI                              /tmp/ccNBCSH4.ltrans0.ltrans.o
                                                  /tmp/ccNBCSH4.ltrans5.ltrans.o
chMtxLockS                                        /tmp/ccNBCSH4.ltrans0.ltrans.o
                                                  /tmp/ccNBCSH4.ltrans5.ltrans.o
                                                  /tmp/ccNBCSH4.ltrans4.ltrans.o
chMtxUnlock.constprop.32                          /tmp/ccNBCSH4.ltrans1.ltrans.o
                                                  /tmp/ccNBCSH4.ltrans5.ltrans.o
                                                  /tmp/ccNBCSH4.ltrans4.ltrans.o
chSchDoReschedule                                 /tmp/ccNBCSH4.ltrans6.ltrans.o
                                                  build/obj/chcoreasm_v7m.o
chSchDoRescheduleAhead                            /tmp/ccNBCSH4.ltrans0.ltrans.o
                                                  /tmp/ccNBCSH4.ltrans6.ltrans.o
chSchGoSleepS                                     /tmp/ccNBCSH4.ltrans0.ltrans.o
                                                  /tmp/ccNBCSH4.ltrans6.ltrans.o
                                                  /tmp/ccNBCSH4.ltrans5.ltrans.o
                                                  /tmp/ccNBCSH4.ltrans1.ltrans.o
chSchGoSleepTimeoutS                              /tmp/ccNBCSH4.ltrans1.ltrans.o
                                                  /tmp/ccNBCSH4.ltrans3.ltrans.o
chSchReadyI                                       /tmp/ccNBCSH4.ltrans0.ltrans.o
                                                  /tmp/ccNBCSH4.ltrans6.ltrans.o
                                                  /tmp/ccNBCSH4.ltrans5.ltrans.o
                                                  /tmp/ccNBCSH4.ltrans1.ltrans.o
chSchRescheduleS                                  /tmp/ccNBCSH4.ltrans0.ltrans.o
                                                  /tmp/ccNBCSH4.ltrans5.ltrans.o
                                                  /tmp/ccNBCSH4.ltrans1.ltrans.o
chTMStartMeasurementX.constprop.19                /tmp/ccNBCSH4.ltrans1.ltrans.o
                                                  /tmp/ccNBCSH4.ltrans4.ltrans.o
chTMStopMeasurementX                              /tmp/ccNBCSH4.ltrans0.ltrans.o
                                                  /tmp/ccNBCSH4.ltrans4.ltrans.o
chThdCreateStatic                                 /tmp/ccNBCSH4.ltrans1.ltrans.o
                                                  /tmp/ccNBCSH4.ltrans4.ltrans.o
chThdExit                                         /tmp/ccNBCSH4.ltrans6.ltrans.o
                                                  build/obj/chcoreasm_v7m.o
chThdResumeI                                      /tmp/ccNBCSH4.ltrans0.ltrans.o
                                                  /tmp/ccNBCSH4.ltrans1.ltrans.o
chThdSleep                                        /tmp/ccNBCSH4.ltrans3.ltrans.o
                                                  /tmp/ccNBCSH4.ltrans5.ltrans.o
                                                  /tmp/ccNBCSH4.ltrans4.ltrans.o
chThdSuspendS                                     /tmp/ccNBCSH4.ltrans0.ltrans.o
                                                  /tmp/ccNBCSH4.ltrans1.ltrans.o
chprintf.15553                                    /tmp/ccNBCSH4.ltrans1.ltrans.o
                                                  /tmp/ccNBCSH4.ltrans4.ltrans.o
chprintf.15913                                    /tmp/ccNBCSH4.ltrans1.ltrans.o
                                                  /tmp/ccNBCSH4.ltrans5.ltrans.o
                                                  /tmp/ccNBCSH4.ltrans4.ltrans.o
chprintf.16498.constprop.35                       /tmp/ccNBCSH4.ltrans1.ltrans.o
                                                  /tmp/ccNBCSH4.ltrans4.ltrans.o
chsnprintf                                        /tmp/ccNBCSH4.ltrans1.ltrans.o
                                                  /tmp/ccNBCSH4.ltrans5.ltrans.o
                                                  /tmp/ccNBCSH4.ltrans4.ltrans.o
chvprintf                                         /tmp/ccNBCSH4.ltrans0.ltrans.o
                                                  /tmp/ccNBCSH4.ltrans1.ltrans.o
dir_sdi.12824.constprop.43                        /tmp/ccNBCSH4.ltrans3.ltrans.o
                                                  /tmp/ccNBCSH4.ltrans2.ltrans.o
disk_read.constprop.45                            /tmp/ccNBCSH4.ltrans3.ltrans.o
                                                  /tmp/ccNBCSH4.ltrans2.ltrans.o
disk_status                                       /tmp/ccNBCSH4.ltrans1.ltrans.o
                                                  /tmp/ccNBCSH4.ltrans3.ltrans.o
disk_write                                        /tmp/ccNBCSH4.ltrans3.ltrans.o
                                                  /tmp/ccNBCSH4.ltrans2.ltrans.o
dmaStreamAllocate                                 /tmp/ccNBCSH4.ltrans0.ltrans.o
                                                  /tmp/ccNBCSH4.ltrans4.ltrans.o
dmaStreamRelease                                  /tmp/ccNBCSH4.ltrans0.ltrans.o
                                                  /tmp/ccNBCSH4.ltrans5.ltrans.o
dma_isr_redir.10833                               /tmp/ccNBCSH4.ltrans4.ltrans.o
                                                  /tmp/ccNBCSH4.ltrans0.ltrans.o
dma_streams_mask.10838                            /tmp/ccNBCSH4.ltrans4.ltrans.o
                                                  /tmp/ccNBCSH4.ltrans0.ltrans.o
dummytx.11753                                     /tmp/ccNBCSH4.ltrans4.ltrans.o
                                                  /tmp/ccNBCSH4.ltrans1.ltrans.o
endmem.6822                                       /tmp/ccNBCSH4.ltrans4.ltrans.o
                                                  /tmp/ccNBCSH4.ltrans0.ltrans.o
f_close                                           /tmp/ccNBCSH4.ltrans2.ltrans.o
                                                  /tmp/ccNBCSH4.ltrans4.ltrans.o
f_mount                                           /tmp/ccNBCSH4.ltrans3.ltrans.o
                                                  /tmp/ccNBCSH4.ltrans4.ltrans.o
f_open                                            /tmp/ccNBCSH4.ltrans2.ltrans.o
                                                  /tmp/ccNBCSH4.ltrans5.ltrans.o
f_write                                           /tmp/ccNBCSH4.ltrans2.ltrans.o
                                                  /tmp/ccNBCSH4.ltrans5.ltrans.o
                                                  /tmp/ccNBCSH4.ltrans4.ltrans.o
find_volume.12815                                 /tmp/ccNBCSH4.ltrans3.ltrans.o
                                                  /tmp/ccNBCSH4.ltrans2.ltrans.o
get.13114                                         /tmp/ccNBCSH4.ltrans0.ltrans.o
                                                  /tmp/ccNBCSH4.ltrans1.ltrans.o
get_fat.part.6.12820                              /tmp/ccNBCSH4.ltrans3.ltrans.o
                                                  /tmp/ccNBCSH4.ltrans2.ltrans.o
get_ldnumber.12777                                /tmp/ccNBCSH4.ltrans0.ltrans.o
                                                  /tmp/ccNBCSH4.ltrans3.ltrans.o
gpsRxChar.15269                                   /tmp/ccNBCSH4.ltrans1.ltrans.o
                                                  /tmp/ccNBCSH4.ltrans4.ltrans.o
gpsRxEnd.15257                                    /tmp/ccNBCSH4.ltrans1.ltrans.o
                                                  /tmp/ccNBCSH4.ltrans4.ltrans.o
gpsRxErr.15260                                    /tmp/ccNBCSH4.ltrans1.ltrans.o
                                                  /tmp/ccNBCSH4.ltrans4.ltrans.o
gpsSem                                            /tmp/ccNBCSH4.ltrans5.ltrans.o
                                                  /tmp/ccNBCSH4.ltrans1.ltrans.o
gpsThread                                         /tmp/ccNBCSH4.ltrans5.ltrans.o
                                                  /tmp/ccNBCSH4.ltrans4.ltrans.o
gpsTxC.15254                                      /tmp/ccNBCSH4.ltrans1.ltrans.o
                                                  /tmp/ccNBCSH4.ltrans4.ltrans.o
gpsTxbufEnd.15251                                 /tmp/ccNBCSH4.ltrans1.ltrans.o
                                                  /tmp/ccNBCSH4.ltrans4.ltrans.o
logfileOpenAppend                                 /tmp/ccNBCSH4.ltrans2.ltrans.o
logger.16561                                      /tmp/ccNBCSH4.ltrans4.ltrans.o
                                                  /tmp/ccNBCSH4.ltrans5.ltrans.o
main                                              /tmp/ccNBCSH4.ltrans4.ltrans.o
                                                  /tmp/ccNBCSH4.ltrans6.ltrans.o
memcpy                                            /usr/bin/../lib/gcc/arm-none-eabi/4.8.4/../../../../arm-none-eabi/lib/armv7e-m/fpu/libc.a(lib_a-memcpy.o)
                                                  /tmp/ccNBCSH4.ltrans0.ltrans.o
mmcConnect                                        /tmp/ccNBCSH4.ltrans5.ltrans.o
                                                  /tmp/ccNBCSH4.ltrans4.ltrans.o
mmcDisconnect                                     /tmp/ccNBCSH4.ltrans3.ltrans.o
                                                  /tmp/ccNBCSH4.ltrans4.ltrans.o
mmcGetInfo                                        /tmp/ccNBCSH4.ltrans0.ltrans.o
                                                  /tmp/ccNBCSH4.ltrans4.ltrans.o
mmcSequentialRead                                 /tmp/ccNBCSH4.ltrans1.ltrans.o
                                                  /tmp/ccNBCSH4.ltrans3.ltrans.o
mmcSequentialWrite                                /tmp/ccNBCSH4.ltrans3.ltrans.o
                                                  /tmp/ccNBCSH4.ltrans4.ltrans.o
mmcStartSequentialWrite                           /tmp/ccNBCSH4.ltrans3.ltrans.o
                                                  /tmp/ccNBCSH4.ltrans4.ltrans.o
mmcStopSequentialRead.part.7.9923                 /tmp/ccNBCSH4.ltrans1.ltrans.o
                                                  /tmp/ccNBCSH4.ltrans3.ltrans.o
mmcSync                                           /tmp/ccNBCSH4.ltrans3.ltrans.o
                                                  /tmp/ccNBCSH4.ltrans4.ltrans.o
mmc_lld_is_card_inserted                          /tmp/ccNBCSH4.ltrans0.ltrans.o
                                                  /tmp/ccNBCSH4.ltrans4.ltrans.o
mmc_lld_is_write_protected                        /tmp/ccNBCSH4.ltrans0.ltrans.o
                                                  /tmp/ccNBCSH4.ltrans4.ltrans.o
mmc_read.9961                                     /tmp/ccNBCSH4.ltrans3.ltrans.o
                                                  /tmp/ccNBCSH4.ltrans4.ltrans.o
move_window.12804                                 /tmp/ccNBCSH4.ltrans3.ltrans.o
                                                  /tmp/ccNBCSH4.ltrans2.ltrans.o
nextmem.6820                                      /tmp/ccNBCSH4.ltrans4.ltrans.o
                                                  /tmp/ccNBCSH4.ltrans0.ltrans.o
notify2.12009                                     /tmp/ccNBCSH4.ltrans0.ltrans.o
                                                  /tmp/ccNBCSH4.ltrans4.ltrans.o
notify6.12006                                     /tmp/ccNBCSH4.ltrans0.ltrans.o
                                                  /tmp/ccNBCSH4.ltrans4.ltrans.o
openNewLogfile.part.0.16510                       /tmp/ccNBCSH4.ltrans5.ltrans.o
                                                  /tmp/ccNBCSH4.ltrans4.ltrans.o
put.13104                                         /tmp/ccNBCSH4.ltrans0.ltrans.o
                                                  /tmp/ccNBCSH4.ltrans1.ltrans.o
put_fat.part.8.12834                              /tmp/ccNBCSH4.ltrans3.ltrans.o
                                                  /tmp/ccNBCSH4.ltrans2.ltrans.o
read_CxD.9894                                     /tmp/ccNBCSH4.ltrans3.ltrans.o
                                                  /tmp/ccNBCSH4.ltrans5.ltrans.o
reads.13117                                       /tmp/ccNBCSH4.ltrans0.ltrans.o
                                                  /tmp/ccNBCSH4.ltrans1.ltrans.o
recvr1.isra.0.9868                                /tmp/ccNBCSH4.ltrans1.ltrans.o
                                                  /tmp/ccNBCSH4.ltrans3.ltrans.o
sdObjectInit.constprop.15                         /tmp/ccNBCSH4.ltrans1.ltrans.o
                                                  /tmp/ccNBCSH4.ltrans4.ltrans.o
send_command_R1.9889                              /tmp/ccNBCSH4.ltrans3.ltrans.o
                                                  /tmp/ccNBCSH4.ltrans5.ltrans.o
send_command_R3.9883                              /tmp/ccNBCSH4.ltrans3.ltrans.o
                                                  /tmp/ccNBCSH4.ltrans5.ltrans.o
sensorLog.16560                                   /tmp/ccNBCSH4.ltrans4.ltrans.o
                                                  /tmp/ccNBCSH4.ltrans5.ltrans.o
sensorThread                                      /tmp/ccNBCSH4.ltrans5.ltrans.o
                                                  /tmp/ccNBCSH4.ltrans4.ltrans.o
spiIgnore                                         /tmp/ccNBCSH4.ltrans1.ltrans.o
                                                  /tmp/ccNBCSH4.ltrans5.ltrans.o
                                                  /tmp/ccNBCSH4.ltrans3.ltrans.o
spiReceive                                        /tmp/ccNBCSH4.ltrans1.ltrans.o
                                                  /tmp/ccNBCSH4.ltrans3.ltrans.o
spiSelect                                         /tmp/ccNBCSH4.ltrans0.ltrans.o
                                                  /tmp/ccNBCSH4.ltrans3.ltrans.o
spiSend                                           /tmp/ccNBCSH4.ltrans1.ltrans.o
                                                  /tmp/ccNBCSH4.ltrans4.ltrans.o
                                                  /tmp/ccNBCSH4.ltrans3.ltrans.o
spiStart                                          /tmp/ccNBCSH4.ltrans0.ltrans.o
                                                  /tmp/ccNBCSH4.ltrans5.ltrans.o
                                                  /tmp/ccNBCSH4.ltrans3.ltrans.o
spiStop                                           /tmp/ccNBCSH4.ltrans0.ltrans.o
                                                  /tmp/ccNBCSH4.ltrans5.ltrans.o
                                                  /tmp/ccNBCSH4.ltrans3.ltrans.o
                                                  /tmp/ccNBCSH4.ltrans1.ltrans.o
spiUnselect                                       /tmp/ccNBCSH4.ltrans0.ltrans.o
                                                  /tmp/ccNBCSH4.ltrans4.ltrans.o
                                                  /tmp/ccNBCSH4.ltrans3.ltrans.o
                                                  /tmp/ccNBCSH4.ltrans1.ltrans.o
spi_lld_serve_rx_interrupt.11699                  /tmp/ccNBCSH4.ltrans1.ltrans.o
                                                  /tmp/ccNBCSH4.ltrans0.ltrans.o
spi_lld_serve_tx_interrupt.11695                  /tmp/ccNBCSH4.ltrans5.ltrans.o
                                                  /tmp/ccNBCSH4.ltrans0.ltrans.o
stop.7728.10004                                   /tmp/ccNBCSH4.ltrans4.ltrans.o
                                                  /tmp/ccNBCSH4.ltrans3.ltrans.o
strcpy                                            /usr/bin/../lib/gcc/arm-none-eabi/4.8.4/../../../../arm-none-eabi/lib/armv7e-m/fpu/libc.a(lib_a-strcpy.o)
                                                  /tmp/ccNBCSH4.ltrans4.ltrans.o
strlen                                            /usr/bin/../lib/gcc/arm-none-eabi/4.8.4/../../../../arm-none-eabi/lib/armv7e-m/fpu/libc.a(lib_a-strlen.o)
                                                  /tmp/ccNBCSH4.ltrans5.ltrans.o
strncmp                                           /usr/bin/../lib/gcc/arm-none-eabi/4.8.4/../../../../arm-none-eabi/lib/armv7e-m/fpu/libc.a(lib_a-strncmp.o)
                                                  /tmp/ccNBCSH4.ltrans5.ltrans.o
sync_window.part.3.12794                          /tmp/ccNBCSH4.ltrans3.ltrans.o
                                                  /tmp/ccNBCSH4.ltrans2.ltrans.o
tokBuf.15340                                      /tmp/ccNBCSH4.ltrans5.ltrans.o
                                                  /tmp/ccNBCSH4.ltrans1.ltrans.o
uStrCpy                                           /tmp/ccNBCSH4.ltrans0.ltrans.o
                                                  /tmp/ccNBCSH4.ltrans5.ltrans.o
                                                  /tmp/ccNBCSH4.ltrans4.ltrans.o
uStrInsertChar.constprop.2                        /tmp/ccNBCSH4.ltrans1.ltrans.o
                                                  /tmp/ccNBCSH4.ltrans5.ltrans.o
uStrPrependChar                                   /tmp/ccNBCSH4.ltrans1.ltrans.o
                                                  /tmp/ccNBCSH4.ltrans5.ltrans.o
uart_lld_serve_rx_end_irq.12160                   /tmp/ccNBCSH4.ltrans5.ltrans.o
                                                  /tmp/ccNBCSH4.ltrans4.ltrans.o
uart_lld_serve_tx_end_irq.12156                   /tmp/ccNBCSH4.ltrans5.ltrans.o
                                                  /tmp/ccNBCSH4.ltrans4.ltrans.o
usart_stop.12167                                  /tmp/ccNBCSH4.ltrans0.ltrans.o
                                                  /tmp/ccNBCSH4.ltrans5.ltrans.o
                                                  /tmp/ccNBCSH4.ltrans4.ltrans.o
validate.12780                                    /tmp/ccNBCSH4.ltrans1.ltrans.o
                                                  /tmp/ccNBCSH4.ltrans2.ltrans.o
wakeup.4718                                       /tmp/ccNBCSH4.ltrans0.ltrans.o
                                                  /tmp/ccNBCSH4.ltrans1.ltrans.o
writeHeader                                       /tmp/ccNBCSH4.ltrans5.ltrans.o
                                                  /tmp/ccNBCSH4.ltrans4.ltrans.o
writes.13123                                      /tmp/ccNBCSH4.ltrans0.ltrans.o
                                                  /tmp/ccNBCSH4.ltrans1.ltrans.o