
Discarded input sections

 .data          0x0000000000000000        0x0 build/obj/chcoreasm_v7m.o
 .bss           0x0000000000000000        0x0 build/obj/chcoreasm_v7m.o
 .text          0x0000000000000000        0x0 build/obj/crt0.o (symbol from plugin)
 .text          0x0000000000000000        0x0 /tmp/ccuIcOqS.ltrans0.ltrans.o
 .data          0x0000000000000000        0x0 /tmp/ccuIcOqS.ltrans0.ltrans.o
 .bss           0x0000000000000000        0x0 /tmp/ccuIcOqS.ltrans0.ltrans.o
 .text.unlikely.sync_window.part.3.11070.4458
                0x0000000000000000       0x48 /tmp/ccuIcOqS.ltrans0.ltrans.o
 .text.unlikely.check_fs.11087.4432
                0x0000000000000000       0x9c /tmp/ccuIcOqS.ltrans0.ltrans.o
 .text          0x0000000000000000        0x0 /tmp/ccuIcOqS.ltrans1.ltrans.o
 .data          0x0000000000000000        0x0 /tmp/ccuIcOqS.ltrans1.ltrans.o
 .bss           0x0000000000000000        0x0 /tmp/ccuIcOqS.ltrans1.ltrans.o
 .text.disk_write.constprop.19
                0x0000000000000000       0x70 /tmp/ccuIcOqS.ltrans1.ltrans.o
 .text.disk_read.constprop.21
                0x0000000000000000       0x50 /tmp/ccuIcOqS.ltrans1.ltrans.o
 .text          0x0000000000000000        0x0 /tmp/ccuIcOqS.ltrans2.ltrans.o
 .data          0x0000000000000000        0x0 /tmp/ccuIcOqS.ltrans2.ltrans.o
 .bss           0x0000000000000000        0x0 /tmp/ccuIcOqS.ltrans2.ltrans.o
 .text          0x0000000000000000        0x0 /tmp/ccuIcOqS.ltrans3.ltrans.o
 .data          0x0000000000000000        0x0 /tmp/ccuIcOqS.ltrans3.ltrans.o
 .bss           0x0000000000000000        0x0 /tmp/ccuIcOqS.ltrans3.ltrans.o
 .text          0x0000000000000000        0x0 build/obj/vectors.o (symbol from plugin)
 .text          0x0000000000000000        0x0 build/obj/chcore.o (symbol from plugin)
 .text          0x0000000000000000        0x0 build/obj/chcore_v7m.o (symbol from plugin)
 .text          0x0000000000000000        0x0 build/obj/chsys.o (symbol from plugin)
 .text          0x0000000000000000        0x0 build/obj/chdebug.o (symbol from plugin)
 .text          0x0000000000000000        0x0 build/obj/chtm.o (symbol from plugin)
 .text          0x0000000000000000        0x0 build/obj/chstats.o (symbol from plugin)
 .text          0x0000000000000000        0x0 build/obj/chschd.o (symbol from plugin)
 .text          0x0000000000000000        0x0 build/obj/chvt.o (symbol from plugin)
 .text          0x0000000000000000        0x0 build/obj/chthreads.o (symbol from plugin)
 .text          0x0000000000000000        0x0 build/obj/chdynamic.o (symbol from plugin)
 .text          0x0000000000000000        0x0 build/obj/chregistry.o (symbol from plugin)
 .text          0x0000000000000000        0x0 build/obj/chsem.o (symbol from plugin)
 .text          0x0000000000000000        0x0 build/obj/chmtx.o (symbol from plugin)
 .text          0x0000000000000000        0x0 build/obj/chcond.o (symbol from plugin)
 .text          0x0000000000000000        0x0 build/obj/chevents.o (symbol from plugin)
 .text          0x0000000000000000        0x0 build/obj/chmsg.o (symbol from plugin)
 .text          0x0000000000000000        0x0 build/obj/chmboxes.o (symbol from plugin)
 .text          0x0000000000000000        0x0 build/obj/chqueues.o (symbol from plugin)
 .text          0x0000000000000000        0x0 build/obj/chmemcore.o (symbol from plugin)
 .text          0x0000000000000000        0x0 build/obj/chheap.o (symbol from plugin)
 .text          0x0000000000000000        0x0 build/obj/chmempools.o (symbol from plugin)
 .text          0x0000000000000000        0x0 build/obj/test.o (symbol from plugin)
 .text          0x0000000000000000        0x0 build/obj/testthd.o (symbol from plugin)
 .text          0x0000000000000000        0x0 build/obj/testsem.o (symbol from plugin)
 .text          0x0000000000000000        0x0 build/obj/testmtx.o (symbol from plugin)
 .text          0x0000000000000000        0x0 build/obj/testmsg.o (symbol from plugin)
 .text          0x0000000000000000        0x0 build/obj/testmbox.o (symbol from plugin)
 .text          0x0000000000000000        0x0 build/obj/testevt.o (symbol from plugin)
 .text          0x0000000000000000        0x0 build/obj/testheap.o (symbol from plugin)
 .text          0x0000000000000000        0x0 build/obj/testpools.o (symbol from plugin)
 .text          0x0000000000000000        0x0 build/obj/testdyn.o (symbol from plugin)
 .text          0x0000000000000000        0x0 build/obj/testqueues.o (symbol from plugin)
 .text          0x0000000000000000        0x0 build/obj/testbmk.o (symbol from plugin)
 .text          0x0000000000000000        0x0 build/obj/hal.o (symbol from plugin)
 .text          0x0000000000000000        0x0 build/obj/hal_queues.o (symbol from plugin)
 .text          0x0000000000000000        0x0 build/obj/hal_mmcsd.o (symbol from plugin)
 .text          0x0000000000000000        0x0 build/obj/adc.o (symbol from plugin)
 .text          0x0000000000000000        0x0 build/obj/can.o (symbol from plugin)
 .text          0x0000000000000000        0x0 build/obj/dac.o (symbol from plugin)
 .text          0x0000000000000000        0x0 build/obj/ext.o (symbol from plugin)
 .text          0x0000000000000000        0x0 build/obj/gpt.o (symbol from plugin)
 .text          0x0000000000000000        0x0 build/obj/i2c.o (symbol from plugin)
 .text          0x0000000000000000        0x0 build/obj/i2s.o (symbol from plugin)
 .text          0x0000000000000000        0x0 build/obj/icu.o (symbol from plugin)
 .text          0x0000000000000000        0x0 build/obj/mac.o (symbol from plugin)
 .text          0x0000000000000000        0x0 build/obj/mmc_spi.o (symbol from plugin)
 .text          0x0000000000000000        0x0 build/obj/pal.o (symbol from plugin)
 .text          0x0000000000000000        0x0 build/obj/pwm.o (symbol from plugin)
 .text          0x0000000000000000        0x0 build/obj/rtc.o (symbol from plugin)
 .text          0x0000000000000000        0x0 build/obj/sdc.o (symbol from plugin)
 .text          0x0000000000000000        0x0 build/obj/serial.o (symbol from plugin)
 .text          0x0000000000000000        0x0 build/obj/serial_usb.o (symbol from plugin)
 .text          0x0000000000000000        0x0 build/obj/spi.o (symbol from plugin)
 .text          0x0000000000000000        0x0 build/obj/st.o (symbol from plugin)
 .text          0x0000000000000000        0x0 build/obj/uart.o (symbol from plugin)
 .text          0x0000000000000000        0x0 build/obj/usb.o (symbol from plugin)
 .text          0x0000000000000000        0x0 build/obj/osal.o (symbol from plugin)
 .text          0x0000000000000000        0x0 build/obj/nvic.o (symbol from plugin)
 .text          0x0000000000000000        0x0 build/obj/stm32_dma.o (symbol from plugin)
 .text          0x0000000000000000        0x0 build/obj/hal_lld.o (symbol from plugin)
 .text          0x0000000000000000        0x0 build/obj/adc_lld.o (symbol from plugin)
 .text          0x0000000000000000        0x0 build/obj/ext_lld_isr.o (symbol from plugin)
 .text          0x0000000000000000        0x0 build/obj/can_lld.o (symbol from plugin)
 .text          0x0000000000000000        0x0 build/obj/ext_lld.o (symbol from plugin)
 .text          0x0000000000000000        0x0 build/obj/mac_lld.o (symbol from plugin)
 .text          0x0000000000000000        0x0 build/obj/sdc_lld.o (symbol from plugin)
 .text          0x0000000000000000        0x0 build/obj/pal_lld.o (symbol from plugin)
 .text          0x0000000000000000        0x0 build/obj/i2c_lld.o (symbol from plugin)
 .text          0x0000000000000000        0x0 build/obj/rtc_lld.o (symbol from plugin)
 .text          0x0000000000000000        0x0 build/obj/spi_lld.o (symbol from plugin)
 .text          0x0000000000000000        0x0 build/obj/gpt_lld.o (symbol from plugin)
 .text          0x0000000000000000        0x0 build/obj/icu_lld.o (symbol from plugin)
 .text          0x0000000000000000        0x0 build/obj/pwm_lld.o (symbol from plugin)
 .text          0x0000000000000000        0x0 build/obj/st_lld.o (symbol from plugin)
 .text          0x0000000000000000        0x0 build/obj/serial_lld.o (symbol from plugin)
 .text          0x0000000000000000        0x0 build/obj/uart_lld.o (symbol from plugin)
 .text          0x0000000000000000        0x0 build/obj/usb_lld.o (symbol from plugin)
 .text          0x0000000000000000        0x0 build/obj/board.o (symbol from plugin)
 .text          0x0000000000000000        0x0 build/obj/fatfs_diskio.o (symbol from plugin)
 .text          0x0000000000000000        0x0 build/obj/fatfs_syscall.o (symbol from plugin)
 .text          0x0000000000000000        0x0 build/obj/ff.o (symbol from plugin)
 .text          0x0000000000000000        0x0 build/obj/unicode.o (symbol from plugin)
 .text          0x0000000000000000        0x0 build/obj/chprintf.o (symbol from plugin)
 .text          0x0000000000000000        0x0 build/obj/shell.o (symbol from plugin)
 .text          0x0000000000000000        0x0 build/obj/sdmmcsimple.o (symbol from plugin)
 .text          0x0000000000000000        0x0 build/obj/datalogger.o (symbol from plugin)
 .text          0x0000000000000000        0x0 build/obj/main.o (symbol from plugin)

Memory Configuration

Name             Origin             Length             Attributes
flash            0x0000000008000000 0x0000000000020000
ram              0x0000000020000000 0x0000000000005000
*default*        0x0000000000000000 0xffffffffffffffff

Linker script and memory map

LOAD build/obj/chcoreasm_v7m.o
LOAD build/obj/crt0.o
LOAD /tmp/ccuIcOqS.ltrans0.ltrans.o
LOAD /tmp/ccuIcOqS.ltrans1.ltrans.o
LOAD /tmp/ccuIcOqS.ltrans2.ltrans.o
LOAD /tmp/ccuIcOqS.ltrans3.ltrans.o
LOAD /usr/bin/../lib/gcc/arm-none-eabi/4.8.4/armv7-m/libgcc.a
LOAD /usr/bin/../lib/gcc/arm-none-eabi/4.8.4/../../../../arm-none-eabi/lib/armv7-m/libc.a
LOAD build/obj/vectors.o
LOAD build/obj/chcore.o
LOAD build/obj/chcore_v7m.o
LOAD build/obj/chsys.o
LOAD build/obj/chdebug.o
LOAD build/obj/chtm.o
LOAD build/obj/chstats.o
LOAD build/obj/chschd.o
LOAD build/obj/chvt.o
LOAD build/obj/chthreads.o
LOAD build/obj/chdynamic.o
LOAD build/obj/chregistry.o
LOAD build/obj/chsem.o
LOAD build/obj/chmtx.o
LOAD build/obj/chcond.o
LOAD build/obj/chevents.o
LOAD build/obj/chmsg.o
LOAD build/obj/chmboxes.o
LOAD build/obj/chqueues.o
LOAD build/obj/chmemcore.o
LOAD build/obj/chheap.o
LOAD build/obj/chmempools.o
LOAD build/obj/test.o
LOAD build/obj/testthd.o
LOAD build/obj/testsem.o
LOAD build/obj/testmtx.o
LOAD build/obj/testmsg.o
LOAD build/obj/testmbox.o
LOAD build/obj/testevt.o
LOAD build/obj/testheap.o
LOAD build/obj/testpools.o
LOAD build/obj/testdyn.o
LOAD build/obj/testqueues.o
LOAD build/obj/testbmk.o
LOAD build/obj/hal.o
LOAD build/obj/hal_queues.o
LOAD build/obj/hal_mmcsd.o
LOAD build/obj/adc.o
LOAD build/obj/can.o
LOAD build/obj/dac.o
LOAD build/obj/ext.o
LOAD build/obj/gpt.o
LOAD build/obj/i2c.o
LOAD build/obj/i2s.o
LOAD build/obj/icu.o
LOAD build/obj/mac.o
LOAD build/obj/mmc_spi.o
LOAD build/obj/pal.o
LOAD build/obj/pwm.o
LOAD build/obj/rtc.o
LOAD build/obj/sdc.o
LOAD build/obj/serial.o
LOAD build/obj/serial_usb.o
LOAD build/obj/spi.o
LOAD build/obj/st.o
LOAD build/obj/uart.o
LOAD build/obj/usb.o
LOAD build/obj/osal.o
LOAD build/obj/nvic.o
LOAD build/obj/stm32_dma.o
LOAD build/obj/hal_lld.o
LOAD build/obj/adc_lld.o
LOAD build/obj/ext_lld_isr.o
LOAD build/obj/can_lld.o
LOAD build/obj/ext_lld.o
LOAD build/obj/mac_lld.o
LOAD build/obj/sdc_lld.o
LOAD build/obj/pal_lld.o
LOAD build/obj/i2c_lld.o
LOAD build/obj/rtc_lld.o
LOAD build/obj/spi_lld.o
LOAD build/obj/gpt_lld.o
LOAD build/obj/icu_lld.o
LOAD build/obj/pwm_lld.o
LOAD build/obj/st_lld.o
LOAD build/obj/serial_lld.o
LOAD build/obj/uart_lld.o
LOAD build/obj/usb_lld.o
LOAD build/obj/board.o
LOAD build/obj/fatfs_diskio.o
LOAD build/obj/fatfs_syscall.o
LOAD build/obj/ff.o
LOAD build/obj/unicode.o
LOAD build/obj/chprintf.o
LOAD build/obj/shell.o
LOAD build/obj/sdmmcsimple.o
LOAD build/obj/datalogger.o
LOAD build/obj/main.o
                0x0000000020000000                __ram_start__ = ORIGIN (ram)
                0x0000000000005000                __ram_size__ = 0x5000
                0x0000000020005000                __ram_end__ = (__ram_start__ + __ram_size__)
                0x0000000000000000                . = 0x0
                0x0000000000000000                _text = .

startup         0x0000000008000000      0x140
 *(vectors)
 vectors        0x0000000008000000      0x140 /tmp/ccuIcOqS.ltrans2.ltrans.o
                0x0000000008000000                _vectors

constructors    0x0000000008000140        0x0
                0x0000000008000140                PROVIDE (__init_array_start, .)
 *(SORT(.init_array.*))
 *(.init_array)
                0x0000000008000140                PROVIDE (__init_array_end, .)

destructors     0x0000000008000140        0x0
                0x0000000008000140                PROVIDE (__fini_array_start, .)
 *(.fini_array)
 *(SORT(.fini_array.*))
                0x0000000008000140                PROVIDE (__fini_array_end, .)

.text           0x0000000008000140     0x2784
 *(.text.startup.*)
 .text.startup.main.4389
                0x0000000008000140      0x6e0 /tmp/ccuIcOqS.ltrans2.ltrans.o
 *(.text)
 .text          0x0000000008000820       0x26 build/obj/chcoreasm_v7m.o
                0x0000000008000820                _port_switch
                0x0000000008000830                _port_thread_start
                0x000000000800083e                _port_switch_from_isr
                0x0000000008000842                _port_exit_from_isr
 *(.text.*)
 *fill*         0x0000000008000846        0xa 
 .text.spi_lld_serve_tx_interrupt.10416
                0x0000000008000850       0x20 /tmp/ccuIcOqS.ltrans0.ltrans.o
                0x0000000008000850                spi_lld_serve_tx_interrupt.10416
 .text.serve_interrupt.10687.4026
                0x0000000008000870      0x1a0 /tmp/ccuIcOqS.ltrans0.ltrans.o
 .text.VectorD8
                0x0000000008000a10       0x20 /tmp/ccuIcOqS.ltrans0.ltrans.o
                0x0000000008000a10                VectorD8
 .text.VectorD4
                0x0000000008000a30       0x20 /tmp/ccuIcOqS.ltrans0.ltrans.o
                0x0000000008000a30                VectorD4
 .text.adc_lld_serve_rx_interrupt.10185
                0x0000000008000a50      0x100 /tmp/ccuIcOqS.ltrans0.ltrans.o
                0x0000000008000a50                adc_lld_serve_rx_interrupt.10185
 .text.spi_lld_serve_rx_interrupt.10420
                0x0000000008000b50       0x80 /tmp/ccuIcOqS.ltrans0.ltrans.o
                0x0000000008000b50                spi_lld_serve_rx_interrupt.10420
 .text.mmcConnect
                0x0000000008000bd0      0x160 /tmp/ccuIcOqS.ltrans0.ltrans.o
                0x0000000008000bd0                mmcConnect
 .text.f_mount.constprop.17
                0x0000000008000d30       0x40 /tmp/ccuIcOqS.ltrans0.ltrans.o
                0x0000000008000d30                f_mount.constprop.17
 .text.sd_lld_start
                0x0000000008000d70       0xb0 /tmp/ccuIcOqS.ltrans0.ltrans.o
                0x0000000008000d70                sd_lld_start
 .text.long_to_string_with_divisor.11314.constprop.31.4501
                0x0000000008000e20       0x50 /tmp/ccuIcOqS.ltrans1.ltrans.o
 .text.mmcStopSequentialRead.part.7.9255.4563
                0x0000000008000e70       0x30 /tmp/ccuIcOqS.ltrans1.ltrans.o
 .text.chSchGoSleepTimeoutS.4431
                0x0000000008000ea0      0x100 /tmp/ccuIcOqS.ltrans1.ltrans.o
 .text.chThdEnqueueTimeoutS.4427
                0x0000000008000fa0       0x30 /tmp/ccuIcOqS.ltrans1.ltrans.o
 .text.chIQGetTimeout.4372
                0x0000000008000fd0       0x50 /tmp/ccuIcOqS.ltrans1.ltrans.o
 .text.gett.9502
                0x0000000008001020       0x10 /tmp/ccuIcOqS.ltrans1.ltrans.o
                0x0000000008001020                gett.9502
 .text.get.9506
                0x0000000008001030       0x10 /tmp/ccuIcOqS.ltrans1.ltrans.o
                0x0000000008001030                get.9506
 .text.chIQReadTimeout.4387
                0x0000000008001040       0x80 /tmp/ccuIcOqS.ltrans1.ltrans.o
 .text.readt.9477
                0x00000000080010c0       0x10 /tmp/ccuIcOqS.ltrans1.ltrans.o
                0x00000000080010c0                readt.9477
 .text.read.9486
                0x00000000080010d0       0x10 /tmp/ccuIcOqS.ltrans1.ltrans.o
                0x00000000080010d0                read.9486
 .text.chOQPutTimeout.4402
                0x00000000080010e0       0x50 /tmp/ccuIcOqS.ltrans1.ltrans.o
 .text.putt.9509
                0x0000000008001130       0x10 /tmp/ccuIcOqS.ltrans1.ltrans.o
                0x0000000008001130                putt.9509
 .text.put.9514
                0x0000000008001140       0x10 /tmp/ccuIcOqS.ltrans1.ltrans.o
                0x0000000008001140                put.9514
 .text.chOQWriteTimeout.4421
                0x0000000008001150       0x80 /tmp/ccuIcOqS.ltrans1.ltrans.o
 .text.writet.9491
                0x00000000080011d0       0x10 /tmp/ccuIcOqS.ltrans1.ltrans.o
                0x00000000080011d0                writet.9491
 .text.write.9497
                0x00000000080011e0       0x10 /tmp/ccuIcOqS.ltrans1.ltrans.o
                0x00000000080011e0                write.9497
 .text.VectorB0
                0x00000000080011f0       0xa0 /tmp/ccuIcOqS.ltrans1.ltrans.o
                0x00000000080011f0                VectorB0
 .text.chThdSleep
                0x0000000008001290       0x20 /tmp/ccuIcOqS.ltrans1.ltrans.o
                0x0000000008001290                chThdSleep
 .text.wait.isra.1.9207.4343
                0x00000000080012b0       0x40 /tmp/ccuIcOqS.ltrans1.ltrans.o
 .text.mmcSequentialWrite
                0x00000000080012f0       0x80 /tmp/ccuIcOqS.ltrans1.ltrans.o
                0x00000000080012f0                mmcSequentialWrite
 .text.send_hdr.9210.4338
                0x0000000008001370       0x70 /tmp/ccuIcOqS.ltrans1.ltrans.o
 .text.mmcStartSequentialWrite
                0x00000000080013e0       0x60 /tmp/ccuIcOqS.ltrans1.ltrans.o
                0x00000000080013e0                mmcStartSequentialWrite
 .text.mmcStartSequentialRead.4311
                0x0000000008001440       0x60 /tmp/ccuIcOqS.ltrans1.ltrans.o
 .text.mmc_read.9293
                0x00000000080014a0       0x40 /tmp/ccuIcOqS.ltrans1.ltrans.o
                0x00000000080014a0                mmc_read.9293
 .text.read_CxD.9226
                0x00000000080014e0       0xb0 /tmp/ccuIcOqS.ltrans1.ltrans.o
                0x00000000080014e0                read_CxD.9226
 .text.send_command_R1.9221
                0x0000000008001590       0x30 /tmp/ccuIcOqS.ltrans1.ltrans.o
                0x0000000008001590                send_command_R1.9221
 .text.send_command_R3.9215
                0x00000000080015c0       0x40 /tmp/ccuIcOqS.ltrans1.ltrans.o
                0x00000000080015c0                send_command_R3.9215
 .text.sync.isra.2.9234.4358
                0x0000000008001600       0x40 /tmp/ccuIcOqS.ltrans1.ltrans.o
 .text.mmcSync  0x0000000008001640       0x30 /tmp/ccuIcOqS.ltrans1.ltrans.o
                0x0000000008001640                mmcSync
 .text.mmcDisconnect
                0x0000000008001670       0x50 /tmp/ccuIcOqS.ltrans1.ltrans.o
                0x0000000008001670                mmcDisconnect
 .text.chprintf.12451.constprop.29
                0x00000000080016c0      0x290 /tmp/ccuIcOqS.ltrans1.ltrans.o
                0x00000000080016c0                chprintf.12451.constprop.29
 .text.adc_lld_start_conversion.constprop.28
                0x0000000008001950       0x80 /tmp/ccuIcOqS.ltrans1.ltrans.o
                0x0000000008001950                adc_lld_start_conversion.constprop.28
 .text.Reset_Handler
                0x00000000080019d0      0x150 /tmp/ccuIcOqS.ltrans2.ltrans.o
                0x00000000080019d0                Reset_Handler
 .text.mmc_write.9310.4554
                0x0000000008001b20       0x60 /tmp/ccuIcOqS.ltrans2.ltrans.o
 .text.chThdExit
                0x0000000008001b80       0x50 /tmp/ccuIcOqS.ltrans2.ltrans.o
                0x0000000008001b80                chThdExit
 .text.chSchDoReschedule
                0x0000000008001bd0       0x40 /tmp/ccuIcOqS.ltrans2.ltrans.o
                0x0000000008001bd0                chSchDoReschedule
 .text.anaSensorCallback.12446
                0x0000000008001c10       0x20 /tmp/ccuIcOqS.ltrans3.ltrans.o
                0x0000000008001c10                anaSensorCallback.12446
 .text.accCallback.12441
                0x0000000008001c30       0x10 /tmp/ccuIcOqS.ltrans3.ltrans.o
                0x0000000008001c30                accCallback.12441
 .text.mmc_lld_is_write_protected
                0x0000000008001c40       0x20 /tmp/ccuIcOqS.ltrans3.ltrans.o
                0x0000000008001c40                mmc_lld_is_write_protected
 .text.mmc_lld_is_card_inserted
                0x0000000008001c60       0x10 /tmp/ccuIcOqS.ltrans3.ltrans.o
                0x0000000008001c60                mmc_lld_is_card_inserted
 .text.notify2.10677
                0x0000000008001c70       0x20 /tmp/ccuIcOqS.ltrans3.ltrans.o
                0x0000000008001c70                notify2.10677
 .text.notify1.10680
                0x0000000008001c90       0x20 /tmp/ccuIcOqS.ltrans3.ltrans.o
                0x0000000008001c90                notify1.10680
 .text.dmaStreamRelease.4462
                0x0000000008001cb0       0x60 /tmp/ccuIcOqS.ltrans3.ltrans.o
 .text.mmcGetInfo
                0x0000000008001d10       0x20 /tmp/ccuIcOqS.ltrans3.ltrans.o
                0x0000000008001d10                mmcGetInfo
 .text.chCoreAlloc
                0x0000000008001d30       0x40 /tmp/ccuIcOqS.ltrans3.ltrans.o
                0x0000000008001d30                chCoreAlloc
 .text.wakeup.4630
                0x0000000008001d70       0x70 /tmp/ccuIcOqS.ltrans3.ltrans.o
                0x0000000008001d70                wakeup.4630
 .text._idle_thread.4264
                0x0000000008001de0       0x20 /tmp/ccuIcOqS.ltrans3.ltrans.o
                0x0000000008001de0                _idle_thread.4264
 .text.SVC_Handler
                0x0000000008001e00       0x20 /tmp/ccuIcOqS.ltrans3.ltrans.o
                0x0000000008001e00                SVC_Handler
 .text.chTMStartMeasurementX.constprop.8
                0x0000000008001e20       0x10 /tmp/ccuIcOqS.ltrans3.ltrans.o
                0x0000000008001e20                chTMStartMeasurementX.constprop.8
 .text.sdObjectInit.constprop.4
                0x0000000008001e30       0x70 /tmp/ccuIcOqS.ltrans3.ltrans.o
                0x0000000008001e30                sdObjectInit.constprop.4
 .text.get_ldnumber.11053
                0x0000000008001ea0       0x40 /tmp/ccuIcOqS.ltrans3.ltrans.o
                0x0000000008001ea0                get_ldnumber.11053
 .text.spiUnselect
                0x0000000008001ee0       0x20 /tmp/ccuIcOqS.ltrans3.ltrans.o
                0x0000000008001ee0                spiUnselect
 .text.spiSelect
                0x0000000008001f00       0x20 /tmp/ccuIcOqS.ltrans3.ltrans.o
                0x0000000008001f00                spiSelect
 .text.spiStop  0x0000000008001f20       0x50 /tmp/ccuIcOqS.ltrans3.ltrans.o
                0x0000000008001f20                spiStop
 .text._pal_lld_setgroupmode
                0x0000000008001f70       0x70 /tmp/ccuIcOqS.ltrans3.ltrans.o
                0x0000000008001f70                _pal_lld_setgroupmode
 .text.dmaStreamAllocate
                0x0000000008001fe0       0xa0 /tmp/ccuIcOqS.ltrans3.ltrans.o
                0x0000000008001fe0                dmaStreamAllocate
 .text.spiStart
                0x0000000008002080       0xb0 /tmp/ccuIcOqS.ltrans3.ltrans.o
                0x0000000008002080                spiStart
 .text.chSchGoSleepS
                0x0000000008002130       0x30 /tmp/ccuIcOqS.ltrans3.ltrans.o
                0x0000000008002130                chSchGoSleepS
 .text.chThdSuspendS
                0x0000000008002160       0x30 /tmp/ccuIcOqS.ltrans3.ltrans.o
                0x0000000008002160                chThdSuspendS
 .text.spiSend  0x0000000008002190       0x50 /tmp/ccuIcOqS.ltrans3.ltrans.o
                0x0000000008002190                spiSend
 .text.spiReceive
                0x00000000080021e0       0x50 /tmp/ccuIcOqS.ltrans3.ltrans.o
                0x00000000080021e0                spiReceive
 .text.recvr1.isra.0.9200
                0x0000000008002230       0x30 /tmp/ccuIcOqS.ltrans3.ltrans.o
                0x0000000008002230                recvr1.isra.0.9200
 .text.spiIgnore
                0x0000000008002260       0x60 /tmp/ccuIcOqS.ltrans3.ltrans.o
                0x0000000008002260                spiIgnore
 .text.mmcSequentialRead
                0x00000000080022c0       0x60 /tmp/ccuIcOqS.ltrans3.ltrans.o
                0x00000000080022c0                mmcSequentialRead
 .text._port_irq_epilogue
                0x0000000008002320       0x60 /tmp/ccuIcOqS.ltrans3.ltrans.o
                0x0000000008002320                _port_irq_epilogue
 .text.Vector84
                0x0000000008002380       0x30 /tmp/ccuIcOqS.ltrans3.ltrans.o
                0x0000000008002380                Vector84
 .text.Vector80
                0x00000000080023b0       0x30 /tmp/ccuIcOqS.ltrans3.ltrans.o
                0x00000000080023b0                Vector80
 .text.Vector7C
                0x00000000080023e0       0x30 /tmp/ccuIcOqS.ltrans3.ltrans.o
                0x00000000080023e0                Vector7C
 .text.Vector78
                0x0000000008002410       0x30 /tmp/ccuIcOqS.ltrans3.ltrans.o
                0x0000000008002410                Vector78
 .text.Vector74
                0x0000000008002440       0x30 /tmp/ccuIcOqS.ltrans3.ltrans.o
                0x0000000008002440                Vector74
 .text.Vector70
                0x0000000008002470       0x30 /tmp/ccuIcOqS.ltrans3.ltrans.o
                0x0000000008002470                Vector70
 .text.Vector6C
                0x00000000080024a0       0x30 /tmp/ccuIcOqS.ltrans3.ltrans.o
                0x00000000080024a0                Vector6C
 .text.chSchReadyI
                0x00000000080024d0       0x30 /tmp/ccuIcOqS.ltrans3.ltrans.o
                0x00000000080024d0                chSchReadyI
 .text.chEvtBroadcastFlagsI
                0x0000000008002500       0x60 /tmp/ccuIcOqS.ltrans3.ltrans.o
                0x0000000008002500                chEvtBroadcastFlagsI
 .text.chTMStopMeasurementX
                0x0000000008002560       0x50 /tmp/ccuIcOqS.ltrans3.ltrans.o
                0x0000000008002560                chTMStopMeasurementX
 .text._unhandled_exception.4547
                0x00000000080025b0       0x10 /tmp/ccuIcOqS.ltrans3.ltrans.o
                0x00000000080025b0                Vector58
                0x00000000080025b0                VectorE8
                0x00000000080025b0                Vector9C
                0x00000000080025b0                VectorAC
                0x00000000080025b0                DebugMon_Handler
                0x00000000080025b0                Vector5C
                0x00000000080025b0                Vector11C
                0x00000000080025b0                HardFault_Handler
                0x00000000080025b0                Vector8C
                0x00000000080025b0                SysTick_Handler
                0x00000000080025b0                VectorDC
                0x00000000080025b0                PendSV_Handler
                0x00000000080025b0                NMI_Handler
                0x00000000080025b0                Vector110
                0x00000000080025b0                Vector120
                0x00000000080025b0                VectorC8
                0x00000000080025b0                Vector94
                0x00000000080025b0                VectorA8
                0x00000000080025b0                VectorB4
                0x00000000080025b0                UsageFault_Handler
                0x00000000080025b0                VectorEC
                0x00000000080025b0                Vector40
                0x00000000080025b0                VectorF8
                0x00000000080025b0                Vector108
                0x00000000080025b0                VectorBC
                0x00000000080025b0                Vector124
                0x00000000080025b0                Vector118
                0x00000000080025b0                Vector64
                0x00000000080025b0                VectorCC
                0x00000000080025b0                Vector54
                0x00000000080025b0                Vector98
                0x00000000080025b0                Vector138
                0x00000000080025b0                Vector24
                0x00000000080025b0                VectorD0
                0x00000000080025b0                VectorE4
                0x00000000080025b0                VectorC0
                0x00000000080025b0                Vector130
                0x00000000080025b0                Vector134
                0x00000000080025b0                VectorF0
                0x00000000080025b0                Vector12C
                0x00000000080025b0                Vector13C
                0x00000000080025b0                Vector100
                0x00000000080025b0                VectorE0
                0x00000000080025b0                VectorF4
                0x00000000080025b0                MemManage_Handler
                0x00000000080025b0                VectorA0
                0x00000000080025b0                VectorC4
                0x00000000080025b0                Vector90
                0x00000000080025b0                Vector114
                0x00000000080025b0                Vector60
                0x00000000080025b0                Vector1C
                0x00000000080025b0                Vector48
                0x00000000080025b0                Vector4C
                0x00000000080025b0                Vector68
                0x00000000080025b0                Vector88
                0x00000000080025b0                Vector104
                0x00000000080025b0                Vector10C
                0x00000000080025b0                BusFault_Handler
                0x00000000080025b0                Vector50
                0x00000000080025b0                Vector44
                0x00000000080025b0                Vector28
                0x00000000080025b0                VectorB8
                0x00000000080025b0                VectorFC
                0x00000000080025b0                Vector34
                0x00000000080025b0                Vector128
                0x00000000080025b0                VectorA4
                0x00000000080025b0                Vector20
 *(.rodata)
 *(.rodata.*)
 .rodata.default_config.10714.4565
                0x00000000080025c0        0xc /tmp/ccuIcOqS.ltrans0.ltrans.o
 *fill*         0x00000000080025cc        0x4 
 .rodata.str1.4
                0x00000000080025d0        0xc /tmp/ccuIcOqS.ltrans0.ltrans.o
 *fill*         0x00000000080025dc        0x4 
 .rodata.crc7_lookup_table.9338.4615
                0x00000000080025e0      0x100 /tmp/ccuIcOqS.ltrans1.ltrans.o
 .rodata.stopcmd.7333.9335.4644
                0x00000000080026e0        0x8 /tmp/ccuIcOqS.ltrans1.ltrans.o
 *fill*         0x00000000080026e8        0x8 
 .rodata.vmt.9595
                0x00000000080026f0       0x20 /tmp/ccuIcOqS.ltrans1.ltrans.o
                0x00000000080026f0                vmt.9595
 .rodata.str1.4
                0x0000000008002710        0x7 /tmp/ccuIcOqS.ltrans1.ltrans.o
                                          0x8 (size before relaxing)
 *fill*         0x0000000008002717        0x9 
 .rodata.start.7344.9337.4614
                0x0000000008002720        0x4 /tmp/ccuIcOqS.ltrans1.ltrans.o
 *fill*         0x0000000008002724        0xc 
 .rodata.sensorConvGrp.12489.4874
                0x0000000008002730       0x28 /tmp/ccuIcOqS.ltrans2.ltrans.o
 *fill*         0x0000000008002758        0x8 
 .rodata.stop.7350.9336
                0x0000000008002760        0x4 /tmp/ccuIcOqS.ltrans2.ltrans.o
                0x0000000008002760                stop.7350.9336
 *fill*         0x0000000008002764        0xc 
 .rodata.accelConvGrp.12491.4872
                0x0000000008002770       0x28 /tmp/ccuIcOqS.ltrans2.ltrans.o
 *fill*         0x0000000008002798        0x8 
 .rodata._stm32_dma_streams
                0x00000000080027a0       0x54 /tmp/ccuIcOqS.ltrans2.ltrans.o
 *fill*         0x00000000080027f4        0xc 
 .rodata.mmc_vmt.9339.4880
                0x0000000008002800       0x20 /tmp/ccuIcOqS.ltrans2.ltrans.o
 .rodata.ch_debug
                0x0000000008002820       0x18 /tmp/ccuIcOqS.ltrans2.ltrans.o
 *fill*         0x0000000008002838        0x8 
 .rodata.str1.4
                0x0000000008002840       0x5a /tmp/ccuIcOqS.ltrans2.ltrans.o
                                         0x5c (size before relaxing)
 *fill*         0x000000000800289a        0x6 
 .rodata.str1.4
                0x00000000080028a0        0x8 /tmp/ccuIcOqS.ltrans3.ltrans.o
 *fill*         0x00000000080028a8        0x8 
 .rodata.cfgtab.6851.10271.4674
                0x00000000080028b0       0x14 /tmp/ccuIcOqS.ltrans3.ltrans.o
 *(.glue_7t)
 .glue_7t       0x0000000000000000        0x0 linker stubs
 *(.glue_7)
 .glue_7        0x0000000000000000        0x0 linker stubs
 *(.gcc*)

.vfp11_veneer   0x00000000080028c4        0x0
 .vfp11_veneer  0x0000000000000000        0x0 linker stubs

.v4_bx          0x00000000080028c4        0x0
 .v4_bx         0x0000000000000000        0x0 linker stubs

.iplt           0x00000000080028c4        0x0
 .iplt          0x0000000000000000        0x0 build/obj/chcoreasm_v7m.o

.rel.dyn        0x00000000080028c4        0x0
 .rel.iplt      0x0000000000000000        0x0 build/obj/chcoreasm_v7m.o

.ARM.extab
 *(.ARM.extab* .gnu.linkonce.armextab.*)

.ARM.exidx      0x00000000080028c4        0x0
                0x00000000080028c4                PROVIDE (__exidx_start, .)
 *(.ARM.exidx* .gnu.linkonce.armexidx.*)
                0x00000000080028c4                PROVIDE (__exidx_end, .)

.eh_frame_hdr
 *(.eh_frame_hdr)

.eh_frame
 *(.eh_frame)

.textalign      0x00000000080028c4        0x4
                0x00000000080028c8                . = ALIGN (0x8)
 *fill*         0x00000000080028c4        0x4 
                0x00000000080028c8                . = ALIGN (0x4)
                0x00000000080028c8                _etext = .
                0x00000000080028c8                _textdata = _etext

.stacks         0x0000000020000000      0x800
                0x0000000020000000                . = ALIGN (0x8)
                0x0000000020000000                __main_stack_base__ = .
                0x0000000020000400                . = (. + __main_stack_size__)
 *fill*         0x0000000020000000      0x400 
                0x0000000020000400                . = ALIGN (0x8)
                0x0000000020000400                __main_stack_end__ = .
                0x0000000020000400                __process_stack_base__ = .
                0x0000000020000400                __main_thread_stack_base__ = .
                0x0000000020000800                . = (. + __process_stack_size__)
 *fill*         0x0000000020000400      0x400 
                0x0000000020000800                . = ALIGN (0x8)
                0x0000000020000800                __process_stack_end__ = .
                0x0000000020000800                __main_thread_stack_end__ = .

.data           0x0000000020000800       0x3c load address 0x00000000080028c8
                0x0000000020000800                . = ALIGN (0x4)
                0x0000000020000800                PROVIDE (_data, .)
 *(.data)
 *(.data.*)
 .data.mmcCfg.11851.4807
                0x0000000020000800        0xc /tmp/ccuIcOqS.ltrans2.ltrans.o
 .data.lsCfg.11853.4809
                0x000000002000080c        0xc /tmp/ccuIcOqS.ltrans2.ltrans.o
 .data.serCfg.12486.4878
                0x0000000020000818        0xc /tmp/ccuIcOqS.ltrans2.ltrans.o
 .data.serGpsCfg.12488.4877
                0x0000000020000824        0xc /tmp/ccuIcOqS.ltrans2.ltrans.o
 .data.hsCfg.11854.4810
                0x0000000020000830        0xc /tmp/ccuIcOqS.ltrans2.ltrans.o
 *(.ramtext)
                0x000000002000083c                . = ALIGN (0x4)
                0x000000002000083c                PROVIDE (_edata, .)

.igot.plt       0x000000002000083c        0x0 load address 0x0000000008002904
 .igot.plt      0x0000000000000000        0x0 build/obj/chcoreasm_v7m.o

.bss            0x000000002000083c      0x384
                0x000000002000083c                . = ALIGN (0x4)
                0x000000002000083c                PROVIDE (_bss_start, .)
 *(.bss)
 *(.bss.*)
 .bss.FatFs.11267.4524
                0x000000002000083c        0x4 /tmp/ccuIcOqS.ltrans0.ltrans.o
 .bss.sd.12484.4806
                0x0000000020000840       0x10 /tmp/ccuIcOqS.ltrans2.ltrans.o
 .bss.dummytx.10473
                0x0000000020000850        0x2 /tmp/ccuIcOqS.ltrans2.ltrans.o
                0x0000000020000850                dummytx.10473
 *fill*         0x0000000020000852        0x6 
 .bss.default_heap.6671.4921
                0x0000000020000858       0x20 /tmp/ccuIcOqS.ltrans2.ltrans.o
 .bss.dma_streams_mask.9990
                0x0000000020000878        0x4 /tmp/ccuIcOqS.ltrans2.ltrans.o
                0x0000000020000878                dma_streams_mask.9990
 .bss.SPID1     0x000000002000087c       0x30 /tmp/ccuIcOqS.ltrans2.ltrans.o
                0x000000002000087c                SPID1
 .bss.SD1       0x00000000200008ac       0x78 /tmp/ccuIcOqS.ltrans2.ltrans.o
                0x00000000200008ac                SD1
 .bss.SD2       0x0000000020000924       0x78 /tmp/ccuIcOqS.ltrans2.ltrans.o
                0x0000000020000924                SD2
 .bss.dma_isr_redir.9985
                0x000000002000099c       0x38 /tmp/ccuIcOqS.ltrans2.ltrans.o
                0x000000002000099c                dma_isr_redir.9985
 .bss.sensorSamples.12490.4875
                0x00000000200009d4        0x8 /tmp/ccuIcOqS.ltrans2.ltrans.o
 .bss.SD.11856.4797
                0x00000000200009dc        0x4 /tmp/ccuIcOqS.ltrans2.ltrans.o
 .bss.MMCD1.11855.4879
                0x00000000200009e0       0x34 /tmp/ccuIcOqS.ltrans2.ltrans.o
 .bss.ch        0x0000000020000a14       0x30 /tmp/ccuIcOqS.ltrans2.ltrans.o
                0x0000000020000a14                ch
 .bss.logger.12483.4805
                0x0000000020000a44       0x10 /tmp/ccuIcOqS.ltrans2.ltrans.o
 .bss.SENSORS.12493
                0x0000000020000a54        0x8 /tmp/ccuIcOqS.ltrans2.ltrans.o
                0x0000000020000a54                SENSORS.12493
 .bss.accSamples.12492.4873
                0x0000000020000a5c        0x8 /tmp/ccuIcOqS.ltrans2.ltrans.o
 .bss.nextmem.6560
                0x0000000020000a64        0x4 /tmp/ccuIcOqS.ltrans2.ltrans.o
                0x0000000020000a64                nextmem.6560
 .bss.ADCD1.4804
                0x0000000020000a68       0x34 /tmp/ccuIcOqS.ltrans2.ltrans.o
 .bss.mainthread.6158.4314.4812
                0x0000000020000a9c       0x44 /tmp/ccuIcOqS.ltrans2.ltrans.o
 .bss._idle_thread_wa.4313.4811
                0x0000000020000ae0       0xd8 /tmp/ccuIcOqS.ltrans2.ltrans.o
 .bss.endmem.6562
                0x0000000020000bb8        0x4 /tmp/ccuIcOqS.ltrans2.ltrans.o
                0x0000000020000bb8                endmem.6562
 .bss.dummyrx.10475.4670
                0x0000000020000bbc        0x2 /tmp/ccuIcOqS.ltrans3.ltrans.o
 *(COMMON)
                0x0000000020000bc0                . = ALIGN (0x4)
 *fill*         0x0000000020000bbe        0x2 
                0x0000000020000bc0                PROVIDE (_bss_end, .)
                0x0000000020000bc0                PROVIDE (end, .)
                0x0000000020000bc0                _end = .
                0x0000000020000bc0                __heap_base__ = _end
                0x0000000020005000                __heap_end__ = __ram_end__
                0x0000000000000400                __process_stack_size__ = 0x400
                0x0000000000000400                __main_stack_size__ = 0x400
START GROUP
LOAD /usr/bin/../lib/gcc/arm-none-eabi/4.8.4/armv7-m/libgcc.a
LOAD /usr/bin/../lib/gcc/arm-none-eabi/4.8.4/../../../../arm-none-eabi/lib/armv7-m/libc.a
END GROUP
OUTPUT(build/aoss584Lab.elf elf32-littlearm)

.ARM.attributes
                0x0000000000000000       0x2d
 .ARM.attributes
                0x0000000000000000       0x21 build/obj/chcoreasm_v7m.o
 .ARM.attributes
                0x0000000000000021       0x31 /tmp/ccuIcOqS.ltrans0.ltrans.o
 .ARM.attributes
                0x0000000000000052       0x31 /tmp/ccuIcOqS.ltrans1.ltrans.o
 .ARM.attributes
                0x0000000000000083       0x31 /tmp/ccuIcOqS.ltrans2.ltrans.o
 .ARM.attributes
                0x00000000000000b4       0x31 /tmp/ccuIcOqS.ltrans3.ltrans.o

.comment        0x0000000000000000       0x70
 .comment       0x0000000000000000       0x70 /tmp/ccuIcOqS.ltrans0.ltrans.o
                                         0x71 (size before relaxing)
 .comment       0x0000000000000000       0x71 /tmp/ccuIcOqS.ltrans1.ltrans.o
 .comment       0x0000000000000000       0x71 /tmp/ccuIcOqS.ltrans2.ltrans.o
 .comment       0x0000000000000000       0x71 /tmp/ccuIcOqS.ltrans3.ltrans.o

Cross Reference Table

Symbol                                            File
BusFault_Handler                                  /tmp/ccuIcOqS.ltrans3.ltrans.o
                                                  /tmp/ccuIcOqS.ltrans2.ltrans.o
DebugMon_Handler                                  /tmp/ccuIcOqS.ltrans3.ltrans.o
                                                  /tmp/ccuIcOqS.ltrans2.ltrans.o
HardFault_Handler                                 /tmp/ccuIcOqS.ltrans3.ltrans.o
                                                  /tmp/ccuIcOqS.ltrans2.ltrans.o
MMCD1                                             /tmp/ccuIcOqS.ltrans1.ltrans.o
MemManage_Handler                                 /tmp/ccuIcOqS.ltrans3.ltrans.o
                                                  /tmp/ccuIcOqS.ltrans2.ltrans.o
NMI_Handler                                       /tmp/ccuIcOqS.ltrans3.ltrans.o
                                                  /tmp/ccuIcOqS.ltrans2.ltrans.o
PendSV_Handler                                    /tmp/ccuIcOqS.ltrans3.ltrans.o
                                                  /tmp/ccuIcOqS.ltrans2.ltrans.o
Reset_Handler                                     /tmp/ccuIcOqS.ltrans2.ltrans.o
SD1                                               /tmp/ccuIcOqS.ltrans2.ltrans.o
                                                  /tmp/ccuIcOqS.ltrans0.ltrans.o
SD2                                               /tmp/ccuIcOqS.ltrans2.ltrans.o
                                                  /tmp/ccuIcOqS.ltrans1.ltrans.o
                                                  /tmp/ccuIcOqS.ltrans0.ltrans.o
SENSORS.12493                                     /tmp/ccuIcOqS.ltrans2.ltrans.o
                                                  /tmp/ccuIcOqS.ltrans3.ltrans.o
SPID1                                             /tmp/ccuIcOqS.ltrans2.ltrans.o
                                                  /tmp/ccuIcOqS.ltrans3.ltrans.o
SVC_Handler                                       /tmp/ccuIcOqS.ltrans3.ltrans.o
                                                  /tmp/ccuIcOqS.ltrans2.ltrans.o
SysTick_Handler                                   /tmp/ccuIcOqS.ltrans3.ltrans.o
                                                  /tmp/ccuIcOqS.ltrans2.ltrans.o
UsageFault_Handler                                /tmp/ccuIcOqS.ltrans3.ltrans.o
                                                  /tmp/ccuIcOqS.ltrans2.ltrans.o
Vector100                                         /tmp/ccuIcOqS.ltrans3.ltrans.o
                                                  /tmp/ccuIcOqS.ltrans2.ltrans.o
Vector104                                         /tmp/ccuIcOqS.ltrans3.ltrans.o
                                                  /tmp/ccuIcOqS.ltrans2.ltrans.o
Vector108                                         /tmp/ccuIcOqS.ltrans3.ltrans.o
                                                  /tmp/ccuIcOqS.ltrans2.ltrans.o
Vector10C                                         /tmp/ccuIcOqS.ltrans3.ltrans.o
                                                  /tmp/ccuIcOqS.ltrans2.ltrans.o
Vector110                                         /tmp/ccuIcOqS.ltrans3.ltrans.o
                                                  /tmp/ccuIcOqS.ltrans2.ltrans.o
Vector114                                         /tmp/ccuIcOqS.ltrans3.ltrans.o
                                                  /tmp/ccuIcOqS.ltrans2.ltrans.o
Vector118                                         /tmp/ccuIcOqS.ltrans3.ltrans.o
                                                  /tmp/ccuIcOqS.ltrans2.ltrans.o
Vector11C                                         /tmp/ccuIcOqS.ltrans3.ltrans.o
                                                  /tmp/ccuIcOqS.ltrans2.ltrans.o
Vector120                                         /tmp/ccuIcOqS.ltrans3.ltrans.o
                                                  /tmp/ccuIcOqS.ltrans2.ltrans.o
Vector124                                         /tmp/ccuIcOqS.ltrans3.ltrans.o
                                                  /tmp/ccuIcOqS.ltrans2.ltrans.o
Vector128                                         /tmp/ccuIcOqS.ltrans3.ltrans.o
                                                  /tmp/ccuIcOqS.ltrans2.ltrans.o
Vector12C                                         /tmp/ccuIcOqS.ltrans3.ltrans.o
                                                  /tmp/ccuIcOqS.ltrans2.ltrans.o
Vector130                                         /tmp/ccuIcOqS.ltrans3.ltrans.o
                                                  /tmp/ccuIcOqS.ltrans2.ltrans.o
Vector134                                         /tmp/ccuIcOqS.ltrans3.ltrans.o
                                                  /tmp/ccuIcOqS.ltrans2.ltrans.o
Vector138                                         /tmp/ccuIcOqS.ltrans3.ltrans.o
                                                  /tmp/ccuIcOqS.ltrans2.ltrans.o
Vector13C                                         /tmp/ccuIcOqS.ltrans3.ltrans.o
                                                  /tmp/ccuIcOqS.ltrans2.ltrans.o
Vector1C                                          /tmp/ccuIcOqS.ltrans3.ltrans.o
                                                  /tmp/ccuIcOqS.ltrans2.ltrans.o
Vector20                                          /tmp/ccuIcOqS.ltrans3.ltrans.o
                                                  /tmp/ccuIcOqS.ltrans2.ltrans.o
Vector24                                          /tmp/ccuIcOqS.ltrans3.ltrans.o
                                                  /tmp/ccuIcOqS.ltrans2.ltrans.o
Vector28                                          /tmp/ccuIcOqS.ltrans3.ltrans.o
                                                  /tmp/ccuIcOqS.ltrans2.ltrans.o
Vector34                                          /tmp/ccuIcOqS.ltrans3.ltrans.o
                                                  /tmp/ccuIcOqS.ltrans2.ltrans.o
Vector40                                          /tmp/ccuIcOqS.ltrans3.ltrans.o
                                                  /tmp/ccuIcOqS.ltrans2.ltrans.o
Vector44                                          /tmp/ccuIcOqS.ltrans3.ltrans.o
                                                  /tmp/ccuIcOqS.ltrans2.ltrans.o
Vector48                                          /tmp/ccuIcOqS.ltrans3.ltrans.o
                                                  /tmp/ccuIcOqS.ltrans2.ltrans.o
Vector4C                                          /tmp/ccuIcOqS.ltrans3.ltrans.o
                                                  /tmp/ccuIcOqS.ltrans2.ltrans.o
Vector50                                          /tmp/ccuIcOqS.ltrans3.ltrans.o
                                                  /tmp/ccuIcOqS.ltrans2.ltrans.o
Vector54                                          /tmp/ccuIcOqS.ltrans3.ltrans.o
                                                  /tmp/ccuIcOqS.ltrans2.ltrans.o
Vector58                                          /tmp/ccuIcOqS.ltrans3.ltrans.o
                                                  /tmp/ccuIcOqS.ltrans2.ltrans.o
Vector5C                                          /tmp/ccuIcOqS.ltrans3.ltrans.o
                                                  /tmp/ccuIcOqS.ltrans2.ltrans.o
Vector60                                          /tmp/ccuIcOqS.ltrans3.ltrans.o
                                                  /tmp/ccuIcOqS.ltrans2.ltrans.o
Vector64                                          /tmp/ccuIcOqS.ltrans3.ltrans.o
                                                  /tmp/ccuIcOqS.ltrans2.ltrans.o
Vector68                                          /tmp/ccuIcOqS.ltrans3.ltrans.o
                                                  /tmp/ccuIcOqS.ltrans2.ltrans.o
Vector6C                                          /tmp/ccuIcOqS.ltrans3.ltrans.o
                                                  /tmp/ccuIcOqS.ltrans2.ltrans.o
Vector70                                          /tmp/ccuIcOqS.ltrans3.ltrans.o
                                                  /tmp/ccuIcOqS.ltrans2.ltrans.o
Vector74                                          /tmp/ccuIcOqS.ltrans3.ltrans.o
                                                  /tmp/ccuIcOqS.ltrans2.ltrans.o
Vector78                                          /tmp/ccuIcOqS.ltrans3.ltrans.o
                                                  /tmp/ccuIcOqS.ltrans2.ltrans.o
Vector7C                                          /tmp/ccuIcOqS.ltrans3.ltrans.o
                                                  /tmp/ccuIcOqS.ltrans2.ltrans.o
Vector80                                          /tmp/ccuIcOqS.ltrans3.ltrans.o
                                                  /tmp/ccuIcOqS.ltrans2.ltrans.o
Vector84                                          /tmp/ccuIcOqS.ltrans3.ltrans.o
                                                  /tmp/ccuIcOqS.ltrans2.ltrans.o
Vector88                                          /tmp/ccuIcOqS.ltrans3.ltrans.o
                                                  /tmp/ccuIcOqS.ltrans2.ltrans.o
Vector8C                                          /tmp/ccuIcOqS.ltrans3.ltrans.o
                                                  /tmp/ccuIcOqS.ltrans2.ltrans.o
Vector90                                          /tmp/ccuIcOqS.ltrans3.ltrans.o
                                                  /tmp/ccuIcOqS.ltrans2.ltrans.o
Vector94                                          /tmp/ccuIcOqS.ltrans3.ltrans.o
                                                  /tmp/ccuIcOqS.ltrans2.ltrans.o
Vector98                                          /tmp/ccuIcOqS.ltrans3.ltrans.o
                                                  /tmp/ccuIcOqS.ltrans2.ltrans.o
Vector9C                                          /tmp/ccuIcOqS.ltrans3.ltrans.o
                                                  /tmp/ccuIcOqS.ltrans2.ltrans.o
VectorA0                                          /tmp/ccuIcOqS.ltrans3.ltrans.o
                                                  /tmp/ccuIcOqS.ltrans2.ltrans.o
VectorA4                                          /tmp/ccuIcOqS.ltrans3.ltrans.o
                                                  /tmp/ccuIcOqS.ltrans2.ltrans.o
VectorA8                                          /tmp/ccuIcOqS.ltrans3.ltrans.o
                                                  /tmp/ccuIcOqS.ltrans2.ltrans.o
VectorAC                                          /tmp/ccuIcOqS.ltrans3.ltrans.o
                                                  /tmp/ccuIcOqS.ltrans2.ltrans.o
VectorB0                                          /tmp/ccuIcOqS.ltrans1.ltrans.o
                                                  /tmp/ccuIcOqS.ltrans2.ltrans.o
VectorB4                                          /tmp/ccuIcOqS.ltrans3.ltrans.o
                                                  /tmp/ccuIcOqS.ltrans2.ltrans.o
VectorB8                                          /tmp/ccuIcOqS.ltrans3.ltrans.o
                                                  /tmp/ccuIcOqS.ltrans2.ltrans.o
VectorBC                                          /tmp/ccuIcOqS.ltrans3.ltrans.o
                                                  /tmp/ccuIcOqS.ltrans2.ltrans.o
VectorC0                                          /tmp/ccuIcOqS.ltrans3.ltrans.o
                                                  /tmp/ccuIcOqS.ltrans2.ltrans.o
VectorC4                                          /tmp/ccuIcOqS.ltrans3.ltrans.o
                                                  /tmp/ccuIcOqS.ltrans2.ltrans.o
VectorC8                                          /tmp/ccuIcOqS.ltrans3.ltrans.o
                                                  /tmp/ccuIcOqS.ltrans2.ltrans.o
VectorCC                                          /tmp/ccuIcOqS.ltrans3.ltrans.o
                                                  /tmp/ccuIcOqS.ltrans2.ltrans.o
VectorD0                                          /tmp/ccuIcOqS.ltrans3.ltrans.o
                                                  /tmp/ccuIcOqS.ltrans2.ltrans.o
VectorD4                                          /tmp/ccuIcOqS.ltrans0.ltrans.o
                                                  /tmp/ccuIcOqS.ltrans2.ltrans.o
VectorD8                                          /tmp/ccuIcOqS.ltrans0.ltrans.o
                                                  /tmp/ccuIcOqS.ltrans2.ltrans.o
VectorDC                                          /tmp/ccuIcOqS.ltrans3.ltrans.o
                                                  /tmp/ccuIcOqS.ltrans2.ltrans.o
VectorE0                                          /tmp/ccuIcOqS.ltrans3.ltrans.o
                                                  /tmp/ccuIcOqS.ltrans2.ltrans.o
VectorE4                                          /tmp/ccuIcOqS.ltrans3.ltrans.o
                                                  /tmp/ccuIcOqS.ltrans2.ltrans.o
VectorE8                                          /tmp/ccuIcOqS.ltrans3.ltrans.o
                                                  /tmp/ccuIcOqS.ltrans2.ltrans.o
VectorEC                                          /tmp/ccuIcOqS.ltrans3.ltrans.o
                                                  /tmp/ccuIcOqS.ltrans2.ltrans.o
VectorF0                                          /tmp/ccuIcOqS.ltrans3.ltrans.o
                                                  /tmp/ccuIcOqS.ltrans2.ltrans.o
VectorF4                                          /tmp/ccuIcOqS.ltrans3.ltrans.o
                                                  /tmp/ccuIcOqS.ltrans2.ltrans.o
VectorF8                                          /tmp/ccuIcOqS.ltrans3.ltrans.o
                                                  /tmp/ccuIcOqS.ltrans2.ltrans.o
VectorFC                                          /tmp/ccuIcOqS.ltrans3.ltrans.o
                                                  /tmp/ccuIcOqS.ltrans2.ltrans.o
__heap_base__                                     /tmp/ccuIcOqS.ltrans2.ltrans.o
__heap_end__                                      /tmp/ccuIcOqS.ltrans2.ltrans.o
__init_array_end                                  /tmp/ccuIcOqS.ltrans2.ltrans.o
__init_array_start                                /tmp/ccuIcOqS.ltrans2.ltrans.o
__main_stack_base__                               /tmp/ccuIcOqS.ltrans2.ltrans.o
__main_stack_end__                                /tmp/ccuIcOqS.ltrans2.ltrans.o
__process_stack_base__                            /tmp/ccuIcOqS.ltrans2.ltrans.o
__process_stack_end__                             /tmp/ccuIcOqS.ltrans2.ltrans.o
_bss_end                                          /tmp/ccuIcOqS.ltrans2.ltrans.o
_bss_start                                        /tmp/ccuIcOqS.ltrans2.ltrans.o
_data                                             /tmp/ccuIcOqS.ltrans2.ltrans.o
_edata                                            /tmp/ccuIcOqS.ltrans2.ltrans.o
_idle_thread.4264                                 /tmp/ccuIcOqS.ltrans3.ltrans.o
                                                  /tmp/ccuIcOqS.ltrans2.ltrans.o
_pal_lld_setgroupmode                             /tmp/ccuIcOqS.ltrans3.ltrans.o
                                                  /tmp/ccuIcOqS.ltrans2.ltrans.o
_port_exit_from_isr                               build/obj/chcoreasm_v7m.o
                                                  /tmp/ccuIcOqS.ltrans3.ltrans.o
_port_irq_epilogue                                /tmp/ccuIcOqS.ltrans3.ltrans.o
                                                  /tmp/ccuIcOqS.ltrans1.ltrans.o
                                                  /tmp/ccuIcOqS.ltrans0.ltrans.o
_port_switch                                      build/obj/chcoreasm_v7m.o
                                                  /tmp/ccuIcOqS.ltrans3.ltrans.o
                                                  /tmp/ccuIcOqS.ltrans2.ltrans.o
_port_switch_from_isr                             build/obj/chcoreasm_v7m.o
                                                  /tmp/ccuIcOqS.ltrans3.ltrans.o
_port_thread_start                                build/obj/chcoreasm_v7m.o
                                                  /tmp/ccuIcOqS.ltrans2.ltrans.o
_textdata                                         /tmp/ccuIcOqS.ltrans2.ltrans.o
_vectors                                          /tmp/ccuIcOqS.ltrans2.ltrans.o
accCallback.12441                                 /tmp/ccuIcOqS.ltrans3.ltrans.o
                                                  /tmp/ccuIcOqS.ltrans2.ltrans.o
adc_lld_serve_rx_interrupt.10185                  /tmp/ccuIcOqS.ltrans0.ltrans.o
                                                  /tmp/ccuIcOqS.ltrans2.ltrans.o
adc_lld_start_conversion.constprop.28             /tmp/ccuIcOqS.ltrans1.ltrans.o
                                                  /tmp/ccuIcOqS.ltrans2.ltrans.o
anaSensorCallback.12446                           /tmp/ccuIcOqS.ltrans3.ltrans.o
                                                  /tmp/ccuIcOqS.ltrans2.ltrans.o
ch                                                /tmp/ccuIcOqS.ltrans2.ltrans.o
                                                  /tmp/ccuIcOqS.ltrans3.ltrans.o
                                                  /tmp/ccuIcOqS.ltrans1.ltrans.o
                                                  /tmp/ccuIcOqS.ltrans0.ltrans.o
chCoreAlloc                                       /tmp/ccuIcOqS.ltrans3.ltrans.o
                                                  /tmp/ccuIcOqS.ltrans2.ltrans.o
chEvtBroadcastFlagsI                              /tmp/ccuIcOqS.ltrans3.ltrans.o
                                                  /tmp/ccuIcOqS.ltrans0.ltrans.o
chSchDoReschedule                                 /tmp/ccuIcOqS.ltrans2.ltrans.o
                                                  build/obj/chcoreasm_v7m.o
chSchGoSleepS                                     /tmp/ccuIcOqS.ltrans3.ltrans.o
                                                  /tmp/ccuIcOqS.ltrans2.ltrans.o
                                                  /tmp/ccuIcOqS.ltrans1.ltrans.o
chSchReadyI                                       /tmp/ccuIcOqS.ltrans3.ltrans.o
                                                  /tmp/ccuIcOqS.ltrans2.ltrans.o
                                                  /tmp/ccuIcOqS.ltrans0.ltrans.o
chTMStartMeasurementX.constprop.8                 /tmp/ccuIcOqS.ltrans3.ltrans.o
                                                  /tmp/ccuIcOqS.ltrans2.ltrans.o
chTMStopMeasurementX                              /tmp/ccuIcOqS.ltrans3.ltrans.o
                                                  /tmp/ccuIcOqS.ltrans2.ltrans.o
chThdExit                                         /tmp/ccuIcOqS.ltrans2.ltrans.o
                                                  build/obj/chcoreasm_v7m.o
chThdSleep                                        /tmp/ccuIcOqS.ltrans1.ltrans.o
                                                  /tmp/ccuIcOqS.ltrans2.ltrans.o
                                                  /tmp/ccuIcOqS.ltrans0.ltrans.o
chThdSuspendS                                     /tmp/ccuIcOqS.ltrans3.ltrans.o
                                                  /tmp/ccuIcOqS.ltrans2.ltrans.o
chprintf.12451.constprop.29                       /tmp/ccuIcOqS.ltrans1.ltrans.o
                                                  /tmp/ccuIcOqS.ltrans2.ltrans.o
disk_read.constprop.21                            /tmp/ccuIcOqS.ltrans1.ltrans.o
                                                  /tmp/ccuIcOqS.ltrans0.ltrans.o
disk_write.constprop.19                           /tmp/ccuIcOqS.ltrans1.ltrans.o
                                                  /tmp/ccuIcOqS.ltrans0.ltrans.o
dmaStreamAllocate                                 /tmp/ccuIcOqS.ltrans3.ltrans.o
                                                  /tmp/ccuIcOqS.ltrans2.ltrans.o
dma_isr_redir.9985                                /tmp/ccuIcOqS.ltrans2.ltrans.o
                                                  /tmp/ccuIcOqS.ltrans3.ltrans.o
dma_streams_mask.9990                             /tmp/ccuIcOqS.ltrans2.ltrans.o
                                                  /tmp/ccuIcOqS.ltrans3.ltrans.o
dummytx.10473                                     /tmp/ccuIcOqS.ltrans2.ltrans.o
                                                  /tmp/ccuIcOqS.ltrans3.ltrans.o
endmem.6562                                       /tmp/ccuIcOqS.ltrans2.ltrans.o
                                                  /tmp/ccuIcOqS.ltrans3.ltrans.o
f_mount.constprop.17                              /tmp/ccuIcOqS.ltrans0.ltrans.o
                                                  /tmp/ccuIcOqS.ltrans2.ltrans.o
get.9506                                          /tmp/ccuIcOqS.ltrans1.ltrans.o
get_ldnumber.11053                                /tmp/ccuIcOqS.ltrans3.ltrans.o
                                                  /tmp/ccuIcOqS.ltrans0.ltrans.o
gett.9502                                         /tmp/ccuIcOqS.ltrans1.ltrans.o
mmcConnect                                        /tmp/ccuIcOqS.ltrans0.ltrans.o
                                                  /tmp/ccuIcOqS.ltrans2.ltrans.o
mmcDisconnect                                     /tmp/ccuIcOqS.ltrans1.ltrans.o
                                                  /tmp/ccuIcOqS.ltrans2.ltrans.o
mmcGetInfo                                        /tmp/ccuIcOqS.ltrans3.ltrans.o
                                                  /tmp/ccuIcOqS.ltrans2.ltrans.o
mmcSequentialRead                                 /tmp/ccuIcOqS.ltrans3.ltrans.o
                                                  /tmp/ccuIcOqS.ltrans1.ltrans.o
mmcSequentialWrite                                /tmp/ccuIcOqS.ltrans1.ltrans.o
                                                  /tmp/ccuIcOqS.ltrans2.ltrans.o
mmcStartSequentialWrite                           /tmp/ccuIcOqS.ltrans1.ltrans.o
                                                  /tmp/ccuIcOqS.ltrans2.ltrans.o
mmcSync                                           /tmp/ccuIcOqS.ltrans1.ltrans.o
                                                  /tmp/ccuIcOqS.ltrans2.ltrans.o
mmc_lld_is_card_inserted                          /tmp/ccuIcOqS.ltrans3.ltrans.o
                                                  /tmp/ccuIcOqS.ltrans2.ltrans.o
mmc_lld_is_write_protected                        /tmp/ccuIcOqS.ltrans3.ltrans.o
                                                  /tmp/ccuIcOqS.ltrans2.ltrans.o
                                                  /tmp/ccuIcOqS.ltrans1.ltrans.o
mmc_read.9293                                     /tmp/ccuIcOqS.ltrans1.ltrans.o
                                                  /tmp/ccuIcOqS.ltrans2.ltrans.o
nextmem.6560                                      /tmp/ccuIcOqS.ltrans2.ltrans.o
                                                  /tmp/ccuIcOqS.ltrans3.ltrans.o
notify1.10680                                     /tmp/ccuIcOqS.ltrans3.ltrans.o
                                                  /tmp/ccuIcOqS.ltrans2.ltrans.o
notify2.10677                                     /tmp/ccuIcOqS.ltrans3.ltrans.o
                                                  /tmp/ccuIcOqS.ltrans2.ltrans.o
put.9514                                          /tmp/ccuIcOqS.ltrans1.ltrans.o
putt.9509                                         /tmp/ccuIcOqS.ltrans1.ltrans.o
read.9486                                         /tmp/ccuIcOqS.ltrans1.ltrans.o
read_CxD.9226                                     /tmp/ccuIcOqS.ltrans1.ltrans.o
                                                  /tmp/ccuIcOqS.ltrans0.ltrans.o
readt.9477                                        /tmp/ccuIcOqS.ltrans1.ltrans.o
recvr1.isra.0.9200                                /tmp/ccuIcOqS.ltrans3.ltrans.o
                                                  /tmp/ccuIcOqS.ltrans1.ltrans.o
sdObjectInit.constprop.4                          /tmp/ccuIcOqS.ltrans3.ltrans.o
                                                  /tmp/ccuIcOqS.ltrans2.ltrans.o
sd_lld_start                                      /tmp/ccuIcOqS.ltrans0.ltrans.o
                                                  /tmp/ccuIcOqS.ltrans2.ltrans.o
send_command_R1.9221                              /tmp/ccuIcOqS.ltrans1.ltrans.o
                                                  /tmp/ccuIcOqS.ltrans0.ltrans.o
send_command_R3.9215                              /tmp/ccuIcOqS.ltrans1.ltrans.o
                                                  /tmp/ccuIcOqS.ltrans0.ltrans.o
spiIgnore                                         /tmp/ccuIcOqS.ltrans3.ltrans.o
                                                  /tmp/ccuIcOqS.ltrans1.ltrans.o
                                                  /tmp/ccuIcOqS.ltrans0.ltrans.o
spiReceive                                        /tmp/ccuIcOqS.ltrans3.ltrans.o
                                                  /tmp/ccuIcOqS.ltrans1.ltrans.o
spiSelect                                         /tmp/ccuIcOqS.ltrans3.ltrans.o
                                                  /tmp/ccuIcOqS.ltrans1.ltrans.o
spiSend                                           /tmp/ccuIcOqS.ltrans3.ltrans.o
                                                  /tmp/ccuIcOqS.ltrans2.ltrans.o
                                                  /tmp/ccuIcOqS.ltrans1.ltrans.o
spiStart                                          /tmp/ccuIcOqS.ltrans3.ltrans.o
                                                  /tmp/ccuIcOqS.ltrans1.ltrans.o
                                                  /tmp/ccuIcOqS.ltrans0.ltrans.o
spiStop                                           /tmp/ccuIcOqS.ltrans3.ltrans.o
                                                  /tmp/ccuIcOqS.ltrans1.ltrans.o
                                                  /tmp/ccuIcOqS.ltrans0.ltrans.o
spiUnselect                                       /tmp/ccuIcOqS.ltrans3.ltrans.o
                                                  /tmp/ccuIcOqS.ltrans2.ltrans.o
                                                  /tmp/ccuIcOqS.ltrans1.ltrans.o
spi_lld_serve_rx_interrupt.10420                  /tmp/ccuIcOqS.ltrans0.ltrans.o
                                                  /tmp/ccuIcOqS.ltrans3.ltrans.o
spi_lld_serve_tx_interrupt.10416                  /tmp/ccuIcOqS.ltrans0.ltrans.o
                                                  /tmp/ccuIcOqS.ltrans3.ltrans.o
stop.7350.9336                                    /tmp/ccuIcOqS.ltrans2.ltrans.o
                                                  /tmp/ccuIcOqS.ltrans1.ltrans.o
vmt.9595                                          /tmp/ccuIcOqS.ltrans1.ltrans.o
                                                  /tmp/ccuIcOqS.ltrans3.ltrans.o
wakeup.4630                                       /tmp/ccuIcOqS.ltrans3.ltrans.o
                                                  /tmp/ccuIcOqS.ltrans1.ltrans.o
write.9497                                        /tmp/ccuIcOqS.ltrans1.ltrans.o
writet.9491                                       /tmp/ccuIcOqS.ltrans1.ltrans.o
