
Discarded input sections

 .data          0x0000000000000000        0x0 build/obj/chcoreasm_v7m.o
 .bss           0x0000000000000000        0x0 build/obj/chcoreasm_v7m.o
 .text          0x0000000000000000        0x0 build/obj/crt0.o (symbol from plugin)
 .text          0x0000000000000000        0x0 /tmp/ccOk0VTM.ltrans0.ltrans.o
 .data          0x0000000000000000        0x0 /tmp/ccOk0VTM.ltrans0.ltrans.o
 .bss           0x0000000000000000        0x0 /tmp/ccOk0VTM.ltrans0.ltrans.o
 .text          0x0000000000000000        0x0 /tmp/ccOk0VTM.ltrans1.ltrans.o
 .data          0x0000000000000000        0x0 /tmp/ccOk0VTM.ltrans1.ltrans.o
 .bss           0x0000000000000000        0x0 /tmp/ccOk0VTM.ltrans1.ltrans.o
 .text          0x0000000000000000        0x0 /tmp/ccOk0VTM.ltrans2.ltrans.o
 .data          0x0000000000000000        0x0 /tmp/ccOk0VTM.ltrans2.ltrans.o
 .bss           0x0000000000000000        0x0 /tmp/ccOk0VTM.ltrans2.ltrans.o
 .text          0x0000000000000000        0x0 /tmp/ccOk0VTM.ltrans3.ltrans.o
 .data          0x0000000000000000        0x0 /tmp/ccOk0VTM.ltrans3.ltrans.o
 .bss           0x0000000000000000        0x0 /tmp/ccOk0VTM.ltrans3.ltrans.o
 .text          0x0000000000000000        0x0 /tmp/ccOk0VTM.ltrans4.ltrans.o
 .data          0x0000000000000000        0x0 /tmp/ccOk0VTM.ltrans4.ltrans.o
 .bss           0x0000000000000000        0x0 /tmp/ccOk0VTM.ltrans4.ltrans.o
 .text          0x0000000000000000        0x0 build/obj/vectors.o (symbol from plugin)
 .text          0x0000000000000000        0x0 build/obj/chcore.o (symbol from plugin)
 .text          0x0000000000000000        0x0 build/obj/chcore_v7m.o (symbol from plugin)
 .text          0x0000000000000000        0x0 build/obj/chsys.o (symbol from plugin)
 .text          0x0000000000000000        0x0 build/obj/chdebug.o (symbol from plugin)
 .text          0x0000000000000000        0x0 build/obj/chtm.o (symbol from plugin)
 .text          0x0000000000000000        0x0 build/obj/chstats.o (symbol from plugin)
 .text          0x0000000000000000        0x0 build/obj/chschd.o (symbol from plugin)
 .text          0x0000000000000000        0x0 build/obj/chvt.o (symbol from plugin)
 .text          0x0000000000000000        0x0 build/obj/chthreads.o (symbol from plugin)
 .text          0x0000000000000000        0x0 build/obj/chdynamic.o (symbol from plugin)
 .text          0x0000000000000000        0x0 build/obj/chregistry.o (symbol from plugin)
 .text          0x0000000000000000        0x0 build/obj/chsem.o (symbol from plugin)
 .text          0x0000000000000000        0x0 build/obj/chmtx.o (symbol from plugin)
 .text          0x0000000000000000        0x0 build/obj/chcond.o (symbol from plugin)
 .text          0x0000000000000000        0x0 build/obj/chevents.o (symbol from plugin)
 .text          0x0000000000000000        0x0 build/obj/chmsg.o (symbol from plugin)
 .text          0x0000000000000000        0x0 build/obj/chmboxes.o (symbol from plugin)
 .text          0x0000000000000000        0x0 build/obj/chqueues.o (symbol from plugin)
 .text          0x0000000000000000        0x0 build/obj/chmemcore.o (symbol from plugin)
 .text          0x0000000000000000        0x0 build/obj/chheap.o (symbol from plugin)
 .text          0x0000000000000000        0x0 build/obj/chmempools.o (symbol from plugin)
 .text          0x0000000000000000        0x0 build/obj/test.o (symbol from plugin)
 .text          0x0000000000000000        0x0 build/obj/testthd.o (symbol from plugin)
 .text          0x0000000000000000        0x0 build/obj/testsem.o (symbol from plugin)
 .text          0x0000000000000000        0x0 build/obj/testmtx.o (symbol from plugin)
 .text          0x0000000000000000        0x0 build/obj/testmsg.o (symbol from plugin)
 .text          0x0000000000000000        0x0 build/obj/testmbox.o (symbol from plugin)
 .text          0x0000000000000000        0x0 build/obj/testevt.o (symbol from plugin)
 .text          0x0000000000000000        0x0 build/obj/testheap.o (symbol from plugin)
 .text          0x0000000000000000        0x0 build/obj/testpools.o (symbol from plugin)
 .text          0x0000000000000000        0x0 build/obj/testdyn.o (symbol from plugin)
 .text          0x0000000000000000        0x0 build/obj/testqueues.o (symbol from plugin)
 .text          0x0000000000000000        0x0 build/obj/testbmk.o (symbol from plugin)
 .text          0x0000000000000000        0x0 build/obj/hal.o (symbol from plugin)
 .text          0x0000000000000000        0x0 build/obj/hal_queues.o (symbol from plugin)
 .text          0x0000000000000000        0x0 build/obj/hal_mmcsd.o (symbol from plugin)
 .text          0x0000000000000000        0x0 build/obj/adc.o (symbol from plugin)
 .text          0x0000000000000000        0x0 build/obj/can.o (symbol from plugin)
 .text          0x0000000000000000        0x0 build/obj/dac.o (symbol from plugin)
 .text          0x0000000000000000        0x0 build/obj/ext.o (symbol from plugin)
 .text          0x0000000000000000        0x0 build/obj/gpt.o (symbol from plugin)
 .text          0x0000000000000000        0x0 build/obj/i2c.o (symbol from plugin)
 .text          0x0000000000000000        0x0 build/obj/i2s.o (symbol from plugin)
 .text          0x0000000000000000        0x0 build/obj/icu.o (symbol from plugin)
 .text          0x0000000000000000        0x0 build/obj/mac.o (symbol from plugin)
 .text          0x0000000000000000        0x0 build/obj/mmc_spi.o (symbol from plugin)
 .text          0x0000000000000000        0x0 build/obj/pal.o (symbol from plugin)
 .text          0x0000000000000000        0x0 build/obj/pwm.o (symbol from plugin)
 .text          0x0000000000000000        0x0 build/obj/rtc.o (symbol from plugin)
 .text          0x0000000000000000        0x0 build/obj/sdc.o (symbol from plugin)
 .text          0x0000000000000000        0x0 build/obj/serial.o (symbol from plugin)
 .text          0x0000000000000000        0x0 build/obj/serial_usb.o (symbol from plugin)
 .text          0x0000000000000000        0x0 build/obj/spi.o (symbol from plugin)
 .text          0x0000000000000000        0x0 build/obj/st.o (symbol from plugin)
 .text          0x0000000000000000        0x0 build/obj/uart.o (symbol from plugin)
 .text          0x0000000000000000        0x0 build/obj/usb.o (symbol from plugin)
 .text          0x0000000000000000        0x0 build/obj/osal.o (symbol from plugin)
 .text          0x0000000000000000        0x0 build/obj/nvic.o (symbol from plugin)
 .text          0x0000000000000000        0x0 build/obj/stm32_dma.o (symbol from plugin)
 .text          0x0000000000000000        0x0 build/obj/hal_lld.o (symbol from plugin)
 .text          0x0000000000000000        0x0 build/obj/adc_lld.o (symbol from plugin)
 .text          0x0000000000000000        0x0 build/obj/ext_lld_isr.o (symbol from plugin)
 .text          0x0000000000000000        0x0 build/obj/can_lld.o (symbol from plugin)
 .text          0x0000000000000000        0x0 build/obj/ext_lld.o (symbol from plugin)
 .text          0x0000000000000000        0x0 build/obj/mac_lld.o (symbol from plugin)
 .text          0x0000000000000000        0x0 build/obj/sdc_lld.o (symbol from plugin)
 .text          0x0000000000000000        0x0 build/obj/pal_lld.o (symbol from plugin)
 .text          0x0000000000000000        0x0 build/obj/i2c_lld.o (symbol from plugin)
 .text          0x0000000000000000        0x0 build/obj/rtc_lld.o (symbol from plugin)
 .text          0x0000000000000000        0x0 build/obj/spi_lld.o (symbol from plugin)
 .text          0x0000000000000000        0x0 build/obj/gpt_lld.o (symbol from plugin)
 .text          0x0000000000000000        0x0 build/obj/icu_lld.o (symbol from plugin)
 .text          0x0000000000000000        0x0 build/obj/pwm_lld.o (symbol from plugin)
 .text          0x0000000000000000        0x0 build/obj/st_lld.o (symbol from plugin)
 .text          0x0000000000000000        0x0 build/obj/serial_lld.o (symbol from plugin)
 .text          0x0000000000000000        0x0 build/obj/uart_lld.o (symbol from plugin)
 .text          0x0000000000000000        0x0 build/obj/usb_lld.o (symbol from plugin)
 .text          0x0000000000000000        0x0 build/obj/board.o (symbol from plugin)
 .text          0x0000000000000000        0x0 build/obj/fatfs_diskio.o (symbol from plugin)
 .text          0x0000000000000000        0x0 build/obj/fatfs_syscall.o (symbol from plugin)
 .text          0x0000000000000000        0x0 build/obj/ff.o (symbol from plugin)
 .text          0x0000000000000000        0x0 build/obj/unicode.o (symbol from plugin)
 .text          0x0000000000000000        0x0 build/obj/chprintf.o (symbol from plugin)
 .text          0x0000000000000000        0x0 build/obj/shell.o (symbol from plugin)
 .text          0x0000000000000000        0x0 build/obj/sdmmcsimple.o (symbol from plugin)
 .text          0x0000000000000000        0x0 build/obj/datalogger.o (symbol from plugin)
 .text          0x0000000000000000        0x0 build/obj/main.o (symbol from plugin)

Memory Configuration

Name             Origin             Length             Attributes
flash            0x0000000008000000 0x0000000000020000
ram              0x0000000020000000 0x0000000000005000
*default*        0x0000000000000000 0xffffffffffffffff

Linker script and memory map

LOAD build/obj/chcoreasm_v7m.o
LOAD build/obj/crt0.o
LOAD /tmp/ccOk0VTM.ltrans0.ltrans.o
LOAD /tmp/ccOk0VTM.ltrans1.ltrans.o
LOAD /tmp/ccOk0VTM.ltrans2.ltrans.o
LOAD /tmp/ccOk0VTM.ltrans3.ltrans.o
LOAD /tmp/ccOk0VTM.ltrans4.ltrans.o
LOAD /usr/bin/../lib/gcc/arm-none-eabi/4.8.4/armv7-m/libgcc.a
LOAD /usr/bin/../lib/gcc/arm-none-eabi/4.8.4/../../../../arm-none-eabi/lib/armv7-m/libc.a
LOAD build/obj/vectors.o
LOAD build/obj/chcore.o
LOAD build/obj/chcore_v7m.o
LOAD build/obj/chsys.o
LOAD build/obj/chdebug.o
LOAD build/obj/chtm.o
LOAD build/obj/chstats.o
LOAD build/obj/chschd.o
LOAD build/obj/chvt.o
LOAD build/obj/chthreads.o
LOAD build/obj/chdynamic.o
LOAD build/obj/chregistry.o
LOAD build/obj/chsem.o
LOAD build/obj/chmtx.o
LOAD build/obj/chcond.o
LOAD build/obj/chevents.o
LOAD build/obj/chmsg.o
LOAD build/obj/chmboxes.o
LOAD build/obj/chqueues.o
LOAD build/obj/chmemcore.o
LOAD build/obj/chheap.o
LOAD build/obj/chmempools.o
LOAD build/obj/test.o
LOAD build/obj/testthd.o
LOAD build/obj/testsem.o
LOAD build/obj/testmtx.o
LOAD build/obj/testmsg.o
LOAD build/obj/testmbox.o
LOAD build/obj/testevt.o
LOAD build/obj/testheap.o
LOAD build/obj/testpools.o
LOAD build/obj/testdyn.o
LOAD build/obj/testqueues.o
LOAD build/obj/testbmk.o
LOAD build/obj/hal.o
LOAD build/obj/hal_queues.o
LOAD build/obj/hal_mmcsd.o
LOAD build/obj/adc.o
LOAD build/obj/can.o
LOAD build/obj/dac.o
LOAD build/obj/ext.o
LOAD build/obj/gpt.o
LOAD build/obj/i2c.o
LOAD build/obj/i2s.o
LOAD build/obj/icu.o
LOAD build/obj/mac.o
LOAD build/obj/mmc_spi.o
LOAD build/obj/pal.o
LOAD build/obj/pwm.o
LOAD build/obj/rtc.o
LOAD build/obj/sdc.o
LOAD build/obj/serial.o
LOAD build/obj/serial_usb.o
LOAD build/obj/spi.o
LOAD build/obj/st.o
LOAD build/obj/uart.o
LOAD build/obj/usb.o
LOAD build/obj/osal.o
LOAD build/obj/nvic.o
LOAD build/obj/stm32_dma.o
LOAD build/obj/hal_lld.o
LOAD build/obj/adc_lld.o
LOAD build/obj/ext_lld_isr.o
LOAD build/obj/can_lld.o
LOAD build/obj/ext_lld.o
LOAD build/obj/mac_lld.o
LOAD build/obj/sdc_lld.o
LOAD build/obj/pal_lld.o
LOAD build/obj/i2c_lld.o
LOAD build/obj/rtc_lld.o
LOAD build/obj/spi_lld.o
LOAD build/obj/gpt_lld.o
LOAD build/obj/icu_lld.o
LOAD build/obj/pwm_lld.o
LOAD build/obj/st_lld.o
LOAD build/obj/serial_lld.o
LOAD build/obj/uart_lld.o
LOAD build/obj/usb_lld.o
LOAD build/obj/board.o
LOAD build/obj/fatfs_diskio.o
LOAD build/obj/fatfs_syscall.o
LOAD build/obj/ff.o
LOAD build/obj/unicode.o
LOAD build/obj/chprintf.o
LOAD build/obj/shell.o
LOAD build/obj/sdmmcsimple.o
LOAD build/obj/datalogger.o
LOAD build/obj/main.o
                0x0000000020000000                __ram_start__ = ORIGIN (ram)
                0x0000000000005000                __ram_size__ = 0x5000
                0x0000000020005000                __ram_end__ = (__ram_start__ + __ram_size__)
                0x0000000000000000                . = 0x0
                0x0000000000000000                _text = .

startup         0x0000000008000000      0x140
 *(vectors)
 vectors        0x0000000008000000      0x140 /tmp/ccOk0VTM.ltrans4.ltrans.o
                0x0000000008000000                _vectors

constructors    0x0000000008000140        0x0
                0x0000000008000140                PROVIDE (__init_array_start, .)
 *(SORT(.init_array.*))
 *(.init_array)
                0x0000000008000140                PROVIDE (__init_array_end, .)

destructors     0x0000000008000140        0x0
                0x0000000008000140                PROVIDE (__fini_array_start, .)
 *(.fini_array)
 *(SORT(.fini_array.*))
                0x0000000008000140                PROVIDE (__fini_array_end, .)

.text           0x0000000008000140     0x3970
 *(.text.startup.*)
 .text.startup.main
                0x0000000008000140      0xd10 /tmp/ccOk0VTM.ltrans0.ltrans.o
                0x0000000008000140                main
 *(.text)
 .text          0x0000000008000e50       0x26 build/obj/chcoreasm_v7m.o
                0x0000000008000e50                _port_switch
                0x0000000008000e60                _port_thread_start
                0x0000000008000e6e                _port_switch_from_isr
                0x0000000008000e72                _port_exit_from_isr
 *(.text.*)
 *fill*         0x0000000008000e76        0xa 
 .text.wakeup.4630.4156
                0x0000000008000e80       0x70 /tmp/ccOk0VTM.ltrans1.ltrans.o
 .text.long_to_string_with_divisor.11314.constprop.37.4243
                0x0000000008000ef0       0x50 /tmp/ccOk0VTM.ltrans1.ltrans.o
 .text.chvprintf.4228
                0x0000000008000f40      0x280 /tmp/ccOk0VTM.ltrans1.ltrans.o
 .text.anaSensorCallback.12630
                0x00000000080011c0       0x20 /tmp/ccOk0VTM.ltrans1.ltrans.o
                0x00000000080011c0                anaSensorCallback.12630
 .text.accCallback.12625
                0x00000000080011e0       0x10 /tmp/ccOk0VTM.ltrans1.ltrans.o
                0x00000000080011e0                accCallback.12625
 .text.mmc_lld_is_write_protected
                0x00000000080011f0       0x20 /tmp/ccOk0VTM.ltrans1.ltrans.o
                0x00000000080011f0                mmc_lld_is_write_protected
 .text.mmc_lld_is_card_inserted
                0x0000000008001210       0x10 /tmp/ccOk0VTM.ltrans1.ltrans.o
                0x0000000008001210                mmc_lld_is_card_inserted
 .text.notify2.10677
                0x0000000008001220       0x20 /tmp/ccOk0VTM.ltrans1.ltrans.o
                0x0000000008001220                notify2.10677
 .text.notify1.10680
                0x0000000008001240       0x20 /tmp/ccOk0VTM.ltrans1.ltrans.o
                0x0000000008001240                notify1.10680
 .text.dmaStreamRelease.4568
                0x0000000008001260       0x60 /tmp/ccOk0VTM.ltrans1.ltrans.o
 .text.mmcGetInfo
                0x00000000080012c0       0x20 /tmp/ccOk0VTM.ltrans1.ltrans.o
                0x00000000080012c0                mmcGetInfo
 .text.chCoreAlloc
                0x00000000080012e0       0x40 /tmp/ccOk0VTM.ltrans1.ltrans.o
                0x00000000080012e0                chCoreAlloc
 .text._idle_thread.4264
                0x0000000008001320       0x20 /tmp/ccOk0VTM.ltrans1.ltrans.o
                0x0000000008001320                _idle_thread.4264
 .text.SVC_Handler
                0x0000000008001340       0x20 /tmp/ccOk0VTM.ltrans1.ltrans.o
                0x0000000008001340                SVC_Handler
 .text.chprintf.12635.constprop.36
                0x0000000008001360       0x30 /tmp/ccOk0VTM.ltrans1.ltrans.o
                0x0000000008001360                chprintf.12635.constprop.36
 .text.chprintf.12139
                0x0000000008001390       0x20 /tmp/ccOk0VTM.ltrans1.ltrans.o
                0x0000000008001390                chprintf.12139
 .text.chprintf.11770
                0x00000000080013b0       0x20 /tmp/ccOk0VTM.ltrans1.ltrans.o
                0x00000000080013b0                chprintf.11770
 .text.adc_lld_start_conversion.constprop.35
                0x00000000080013d0       0x80 /tmp/ccOk0VTM.ltrans1.ltrans.o
                0x00000000080013d0                adc_lld_start_conversion.constprop.35
 .text.chTMStartMeasurementX.constprop.8
                0x0000000008001450       0x10 /tmp/ccOk0VTM.ltrans1.ltrans.o
                0x0000000008001450                chTMStartMeasurementX.constprop.8
 .text.sdObjectInit.constprop.4
                0x0000000008001460       0x70 /tmp/ccOk0VTM.ltrans1.ltrans.o
                0x0000000008001460                sdObjectInit.constprop.4
 .text.disk_status
                0x00000000080014d0       0x30 /tmp/ccOk0VTM.ltrans1.ltrans.o
                0x00000000080014d0                disk_status
 .text.validate.11056
                0x0000000008001500       0x30 /tmp/ccOk0VTM.ltrans1.ltrans.o
                0x0000000008001500                validate.11056
 .text.get_ldnumber.11053
                0x0000000008001530       0x40 /tmp/ccOk0VTM.ltrans1.ltrans.o
                0x0000000008001530                get_ldnumber.11053
 .text.spiUnselect
                0x0000000008001570       0x20 /tmp/ccOk0VTM.ltrans1.ltrans.o
                0x0000000008001570                spiUnselect
 .text.spiSelect
                0x0000000008001590       0x20 /tmp/ccOk0VTM.ltrans1.ltrans.o
                0x0000000008001590                spiSelect
 .text.spiStop  0x00000000080015b0       0x50 /tmp/ccOk0VTM.ltrans1.ltrans.o
                0x00000000080015b0                spiStop
 .text._pal_lld_setgroupmode
                0x0000000008001600       0x70 /tmp/ccOk0VTM.ltrans1.ltrans.o
                0x0000000008001600                _pal_lld_setgroupmode
 .text.dmaStreamAllocate
                0x0000000008001670       0xa0 /tmp/ccOk0VTM.ltrans1.ltrans.o
                0x0000000008001670                dmaStreamAllocate
 .text.spiStart
                0x0000000008001710       0xb0 /tmp/ccOk0VTM.ltrans1.ltrans.o
                0x0000000008001710                spiStart
 .text.chSchGoSleepS
                0x00000000080017c0       0x30 /tmp/ccOk0VTM.ltrans1.ltrans.o
                0x00000000080017c0                chSchGoSleepS
 .text.chSchGoSleepTimeoutS
                0x00000000080017f0      0x100 /tmp/ccOk0VTM.ltrans1.ltrans.o
                0x00000000080017f0                chSchGoSleepTimeoutS
 .text.chThdEnqueueTimeoutS
                0x00000000080018f0       0x30 /tmp/ccOk0VTM.ltrans1.ltrans.o
                0x00000000080018f0                chThdEnqueueTimeoutS
 .text.chOQWriteTimeout
                0x0000000008001920       0x80 /tmp/ccOk0VTM.ltrans1.ltrans.o
                0x0000000008001920                chOQWriteTimeout
 .text.chThdSuspendS
                0x00000000080019a0       0x30 /tmp/ccOk0VTM.ltrans1.ltrans.o
                0x00000000080019a0                chThdSuspendS
 .text.spiSend  0x00000000080019d0       0x50 /tmp/ccOk0VTM.ltrans1.ltrans.o
                0x00000000080019d0                spiSend
 .text.spiReceive
                0x0000000008001a20       0x50 /tmp/ccOk0VTM.ltrans1.ltrans.o
                0x0000000008001a20                spiReceive
 .text.recvr1.isra.0.9200
                0x0000000008001a70       0x30 /tmp/ccOk0VTM.ltrans1.ltrans.o
                0x0000000008001a70                recvr1.isra.0.9200
 .text.mmcStopSequentialRead.part.7.9255
                0x0000000008001aa0       0x30 /tmp/ccOk0VTM.ltrans1.ltrans.o
                0x0000000008001aa0                mmcStopSequentialRead.part.7.9255
 .text.spiIgnore
                0x0000000008001ad0       0x60 /tmp/ccOk0VTM.ltrans1.ltrans.o
                0x0000000008001ad0                spiIgnore
 .text.mmcSequentialRead
                0x0000000008001b30       0x60 /tmp/ccOk0VTM.ltrans1.ltrans.o
                0x0000000008001b30                mmcSequentialRead
 .text._port_irq_epilogue
                0x0000000008001b90       0x60 /tmp/ccOk0VTM.ltrans1.ltrans.o
                0x0000000008001b90                _port_irq_epilogue
 .text.Vector84
                0x0000000008001bf0       0x30 /tmp/ccOk0VTM.ltrans1.ltrans.o
                0x0000000008001bf0                Vector84
 .text.Vector80
                0x0000000008001c20       0x30 /tmp/ccOk0VTM.ltrans1.ltrans.o
                0x0000000008001c20                Vector80
 .text.Vector7C
                0x0000000008001c50       0x30 /tmp/ccOk0VTM.ltrans1.ltrans.o
                0x0000000008001c50                Vector7C
 .text.Vector78
                0x0000000008001c80       0x30 /tmp/ccOk0VTM.ltrans1.ltrans.o
                0x0000000008001c80                Vector78
 .text.Vector74
                0x0000000008001cb0       0x30 /tmp/ccOk0VTM.ltrans1.ltrans.o
                0x0000000008001cb0                Vector74
 .text.Vector70
                0x0000000008001ce0       0x30 /tmp/ccOk0VTM.ltrans1.ltrans.o
                0x0000000008001ce0                Vector70
 .text.Vector6C
                0x0000000008001d10       0x30 /tmp/ccOk0VTM.ltrans1.ltrans.o
                0x0000000008001d10                Vector6C
 .text.chSchReadyI
                0x0000000008001d40       0x30 /tmp/ccOk0VTM.ltrans1.ltrans.o
                0x0000000008001d40                chSchReadyI
 .text.chEvtBroadcastFlagsI
                0x0000000008001d70       0x60 /tmp/ccOk0VTM.ltrans1.ltrans.o
                0x0000000008001d70                chEvtBroadcastFlagsI
 .text.chTMStopMeasurementX
                0x0000000008001dd0       0x50 /tmp/ccOk0VTM.ltrans1.ltrans.o
                0x0000000008001dd0                chTMStopMeasurementX
 .text._unhandled_exception.4649
                0x0000000008001e20       0x10 /tmp/ccOk0VTM.ltrans1.ltrans.o
                0x0000000008001e20                Vector58
                0x0000000008001e20                VectorE8
                0x0000000008001e20                Vector9C
                0x0000000008001e20                VectorAC
                0x0000000008001e20                DebugMon_Handler
                0x0000000008001e20                Vector5C
                0x0000000008001e20                Vector11C
                0x0000000008001e20                HardFault_Handler
                0x0000000008001e20                Vector8C
                0x0000000008001e20                SysTick_Handler
                0x0000000008001e20                VectorDC
                0x0000000008001e20                PendSV_Handler
                0x0000000008001e20                NMI_Handler
                0x0000000008001e20                Vector110
                0x0000000008001e20                Vector120
                0x0000000008001e20                VectorC8
                0x0000000008001e20                Vector94
                0x0000000008001e20                VectorA8
                0x0000000008001e20                VectorB4
                0x0000000008001e20                UsageFault_Handler
                0x0000000008001e20                VectorEC
                0x0000000008001e20                Vector40
                0x0000000008001e20                VectorF8
                0x0000000008001e20                Vector108
                0x0000000008001e20                VectorBC
                0x0000000008001e20                Vector124
                0x0000000008001e20                Vector118
                0x0000000008001e20                Vector64
                0x0000000008001e20                VectorCC
                0x0000000008001e20                Vector54
                0x0000000008001e20                Vector98
                0x0000000008001e20                Vector138
                0x0000000008001e20                Vector24
                0x0000000008001e20                VectorD0
                0x0000000008001e20                VectorE4
                0x0000000008001e20                VectorC0
                0x0000000008001e20                Vector130
                0x0000000008001e20                Vector134
                0x0000000008001e20                VectorF0
                0x0000000008001e20                Vector12C
                0x0000000008001e20                Vector13C
                0x0000000008001e20                Vector100
                0x0000000008001e20                VectorE0
                0x0000000008001e20                VectorF4
                0x0000000008001e20                MemManage_Handler
                0x0000000008001e20                VectorA0
                0x0000000008001e20                VectorC4
                0x0000000008001e20                Vector90
                0x0000000008001e20                Vector114
                0x0000000008001e20                Vector60
                0x0000000008001e20                Vector1C
                0x0000000008001e20                Vector48
                0x0000000008001e20                Vector4C
                0x0000000008001e20                Vector68
                0x0000000008001e20                Vector88
                0x0000000008001e20                Vector104
                0x0000000008001e20                Vector10C
                0x0000000008001e20                BusFault_Handler
                0x0000000008001e20                Vector50
                0x0000000008001e20                Vector44
                0x0000000008001e20                Vector28
                0x0000000008001e20                VectorB8
                0x0000000008001e20                VectorFC
                0x0000000008001e20                Vector34
                0x0000000008001e20                Vector128
                0x0000000008001e20                VectorA4
                0x0000000008001e20                Vector20
 .text.spi_lld_serve_tx_interrupt.10416
                0x0000000008001e30       0x20 /tmp/ccOk0VTM.ltrans2.ltrans.o
                0x0000000008001e30                spi_lld_serve_tx_interrupt.10416
 .text.mmc_write.9310
                0x0000000008001e50       0x60 /tmp/ccOk0VTM.ltrans2.ltrans.o
                0x0000000008001e50                mmc_write.9310
 .text.VectorB0
                0x0000000008001eb0       0xa0 /tmp/ccOk0VTM.ltrans2.ltrans.o
                0x0000000008001eb0                VectorB0
 .text.serve_interrupt.10687.4202
                0x0000000008001f50      0x1a0 /tmp/ccOk0VTM.ltrans2.ltrans.o
 .text.VectorD8
                0x00000000080020f0       0x20 /tmp/ccOk0VTM.ltrans2.ltrans.o
                0x00000000080020f0                VectorD8
 .text.VectorD4
                0x0000000008002110       0x20 /tmp/ccOk0VTM.ltrans2.ltrans.o
                0x0000000008002110                VectorD4
 .text.adc_lld_serve_rx_interrupt.10185
                0x0000000008002130      0x100 /tmp/ccOk0VTM.ltrans2.ltrans.o
                0x0000000008002130                adc_lld_serve_rx_interrupt.10185
 .text.spi_lld_serve_rx_interrupt.10420
                0x0000000008002230       0x80 /tmp/ccOk0VTM.ltrans2.ltrans.o
                0x0000000008002230                spi_lld_serve_rx_interrupt.10420
 .text.mmcConnect
                0x00000000080022b0      0x160 /tmp/ccOk0VTM.ltrans2.ltrans.o
                0x00000000080022b0                mmcConnect
 .text.sd_lld_start
                0x0000000008002410       0xb0 /tmp/ccOk0VTM.ltrans2.ltrans.o
                0x0000000008002410                sd_lld_start
 .text.put_fat.part.8.11110
                0x00000000080024c0      0x100 /tmp/ccOk0VTM.ltrans2.ltrans.o
                0x00000000080024c0                put_fat.part.8.11110
 .text.dir_next.11119
                0x00000000080025c0      0x200 /tmp/ccOk0VTM.ltrans2.ltrans.o
                0x00000000080025c0                dir_next.11119
 .text.dir_sdi.11100.constprop.22
                0x00000000080027c0       0x80 /tmp/ccOk0VTM.ltrans2.ltrans.o
                0x00000000080027c0                dir_sdi.11100.constprop.22
 .text.chIQGetTimeout.4368
                0x0000000008002840       0x50 /tmp/ccOk0VTM.ltrans3.ltrans.o
 .text.gett.9502
                0x0000000008002890       0x10 /tmp/ccOk0VTM.ltrans3.ltrans.o
                0x0000000008002890                gett.9502
 .text.get.9506
                0x00000000080028a0       0x10 /tmp/ccOk0VTM.ltrans3.ltrans.o
                0x00000000080028a0                get.9506
 .text.chIQReadTimeout.4396
                0x00000000080028b0       0x80 /tmp/ccOk0VTM.ltrans3.ltrans.o
 .text.readt.9477
                0x0000000008002930       0x10 /tmp/ccOk0VTM.ltrans3.ltrans.o
                0x0000000008002930                readt.9477
 .text.read.9486
                0x0000000008002940       0x10 /tmp/ccOk0VTM.ltrans3.ltrans.o
                0x0000000008002940                read.9486
 .text.chOQPutTimeout.4411
                0x0000000008002950       0x50 /tmp/ccOk0VTM.ltrans3.ltrans.o
 .text.putt.9509
                0x00000000080029a0       0x10 /tmp/ccOk0VTM.ltrans3.ltrans.o
                0x00000000080029a0                putt.9509
 .text.put.9514
                0x00000000080029b0       0x10 /tmp/ccOk0VTM.ltrans3.ltrans.o
                0x00000000080029b0                put.9514
 .text.writet.9491
                0x00000000080029c0       0x10 /tmp/ccOk0VTM.ltrans3.ltrans.o
                0x00000000080029c0                writet.9491
 .text.write.9497
                0x00000000080029d0       0x10 /tmp/ccOk0VTM.ltrans3.ltrans.o
                0x00000000080029d0                write.9497
 .text.chThdSleep
                0x00000000080029e0       0x20 /tmp/ccOk0VTM.ltrans3.ltrans.o
                0x00000000080029e0                chThdSleep
 .text.wait.isra.1.9207.4337
                0x0000000008002a00       0x40 /tmp/ccOk0VTM.ltrans3.ltrans.o
 .text.mmcSequentialWrite
                0x0000000008002a40       0x80 /tmp/ccOk0VTM.ltrans3.ltrans.o
                0x0000000008002a40                mmcSequentialWrite
 .text.send_hdr.9210.4332
                0x0000000008002ac0       0x70 /tmp/ccOk0VTM.ltrans3.ltrans.o
 .text.mmcStartSequentialWrite
                0x0000000008002b30       0x60 /tmp/ccOk0VTM.ltrans3.ltrans.o
                0x0000000008002b30                mmcStartSequentialWrite
 .text.disk_write.constprop.26
                0x0000000008002b90       0x70 /tmp/ccOk0VTM.ltrans3.ltrans.o
                0x0000000008002b90                disk_write.constprop.26
 .text.sync_window.part.3.11070
                0x0000000008002c00       0x60 /tmp/ccOk0VTM.ltrans3.ltrans.o
                0x0000000008002c00                sync_window.part.3.11070
 .text.mmcStartSequentialRead.4305
                0x0000000008002c60       0x60 /tmp/ccOk0VTM.ltrans3.ltrans.o
 .text.move_window.11080
                0x0000000008002cc0       0x70 /tmp/ccOk0VTM.ltrans3.ltrans.o
                0x0000000008002cc0                move_window.11080
 .text.get_fat.part.6.11096
                0x0000000008002d30       0xd0 /tmp/ccOk0VTM.ltrans3.ltrans.o
                0x0000000008002d30                get_fat.part.6.11096
 .text.check_fs.11087.4233
                0x0000000008002e00       0x90 /tmp/ccOk0VTM.ltrans3.ltrans.o
 .text.find_volume.11091
                0x0000000008002e90      0x330 /tmp/ccOk0VTM.ltrans3.ltrans.o
                0x0000000008002e90                find_volume.11091
 .text.f_mount.constprop.17
                0x00000000080031c0       0x40 /tmp/ccOk0VTM.ltrans3.ltrans.o
                0x00000000080031c0                f_mount.constprop.17
 .text.mmc_read.9293
                0x0000000008003200       0x40 /tmp/ccOk0VTM.ltrans3.ltrans.o
                0x0000000008003200                mmc_read.9293
 .text.read_CxD.9226
                0x0000000008003240       0xb0 /tmp/ccOk0VTM.ltrans3.ltrans.o
                0x0000000008003240                read_CxD.9226
 .text.send_command_R1.9221
                0x00000000080032f0       0x30 /tmp/ccOk0VTM.ltrans3.ltrans.o
                0x00000000080032f0                send_command_R1.9221
 .text.send_command_R3.9215
                0x0000000008003320       0x40 /tmp/ccOk0VTM.ltrans3.ltrans.o
                0x0000000008003320                send_command_R3.9215
 .text.sync.isra.2.9234.4352
                0x0000000008003360       0x40 /tmp/ccOk0VTM.ltrans3.ltrans.o
 .text.mmcSync  0x00000000080033a0       0x30 /tmp/ccOk0VTM.ltrans3.ltrans.o
                0x00000000080033a0                mmcSync
 .text.mmcDisconnect
                0x00000000080033d0       0x50 /tmp/ccOk0VTM.ltrans3.ltrans.o
                0x00000000080033d0                mmcDisconnect
 .text.Reset_Handler
                0x0000000008003420      0x150 /tmp/ccOk0VTM.ltrans4.ltrans.o
                0x0000000008003420                Reset_Handler
 .text.chThdExit
                0x0000000008003570       0x50 /tmp/ccOk0VTM.ltrans4.ltrans.o
                0x0000000008003570                chThdExit
 .text.chSchDoReschedule
                0x00000000080035c0       0x40 /tmp/ccOk0VTM.ltrans4.ltrans.o
                0x00000000080035c0                chSchDoReschedule
 *(.rodata)
 *(.rodata.*)
 .rodata.ExCvt.11266.4854
                0x0000000008003600       0x80 /tmp/ccOk0VTM.ltrans0.ltrans.o
 .rodata._stm32_dma_streams
                0x0000000008003680       0x54 /tmp/ccOk0VTM.ltrans0.ltrans.o
 *fill*         0x00000000080036d4        0xc 
 .rodata.ch_debug
                0x00000000080036e0       0x18 /tmp/ccOk0VTM.ltrans0.ltrans.o
 *fill*         0x00000000080036f8        0x8 
 .rodata.str1.4
                0x0000000008003700      0x183 /tmp/ccOk0VTM.ltrans0.ltrans.o
                                        0x184 (size before relaxing)
 *fill*         0x0000000008003883        0xd 
 .rodata.accelConvGrp.12683.4847
                0x0000000008003890       0x28 /tmp/ccOk0VTM.ltrans0.ltrans.o
 *fill*         0x00000000080038b8        0x8 
 .rodata.sensorConvGrp.12681.4849
                0x00000000080038c0       0x28 /tmp/ccOk0VTM.ltrans0.ltrans.o
 *fill*         0x00000000080038e8        0x8 
 .rodata.mmc_vmt.9339.4855
                0x00000000080038f0       0x20 /tmp/ccOk0VTM.ltrans0.ltrans.o
 .rodata.stopcmd.7333.9335.4800
                0x0000000008003910        0x8 /tmp/ccOk0VTM.ltrans1.ltrans.o
 *fill*         0x0000000008003918        0x8 
 .rodata.cfgtab.6851.10271.4809
                0x0000000008003920       0x14 /tmp/ccOk0VTM.ltrans1.ltrans.o
 *fill*         0x0000000008003934        0xc 
 .rodata.str1.4
                0x0000000008003940        0xd /tmp/ccOk0VTM.ltrans1.ltrans.o
                                         0x10 (size before relaxing)
 *fill*         0x000000000800394d        0x3 
 .rodata.default_config.10714.4581
                0x0000000008003950        0xc /tmp/ccOk0VTM.ltrans2.ltrans.o
 *fill*         0x000000000800395c        0x4 
 .rodata.stop.7350.9336
                0x0000000008003960        0x4 /tmp/ccOk0VTM.ltrans2.ltrans.o
                0x0000000008003960                stop.7350.9336
 *fill*         0x0000000008003964        0xc 
 .rodata.str1.4
                0x0000000008003970        0xc /tmp/ccOk0VTM.ltrans2.ltrans.o
 *fill*         0x000000000800397c        0x4 
 .rodata.vmt.9595
                0x0000000008003980       0x20 /tmp/ccOk0VTM.ltrans3.ltrans.o
                0x0000000008003980                vmt.9595
 .rodata.start.7344.9337.4498
                0x00000000080039a0        0x4 /tmp/ccOk0VTM.ltrans3.ltrans.o
 *fill*         0x00000000080039a4        0xc 
 .rodata.crc7_lookup_table.9338.4499
                0x00000000080039b0      0x100 /tmp/ccOk0VTM.ltrans3.ltrans.o
 *(.glue_7t)
 .glue_7t       0x0000000000000000        0x0 linker stubs
 *(.glue_7)
 .glue_7        0x0000000000000000        0x0 linker stubs
 *(.gcc*)

.vfp11_veneer   0x0000000008003ab0        0x0
 .vfp11_veneer  0x0000000000000000        0x0 linker stubs

.v4_bx          0x0000000008003ab0        0x0
 .v4_bx         0x0000000000000000        0x0 linker stubs

.iplt           0x0000000008003ab0        0x0
 .iplt          0x0000000000000000        0x0 build/obj/chcoreasm_v7m.o

.rel.dyn        0x0000000008003ab0        0x0
 .rel.iplt      0x0000000000000000        0x0 build/obj/chcoreasm_v7m.o

.ARM.extab
 *(.ARM.extab* .gnu.linkonce.armextab.*)

.ARM.exidx      0x0000000008003ab0        0x0
                0x0000000008003ab0                PROVIDE (__exidx_start, .)
 *(.ARM.exidx* .gnu.linkonce.armexidx.*)
                0x0000000008003ab0                PROVIDE (__exidx_end, .)

.eh_frame_hdr
 *(.eh_frame_hdr)

.eh_frame
 *(.eh_frame)

.textalign      0x0000000008003ab0        0x0
                0x0000000008003ab0                . = ALIGN (0x8)
                0x0000000008003ab0                . = ALIGN (0x4)
                0x0000000008003ab0                _etext = .
                0x0000000008003ab0                _textdata = _etext

.stacks         0x0000000020000000      0x800
                0x0000000020000000                . = ALIGN (0x8)
                0x0000000020000000                __main_stack_base__ = .
                0x0000000020000400                . = (. + __main_stack_size__)
 *fill*         0x0000000020000000      0x400 
                0x0000000020000400                . = ALIGN (0x8)
                0x0000000020000400                __main_stack_end__ = .
                0x0000000020000400                __process_stack_base__ = .
                0x0000000020000400                __main_thread_stack_base__ = .
                0x0000000020000800                . = (. + __process_stack_size__)
 *fill*         0x0000000020000400      0x400 
                0x0000000020000800                . = ALIGN (0x8)
                0x0000000020000800                __process_stack_end__ = .
                0x0000000020000800                __main_thread_stack_end__ = .

.data           0x0000000020000800       0x3c load address 0x0000000008003ab0
                0x0000000020000800                . = ALIGN (0x4)
                0x0000000020000800                PROVIDE (_data, .)
 *(.data)
 *(.data.*)
 .data.serGpsCfg.12680.4852
                0x0000000020000800        0xc /tmp/ccOk0VTM.ltrans0.ltrans.o
 .data.serCfg.12678.4853
                0x000000002000080c        0xc /tmp/ccOk0VTM.ltrans0.ltrans.o
 .data.mmcCfg.11935.4832
                0x0000000020000818        0xc /tmp/ccOk0VTM.ltrans0.ltrans.o
 .data.lsCfg.11937.4834
                0x0000000020000824        0xc /tmp/ccOk0VTM.ltrans0.ltrans.o
 .data.hsCfg.11938.4835
                0x0000000020000830        0xc /tmp/ccOk0VTM.ltrans0.ltrans.o
 *(.ramtext)
                0x000000002000083c                . = ALIGN (0x4)
                0x000000002000083c                PROVIDE (_edata, .)

.igot.plt       0x000000002000083c        0x0 load address 0x0000000008003aec
 .igot.plt      0x0000000000000000        0x0 build/obj/chcoreasm_v7m.o

.bss            0x000000002000083c      0x3a0
                0x000000002000083c                . = ALIGN (0x4)
                0x000000002000083c                PROVIDE (_bss_start, .)
 *(.bss)
 *(.bss.*)
 .bss.ADCD1.4826
                0x000000002000083c       0x34 /tmp/ccOk0VTM.ltrans0.ltrans.o
 .bss.sensorSamples.12682.4850
                0x0000000020000870        0x8 /tmp/ccOk0VTM.ltrans0.ltrans.o
 .bss.dummytx.10473
                0x0000000020000878        0x2 /tmp/ccOk0VTM.ltrans0.ltrans.o
                0x0000000020000878                dummytx.10473
 *fill*         0x000000002000087a        0x2 
 .bss.mainthread.6158.4314.4837
                0x000000002000087c       0x44 /tmp/ccOk0VTM.ltrans0.ltrans.o
 .bss.dma_streams_mask.9990
                0x00000000200008c0        0x4 /tmp/ccOk0VTM.ltrans0.ltrans.o
                0x00000000200008c0                dma_streams_mask.9990
 .bss.SPID1     0x00000000200008c4       0x30 /tmp/ccOk0VTM.ltrans0.ltrans.o
                0x00000000200008c4                SPID1
 .bss.SD1       0x00000000200008f4       0x78 /tmp/ccOk0VTM.ltrans0.ltrans.o
                0x00000000200008f4                SD1
 .bss.SD2       0x000000002000096c       0x78 /tmp/ccOk0VTM.ltrans0.ltrans.o
                0x000000002000096c                SD2
 .bss.dma_isr_redir.9985
                0x00000000200009e4       0x38 /tmp/ccOk0VTM.ltrans0.ltrans.o
                0x00000000200009e4                dma_isr_redir.9985
 .bss.accSamples.12684.4848
                0x0000000020000a1c        0x8 /tmp/ccOk0VTM.ltrans0.ltrans.o
 .bss.sd.12676.4829
                0x0000000020000a24       0x10 /tmp/ccOk0VTM.ltrans0.ltrans.o
 *fill*         0x0000000020000a34        0x4 
 .bss.default_heap.6671.4931
                0x0000000020000a38       0x20 /tmp/ccOk0VTM.ltrans0.ltrans.o
 .bss.serialPort.11939.4817
                0x0000000020000a58        0x4 /tmp/ccOk0VTM.ltrans0.ltrans.o
 *fill*         0x0000000020000a5c        0x4 
 .bss._idle_thread_wa.4313.4836
                0x0000000020000a60       0xd8 /tmp/ccOk0VTM.ltrans0.ltrans.o
 .bss.SD.11940.4818
                0x0000000020000b38        0x4 /tmp/ccOk0VTM.ltrans0.ltrans.o
 .bss.logger.12675.4828
                0x0000000020000b3c       0x10 /tmp/ccOk0VTM.ltrans0.ltrans.o
 .bss.nextmem.6560
                0x0000000020000b4c        0x4 /tmp/ccOk0VTM.ltrans0.ltrans.o
                0x0000000020000b4c                nextmem.6560
 .bss.DEBUG.12279.4819
                0x0000000020000b50        0x4 /tmp/ccOk0VTM.ltrans0.ltrans.o
 .bss.sensorLog.12674.4827
                0x0000000020000b54       0x10 /tmp/ccOk0VTM.ltrans0.ltrans.o
 .bss.SENSORS.12685
                0x0000000020000b64        0x8 /tmp/ccOk0VTM.ltrans0.ltrans.o
                0x0000000020000b64                SENSORS.12685
 .bss.MMCD1     0x0000000020000b6c       0x34 /tmp/ccOk0VTM.ltrans0.ltrans.o
                0x0000000020000b6c                MMCD1
 .bss.endmem.6562
                0x0000000020000ba0        0x4 /tmp/ccOk0VTM.ltrans0.ltrans.o
                0x0000000020000ba0                endmem.6562
 .bss.dummyrx.10475.4804
                0x0000000020000ba4        0x2 /tmp/ccOk0VTM.ltrans1.ltrans.o
 .bss.Fsid.11268.4494
                0x0000000020000ba6        0x2 /tmp/ccOk0VTM.ltrans3.ltrans.o
 .bss.FatFs.11267.4493
                0x0000000020000ba8        0x4 /tmp/ccOk0VTM.ltrans3.ltrans.o
 .bss.ch        0x0000000020000bac       0x30 /tmp/ccOk0VTM.ltrans4.ltrans.o
                0x0000000020000bac                ch
 *(COMMON)
                0x0000000020000bdc                . = ALIGN (0x4)
                0x0000000020000bdc                PROVIDE (_bss_end, .)
                0x0000000020000bdc                PROVIDE (end, .)
                0x0000000020000bdc                _end = .
                0x0000000020000bdc                __heap_base__ = _end
                0x0000000020005000                __heap_end__ = __ram_end__
                0x0000000000000400                __process_stack_size__ = 0x400
                0x0000000000000400                __main_stack_size__ = 0x400
START GROUP
LOAD /usr/bin/../lib/gcc/arm-none-eabi/4.8.4/armv7-m/libgcc.a
LOAD /usr/bin/../lib/gcc/arm-none-eabi/4.8.4/../../../../arm-none-eabi/lib/armv7-m/libc.a
END GROUP
OUTPUT(build/aoss584Lab.elf elf32-littlearm)

.ARM.attributes
                0x0000000000000000       0x2d
 .ARM.attributes
                0x0000000000000000       0x21 build/obj/chcoreasm_v7m.o
 .ARM.attributes
                0x0000000000000021       0x31 /tmp/ccOk0VTM.ltrans0.ltrans.o
 .ARM.attributes
                0x0000000000000052       0x31 /tmp/ccOk0VTM.ltrans1.ltrans.o
 .ARM.attributes
                0x0000000000000083       0x31 /tmp/ccOk0VTM.ltrans2.ltrans.o
 .ARM.attributes
                0x00000000000000b4       0x31 /tmp/ccOk0VTM.ltrans3.ltrans.o
 .ARM.attributes
                0x00000000000000e5       0x31 /tmp/ccOk0VTM.ltrans4.ltrans.o

.comment        0x0000000000000000       0x70
 .comment       0x0000000000000000       0x70 /tmp/ccOk0VTM.ltrans0.ltrans.o
                                         0x71 (size before relaxing)
 .comment       0x0000000000000000       0x71 /tmp/ccOk0VTM.ltrans1.ltrans.o
 .comment       0x0000000000000000       0x71 /tmp/ccOk0VTM.ltrans2.ltrans.o
 .comment       0x0000000000000000       0x71 /tmp/ccOk0VTM.ltrans3.ltrans.o
 .comment       0x0000000000000000       0x71 /tmp/ccOk0VTM.ltrans4.ltrans.o

Cross Reference Table

Symbol                                            File
BusFault_Handler                                  /tmp/ccOk0VTM.ltrans1.ltrans.o
                                                  /tmp/ccOk0VTM.ltrans4.ltrans.o
DebugMon_Handler                                  /tmp/ccOk0VTM.ltrans1.ltrans.o
                                                  /tmp/ccOk0VTM.ltrans4.ltrans.o
HardFault_Handler                                 /tmp/ccOk0VTM.ltrans1.ltrans.o
                                                  /tmp/ccOk0VTM.ltrans4.ltrans.o
MMCD1                                             /tmp/ccOk0VTM.ltrans0.ltrans.o
                                                  /tmp/ccOk0VTM.ltrans3.ltrans.o
                                                  /tmp/ccOk0VTM.ltrans1.ltrans.o
MemManage_Handler                                 /tmp/ccOk0VTM.ltrans1.ltrans.o
                                                  /tmp/ccOk0VTM.ltrans4.ltrans.o
NMI_Handler                                       /tmp/ccOk0VTM.ltrans1.ltrans.o
                                                  /tmp/ccOk0VTM.ltrans4.ltrans.o
PendSV_Handler                                    /tmp/ccOk0VTM.ltrans1.ltrans.o
                                                  /tmp/ccOk0VTM.ltrans4.ltrans.o
Reset_Handler                                     /tmp/ccOk0VTM.ltrans4.ltrans.o
SD1                                               /tmp/ccOk0VTM.ltrans0.ltrans.o
                                                  /tmp/ccOk0VTM.ltrans2.ltrans.o
SD2                                               /tmp/ccOk0VTM.ltrans0.ltrans.o
                                                  /tmp/ccOk0VTM.ltrans2.ltrans.o
                                                  /tmp/ccOk0VTM.ltrans1.ltrans.o
SENSORS.12685                                     /tmp/ccOk0VTM.ltrans0.ltrans.o
                                                  /tmp/ccOk0VTM.ltrans1.ltrans.o
SPID1                                             /tmp/ccOk0VTM.ltrans0.ltrans.o
                                                  /tmp/ccOk0VTM.ltrans1.ltrans.o
SVC_Handler                                       /tmp/ccOk0VTM.ltrans1.ltrans.o
                                                  /tmp/ccOk0VTM.ltrans4.ltrans.o
SysTick_Handler                                   /tmp/ccOk0VTM.ltrans1.ltrans.o
                                                  /tmp/ccOk0VTM.ltrans4.ltrans.o
UsageFault_Handler                                /tmp/ccOk0VTM.ltrans1.ltrans.o
                                                  /tmp/ccOk0VTM.ltrans4.ltrans.o
Vector100                                         /tmp/ccOk0VTM.ltrans1.ltrans.o
                                                  /tmp/ccOk0VTM.ltrans4.ltrans.o
Vector104                                         /tmp/ccOk0VTM.ltrans1.ltrans.o
                                                  /tmp/ccOk0VTM.ltrans4.ltrans.o
Vector108                                         /tmp/ccOk0VTM.ltrans1.ltrans.o
                                                  /tmp/ccOk0VTM.ltrans4.ltrans.o
Vector10C                                         /tmp/ccOk0VTM.ltrans1.ltrans.o
                                                  /tmp/ccOk0VTM.ltrans4.ltrans.o
Vector110                                         /tmp/ccOk0VTM.ltrans1.ltrans.o
                                                  /tmp/ccOk0VTM.ltrans4.ltrans.o
Vector114                                         /tmp/ccOk0VTM.ltrans1.ltrans.o
                                                  /tmp/ccOk0VTM.ltrans4.ltrans.o
Vector118                                         /tmp/ccOk0VTM.ltrans1.ltrans.o
                                                  /tmp/ccOk0VTM.ltrans4.ltrans.o
Vector11C                                         /tmp/ccOk0VTM.ltrans1.ltrans.o
                                                  /tmp/ccOk0VTM.ltrans4.ltrans.o
Vector120                                         /tmp/ccOk0VTM.ltrans1.ltrans.o
                                                  /tmp/ccOk0VTM.ltrans4.ltrans.o
Vector124                                         /tmp/ccOk0VTM.ltrans1.ltrans.o
                                                  /tmp/ccOk0VTM.ltrans4.ltrans.o
Vector128                                         /tmp/ccOk0VTM.ltrans1.ltrans.o
                                                  /tmp/ccOk0VTM.ltrans4.ltrans.o
Vector12C                                         /tmp/ccOk0VTM.ltrans1.ltrans.o
                                                  /tmp/ccOk0VTM.ltrans4.ltrans.o
Vector130                                         /tmp/ccOk0VTM.ltrans1.ltrans.o
                                                  /tmp/ccOk0VTM.ltrans4.ltrans.o
Vector134                                         /tmp/ccOk0VTM.ltrans1.ltrans.o
                                                  /tmp/ccOk0VTM.ltrans4.ltrans.o
Vector138                                         /tmp/ccOk0VTM.ltrans1.ltrans.o
                                                  /tmp/ccOk0VTM.ltrans4.ltrans.o
Vector13C                                         /tmp/ccOk0VTM.ltrans1.ltrans.o
                                                  /tmp/ccOk0VTM.ltrans4.ltrans.o
Vector1C                                          /tmp/ccOk0VTM.ltrans1.ltrans.o
                                                  /tmp/ccOk0VTM.ltrans4.ltrans.o
Vector20                                          /tmp/ccOk0VTM.ltrans1.ltrans.o
                                                  /tmp/ccOk0VTM.ltrans4.ltrans.o
Vector24                                          /tmp/ccOk0VTM.ltrans1.ltrans.o
                                                  /tmp/ccOk0VTM.ltrans4.ltrans.o
Vector28                                          /tmp/ccOk0VTM.ltrans1.ltrans.o
                                                  /tmp/ccOk0VTM.ltrans4.ltrans.o
Vector34                                          /tmp/ccOk0VTM.ltrans1.ltrans.o
                                                  /tmp/ccOk0VTM.ltrans4.ltrans.o
Vector40                                          /tmp/ccOk0VTM.ltrans1.ltrans.o
                                                  /tmp/ccOk0VTM.ltrans4.ltrans.o
Vector44                                          /tmp/ccOk0VTM.ltrans1.ltrans.o
                                                  /tmp/ccOk0VTM.ltrans4.ltrans.o
Vector48                                          /tmp/ccOk0VTM.ltrans1.ltrans.o
                                                  /tmp/ccOk0VTM.ltrans4.ltrans.o
Vector4C                                          /tmp/ccOk0VTM.ltrans1.ltrans.o
                                                  /tmp/ccOk0VTM.ltrans4.ltrans.o
Vector50                                          /tmp/ccOk0VTM.ltrans1.ltrans.o
                                                  /tmp/ccOk0VTM.ltrans4.ltrans.o
Vector54                                          /tmp/ccOk0VTM.ltrans1.ltrans.o
                                                  /tmp/ccOk0VTM.ltrans4.ltrans.o
Vector58                                          /tmp/ccOk0VTM.ltrans1.ltrans.o
                                                  /tmp/ccOk0VTM.ltrans4.ltrans.o
Vector5C                                          /tmp/ccOk0VTM.ltrans1.ltrans.o
                                                  /tmp/ccOk0VTM.ltrans4.ltrans.o
Vector60                                          /tmp/ccOk0VTM.ltrans1.ltrans.o
                                                  /tmp/ccOk0VTM.ltrans4.ltrans.o
Vector64                                          /tmp/ccOk0VTM.ltrans1.ltrans.o
                                                  /tmp/ccOk0VTM.ltrans4.ltrans.o
Vector68                                          /tmp/ccOk0VTM.ltrans1.ltrans.o
                                                  /tmp/ccOk0VTM.ltrans4.ltrans.o
Vector6C                                          /tmp/ccOk0VTM.ltrans1.ltrans.o
                                                  /tmp/ccOk0VTM.ltrans4.ltrans.o
Vector70                                          /tmp/ccOk0VTM.ltrans1.ltrans.o
                                                  /tmp/ccOk0VTM.ltrans4.ltrans.o
Vector74                                          /tmp/ccOk0VTM.ltrans1.ltrans.o
                                                  /tmp/ccOk0VTM.ltrans4.ltrans.o
Vector78                                          /tmp/ccOk0VTM.ltrans1.ltrans.o
                                                  /tmp/ccOk0VTM.ltrans4.ltrans.o
Vector7C                                          /tmp/ccOk0VTM.ltrans1.ltrans.o
                                                  /tmp/ccOk0VTM.ltrans4.ltrans.o
Vector80                                          /tmp/ccOk0VTM.ltrans1.ltrans.o
                                                  /tmp/ccOk0VTM.ltrans4.ltrans.o
Vector84                                          /tmp/ccOk0VTM.ltrans1.ltrans.o
                                                  /tmp/ccOk0VTM.ltrans4.ltrans.o
Vector88                                          /tmp/ccOk0VTM.ltrans1.ltrans.o
                                                  /tmp/ccOk0VTM.ltrans4.ltrans.o
Vector8C                                          /tmp/ccOk0VTM.ltrans1.ltrans.o
                                                  /tmp/ccOk0VTM.ltrans4.ltrans.o
Vector90                                          /tmp/ccOk0VTM.ltrans1.ltrans.o
                                                  /tmp/ccOk0VTM.ltrans4.ltrans.o
Vector94                                          /tmp/ccOk0VTM.ltrans1.ltrans.o
                                                  /tmp/ccOk0VTM.ltrans4.ltrans.o
Vector98                                          /tmp/ccOk0VTM.ltrans1.ltrans.o
                                                  /tmp/ccOk0VTM.ltrans4.ltrans.o
Vector9C                                          /tmp/ccOk0VTM.ltrans1.ltrans.o
                                                  /tmp/ccOk0VTM.ltrans4.ltrans.o
VectorA0                                          /tmp/ccOk0VTM.ltrans1.ltrans.o
                                                  /tmp/ccOk0VTM.ltrans4.ltrans.o
VectorA4                                          /tmp/ccOk0VTM.ltrans1.ltrans.o
                                                  /tmp/ccOk0VTM.ltrans4.ltrans.o
VectorA8                                          /tmp/ccOk0VTM.ltrans1.ltrans.o
                                                  /tmp/ccOk0VTM.ltrans4.ltrans.o
VectorAC                                          /tmp/ccOk0VTM.ltrans1.ltrans.o
                                                  /tmp/ccOk0VTM.ltrans4.ltrans.o
VectorB0                                          /tmp/ccOk0VTM.ltrans2.ltrans.o
                                                  /tmp/ccOk0VTM.ltrans4.ltrans.o
VectorB4                                          /tmp/ccOk0VTM.ltrans1.ltrans.o
                                                  /tmp/ccOk0VTM.ltrans4.ltrans.o
VectorB8                                          /tmp/ccOk0VTM.ltrans1.ltrans.o
                                                  /tmp/ccOk0VTM.ltrans4.ltrans.o
VectorBC                                          /tmp/ccOk0VTM.ltrans1.ltrans.o
                                                  /tmp/ccOk0VTM.ltrans4.ltrans.o
VectorC0                                          /tmp/ccOk0VTM.ltrans1.ltrans.o
                                                  /tmp/ccOk0VTM.ltrans4.ltrans.o
VectorC4                                          /tmp/ccOk0VTM.ltrans1.ltrans.o
                                                  /tmp/ccOk0VTM.ltrans4.ltrans.o
VectorC8                                          /tmp/ccOk0VTM.ltrans1.ltrans.o
                                                  /tmp/ccOk0VTM.ltrans4.ltrans.o
VectorCC                                          /tmp/ccOk0VTM.ltrans1.ltrans.o
                                                  /tmp/ccOk0VTM.ltrans4.ltrans.o
VectorD0                                          /tmp/ccOk0VTM.ltrans1.ltrans.o
                                                  /tmp/ccOk0VTM.ltrans4.ltrans.o
VectorD4                                          /tmp/ccOk0VTM.ltrans2.ltrans.o
                                                  /tmp/ccOk0VTM.ltrans4.ltrans.o
VectorD8                                          /tmp/ccOk0VTM.ltrans2.ltrans.o
                                                  /tmp/ccOk0VTM.ltrans4.ltrans.o
VectorDC                                          /tmp/ccOk0VTM.ltrans1.ltrans.o
                                                  /tmp/ccOk0VTM.ltrans4.ltrans.o
VectorE0                                          /tmp/ccOk0VTM.ltrans1.ltrans.o
                                                  /tmp/ccOk0VTM.ltrans4.ltrans.o
VectorE4                                          /tmp/ccOk0VTM.ltrans1.ltrans.o
                                                  /tmp/ccOk0VTM.ltrans4.ltrans.o
VectorE8                                          /tmp/ccOk0VTM.ltrans1.ltrans.o
                                                  /tmp/ccOk0VTM.ltrans4.ltrans.o
VectorEC                                          /tmp/ccOk0VTM.ltrans1.ltrans.o
                                                  /tmp/ccOk0VTM.ltrans4.ltrans.o
VectorF0                                          /tmp/ccOk0VTM.ltrans1.ltrans.o
                                                  /tmp/ccOk0VTM.ltrans4.ltrans.o
VectorF4                                          /tmp/ccOk0VTM.ltrans1.ltrans.o
                                                  /tmp/ccOk0VTM.ltrans4.ltrans.o
VectorF8                                          /tmp/ccOk0VTM.ltrans1.ltrans.o
                                                  /tmp/ccOk0VTM.ltrans4.ltrans.o
VectorFC                                          /tmp/ccOk0VTM.ltrans1.ltrans.o
                                                  /tmp/ccOk0VTM.ltrans4.ltrans.o
__heap_base__                                     /tmp/ccOk0VTM.ltrans0.ltrans.o
__heap_end__                                      /tmp/ccOk0VTM.ltrans0.ltrans.o
__init_array_end                                  /tmp/ccOk0VTM.ltrans4.ltrans.o
__init_array_start                                /tmp/ccOk0VTM.ltrans4.ltrans.o
__main_stack_base__                               /tmp/ccOk0VTM.ltrans4.ltrans.o
__main_stack_end__                                /tmp/ccOk0VTM.ltrans4.ltrans.o
__process_stack_base__                            /tmp/ccOk0VTM.ltrans4.ltrans.o
__process_stack_end__                             /tmp/ccOk0VTM.ltrans4.ltrans.o
_bss_end                                          /tmp/ccOk0VTM.ltrans4.ltrans.o
_bss_start                                        /tmp/ccOk0VTM.ltrans4.ltrans.o
_data                                             /tmp/ccOk0VTM.ltrans4.ltrans.o
_edata                                            /tmp/ccOk0VTM.ltrans4.ltrans.o
_idle_thread.4264                                 /tmp/ccOk0VTM.ltrans1.ltrans.o
                                                  /tmp/ccOk0VTM.ltrans0.ltrans.o
_pal_lld_setgroupmode                             /tmp/ccOk0VTM.ltrans1.ltrans.o
                                                  /tmp/ccOk0VTM.ltrans0.ltrans.o
_port_exit_from_isr                               build/obj/chcoreasm_v7m.o
                                                  /tmp/ccOk0VTM.ltrans1.ltrans.o
_port_irq_epilogue                                /tmp/ccOk0VTM.ltrans1.ltrans.o
                                                  /tmp/ccOk0VTM.ltrans2.ltrans.o
_port_switch                                      build/obj/chcoreasm_v7m.o
                                                  /tmp/ccOk0VTM.ltrans4.ltrans.o
                                                  /tmp/ccOk0VTM.ltrans1.ltrans.o
_port_switch_from_isr                             build/obj/chcoreasm_v7m.o
                                                  /tmp/ccOk0VTM.ltrans1.ltrans.o
_port_thread_start                                build/obj/chcoreasm_v7m.o
                                                  /tmp/ccOk0VTM.ltrans0.ltrans.o
_textdata                                         /tmp/ccOk0VTM.ltrans4.ltrans.o
_vectors                                          /tmp/ccOk0VTM.ltrans4.ltrans.o
accCallback.12625                                 /tmp/ccOk0VTM.ltrans1.ltrans.o
                                                  /tmp/ccOk0VTM.ltrans0.ltrans.o
adc_lld_serve_rx_interrupt.10185                  /tmp/ccOk0VTM.ltrans2.ltrans.o
                                                  /tmp/ccOk0VTM.ltrans0.ltrans.o
adc_lld_start_conversion.constprop.35             /tmp/ccOk0VTM.ltrans1.ltrans.o
                                                  /tmp/ccOk0VTM.ltrans0.ltrans.o
anaSensorCallback.12630                           /tmp/ccOk0VTM.ltrans1.ltrans.o
                                                  /tmp/ccOk0VTM.ltrans0.ltrans.o
ch                                                /tmp/ccOk0VTM.ltrans4.ltrans.o
                                                  /tmp/ccOk0VTM.ltrans2.ltrans.o
                                                  /tmp/ccOk0VTM.ltrans1.ltrans.o
                                                  /tmp/ccOk0VTM.ltrans0.ltrans.o
chCoreAlloc                                       /tmp/ccOk0VTM.ltrans1.ltrans.o
                                                  /tmp/ccOk0VTM.ltrans0.ltrans.o
chEvtBroadcastFlagsI                              /tmp/ccOk0VTM.ltrans1.ltrans.o
                                                  /tmp/ccOk0VTM.ltrans2.ltrans.o
chOQWriteTimeout                                  /tmp/ccOk0VTM.ltrans1.ltrans.o
                                                  /tmp/ccOk0VTM.ltrans3.ltrans.o
chSchDoReschedule                                 /tmp/ccOk0VTM.ltrans4.ltrans.o
                                                  build/obj/chcoreasm_v7m.o
chSchGoSleepS                                     /tmp/ccOk0VTM.ltrans1.ltrans.o
                                                  /tmp/ccOk0VTM.ltrans4.ltrans.o
chSchGoSleepTimeoutS                              /tmp/ccOk0VTM.ltrans1.ltrans.o
                                                  /tmp/ccOk0VTM.ltrans3.ltrans.o
chSchReadyI                                       /tmp/ccOk0VTM.ltrans1.ltrans.o
                                                  /tmp/ccOk0VTM.ltrans4.ltrans.o
                                                  /tmp/ccOk0VTM.ltrans2.ltrans.o
chTMStartMeasurementX.constprop.8                 /tmp/ccOk0VTM.ltrans1.ltrans.o
                                                  /tmp/ccOk0VTM.ltrans0.ltrans.o
chTMStopMeasurementX                              /tmp/ccOk0VTM.ltrans1.ltrans.o
                                                  /tmp/ccOk0VTM.ltrans0.ltrans.o
chThdEnqueueTimeoutS                              /tmp/ccOk0VTM.ltrans1.ltrans.o
                                                  /tmp/ccOk0VTM.ltrans3.ltrans.o
chThdExit                                         /tmp/ccOk0VTM.ltrans4.ltrans.o
                                                  build/obj/chcoreasm_v7m.o
chThdSleep                                        /tmp/ccOk0VTM.ltrans3.ltrans.o
                                                  /tmp/ccOk0VTM.ltrans2.ltrans.o
                                                  /tmp/ccOk0VTM.ltrans0.ltrans.o
chThdSuspendS                                     /tmp/ccOk0VTM.ltrans1.ltrans.o
                                                  /tmp/ccOk0VTM.ltrans0.ltrans.o
chprintf.11770                                    /tmp/ccOk0VTM.ltrans1.ltrans.o
                                                  /tmp/ccOk0VTM.ltrans0.ltrans.o
chprintf.12139                                    /tmp/ccOk0VTM.ltrans1.ltrans.o
                                                  /tmp/ccOk0VTM.ltrans0.ltrans.o
chprintf.12635.constprop.36                       /tmp/ccOk0VTM.ltrans1.ltrans.o
                                                  /tmp/ccOk0VTM.ltrans0.ltrans.o
dir_next.11119                                    /tmp/ccOk0VTM.ltrans2.ltrans.o
                                                  /tmp/ccOk0VTM.ltrans0.ltrans.o
dir_sdi.11100.constprop.22                        /tmp/ccOk0VTM.ltrans2.ltrans.o
                                                  /tmp/ccOk0VTM.ltrans0.ltrans.o
disk_status                                       /tmp/ccOk0VTM.ltrans1.ltrans.o
                                                  /tmp/ccOk0VTM.ltrans3.ltrans.o
disk_write.constprop.26                           /tmp/ccOk0VTM.ltrans3.ltrans.o
                                                  /tmp/ccOk0VTM.ltrans0.ltrans.o
dmaStreamAllocate                                 /tmp/ccOk0VTM.ltrans1.ltrans.o
                                                  /tmp/ccOk0VTM.ltrans0.ltrans.o
dma_isr_redir.9985                                /tmp/ccOk0VTM.ltrans0.ltrans.o
                                                  /tmp/ccOk0VTM.ltrans1.ltrans.o
dma_streams_mask.9990                             /tmp/ccOk0VTM.ltrans0.ltrans.o
                                                  /tmp/ccOk0VTM.ltrans1.ltrans.o
dummytx.10473                                     /tmp/ccOk0VTM.ltrans0.ltrans.o
                                                  /tmp/ccOk0VTM.ltrans1.ltrans.o
endmem.6562                                       /tmp/ccOk0VTM.ltrans0.ltrans.o
                                                  /tmp/ccOk0VTM.ltrans1.ltrans.o
f_mount.constprop.17                              /tmp/ccOk0VTM.ltrans3.ltrans.o
                                                  /tmp/ccOk0VTM.ltrans0.ltrans.o
find_volume.11091                                 /tmp/ccOk0VTM.ltrans3.ltrans.o
                                                  /tmp/ccOk0VTM.ltrans0.ltrans.o
get.9506                                          /tmp/ccOk0VTM.ltrans3.ltrans.o
get_fat.part.6.11096                              /tmp/ccOk0VTM.ltrans3.ltrans.o
                                                  /tmp/ccOk0VTM.ltrans2.ltrans.o
                                                  /tmp/ccOk0VTM.ltrans0.ltrans.o
get_ldnumber.11053                                /tmp/ccOk0VTM.ltrans1.ltrans.o
                                                  /tmp/ccOk0VTM.ltrans3.ltrans.o
gett.9502                                         /tmp/ccOk0VTM.ltrans3.ltrans.o
main                                              /tmp/ccOk0VTM.ltrans0.ltrans.o
                                                  /tmp/ccOk0VTM.ltrans4.ltrans.o
mmcConnect                                        /tmp/ccOk0VTM.ltrans2.ltrans.o
                                                  /tmp/ccOk0VTM.ltrans0.ltrans.o
mmcDisconnect                                     /tmp/ccOk0VTM.ltrans3.ltrans.o
                                                  /tmp/ccOk0VTM.ltrans0.ltrans.o
mmcGetInfo                                        /tmp/ccOk0VTM.ltrans1.ltrans.o
                                                  /tmp/ccOk0VTM.ltrans0.ltrans.o
mmcSequentialRead                                 /tmp/ccOk0VTM.ltrans1.ltrans.o
                                                  /tmp/ccOk0VTM.ltrans3.ltrans.o
mmcSequentialWrite                                /tmp/ccOk0VTM.ltrans3.ltrans.o
                                                  /tmp/ccOk0VTM.ltrans2.ltrans.o
mmcStartSequentialWrite                           /tmp/ccOk0VTM.ltrans3.ltrans.o
                                                  /tmp/ccOk0VTM.ltrans2.ltrans.o
mmcStopSequentialRead.part.7.9255                 /tmp/ccOk0VTM.ltrans1.ltrans.o
                                                  /tmp/ccOk0VTM.ltrans3.ltrans.o
mmcSync                                           /tmp/ccOk0VTM.ltrans3.ltrans.o
                                                  /tmp/ccOk0VTM.ltrans0.ltrans.o
mmc_lld_is_card_inserted                          /tmp/ccOk0VTM.ltrans1.ltrans.o
                                                  /tmp/ccOk0VTM.ltrans0.ltrans.o
mmc_lld_is_write_protected                        /tmp/ccOk0VTM.ltrans1.ltrans.o
                                                  /tmp/ccOk0VTM.ltrans3.ltrans.o
                                                  /tmp/ccOk0VTM.ltrans0.ltrans.o
mmc_read.9293                                     /tmp/ccOk0VTM.ltrans3.ltrans.o
                                                  /tmp/ccOk0VTM.ltrans0.ltrans.o
mmc_write.9310                                    /tmp/ccOk0VTM.ltrans2.ltrans.o
                                                  /tmp/ccOk0VTM.ltrans0.ltrans.o
move_window.11080                                 /tmp/ccOk0VTM.ltrans3.ltrans.o
                                                  /tmp/ccOk0VTM.ltrans2.ltrans.o
                                                  /tmp/ccOk0VTM.ltrans0.ltrans.o
nextmem.6560                                      /tmp/ccOk0VTM.ltrans0.ltrans.o
                                                  /tmp/ccOk0VTM.ltrans1.ltrans.o
notify1.10680                                     /tmp/ccOk0VTM.ltrans1.ltrans.o
                                                  /tmp/ccOk0VTM.ltrans0.ltrans.o
notify2.10677                                     /tmp/ccOk0VTM.ltrans1.ltrans.o
                                                  /tmp/ccOk0VTM.ltrans0.ltrans.o
put.9514                                          /tmp/ccOk0VTM.ltrans3.ltrans.o
put_fat.part.8.11110                              /tmp/ccOk0VTM.ltrans2.ltrans.o
                                                  /tmp/ccOk0VTM.ltrans0.ltrans.o
putt.9509                                         /tmp/ccOk0VTM.ltrans3.ltrans.o
read.9486                                         /tmp/ccOk0VTM.ltrans3.ltrans.o
read_CxD.9226                                     /tmp/ccOk0VTM.ltrans3.ltrans.o
                                                  /tmp/ccOk0VTM.ltrans2.ltrans.o
readt.9477                                        /tmp/ccOk0VTM.ltrans3.ltrans.o
recvr1.isra.0.9200                                /tmp/ccOk0VTM.ltrans1.ltrans.o
                                                  /tmp/ccOk0VTM.ltrans3.ltrans.o
sdObjectInit.constprop.4                          /tmp/ccOk0VTM.ltrans1.ltrans.o
                                                  /tmp/ccOk0VTM.ltrans0.ltrans.o
sd_lld_start                                      /tmp/ccOk0VTM.ltrans2.ltrans.o
                                                  /tmp/ccOk0VTM.ltrans0.ltrans.o
send_command_R1.9221                              /tmp/ccOk0VTM.ltrans3.ltrans.o
                                                  /tmp/ccOk0VTM.ltrans2.ltrans.o
send_command_R3.9215                              /tmp/ccOk0VTM.ltrans3.ltrans.o
                                                  /tmp/ccOk0VTM.ltrans2.ltrans.o
spiIgnore                                         /tmp/ccOk0VTM.ltrans1.ltrans.o
                                                  /tmp/ccOk0VTM.ltrans3.ltrans.o
                                                  /tmp/ccOk0VTM.ltrans2.ltrans.o
spiReceive                                        /tmp/ccOk0VTM.ltrans1.ltrans.o
                                                  /tmp/ccOk0VTM.ltrans3.ltrans.o
spiSelect                                         /tmp/ccOk0VTM.ltrans1.ltrans.o
                                                  /tmp/ccOk0VTM.ltrans3.ltrans.o
spiSend                                           /tmp/ccOk0VTM.ltrans1.ltrans.o
                                                  /tmp/ccOk0VTM.ltrans3.ltrans.o
                                                  /tmp/ccOk0VTM.ltrans2.ltrans.o
spiStart                                          /tmp/ccOk0VTM.ltrans1.ltrans.o
                                                  /tmp/ccOk0VTM.ltrans3.ltrans.o
                                                  /tmp/ccOk0VTM.ltrans2.ltrans.o
spiStop                                           /tmp/ccOk0VTM.ltrans1.ltrans.o
                                                  /tmp/ccOk0VTM.ltrans3.ltrans.o
                                                  /tmp/ccOk0VTM.ltrans2.ltrans.o
spiUnselect                                       /tmp/ccOk0VTM.ltrans1.ltrans.o
                                                  /tmp/ccOk0VTM.ltrans3.ltrans.o
                                                  /tmp/ccOk0VTM.ltrans2.ltrans.o
spi_lld_serve_rx_interrupt.10420                  /tmp/ccOk0VTM.ltrans2.ltrans.o
                                                  /tmp/ccOk0VTM.ltrans1.ltrans.o
spi_lld_serve_tx_interrupt.10416                  /tmp/ccOk0VTM.ltrans2.ltrans.o
                                                  /tmp/ccOk0VTM.ltrans1.ltrans.o
stop.7350.9336                                    /tmp/ccOk0VTM.ltrans2.ltrans.o
                                                  /tmp/ccOk0VTM.ltrans3.ltrans.o
sync_window.part.3.11070                          /tmp/ccOk0VTM.ltrans3.ltrans.o
                                                  /tmp/ccOk0VTM.ltrans2.ltrans.o
                                                  /tmp/ccOk0VTM.ltrans0.ltrans.o
validate.11056                                    /tmp/ccOk0VTM.ltrans1.ltrans.o
                                                  /tmp/ccOk0VTM.ltrans0.ltrans.o
vmt.9595                                          /tmp/ccOk0VTM.ltrans3.ltrans.o
                                                  /tmp/ccOk0VTM.ltrans1.ltrans.o
write.9497                                        /tmp/ccOk0VTM.ltrans3.ltrans.o
writet.9491                                       /tmp/ccOk0VTM.ltrans3.ltrans.o
