Archive member included because of file (symbol)

/usr/bin/../lib/gcc/arm-none-eabi/4.8.4/armv7e-m/fpu/libgcc.a(_arm_addsubdf3.o)
                              /tmp/cch0qK0Z.ltrans0.ltrans.o (__aeabi_dsub)
/usr/bin/../lib/gcc/arm-none-eabi/4.8.4/armv7e-m/fpu/libgcc.a(_arm_muldivdf3.o)
                              /tmp/cch0qK0Z.ltrans0.ltrans.o (__aeabi_dmul)
/usr/bin/../lib/gcc/arm-none-eabi/4.8.4/armv7e-m/fpu/libgcc.a(_arm_fixdfsi.o)
                              /tmp/cch0qK0Z.ltrans0.ltrans.o (__aeabi_d2iz)
/usr/bin/../lib/gcc/arm-none-eabi/4.8.4/armv7e-m/fpu/libgcc.a(_arm_truncdfsf2.o)
                              /tmp/cch0qK0Z.ltrans0.ltrans.o (__aeabi_d2f)
/usr/bin/../lib/gcc/arm-none-eabi/4.8.4/../../../../arm-none-eabi/lib/armv7e-m/fpu/libc.a(lib_a-memcpy.o)
                              /tmp/cch0qK0Z.ltrans0.ltrans.o (memcpy)
/usr/bin/../lib/gcc/arm-none-eabi/4.8.4/../../../../arm-none-eabi/lib/armv7e-m/fpu/libc.a(lib_a-strcpy.o)
                              /tmp/cch0qK0Z.ltrans1.ltrans.o (strcpy)
/usr/bin/../lib/gcc/arm-none-eabi/4.8.4/../../../../arm-none-eabi/lib/armv7e-m/fpu/libc.a(lib_a-strncmp.o)
                              /tmp/cch0qK0Z.ltrans4.ltrans.o (strncmp)

Discarded input sections

 .data          0x0000000000000000        0x0 build/obj/chcoreasm_v7m.o
 .bss           0x0000000000000000        0x0 build/obj/chcoreasm_v7m.o
 .text          0x0000000000000000        0x0 build/obj/crt0.o (symbol from plugin)
 .text          0x0000000000000000        0x0 /tmp/cch0qK0Z.ltrans0.ltrans.o
 .data          0x0000000000000000        0x0 /tmp/cch0qK0Z.ltrans0.ltrans.o
 .bss           0x0000000000000000        0x0 /tmp/cch0qK0Z.ltrans0.ltrans.o
 .text          0x0000000000000000        0x0 /tmp/cch0qK0Z.ltrans1.ltrans.o
 .data          0x0000000000000000        0x0 /tmp/cch0qK0Z.ltrans1.ltrans.o
 .bss           0x0000000000000000        0x0 /tmp/cch0qK0Z.ltrans1.ltrans.o
 .text          0x0000000000000000        0x0 /tmp/cch0qK0Z.ltrans2.ltrans.o
 .data          0x0000000000000000        0x0 /tmp/cch0qK0Z.ltrans2.ltrans.o
 .bss           0x0000000000000000        0x0 /tmp/cch0qK0Z.ltrans2.ltrans.o
 .text.unlikely.logfileOpenAppend
                0x0000000000000000      0x15c /tmp/cch0qK0Z.ltrans2.ltrans.o
 .text          0x0000000000000000        0x0 /tmp/cch0qK0Z.ltrans3.ltrans.o
 .data          0x0000000000000000        0x0 /tmp/cch0qK0Z.ltrans3.ltrans.o
 .bss           0x0000000000000000        0x0 /tmp/cch0qK0Z.ltrans3.ltrans.o
 .text          0x0000000000000000        0x0 /tmp/cch0qK0Z.ltrans4.ltrans.o
 .data          0x0000000000000000        0x0 /tmp/cch0qK0Z.ltrans4.ltrans.o
 .bss           0x0000000000000000        0x0 /tmp/cch0qK0Z.ltrans4.ltrans.o
 .text          0x0000000000000000        0x0 /tmp/cch0qK0Z.ltrans5.ltrans.o
 .data          0x0000000000000000        0x0 /tmp/cch0qK0Z.ltrans5.ltrans.o
 .bss           0x0000000000000000        0x0 /tmp/cch0qK0Z.ltrans5.ltrans.o
 .text          0x0000000000000000        0x0 /tmp/cch0qK0Z.ltrans6.ltrans.o
 .data          0x0000000000000000        0x0 /tmp/cch0qK0Z.ltrans6.ltrans.o
 .bss           0x0000000000000000        0x0 /tmp/cch0qK0Z.ltrans6.ltrans.o
 .data          0x0000000000000000        0x0 /usr/bin/../lib/gcc/arm-none-eabi/4.8.4/armv7e-m/fpu/libgcc.a(_arm_addsubdf3.o)
 .bss           0x0000000000000000        0x0 /usr/bin/../lib/gcc/arm-none-eabi/4.8.4/armv7e-m/fpu/libgcc.a(_arm_addsubdf3.o)
 .data          0x0000000000000000        0x0 /usr/bin/../lib/gcc/arm-none-eabi/4.8.4/armv7e-m/fpu/libgcc.a(_arm_muldivdf3.o)
 .bss           0x0000000000000000        0x0 /usr/bin/../lib/gcc/arm-none-eabi/4.8.4/armv7e-m/fpu/libgcc.a(_arm_muldivdf3.o)
 .data          0x0000000000000000        0x0 /usr/bin/../lib/gcc/arm-none-eabi/4.8.4/armv7e-m/fpu/libgcc.a(_arm_fixdfsi.o)
 .bss           0x0000000000000000        0x0 /usr/bin/../lib/gcc/arm-none-eabi/4.8.4/armv7e-m/fpu/libgcc.a(_arm_fixdfsi.o)
 .data          0x0000000000000000        0x0 /usr/bin/../lib/gcc/arm-none-eabi/4.8.4/armv7e-m/fpu/libgcc.a(_arm_truncdfsf2.o)
 .bss           0x0000000000000000        0x0 /usr/bin/../lib/gcc/arm-none-eabi/4.8.4/armv7e-m/fpu/libgcc.a(_arm_truncdfsf2.o)
 .data          0x0000000000000000        0x0 /usr/bin/../lib/gcc/arm-none-eabi/4.8.4/../../../../arm-none-eabi/lib/armv7e-m/fpu/libc.a(lib_a-memcpy.o)
 .bss           0x0000000000000000        0x0 /usr/bin/../lib/gcc/arm-none-eabi/4.8.4/../../../../arm-none-eabi/lib/armv7e-m/fpu/libc.a(lib_a-memcpy.o)
 .text          0x0000000000000000        0x0 /usr/bin/../lib/gcc/arm-none-eabi/4.8.4/../../../../arm-none-eabi/lib/armv7e-m/fpu/libc.a(lib_a-strcpy.o)
 .data          0x0000000000000000        0x0 /usr/bin/../lib/gcc/arm-none-eabi/4.8.4/../../../../arm-none-eabi/lib/armv7e-m/fpu/libc.a(lib_a-strcpy.o)
 .bss           0x0000000000000000        0x0 /usr/bin/../lib/gcc/arm-none-eabi/4.8.4/../../../../arm-none-eabi/lib/armv7e-m/fpu/libc.a(lib_a-strcpy.o)
[...]
Memory Configuration

Name             Origin             Length             Attributes
flash            0x0000000008000000 0x0000000000080000
ram              0x0000000020000000 0x0000000000018000
*default*        0x0000000000000000 0xffffffffffffffff

Linker script and memory map

LOAD build/obj/chcoreasm_v7m.o
LOAD build/obj/crt0.o
LOAD /tmp/cch0qK0Z.ltrans0.ltrans.o
LOAD /tmp/cch0qK0Z.ltrans1.ltrans.o
LOAD /tmp/cch0qK0Z.ltrans2.ltrans.o
LOAD /tmp/cch0qK0Z.ltrans3.ltrans.o
LOAD /tmp/cch0qK0Z.ltrans4.ltrans.o
LOAD /tmp/cch0qK0Z.ltrans5.ltrans.o
LOAD /tmp/cch0qK0Z.ltrans6.ltrans.o
LOAD /usr/bin/../lib/gcc/arm-none-eabi/4.8.4/armv7e-m/fpu/libgcc.a
LOAD /usr/bin/../lib/gcc/arm-none-eabi/4.8.4/../../../../arm-none-eabi/lib/armv7e-m/fpu/libc.a
LOAD build/obj/vectors.o
LOAD build/obj/chcore.o
LOAD build/obj/chcore_v7m.o
LOAD build/obj/chsys.o
LOAD build/obj/chdebug.o
LOAD build/obj/chtm.o
LOAD build/obj/chstats.o
LOAD build/obj/chschd.o
LOAD build/obj/chvt.o
LOAD build/obj/chthreads.o
LOAD build/obj/chdynamic.o
LOAD build/obj/chregistry.o
LOAD build/obj/chsem.o
LOAD build/obj/chmtx.o
LOAD build/obj/chcond.o
LOAD build/obj/chevents.o
LOAD build/obj/chmsg.o
LOAD build/obj/chmboxes.o
LOAD build/obj/chqueues.o
LOAD build/obj/chmemcore.o
LOAD build/obj/chheap.o
LOAD build/obj/chmempools.o
LOAD build/obj/test.o
LOAD build/obj/testthd.o
LOAD build/obj/testsem.o
LOAD build/obj/testmtx.o
LOAD build/obj/testmsg.o
LOAD build/obj/testmbox.o
LOAD build/obj/testevt.o
LOAD build/obj/testheap.o
LOAD build/obj/testpools.o
LOAD build/obj/testdyn.o
LOAD build/obj/testqueues.o
LOAD build/obj/testbmk.o
LOAD build/obj/hal.o
LOAD build/obj/hal_queues.o
LOAD build/obj/hal_mmcsd.o
LOAD build/obj/adc.o
LOAD build/obj/can.o
LOAD build/obj/dac.o
LOAD build/obj/ext.o
LOAD build/obj/gpt.o
LOAD build/obj/i2c.o
LOAD build/obj/i2s.o
LOAD build/obj/icu.o
LOAD build/obj/mac.o
LOAD build/obj/mmc_spi.o
LOAD build/obj/pal.o
LOAD build/obj/pwm.o
LOAD build/obj/rtc.o
LOAD build/obj/sdc.o
LOAD build/obj/serial.o
LOAD build/obj/serial_usb.o
LOAD build/obj/spi.o
LOAD build/obj/st.o
LOAD build/obj/uart.o
LOAD build/obj/usb.o
LOAD build/obj/osal.o
LOAD build/obj/nvic.o
LOAD build/obj/stm32_dma.o
LOAD build/obj/hal_lld.o
LOAD build/obj/adc_lld.o
LOAD build/obj/ext_lld_isr.o
LOAD build/obj/can_lld.o
LOAD build/obj/ext_lld.o
LOAD build/obj/mac_lld.o
LOAD build/obj/sdc_lld.o
LOAD build/obj/dac_lld.o
LOAD build/obj/pal_lld.o
LOAD build/obj/i2c_lld.o
LOAD build/obj/usb_lld.o
LOAD build/obj/rtc_lld.o
LOAD build/obj/i2s_lld.o
LOAD build/obj/spi_lld.o
LOAD build/obj/gpt_lld.o
LOAD build/obj/icu_lld.o
LOAD build/obj/pwm_lld.o
LOAD build/obj/st_lld.o
LOAD build/obj/serial_lld.o
LOAD build/obj/uart_lld.o
LOAD build/obj/board.o
LOAD build/obj/fatfs_diskio.o
LOAD build/obj/fatfs_syscall.o
LOAD build/obj/ff.o
LOAD build/obj/unicode.o
LOAD build/obj/chprintf.o
LOAD build/obj/memstreams.o
LOAD build/obj/ustr.o
LOAD build/obj/gps.o
LOAD build/obj/sdmmcsimple.o
LOAD build/obj/datalogger.o
LOAD build/obj/main.o
                0x0000000020000000                __ram_start__ = ORIGIN (ram)
                0x0000000000018000                __ram_size__ = 0x18000
                0x0000000020018000                __ram_end__ = (__ram_start__ + __ram_size__)
                0x0000000000000000                . = 0x0
                0x0000000000000000                _text = .

startup         0x0000000008000000      0x1c0
 *(vectors)
 vectors        0x0000000008000000      0x1c0 /tmp/cch0qK0Z.ltrans6.ltrans.o
                0x0000000008000000                _vectors

constructors    0x00000000080001c0        0x0
                0x00000000080001c0                PROVIDE (__init_array_start, .)
 *(SORT(.init_array.*))
 *(.init_array)
                0x00000000080001c0                PROVIDE (__init_array_end, .)

destructors     0x00000000080001c0        0x0
                0x00000000080001c0                PROVIDE (__fini_array_start, .)
 *(.fini_array)
 *(SORT(.fini_array.*))
                0x00000000080001c0                PROVIDE (__fini_array_end, .)

.text           0x00000000080001c0     0x5cb0
 *(.text.startup.*)
 .text.startup.main
                0x00000000080001c0      0xee0 /tmp/cch0qK0Z.ltrans1.ltrans.o
                0x00000000080001c0                main
 *(.text)
 .text          0x00000000080010a0       0x2e build/obj/chcoreasm_v7m.o
                0x00000000080010a0                _port_switch
                0x00000000080010b8                _port_thread_start
                0x00000000080010c6                _port_switch_from_isr
                0x00000000080010ca                _port_exit_from_isr
 *fill*         0x00000000080010ce        0x2 
 .text          0x00000000080010d0      0x370 /usr/bin/../lib/gcc/arm-none-eabi/4.8.4/armv7e-m/fpu/libgcc.a(_arm_addsubdf3.o)
                0x00000000080010d0                __aeabi_drsub
                0x00000000080010d8                __aeabi_dsub
                0x00000000080010d8                __subdf3
                0x00000000080010dc                __adddf3
                0x00000000080010dc                __aeabi_dadd
                0x0000000008001354                __aeabi_ui2d
                0x0000000008001354                __floatunsidf
                0x0000000008001374                __floatsidf
                0x0000000008001374                __aeabi_i2d
                0x0000000008001398                __extendsfdf2
                0x0000000008001398                __aeabi_f2d
                0x00000000080013d4                __aeabi_ul2d
                0x00000000080013d4                __floatundidf
                0x00000000080013e4                __floatdidf
                0x00000000080013e4                __aeabi_l2d
 .text          0x0000000008001440      0x424 /usr/bin/../lib/gcc/arm-none-eabi/4.8.4/armv7e-m/fpu/libgcc.a(_arm_muldivdf3.o)
                0x0000000008001440                __aeabi_dmul
                0x0000000008001440                __muldf3
                0x0000000008001694                __aeabi_ddiv
                0x0000000008001694                __divdf3
 *fill*         0x0000000008001864        0xc 
 .text          0x0000000008001870       0x50 /usr/bin/../lib/gcc/arm-none-eabi/4.8.4/armv7e-m/fpu/libgcc.a(_arm_fixdfsi.o)
                0x0000000008001870                __fixdfsi
                0x0000000008001870                __aeabi_d2iz
 .text          0x00000000080018c0       0xa0 /usr/bin/../lib/gcc/arm-none-eabi/4.8.4/armv7e-m/fpu/libgcc.a(_arm_truncdfsf2.o)
                0x00000000080018c0                __aeabi_d2f
                0x00000000080018c0                __truncdfsf2
 .text          0x0000000008001960      0x134 /usr/bin/../lib/gcc/arm-none-eabi/4.8.4/../../../../arm-none-eabi/lib/armv7e-m/fpu/libc.a(lib_a-memcpy.o)
                0x0000000008001960                memcpy
 *(.text.*)
 *fill*         0x0000000008001a94        0xc 
 .text.get.12632
                0x0000000008001aa0       0x20 /tmp/cch0qK0Z.ltrans0.ltrans.o
                0x0000000008001aa0                get.12632
 .text.put.12622
                0x0000000008001ac0       0x20 /tmp/cch0qK0Z.ltrans0.ltrans.o
                0x0000000008001ac0                put.12622
 .text.long_to_string_with_divisor.12556.4066
                0x0000000008001ae0       0x50 /tmp/cch0qK0Z.ltrans0.ltrans.o
 .text.mmc_lld_is_write_protected
                0x0000000008001b30       0x10 /tmp/cch0qK0Z.ltrans0.ltrans.o
                0x0000000008001b30                mmc_lld_is_write_protected
 .text.mmc_lld_is_card_inserted
                0x0000000008001b40       0x10 /tmp/cch0qK0Z.ltrans0.ltrans.o
                0x0000000008001b40                mmc_lld_is_card_inserted
 .text.notify2.11528
                0x0000000008001b50       0x10 /tmp/cch0qK0Z.ltrans0.ltrans.o
                0x0000000008001b50                notify2.11528
 .text.adc_lld_stop_conversion.4435
                0x0000000008001b60       0x40 /tmp/cch0qK0Z.ltrans0.ltrans.o
 .text.mmcGetInfo
                0x0000000008001ba0       0x20 /tmp/cch0qK0Z.ltrans0.ltrans.o
                0x0000000008001ba0                mmcGetInfo
 .text.chCoreAlloc
                0x0000000008001bc0       0x40 /tmp/cch0qK0Z.ltrans0.ltrans.o
                0x0000000008001bc0                chCoreAlloc
 .text.wakeup.4718
                0x0000000008001c00       0x70 /tmp/cch0qK0Z.ltrans0.ltrans.o
                0x0000000008001c00                wakeup.4718
 .text._idle_thread.4338
                0x0000000008001c70       0x20 /tmp/cch0qK0Z.ltrans0.ltrans.o
                0x0000000008001c70                _idle_thread.4338
 .text.SVC_Handler
                0x0000000008001c90       0x20 /tmp/cch0qK0Z.ltrans0.ltrans.o
                0x0000000008001c90                SVC_Handler
 .text.writes.12641
                0x0000000008001cb0       0x30 /tmp/cch0qK0Z.ltrans0.ltrans.o
                0x0000000008001cb0                writes.12641
 .text.reads.12635
                0x0000000008001ce0       0x30 /tmp/cch0qK0Z.ltrans0.ltrans.o
                0x0000000008001ce0                reads.12635
 .text.chvprintf
                0x0000000008001d10      0x3a0 /tmp/cch0qK0Z.ltrans0.ltrans.o
                0x0000000008001d10                chvprintf
 .text.get_ldnumber.12295
                0x00000000080020b0       0x50 /tmp/cch0qK0Z.ltrans0.ltrans.o
                0x00000000080020b0                get_ldnumber.12295
 .text.usart_stop.11683
                0x0000000008002100       0x50 /tmp/cch0qK0Z.ltrans0.ltrans.o
                0x0000000008002100                usart_stop.11683
 .text.spiUnselect
                0x0000000008002150       0x20 /tmp/cch0qK0Z.ltrans0.ltrans.o
                0x0000000008002150                spiUnselect
 .text.spiSelect
                0x0000000008002170       0x20 /tmp/cch0qK0Z.ltrans0.ltrans.o
                0x0000000008002170                spiSelect
 .text._pal_lld_setgroupmode
                0x0000000008002190       0xd0 /tmp/cch0qK0Z.ltrans0.ltrans.o
                0x0000000008002190                _pal_lld_setgroupmode
 .text.dmaStreamRelease
                0x0000000008002260       0x70 /tmp/cch0qK0Z.ltrans0.ltrans.o
                0x0000000008002260                dmaStreamRelease
 .text.spiStop  0x00000000080022d0       0x50 /tmp/cch0qK0Z.ltrans0.ltrans.o
                0x00000000080022d0                spiStop
 .text.dmaStreamAllocate
                0x0000000008002320       0xc0 /tmp/cch0qK0Z.ltrans0.ltrans.o
                0x0000000008002320                dmaStreamAllocate
 .text.spiStart
                0x00000000080023e0       0xb0 /tmp/cch0qK0Z.ltrans0.ltrans.o
                0x00000000080023e0                spiStart
 .text.chSchDoRescheduleAhead
                0x0000000008002490       0x40 /tmp/cch0qK0Z.ltrans0.ltrans.o
                0x0000000008002490                chSchDoRescheduleAhead
 .text.chSchRescheduleS
                0x00000000080024d0       0x20 /tmp/cch0qK0Z.ltrans0.ltrans.o
                0x00000000080024d0                chSchRescheduleS
 .text.chSchGoSleepS
                0x00000000080024f0       0x30 /tmp/cch0qK0Z.ltrans0.ltrans.o
                0x00000000080024f0                chSchGoSleepS
 .text.chThdSuspendS
                0x0000000008002520       0x30 /tmp/cch0qK0Z.ltrans0.ltrans.o
                0x0000000008002520                chThdSuspendS
 .text._port_irq_epilogue
                0x0000000008002550       0x70 /tmp/cch0qK0Z.ltrans0.ltrans.o
                0x0000000008002550                _port_irq_epilogue
 .text.Vector158
                0x00000000080025c0       0x30 /tmp/cch0qK0Z.ltrans0.ltrans.o
                0x00000000080025c0                Vector158
 .text.Vector154
                0x00000000080025f0       0x30 /tmp/cch0qK0Z.ltrans0.ltrans.o
                0x00000000080025f0                Vector154
 .text.Vector150
                0x0000000008002620       0x30 /tmp/cch0qK0Z.ltrans0.ltrans.o
                0x0000000008002620                Vector150
 .text.Vector130
                0x0000000008002650       0x30 /tmp/cch0qK0Z.ltrans0.ltrans.o
                0x0000000008002650                Vector130
 .text.Vector12C
                0x0000000008002680       0x30 /tmp/cch0qK0Z.ltrans0.ltrans.o
                0x0000000008002680                Vector12C
 .text.Vector128
                0x00000000080026b0       0x30 /tmp/cch0qK0Z.ltrans0.ltrans.o
                0x00000000080026b0                Vector128
 .text.Vector124
                0x00000000080026e0       0x30 /tmp/cch0qK0Z.ltrans0.ltrans.o
                0x00000000080026e0                Vector124
 .text.Vector120
                0x0000000008002710       0x30 /tmp/cch0qK0Z.ltrans0.ltrans.o
                0x0000000008002710                Vector120
 .text.VectorFC
                0x0000000008002740       0x30 /tmp/cch0qK0Z.ltrans0.ltrans.o
                0x0000000008002740                VectorFC
 .text.Vector84
                0x0000000008002770       0x30 /tmp/cch0qK0Z.ltrans0.ltrans.o
                0x0000000008002770                Vector84
 .text.Vector80
                0x00000000080027a0       0x30 /tmp/cch0qK0Z.ltrans0.ltrans.o
                0x00000000080027a0                Vector80
 .text.Vector7C
                0x00000000080027d0       0x30 /tmp/cch0qK0Z.ltrans0.ltrans.o
                0x00000000080027d0                Vector7C
 .text.Vector78
                0x0000000008002800       0x30 /tmp/cch0qK0Z.ltrans0.ltrans.o
                0x0000000008002800                Vector78
 .text.Vector74
                0x0000000008002830       0x30 /tmp/cch0qK0Z.ltrans0.ltrans.o
                0x0000000008002830                Vector74
 .text.Vector70
                0x0000000008002860       0x30 /tmp/cch0qK0Z.ltrans0.ltrans.o
                0x0000000008002860                Vector70
 .text.Vector6C
                0x0000000008002890       0x30 /tmp/cch0qK0Z.ltrans0.ltrans.o
                0x0000000008002890                Vector6C
 .text.chSchReadyI
                0x00000000080028c0       0x30 /tmp/cch0qK0Z.ltrans0.ltrans.o
                0x00000000080028c0                chSchReadyI
 .text.chEvtBroadcastFlagsI
                0x00000000080028f0       0x60 /tmp/cch0qK0Z.ltrans0.ltrans.o
                0x00000000080028f0                chEvtBroadcastFlagsI
 .text.chMtxLockS
                0x0000000008002950       0xd0 /tmp/cch0qK0Z.ltrans0.ltrans.o
                0x0000000008002950                chMtxLockS
 .text.chThdResumeI
                0x0000000008002a20       0x20 /tmp/cch0qK0Z.ltrans0.ltrans.o
                0x0000000008002a20                chThdResumeI
 .text.Vector88
                0x0000000008002a40       0x70 /tmp/cch0qK0Z.ltrans0.ltrans.o
                0x0000000008002a40                Vector88
 .text.adc_lld_serve_rx_interrupt.10898
                0x0000000008002ab0       0xd0 /tmp/cch0qK0Z.ltrans0.ltrans.o
                0x0000000008002ab0                adc_lld_serve_rx_interrupt.10898
 .text.chTMStopMeasurementX
                0x0000000008002b80       0x50 /tmp/cch0qK0Z.ltrans0.ltrans.o
                0x0000000008002b80                chTMStopMeasurementX
 .text._unhandled_exception.4578
                0x0000000008002bd0       0x10 /tmp/cch0qK0Z.ltrans0.ltrans.o
                0x0000000008002bd0                Vector58
                0x0000000008002bd0                VectorE8
                0x0000000008002bd0                Vector9C
                0x0000000008002bd0                VectorAC
                0x0000000008002bd0                DebugMon_Handler
                0x0000000008002bd0                Vector1A0
                0x0000000008002bd0                Vector5C
                0x0000000008002bd0                Vector11C
                0x0000000008002bd0                HardFault_Handler
                0x0000000008002bd0                Vector1B8
                0x0000000008002bd0                Vector19C
                0x0000000008002bd0                Vector8C
                0x0000000008002bd0                SysTick_Handler
                0x0000000008002bd0                VectorDC
                0x0000000008002bd0                PendSV_Handler
                0x0000000008002bd0                Vector168
                0x0000000008002bd0                NMI_Handler
                0x0000000008002bd0                Vector110
                0x0000000008002bd0                VectorC8
                0x0000000008002bd0                Vector94
                0x0000000008002bd0                VectorA8
                0x0000000008002bd0                VectorB4
                0x0000000008002bd0                Vector160
                0x0000000008002bd0                Vector1B0
                0x0000000008002bd0                UsageFault_Handler
                0x0000000008002bd0                VectorEC
                0x0000000008002bd0                Vector40
                0x0000000008002bd0                VectorF8
                0x0000000008002bd0                Vector108
                0x0000000008002bd0                VectorBC
                0x0000000008002bd0                Vector190
                0x0000000008002bd0                Vector148
                0x0000000008002bd0                Vector188
                0x0000000008002bd0                Vector198
                0x0000000008002bd0                Vector118
                0x0000000008002bd0                Vector64
                0x0000000008002bd0                VectorCC
                0x0000000008002bd0                Vector54
                0x0000000008002bd0                Vector98
                0x0000000008002bd0                Vector138
                0x0000000008002bd0                Vector24
                0x0000000008002bd0                Vector1AC
                0x0000000008002bd0                Vector178
                0x0000000008002bd0                Vector1A4
                0x0000000008002bd0                VectorD0
                0x0000000008002bd0                Vector1B4
                0x0000000008002bd0                Vector140
                0x0000000008002bd0                VectorE4
                0x0000000008002bd0                VectorC0
                0x0000000008002bd0                Vector134
                0x0000000008002bd0                VectorF0
                0x0000000008002bd0                Vector13C
                0x0000000008002bd0                Vector100
                0x0000000008002bd0                VectorE0
                0x0000000008002bd0                VectorF4
                0x0000000008002bd0                MemManage_Handler
                0x0000000008002bd0                VectorA0
                0x0000000008002bd0                VectorC4
                0x0000000008002bd0                Vector180
                0x0000000008002bd0                Vector90
                0x0000000008002bd0                Vector114
                0x0000000008002bd0                Vector164
                0x0000000008002bd0                Vector60
                0x0000000008002bd0                Vector1C
                0x0000000008002bd0                Vector1BC
                0x0000000008002bd0                Vector17C
                0x0000000008002bd0                Vector48
                0x0000000008002bd0                Vector1A8
                0x0000000008002bd0                Vector16C
                0x0000000008002bd0                Vector4C
                0x0000000008002bd0                Vector144
                0x0000000008002bd0                Vector15C
                0x0000000008002bd0                Vector68
                0x0000000008002bd0                Vector170
                0x0000000008002bd0                Vector104
                0x0000000008002bd0                Vector184
                0x0000000008002bd0                Vector10C
                0x0000000008002bd0                Vector14C
                0x0000000008002bd0                BusFault_Handler
                0x0000000008002bd0                Vector50
                0x0000000008002bd0                Vector194
                0x0000000008002bd0                Vector44
                0x0000000008002bd0                Vector28
                0x0000000008002bd0                VectorB8
                0x0000000008002bd0                Vector34
                0x0000000008002bd0                VectorA4
                0x0000000008002bd0                Vector20
                0x0000000008002bd0                Vector18C
                0x0000000008002bd0                Vector174
 .text.create_chain.12357.4362
                0x0000000008002be0       0xd0 /tmp/cch0qK0Z.ltrans2.ltrans.o
 .text.dir_next.12361.4321
                0x0000000008002cb0      0x140 /tmp/cch0qK0Z.ltrans2.ltrans.o
 .text.f_open   0x0000000008002df0      0x470 /tmp/cch0qK0Z.ltrans2.ltrans.o
                0x0000000008002df0                f_open
 .text.f_close  0x0000000008003260      0x170 /tmp/cch0qK0Z.ltrans2.ltrans.o
                0x0000000008003260                f_close
 .text.f_write  0x00000000080033d0      0x1d0 /tmp/cch0qK0Z.ltrans2.ltrans.o
                0x00000000080033d0                f_write
 .text.gett.10003
                0x00000000080035a0       0x10 /tmp/cch0qK0Z.ltrans3.ltrans.o
                0x00000000080035a0                gett.10003
 .text.get.10007
                0x00000000080035b0       0x10 /tmp/cch0qK0Z.ltrans3.ltrans.o
                0x00000000080035b0                get.10007
 .text.chThdSleep
                0x00000000080035c0       0x20 /tmp/cch0qK0Z.ltrans3.ltrans.o
                0x00000000080035c0                chThdSleep
 .text.wait.isra.1.9682.4377
                0x00000000080035e0       0x40 /tmp/cch0qK0Z.ltrans3.ltrans.o
 .text.mmcSequentialWrite
                0x0000000008003620       0x80 /tmp/cch0qK0Z.ltrans3.ltrans.o
                0x0000000008003620                mmcSequentialWrite
 .text.send_hdr.9685.4372
                0x00000000080036a0       0x70 /tmp/cch0qK0Z.ltrans3.ltrans.o
 .text.mmcStartSequentialWrite
                0x0000000008003710       0x60 /tmp/cch0qK0Z.ltrans3.ltrans.o
                0x0000000008003710                mmcStartSequentialWrite
 .text.disk_write
                0x0000000008003770       0x80 /tmp/cch0qK0Z.ltrans3.ltrans.o
                0x0000000008003770                disk_write
 .text.sync_window.part.3.12312
                0x00000000080037f0       0x60 /tmp/cch0qK0Z.ltrans3.ltrans.o
                0x00000000080037f0                sync_window.part.3.12312
 .text.mmcStartSequentialRead.4345
                0x0000000008003850       0x60 /tmp/cch0qK0Z.ltrans3.ltrans.o
 .text.disk_read.constprop.49
                0x00000000080038b0       0x50 /tmp/cch0qK0Z.ltrans3.ltrans.o
                0x00000000080038b0                disk_read.constprop.49
 .text.move_window.12322
                0x0000000008003900       0x40 /tmp/cch0qK0Z.ltrans3.ltrans.o
                0x0000000008003900                move_window.12322
 .text.put_fat.part.8.12352
                0x0000000008003940      0x100 /tmp/cch0qK0Z.ltrans3.ltrans.o
                0x0000000008003940                put_fat.part.8.12352
 .text.get_fat.part.6.12338
                0x0000000008003a40       0xd0 /tmp/cch0qK0Z.ltrans3.ltrans.o
                0x0000000008003a40                get_fat.part.6.12338
 .text.dir_sdi.12342.constprop.47
                0x0000000008003b10       0x80 /tmp/cch0qK0Z.ltrans3.ltrans.o
                0x0000000008003b10                dir_sdi.12342.constprop.47
 .text.check_fs.12329.4274
                0x0000000008003b90       0x90 /tmp/cch0qK0Z.ltrans3.ltrans.o
 .text.find_volume.12333
                0x0000000008003c20      0x320 /tmp/cch0qK0Z.ltrans3.ltrans.o
                0x0000000008003c20                find_volume.12333
 .text.f_mount  0x0000000008003f40       0x60 /tmp/cch0qK0Z.ltrans3.ltrans.o
                0x0000000008003f40                f_mount
 .text.mmc_read.9768
                0x0000000008003fa0       0x40 /tmp/cch0qK0Z.ltrans3.ltrans.o
                0x0000000008003fa0                mmc_read.9768
 .text.read_CxD.9701
                0x0000000008003fe0       0xb0 /tmp/cch0qK0Z.ltrans3.ltrans.o
                0x0000000008003fe0                read_CxD.9701
 .text.send_command_R1.9696
                0x0000000008004090       0x30 /tmp/cch0qK0Z.ltrans3.ltrans.o
                0x0000000008004090                send_command_R1.9696
 .text.send_command_R3.9690
                0x00000000080040c0       0x40 /tmp/cch0qK0Z.ltrans3.ltrans.o
                0x00000000080040c0                send_command_R3.9690
 .text.sync.isra.2.9709.4392
                0x0000000008004100       0x40 /tmp/cch0qK0Z.ltrans3.ltrans.o
 .text.mmcSync  0x0000000008004140       0x30 /tmp/cch0qK0Z.ltrans3.ltrans.o
                0x0000000008004140                mmcSync
 .text.mmcDisconnect
                0x0000000008004170       0x50 /tmp/cch0qK0Z.ltrans3.ltrans.o
                0x0000000008004170                mmcDisconnect
 .text.spi_lld_serve_tx_interrupt.11218
                0x00000000080041c0       0x20 /tmp/cch0qK0Z.ltrans4.ltrans.o
                0x00000000080041c0                spi_lld_serve_tx_interrupt.11218
 .text.uart_lld_serve_rx_end_irq.11676
                0x00000000080041e0       0x90 /tmp/cch0qK0Z.ltrans4.ltrans.o
                0x00000000080041e0                uart_lld_serve_rx_end_irq.11676
 .text.uart_lld_serve_tx_end_irq.11672
                0x0000000008004270       0x60 /tmp/cch0qK0Z.ltrans4.ltrans.o
                0x0000000008004270                uart_lld_serve_tx_end_irq.11672
 .text.gpsThread
                0x00000000080042d0      0x370 /tmp/cch0qK0Z.ltrans4.ltrans.o
                0x00000000080042d0                gpsThread
 .text.mmc_write.9785
                0x0000000008004640       0x60 /tmp/cch0qK0Z.ltrans4.ltrans.o
                0x0000000008004640                mmc_write.9785
 .text.VectorB0
                0x00000000080046a0       0x90 /tmp/cch0qK0Z.ltrans4.ltrans.o
                0x00000000080046a0                VectorB0
 .text.VectorD8
                0x0000000008004730      0x1a0 /tmp/cch0qK0Z.ltrans4.ltrans.o
                0x0000000008004730                VectorD8
 .text.mmcConnect
                0x00000000080048d0      0x160 /tmp/cch0qK0Z.ltrans4.ltrans.o
                0x00000000080048d0                mmcConnect
 .text.writeMSHeader
                0x0000000008004a30       0x40 /tmp/cch0qK0Z.ltrans4.ltrans.o
                0x0000000008004a30                writeMSHeader
 .text.openNewLogfile.part.0.14099
                0x0000000008004a70       0x80 /tmp/cch0qK0Z.ltrans4.ltrans.o
                0x0000000008004a70                openNewLogfile.part.0.14099
 .text.anaSensorCallback.14082
                0x0000000008004af0       0x20 /tmp/cch0qK0Z.ltrans5.ltrans.o
                0x0000000008004af0                anaSensorCallback.14082
 .text.accCallback.14077
                0x0000000008004b10       0x20 /tmp/cch0qK0Z.ltrans5.ltrans.o
                0x0000000008004b10                accCallback.14077
 .text.gpsRxErr.12851
                0x0000000008004b30       0x10 /tmp/cch0qK0Z.ltrans5.ltrans.o
                0x0000000008004b30                gpsRxErr.12851
 .text.gpsRxEnd.12848
                0x0000000008004b40       0x10 /tmp/cch0qK0Z.ltrans5.ltrans.o
                0x0000000008004b40                gpsRxEnd.12848
 .text.gpsTxC.12845
                0x0000000008004b50       0x10 /tmp/cch0qK0Z.ltrans5.ltrans.o
                0x0000000008004b50                gpsTxC.12845
 .text.gpsTxbufEnd.12842
                0x0000000008004b60       0x10 /tmp/cch0qK0Z.ltrans5.ltrans.o
                0x0000000008004b60                gpsTxbufEnd.12842
 .text.spi_lld_serve_rx_interrupt.11222
                0x0000000008004b70       0x90 /tmp/cch0qK0Z.ltrans5.ltrans.o
                0x0000000008004b70                spi_lld_serve_rx_interrupt.11222
 .text.VectorD4
                0x0000000008004c00       0x70 /tmp/cch0qK0Z.ltrans5.ltrans.o
                0x0000000008004c00                VectorD4
 .text.gpsRxChar.12860
                0x0000000008004c70       0x90 /tmp/cch0qK0Z.ltrans5.ltrans.o
                0x0000000008004c70                gpsRxChar.12860
 .text.chSchGoSleepTimeoutS
                0x0000000008004d00       0xe0 /tmp/cch0qK0Z.ltrans5.ltrans.o
                0x0000000008004d00                chSchGoSleepTimeoutS
 .text.chThdEnqueueTimeoutS.4298
                0x0000000008004de0       0x30 /tmp/cch0qK0Z.ltrans5.ltrans.o
 .text.chIQGetTimeout
                0x0000000008004e10       0x50 /tmp/cch0qK0Z.ltrans5.ltrans.o
                0x0000000008004e10                chIQGetTimeout
 .text.chIQReadTimeout.4258
                0x0000000008004e60       0x80 /tmp/cch0qK0Z.ltrans5.ltrans.o
 .text.readt.9980
                0x0000000008004ee0       0x10 /tmp/cch0qK0Z.ltrans5.ltrans.o
                0x0000000008004ee0                readt.9980
 .text.read.9987
                0x0000000008004ef0       0x10 /tmp/cch0qK0Z.ltrans5.ltrans.o
                0x0000000008004ef0                read.9987
 .text.chOQPutTimeout.4273
                0x0000000008004f00       0x50 /tmp/cch0qK0Z.ltrans5.ltrans.o
 .text.putt.10010
                0x0000000008004f50       0x10 /tmp/cch0qK0Z.ltrans5.ltrans.o
                0x0000000008004f50                putt.10010
 .text.put.10015
                0x0000000008004f60       0x10 /tmp/cch0qK0Z.ltrans5.ltrans.o
                0x0000000008004f60                put.10015
 .text.chOQWriteTimeout.4292
                0x0000000008004f70       0x80 /tmp/cch0qK0Z.ltrans5.ltrans.o
 .text.writet.9992
                0x0000000008004ff0       0x10 /tmp/cch0qK0Z.ltrans5.ltrans.o
                0x0000000008004ff0                writet.9992
 .text.write.9998
                0x0000000008005000       0x10 /tmp/cch0qK0Z.ltrans5.ltrans.o
                0x0000000008005000                write.9998
 .text.disk_status
                0x0000000008005010       0x20 /tmp/cch0qK0Z.ltrans5.ltrans.o
                0x0000000008005010                disk_status
 .text.validate.12298
                0x0000000008005030       0x30 /tmp/cch0qK0Z.ltrans5.ltrans.o
                0x0000000008005030                validate.12298
 .text.spiSend  0x0000000008005060       0x50 /tmp/cch0qK0Z.ltrans5.ltrans.o
                0x0000000008005060                spiSend
 .text.spiReceive
                0x00000000080050b0       0x50 /tmp/cch0qK0Z.ltrans5.ltrans.o
                0x00000000080050b0                spiReceive
 .text.recvr1.isra.0.9675
                0x0000000008005100       0x30 /tmp/cch0qK0Z.ltrans5.ltrans.o
                0x0000000008005100                recvr1.isra.0.9675
 .text.mmcStopSequentialRead.part.7.9730
                0x0000000008005130       0x30 /tmp/cch0qK0Z.ltrans5.ltrans.o
                0x0000000008005130                mmcStopSequentialRead.part.7.9730
 .text.spiIgnore
                0x0000000008005160       0x60 /tmp/cch0qK0Z.ltrans5.ltrans.o
                0x0000000008005160                spiIgnore
 .text.mmcSequentialRead
                0x00000000080051c0       0x60 /tmp/cch0qK0Z.ltrans5.ltrans.o
                0x00000000080051c0                mmcSequentialRead
 .text.chsnprintf
                0x0000000008005220       0x60 /tmp/cch0qK0Z.ltrans5.ltrans.o
                0x0000000008005220                chsnprintf
 .text.chprintf.14087.constprop.39
                0x0000000008005280       0x30 /tmp/cch0qK0Z.ltrans5.ltrans.o
                0x0000000008005280                chprintf.14087.constprop.39
 .text.adc_lld_start_conversion.constprop.33
                0x00000000080052b0       0x90 /tmp/cch0qK0Z.ltrans5.ltrans.o
                0x00000000080052b0                adc_lld_start_conversion.constprop.33
 .text.chSchWakeupS.constprop.30
                0x0000000008005340       0x60 /tmp/cch0qK0Z.ltrans5.ltrans.o
                0x0000000008005340                chSchWakeupS.constprop.30
 .text.chMtxUnlock.constprop.29
                0x00000000080053a0       0x80 /tmp/cch0qK0Z.ltrans5.ltrans.o
                0x00000000080053a0                chMtxUnlock.constprop.29
 .text.chTMStartMeasurementX.constprop.17
                0x0000000008005420       0x10 /tmp/cch0qK0Z.ltrans5.ltrans.o
                0x0000000008005420                chTMStartMeasurementX.constprop.17
 .text.chprintf.13502
                0x0000000008005430       0x20 /tmp/cch0qK0Z.ltrans5.ltrans.o
                0x0000000008005430                chprintf.13502
 .text.chprintf.13142
                0x0000000008005450       0x20 /tmp/cch0qK0Z.ltrans5.ltrans.o
                0x0000000008005450                chprintf.13142
 .text.uStrCpy  0x0000000008005470       0x30 /tmp/cch0qK0Z.ltrans5.ltrans.o
                0x0000000008005470                uStrCpy
 .text.Reset_Handler
                0x00000000080054a0      0x1b0 /tmp/cch0qK0Z.ltrans6.ltrans.o
                0x00000000080054a0                Reset_Handler
 .text.chThdExit
                0x0000000008005650       0x50 /tmp/cch0qK0Z.ltrans6.ltrans.o
                0x0000000008005650                chThdExit
 .text.chSchDoReschedule
                0x00000000080056a0       0x10 /tmp/cch0qK0Z.ltrans6.ltrans.o
                0x00000000080056a0                chSchDoReschedule
 .text.strcpy   0x00000000080056b0       0xbc /usr/bin/../lib/gcc/arm-none-eabi/4.8.4/../../../../arm-none-eabi/lib/armv7e-m/fpu/libc.a(lib_a-strcpy.o)
                0x00000000080056b0                strcpy
 *fill*         0x000000000800576c        0x4 
 .text.strncmp  0x0000000008005770       0xb4 /usr/bin/../lib/gcc/arm-none-eabi/4.8.4/../../../../arm-none-eabi/lib/armv7e-m/fpu/libc.a(lib_a-strncmp.o)
                0x0000000008005770                strncmp
 *(.rodata)
 *(.rodata.*)
 *fill*         0x0000000008005824        0xc 
 .rodata.pow10.12607.4680
                0x0000000008005830       0x24 /tmp/cch0qK0Z.ltrans0.ltrans.o
 *fill*         0x0000000008005854        0xc 
 .rodata.str1.4
                0x0000000008005860        0xf /tmp/cch0qK0Z.ltrans0.ltrans.o
                                         0x10 (size before relaxing)
 *fill*         0x000000000800586f        0x1 
 .rodata.vmt.10091.5121
                0x0000000008005870       0x20 /tmp/cch0qK0Z.ltrans1.ltrans.o
 .rodata.accelConvGrp.14211.5016
                0x0000000008005890       0x28 /tmp/cch0qK0Z.ltrans1.ltrans.o
 *fill*         0x00000000080058b8        0x8 
 .rodata.mmc_vmt.9814.5057
                0x00000000080058c0       0x20 /tmp/cch0qK0Z.ltrans1.ltrans.o
 .rodata._stm32_dma_streams
                0x00000000080058e0       0xc0 /tmp/cch0qK0Z.ltrans1.ltrans.o
 .rodata.ch_debug
                0x00000000080059a0       0x18 /tmp/cch0qK0Z.ltrans1.ltrans.o
 *fill*         0x00000000080059b8        0x8 
 .rodata.str1.4
                0x00000000080059c0      0x1ef /tmp/cch0qK0Z.ltrans1.ltrans.o
                                        0x1f8 (size before relaxing)
 *fill*         0x0000000008005baf        0x1 
 .rodata.sensorConvGrp.14209.5018
                0x0000000008005bb0       0x28 /tmp/cch0qK0Z.ltrans1.ltrans.o
 *fill*         0x0000000008005bd8        0x8 
 .rodata.ExCvt.12508.4408
                0x0000000008005be0       0x80 /tmp/cch0qK0Z.ltrans2.ltrans.o
 .rodata.str1.4
                0x0000000008005c60        0xf /tmp/cch0qK0Z.ltrans2.ltrans.o
                                         0x10 (size before relaxing)
 *fill*         0x0000000008005c6f        0x1 
 .rodata.start.7634.9812.4478
                0x0000000008005c70        0x4 /tmp/cch0qK0Z.ltrans3.ltrans.o
 *fill*         0x0000000008005c74        0xc 
 .rodata.crc7_lookup_table.9813.4479
                0x0000000008005c80      0x100 /tmp/cch0qK0Z.ltrans3.ltrans.o
 .rodata.stop.7640.9811
                0x0000000008005d80        0x4 /tmp/cch0qK0Z.ltrans4.ltrans.o
                0x0000000008005d80                stop.7640.9811
 *fill*         0x0000000008005d84        0xc 
 .rodata.str1.4
                0x0000000008005d90       0xb8 /tmp/cch0qK0Z.ltrans4.ltrans.o
 *fill*         0x0000000008005e48        0x8 
 .rodata.stopcmd.7623.9810.4775
                0x0000000008005e50        0x8 /tmp/cch0qK0Z.ltrans5.ltrans.o
 .rodata.str1.4
                0x0000000000000000        0xc /tmp/cch0qK0Z.ltrans5.ltrans.o
 *fill*         0x0000000008005e58        0x8 
 .rodata.vmt.12665.4781
                0x0000000008005e60       0x10 /tmp/cch0qK0Z.ltrans5.ltrans.o
 *(.glue_7t)
 .glue_7t       0x0000000000000000        0x0 linker stubs
 *(.glue_7)
 .glue_7        0x0000000000000000        0x0 linker stubs
 *(.gcc*)

.vfp11_veneer   0x0000000008005e70        0x0
 .vfp11_veneer  0x0000000000000000        0x0 linker stubs

.v4_bx          0x0000000008005e70        0x0
 .v4_bx         0x0000000000000000        0x0 linker stubs

.iplt           0x0000000008005e70        0x0
 .iplt          0x0000000000000000        0x0 build/obj/chcoreasm_v7m.o

.rel.dyn        0x0000000008005e70        0x0
 .rel.iplt      0x0000000000000000        0x0 build/obj/chcoreasm_v7m.o

.ARM.extab
 *(.ARM.extab* .gnu.linkonce.armextab.*)

.ARM.exidx      0x0000000008005e70        0x0
                0x0000000008005e70                PROVIDE (__exidx_start, .)
 *(.ARM.exidx* .gnu.linkonce.armexidx.*)
                0x0000000008005e70                PROVIDE (__exidx_end, .)

.eh_frame_hdr
 *(.eh_frame_hdr)

.eh_frame
 *(.eh_frame)

.textalign      0x0000000008005e70        0x0
                0x0000000008005e70                . = ALIGN (0x8)
                0x0000000008005e70                . = ALIGN (0x4)
                0x0000000008005e70                _etext = .
                0x0000000008005e70                _textdata = _etext

.stacks         0x0000000020000000      0x800
                0x0000000020000000                . = ALIGN (0x8)
                0x0000000020000000                __main_stack_base__ = .
                0x0000000020000400                . = (. + __main_stack_size__)
 *fill*         0x0000000020000000      0x400 
                0x0000000020000400                . = ALIGN (0x8)
                0x0000000020000400                __main_stack_end__ = .
                0x0000000020000400                __process_stack_base__ = .
                0x0000000020000400                __main_thread_stack_base__ = .
                0x0000000020000800                . = (. + __process_stack_size__)
 *fill*         0x0000000020000400      0x400 
                0x0000000020000800                . = ALIGN (0x8)
                0x0000000020000800                __process_stack_end__ = .
                0x0000000020000800                __main_thread_stack_end__ = .

.data           0x0000000020000800       0x50 load address 0x0000000008005e70
                0x0000000020000800                . = ALIGN (0x4)
                0x0000000020000800                PROVIDE (_data, .)
 *(.data)
 *(.data.*)
 .data.lsCfg.13281.4994
                0x0000000020000800        0xc /tmp/cch0qK0Z.ltrans1.ltrans.o
 .data.serGpsCfg.12927.4998
                0x000000002000080c       0x20 /tmp/cch0qK0Z.ltrans1.ltrans.o
 .data.serCfg.14205.4996
                0x000000002000082c        0xc /tmp/cch0qK0Z.ltrans1.ltrans.o
 .data.mmcCfg.13279.4992
                0x0000000020000838        0xc /tmp/cch0qK0Z.ltrans1.ltrans.o
 .data.hsCfg.13282.4995
                0x0000000020000844        0xc /tmp/cch0qK0Z.ltrans1.ltrans.o
 *(.ramtext)
                0x0000000020000850                . = ALIGN (0x4)
                0x0000000020000850                PROVIDE (_edata, .)

.igot.plt       0x0000000020000850        0x0 load address 0x0000000008005ec0
 .igot.plt      0x0000000000000000        0x0 build/obj/chcoreasm_v7m.o

.bss            0x0000000020000850     0x15fc
                0x0000000020000850                . = ALIGN (0x4)
                0x0000000020000850                PROVIDE (_bss_start, .)
 *(.bss)
 *(.bss.*)
 .bss.sd.14203.4989
                0x0000000020000850       0x10 /tmp/cch0qK0Z.ltrans1.ltrans.o
 .bss.nextmem.6820
                0x0000000020000860        0x4 /tmp/cch0qK0Z.ltrans1.ltrans.o
                0x0000000020000860                nextmem.6820
 .bss.dataPrintBuf.14207.5020
                0x0000000020000864      0x180 /tmp/cch0qK0Z.ltrans1.ltrans.o
 .bss.sensorSamples.14210.5019
                0x00000000200009e4        0x8 /tmp/cch0qK0Z.ltrans1.ltrans.o
 .bss.SPID1     0x00000000200009ec       0x30 /tmp/cch0qK0Z.ltrans1.ltrans.o
                0x00000000200009ec                SPID1
 .bss.SD2       0x0000000020000a1c      0x458 /tmp/cch0qK0Z.ltrans1.ltrans.o
                0x0000000020000a1c                SD2
 .bss.FS.13278.5056
                0x0000000020000e74      0x230 /tmp/cch0qK0Z.ltrans1.ltrans.o
 .bss.serialPort.13283.4980
                0x00000000200010a4        0x4 /tmp/cch0qK0Z.ltrans1.ltrans.o
 .bss.endmem.6822
                0x00000000200010a8        0x4 /tmp/cch0qK0Z.ltrans1.ltrans.o
                0x00000000200010a8                endmem.6822
 .bss.accSamples.14212.5017
                0x00000000200010ac        0x8 /tmp/cch0qK0Z.ltrans1.ltrans.o
 .bss.sensorLog.14198
                0x00000000200010b4       0x18 /tmp/cch0qK0Z.ltrans1.ltrans.o
                0x00000000200010b4                sensorLog.14198
 .bss.dma_isr_redir.10640
                0x00000000200010cc       0x80 /tmp/cch0qK0Z.ltrans1.ltrans.o
                0x00000000200010cc                dma_isr_redir.10640
 .bss.dummytx.11275
                0x000000002000114c        0x2 /tmp/cch0qK0Z.ltrans1.ltrans.o
                0x000000002000114c                dummytx.11275
 *fill*         0x000000002000114e        0x2 
 .bss.dma_streams_mask.10645
                0x0000000020001150        0x4 /tmp/cch0qK0Z.ltrans1.ltrans.o
                0x0000000020001150                dma_streams_mask.10645
 .bss.mainthread.6318.4386.4999
                0x0000000020001154       0x44 /tmp/cch0qK0Z.ltrans1.ltrans.o
 .bss.waGps.14213.5014
                0x0000000020001198      0x658 /tmp/cch0qK0Z.ltrans1.ltrans.o
 .bss._idle_thread_wa.4385.5099
                0x00000000200017f0      0x160 /tmp/cch0qK0Z.ltrans1.ltrans.o
 .bss.GPS.12928
                0x0000000020001950      0x128 /tmp/cch0qK0Z.ltrans1.ltrans.o
                0x0000000020001950                GPS.12928
 .bss.ADCD1     0x0000000020001a78       0x34 /tmp/cch0qK0Z.ltrans1.ltrans.o
                0x0000000020001a78                ADCD1
 .bss.masterSample.14208.4983
                0x0000000020001aac       0x84 /tmp/cch0qK0Z.ltrans1.ltrans.o
 .bss.SD.13284.4981
                0x0000000020001b30        0x4 /tmp/cch0qK0Z.ltrans1.ltrans.o
 .bss.MMCD1     0x0000000020001b34       0x34 /tmp/cch0qK0Z.ltrans1.ltrans.o
                0x0000000020001b34                MMCD1
 .bss.default_heap.6947.5100
                0x0000000020001b68       0x20 /tmp/cch0qK0Z.ltrans1.ltrans.o
 .bss.DEBUG.13658
                0x0000000020001b88        0x4 /tmp/cch0qK0Z.ltrans1.ltrans.o
                0x0000000020001b88                DEBUG.13658
 .bss.logger.14199
                0x0000000020001b8c       0x10 /tmp/cch0qK0Z.ltrans1.ltrans.o
                0x0000000020001b8c                logger.14199
 .bss.UARTD1    0x0000000020001b9c       0x1c /tmp/cch0qK0Z.ltrans1.ltrans.o
                0x0000000020001b9c                UARTD1
 .bss.Fsid.12510.4474
                0x0000000020001bb8        0x2 /tmp/cch0qK0Z.ltrans3.ltrans.o
 *fill*         0x0000000020001bba        0x2 
 .bss.FatFs.12509.4473
                0x0000000020001bbc        0x4 /tmp/cch0qK0Z.ltrans3.ltrans.o
 .bss.tokBuf.12929.4697
                0x0000000020001bc0       0x14 /tmp/cch0qK0Z.ltrans4.ltrans.o
 .bss.gpsSem    0x0000000020001bd4        0xc /tmp/cch0qK0Z.ltrans4.ltrans.o
                0x0000000020001bd4                gpsSem
 .bss.lFile.4695
                0x0000000020001be0      0x224 /tmp/cch0qK0Z.ltrans4.ltrans.o
 .bss.dummyrx.11277.4779
                0x0000000020001e04        0x2 /tmp/cch0qK0Z.ltrans5.ltrans.o
 *fill*         0x0000000020001e06        0x2 
 .bss.SENSORS.14215.4735
                0x0000000020001e08        0x8 /tmp/cch0qK0Z.ltrans5.ltrans.o
 .bss.ACC.14214.4729
                0x0000000020001e10        0x8 /tmp/cch0qK0Z.ltrans5.ltrans.o
 .bss.ch        0x0000000020001e18       0x34 /tmp/cch0qK0Z.ltrans6.ltrans.o
                0x0000000020001e18                ch
 *(COMMON)
                0x0000000020001e4c                . = ALIGN (0x4)
                0x0000000020001e4c                PROVIDE (_bss_end, .)
                0x0000000020001e4c                PROVIDE (end, .)
                0x0000000020001e4c                _end = .
                0x0000000020001e4c                __heap_base__ = _end
                0x0000000020018000                __heap_end__ = __ram_end__
                0x0000000000000400                __process_stack_size__ = 0x400
                0x0000000000000400                __main_stack_size__ = 0x400
START GROUP
LOAD /usr/bin/../lib/gcc/arm-none-eabi/4.8.4/armv7e-m/fpu/libgcc.a
LOAD /usr/bin/../lib/gcc/arm-none-eabi/4.8.4/../../../../arm-none-eabi/lib/armv7e-m/fpu/libc.a
END GROUP
OUTPUT(build/aoss584Lab.elf elf32-littlearm)

.ARM.attributes
                0x0000000000000000       0x35
 .ARM.attributes
                0x0000000000000000       0x25 build/obj/chcoreasm_v7m.o
 .ARM.attributes
                0x0000000000000025       0x37 /tmp/cch0qK0Z.ltrans0.ltrans.o
 .ARM.attributes
                0x000000000000005c       0x37 /tmp/cch0qK0Z.ltrans1.ltrans.o
 .ARM.attributes
                0x0000000000000093       0x37 /tmp/cch0qK0Z.ltrans2.ltrans.o
 .ARM.attributes
                0x00000000000000ca       0x37 /tmp/cch0qK0Z.ltrans3.ltrans.o
 .ARM.attributes
                0x0000000000000101       0x37 /tmp/cch0qK0Z.ltrans4.ltrans.o
 .ARM.attributes
                0x0000000000000138       0x37 /tmp/cch0qK0Z.ltrans5.ltrans.o
 .ARM.attributes
                0x000000000000016f       0x37 /tmp/cch0qK0Z.ltrans6.ltrans.o
 .ARM.attributes
                0x00000000000001a6       0x22 /usr/bin/../lib/gcc/arm-none-eabi/4.8.4/armv7e-m/fpu/libgcc.a(_arm_addsubdf3.o)
 .ARM.attributes
                0x00000000000001c8       0x22 /usr/bin/../lib/gcc/arm-none-eabi/4.8.4/armv7e-m/fpu/libgcc.a(_arm_muldivdf3.o)
 .ARM.attributes
                0x00000000000001ea       0x22 /usr/bin/../lib/gcc/arm-none-eabi/4.8.4/armv7e-m/fpu/libgcc.a(_arm_fixdfsi.o)
 .ARM.attributes
                0x000000000000020c       0x22 /usr/bin/../lib/gcc/arm-none-eabi/4.8.4/armv7e-m/fpu/libgcc.a(_arm_truncdfsf2.o)
 .ARM.attributes
                0x000000000000022e       0x20 /usr/bin/../lib/gcc/arm-none-eabi/4.8.4/../../../../arm-none-eabi/lib/armv7e-m/fpu/libc.a(lib_a-memcpy.o)
 .ARM.attributes
                0x000000000000024e       0x34 /usr/bin/../lib/gcc/arm-none-eabi/4.8.4/../../../../arm-none-eabi/lib/armv7e-m/fpu/libc.a(lib_a-strcpy.o)
 .ARM.attributes
                0x0000000000000282       0x34 /usr/bin/../lib/gcc/arm-none-eabi/4.8.4/../../../../arm-none-eabi/lib/armv7e-m/fpu/libc.a(lib_a-strncmp.o)

.comment        0x0000000000000000       0x70
 .comment       0x0000000000000000       0x70 /tmp/cch0qK0Z.ltrans0.ltrans.o
                                         0x71 (size before relaxing)
 .comment       0x0000000000000000       0x71 /tmp/cch0qK0Z.ltrans1.ltrans.o
 .comment       0x0000000000000000       0x71 /tmp/cch0qK0Z.ltrans2.ltrans.o
 .comment       0x0000000000000000       0x71 /tmp/cch0qK0Z.ltrans3.ltrans.o
 .comment       0x0000000000000000       0x71 /tmp/cch0qK0Z.ltrans4.ltrans.o
 .comment       0x0000000000000000       0x71 /tmp/cch0qK0Z.ltrans5.ltrans.o
 .comment       0x0000000000000000       0x71 /tmp/cch0qK0Z.ltrans6.ltrans.o

.debug_frame    0x0000000000000000       0x48
 .debug_frame   0x0000000000000000       0x20 /usr/bin/../lib/gcc/arm-none-eabi/4.8.4/../../../../arm-none-eabi/lib/armv7e-m/fpu/libc.a(lib_a-strcpy.o)
 .debug_frame   0x0000000000000020       0x28 /usr/bin/../lib/gcc/arm-none-eabi/4.8.4/../../../../arm-none-eabi/lib/armv7e-m/fpu/libc.a(lib_a-strncmp.o)

Cross Reference Table

Symbol                                            File
ADCD1                                             /tmp/cch0qK0Z.ltrans1.ltrans.o
                                                  /tmp/cch0qK0Z.ltrans0.ltrans.o
BusFault_Handler                                  /tmp/cch0qK0Z.ltrans0.ltrans.o
                                                  /tmp/cch0qK0Z.ltrans6.ltrans.o
DEBUG.13658                                       /tmp/cch0qK0Z.ltrans1.ltrans.o
                                                  /tmp/cch0qK0Z.ltrans4.ltrans.o
DebugMon_Handler                                  /tmp/cch0qK0Z.ltrans0.ltrans.o
                                                  /tmp/cch0qK0Z.ltrans6.ltrans.o
GPS.12928                                         /tmp/cch0qK0Z.ltrans1.ltrans.o
                                                  /tmp/cch0qK0Z.ltrans5.ltrans.o
                                                  /tmp/cch0qK0Z.ltrans4.ltrans.o
HardFault_Handler                                 /tmp/cch0qK0Z.ltrans0.ltrans.o
                                                  /tmp/cch0qK0Z.ltrans6.ltrans.o
MMCD1                                             /tmp/cch0qK0Z.ltrans1.ltrans.o
                                                  /tmp/cch0qK0Z.ltrans5.ltrans.o
                                                  /tmp/cch0qK0Z.ltrans3.ltrans.o
MemManage_Handler                                 /tmp/cch0qK0Z.ltrans0.ltrans.o
                                                  /tmp/cch0qK0Z.ltrans6.ltrans.o
NMI_Handler                                       /tmp/cch0qK0Z.ltrans0.ltrans.o
                                                  /tmp/cch0qK0Z.ltrans6.ltrans.o
PendSV_Handler                                    /tmp/cch0qK0Z.ltrans0.ltrans.o
                                                  /tmp/cch0qK0Z.ltrans6.ltrans.o
Reset_Handler                                     /tmp/cch0qK0Z.ltrans6.ltrans.o
SD2                                               /tmp/cch0qK0Z.ltrans1.ltrans.o
                                                  /tmp/cch0qK0Z.ltrans5.ltrans.o
                                                  /tmp/cch0qK0Z.ltrans4.ltrans.o
SPID1                                             /tmp/cch0qK0Z.ltrans1.ltrans.o
                                                  /tmp/cch0qK0Z.ltrans0.ltrans.o
SVC_Handler                                       /tmp/cch0qK0Z.ltrans0.ltrans.o
                                                  /tmp/cch0qK0Z.ltrans6.ltrans.o
SysTick_Handler                                   /tmp/cch0qK0Z.ltrans0.ltrans.o
                                                  /tmp/cch0qK0Z.ltrans6.ltrans.o
UARTD1                                            /tmp/cch0qK0Z.ltrans1.ltrans.o
                                                  /tmp/cch0qK0Z.ltrans5.ltrans.o
                                                  /tmp/cch0qK0Z.ltrans4.ltrans.o
UsageFault_Handler                                /tmp/cch0qK0Z.ltrans0.ltrans.o
                                                  /tmp/cch0qK0Z.ltrans6.ltrans.o
Vector100                                         /tmp/cch0qK0Z.ltrans0.ltrans.o
                                                  /tmp/cch0qK0Z.ltrans6.ltrans.o
Vector104                                         /tmp/cch0qK0Z.ltrans0.ltrans.o
                                                  /tmp/cch0qK0Z.ltrans6.ltrans.o
Vector108                                         /tmp/cch0qK0Z.ltrans0.ltrans.o
                                                  /tmp/cch0qK0Z.ltrans6.ltrans.o
Vector10C                                         /tmp/cch0qK0Z.ltrans0.ltrans.o
                                                  /tmp/cch0qK0Z.ltrans6.ltrans.o
Vector110                                         /tmp/cch0qK0Z.ltrans0.ltrans.o
                                                  /tmp/cch0qK0Z.ltrans6.ltrans.o
Vector114                                         /tmp/cch0qK0Z.ltrans0.ltrans.o
                                                  /tmp/cch0qK0Z.ltrans6.ltrans.o
Vector118                                         /tmp/cch0qK0Z.ltrans0.ltrans.o
                                                  /tmp/cch0qK0Z.ltrans6.ltrans.o
Vector11C                                         /tmp/cch0qK0Z.ltrans0.ltrans.o
                                                  /tmp/cch0qK0Z.ltrans6.ltrans.o
Vector120                                         /tmp/cch0qK0Z.ltrans0.ltrans.o
                                                  /tmp/cch0qK0Z.ltrans6.ltrans.o
Vector124                                         /tmp/cch0qK0Z.ltrans0.ltrans.o
                                                  /tmp/cch0qK0Z.ltrans6.ltrans.o
Vector128                                         /tmp/cch0qK0Z.ltrans0.ltrans.o
                                                  /tmp/cch0qK0Z.ltrans6.ltrans.o
Vector12C                                         /tmp/cch0qK0Z.ltrans0.ltrans.o
                                                  /tmp/cch0qK0Z.ltrans6.ltrans.o
Vector130                                         /tmp/cch0qK0Z.ltrans0.ltrans.o
                                                  /tmp/cch0qK0Z.ltrans6.ltrans.o
Vector134                                         /tmp/cch0qK0Z.ltrans0.ltrans.o
                                                  /tmp/cch0qK0Z.ltrans6.ltrans.o
Vector138                                         /tmp/cch0qK0Z.ltrans0.ltrans.o
                                                  /tmp/cch0qK0Z.ltrans6.ltrans.o
Vector13C                                         /tmp/cch0qK0Z.ltrans0.ltrans.o
                                                  /tmp/cch0qK0Z.ltrans6.ltrans.o
Vector140                                         /tmp/cch0qK0Z.ltrans0.ltrans.o
                                                  /tmp/cch0qK0Z.ltrans6.ltrans.o
Vector144                                         /tmp/cch0qK0Z.ltrans0.ltrans.o
                                                  /tmp/cch0qK0Z.ltrans6.ltrans.o
Vector148                                         /tmp/cch0qK0Z.ltrans0.ltrans.o
                                                  /tmp/cch0qK0Z.ltrans6.ltrans.o
Vector14C                                         /tmp/cch0qK0Z.ltrans0.ltrans.o
                                                  /tmp/cch0qK0Z.ltrans6.ltrans.o
Vector150                                         /tmp/cch0qK0Z.ltrans0.ltrans.o
                                                  /tmp/cch0qK0Z.ltrans6.ltrans.o
Vector154                                         /tmp/cch0qK0Z.ltrans0.ltrans.o
                                                  /tmp/cch0qK0Z.ltrans6.ltrans.o
Vector158                                         /tmp/cch0qK0Z.ltrans0.ltrans.o
                                                  /tmp/cch0qK0Z.ltrans6.ltrans.o
Vector15C                                         /tmp/cch0qK0Z.ltrans0.ltrans.o
                                                  /tmp/cch0qK0Z.ltrans6.ltrans.o
Vector160                                         /tmp/cch0qK0Z.ltrans0.ltrans.o
                                                  /tmp/cch0qK0Z.ltrans6.ltrans.o
Vector164                                         /tmp/cch0qK0Z.ltrans0.ltrans.o
                                                  /tmp/cch0qK0Z.ltrans6.ltrans.o
Vector168                                         /tmp/cch0qK0Z.ltrans0.ltrans.o
                                                  /tmp/cch0qK0Z.ltrans6.ltrans.o
Vector16C                                         /tmp/cch0qK0Z.ltrans0.ltrans.o
                                                  /tmp/cch0qK0Z.ltrans6.ltrans.o
Vector170                                         /tmp/cch0qK0Z.ltrans0.ltrans.o
                                                  /tmp/cch0qK0Z.ltrans6.ltrans.o
Vector174                                         /tmp/cch0qK0Z.ltrans0.ltrans.o
                                                  /tmp/cch0qK0Z.ltrans6.ltrans.o
Vector178                                         /tmp/cch0qK0Z.ltrans0.ltrans.o
                                                  /tmp/cch0qK0Z.ltrans6.ltrans.o
Vector17C                                         /tmp/cch0qK0Z.ltrans0.ltrans.o
                                                  /tmp/cch0qK0Z.ltrans6.ltrans.o
Vector180                                         /tmp/cch0qK0Z.ltrans0.ltrans.o
                                                  /tmp/cch0qK0Z.ltrans6.ltrans.o
Vector184                                         /tmp/cch0qK0Z.ltrans0.ltrans.o
                                                  /tmp/cch0qK0Z.ltrans6.ltrans.o
Vector188                                         /tmp/cch0qK0Z.ltrans0.ltrans.o
                                                  /tmp/cch0qK0Z.ltrans6.ltrans.o
Vector18C                                         /tmp/cch0qK0Z.ltrans0.ltrans.o
                                                  /tmp/cch0qK0Z.ltrans6.ltrans.o
Vector190                                         /tmp/cch0qK0Z.ltrans0.ltrans.o
                                                  /tmp/cch0qK0Z.ltrans6.ltrans.o
Vector194                                         /tmp/cch0qK0Z.ltrans0.ltrans.o
                                                  /tmp/cch0qK0Z.ltrans6.ltrans.o
Vector198                                         /tmp/cch0qK0Z.ltrans0.ltrans.o
                                                  /tmp/cch0qK0Z.ltrans6.ltrans.o
Vector19C                                         /tmp/cch0qK0Z.ltrans0.ltrans.o
                                                  /tmp/cch0qK0Z.ltrans6.ltrans.o
Vector1A0                                         /tmp/cch0qK0Z.ltrans0.ltrans.o
                                                  /tmp/cch0qK0Z.ltrans6.ltrans.o
Vector1A4                                         /tmp/cch0qK0Z.ltrans0.ltrans.o
                                                  /tmp/cch0qK0Z.ltrans6.ltrans.o
Vector1A8                                         /tmp/cch0qK0Z.ltrans0.ltrans.o
                                                  /tmp/cch0qK0Z.ltrans6.ltrans.o
Vector1AC                                         /tmp/cch0qK0Z.ltrans0.ltrans.o
                                                  /tmp/cch0qK0Z.ltrans6.ltrans.o
Vector1B0                                         /tmp/cch0qK0Z.ltrans0.ltrans.o
                                                  /tmp/cch0qK0Z.ltrans6.ltrans.o
Vector1B4                                         /tmp/cch0qK0Z.ltrans0.ltrans.o
                                                  /tmp/cch0qK0Z.ltrans6.ltrans.o
Vector1B8                                         /tmp/cch0qK0Z.ltrans0.ltrans.o
                                                  /tmp/cch0qK0Z.ltrans6.ltrans.o
Vector1BC                                         /tmp/cch0qK0Z.ltrans0.ltrans.o
                                                  /tmp/cch0qK0Z.ltrans6.ltrans.o
Vector1C                                          /tmp/cch0qK0Z.ltrans0.ltrans.o
                                                  /tmp/cch0qK0Z.ltrans6.ltrans.o
Vector20                                          /tmp/cch0qK0Z.ltrans0.ltrans.o
                                                  /tmp/cch0qK0Z.ltrans6.ltrans.o
Vector24                                          /tmp/cch0qK0Z.ltrans0.ltrans.o
                                                  /tmp/cch0qK0Z.ltrans6.ltrans.o
Vector28                                          /tmp/cch0qK0Z.ltrans0.ltrans.o
                                                  /tmp/cch0qK0Z.ltrans6.ltrans.o
Vector34                                          /tmp/cch0qK0Z.ltrans0.ltrans.o
                                                  /tmp/cch0qK0Z.ltrans6.ltrans.o
Vector40                                          /tmp/cch0qK0Z.ltrans0.ltrans.o
                                                  /tmp/cch0qK0Z.ltrans6.ltrans.o
Vector44                                          /tmp/cch0qK0Z.ltrans0.ltrans.o
                                                  /tmp/cch0qK0Z.ltrans6.ltrans.o
Vector48                                          /tmp/cch0qK0Z.ltrans0.ltrans.o
                                                  /tmp/cch0qK0Z.ltrans6.ltrans.o
Vector4C                                          /tmp/cch0qK0Z.ltrans0.ltrans.o
                                                  /tmp/cch0qK0Z.ltrans6.ltrans.o
Vector50                                          /tmp/cch0qK0Z.ltrans0.ltrans.o
                                                  /tmp/cch0qK0Z.ltrans6.ltrans.o
Vector54                                          /tmp/cch0qK0Z.ltrans0.ltrans.o
                                                  /tmp/cch0qK0Z.ltrans6.ltrans.o
Vector58                                          /tmp/cch0qK0Z.ltrans0.ltrans.o
                                                  /tmp/cch0qK0Z.ltrans6.ltrans.o
Vector5C                                          /tmp/cch0qK0Z.ltrans0.ltrans.o
                                                  /tmp/cch0qK0Z.ltrans6.ltrans.o
Vector60                                          /tmp/cch0qK0Z.ltrans0.ltrans.o
                                                  /tmp/cch0qK0Z.ltrans6.ltrans.o
Vector64                                          /tmp/cch0qK0Z.ltrans0.ltrans.o
                                                  /tmp/cch0qK0Z.ltrans6.ltrans.o
Vector68                                          /tmp/cch0qK0Z.ltrans0.ltrans.o
                                                  /tmp/cch0qK0Z.ltrans6.ltrans.o
Vector6C                                          /tmp/cch0qK0Z.ltrans0.ltrans.o
                                                  /tmp/cch0qK0Z.ltrans6.ltrans.o
Vector70                                          /tmp/cch0qK0Z.ltrans0.ltrans.o
                                                  /tmp/cch0qK0Z.ltrans6.ltrans.o
Vector74                                          /tmp/cch0qK0Z.ltrans0.ltrans.o
                                                  /tmp/cch0qK0Z.ltrans6.ltrans.o
Vector78                                          /tmp/cch0qK0Z.ltrans0.ltrans.o
                                                  /tmp/cch0qK0Z.ltrans6.ltrans.o
Vector7C                                          /tmp/cch0qK0Z.ltrans0.ltrans.o
                                                  /tmp/cch0qK0Z.ltrans6.ltrans.o
Vector80                                          /tmp/cch0qK0Z.ltrans0.ltrans.o
                                                  /tmp/cch0qK0Z.ltrans6.ltrans.o
Vector84                                          /tmp/cch0qK0Z.ltrans0.ltrans.o
                                                  /tmp/cch0qK0Z.ltrans6.ltrans.o
Vector88                                          /tmp/cch0qK0Z.ltrans0.ltrans.o
                                                  /tmp/cch0qK0Z.ltrans6.ltrans.o
Vector8C                                          /tmp/cch0qK0Z.ltrans0.ltrans.o
                                                  /tmp/cch0qK0Z.ltrans6.ltrans.o
Vector90                                          /tmp/cch0qK0Z.ltrans0.ltrans.o
                                                  /tmp/cch0qK0Z.ltrans6.ltrans.o
Vector94                                          /tmp/cch0qK0Z.ltrans0.ltrans.o
                                                  /tmp/cch0qK0Z.ltrans6.ltrans.o
Vector98                                          /tmp/cch0qK0Z.ltrans0.ltrans.o
                                                  /tmp/cch0qK0Z.ltrans6.ltrans.o
Vector9C                                          /tmp/cch0qK0Z.ltrans0.ltrans.o
                                                  /tmp/cch0qK0Z.ltrans6.ltrans.o
VectorA0                                          /tmp/cch0qK0Z.ltrans0.ltrans.o
                                                  /tmp/cch0qK0Z.ltrans6.ltrans.o
VectorA4                                          /tmp/cch0qK0Z.ltrans0.ltrans.o
                                                  /tmp/cch0qK0Z.ltrans6.ltrans.o
VectorA8                                          /tmp/cch0qK0Z.ltrans0.ltrans.o
                                                  /tmp/cch0qK0Z.ltrans6.ltrans.o
VectorAC                                          /tmp/cch0qK0Z.ltrans0.ltrans.o
                                                  /tmp/cch0qK0Z.ltrans6.ltrans.o
VectorB0                                          /tmp/cch0qK0Z.ltrans4.ltrans.o
                                                  /tmp/cch0qK0Z.ltrans6.ltrans.o
VectorB4                                          /tmp/cch0qK0Z.ltrans0.ltrans.o
                                                  /tmp/cch0qK0Z.ltrans6.ltrans.o
VectorB8                                          /tmp/cch0qK0Z.ltrans0.ltrans.o
                                                  /tmp/cch0qK0Z.ltrans6.ltrans.o
VectorBC                                          /tmp/cch0qK0Z.ltrans0.ltrans.o
                                                  /tmp/cch0qK0Z.ltrans6.ltrans.o
VectorC0                                          /tmp/cch0qK0Z.ltrans0.ltrans.o
                                                  /tmp/cch0qK0Z.ltrans6.ltrans.o
VectorC4                                          /tmp/cch0qK0Z.ltrans0.ltrans.o
                                                  /tmp/cch0qK0Z.ltrans6.ltrans.o
VectorC8                                          /tmp/cch0qK0Z.ltrans0.ltrans.o
                                                  /tmp/cch0qK0Z.ltrans6.ltrans.o
VectorCC                                          /tmp/cch0qK0Z.ltrans0.ltrans.o
                                                  /tmp/cch0qK0Z.ltrans6.ltrans.o
VectorD0                                          /tmp/cch0qK0Z.ltrans0.ltrans.o
                                                  /tmp/cch0qK0Z.ltrans6.ltrans.o
VectorD4                                          /tmp/cch0qK0Z.ltrans5.ltrans.o
                                                  /tmp/cch0qK0Z.ltrans6.ltrans.o
VectorD8                                          /tmp/cch0qK0Z.ltrans4.ltrans.o
                                                  /tmp/cch0qK0Z.ltrans6.ltrans.o
VectorDC                                          /tmp/cch0qK0Z.ltrans0.ltrans.o
                                                  /tmp/cch0qK0Z.ltrans6.ltrans.o
VectorE0                                          /tmp/cch0qK0Z.ltrans0.ltrans.o
                                                  /tmp/cch0qK0Z.ltrans6.ltrans.o
VectorE4                                          /tmp/cch0qK0Z.ltrans0.ltrans.o
                                                  /tmp/cch0qK0Z.ltrans6.ltrans.o
VectorE8                                          /tmp/cch0qK0Z.ltrans0.ltrans.o
                                                  /tmp/cch0qK0Z.ltrans6.ltrans.o
VectorEC                                          /tmp/cch0qK0Z.ltrans0.ltrans.o
                                                  /tmp/cch0qK0Z.ltrans6.ltrans.o
VectorF0                                          /tmp/cch0qK0Z.ltrans0.ltrans.o
                                                  /tmp/cch0qK0Z.ltrans6.ltrans.o
VectorF4                                          /tmp/cch0qK0Z.ltrans0.ltrans.o
                                                  /tmp/cch0qK0Z.ltrans6.ltrans.o
VectorF8                                          /tmp/cch0qK0Z.ltrans0.ltrans.o
                                                  /tmp/cch0qK0Z.ltrans6.ltrans.o
VectorFC                                          /tmp/cch0qK0Z.ltrans0.ltrans.o
                                                  /tmp/cch0qK0Z.ltrans6.ltrans.o
__adddf3                                          /usr/bin/../lib/gcc/arm-none-eabi/4.8.4/armv7e-m/fpu/libgcc.a(_arm_addsubdf3.o)
__aeabi_d2f                                       /usr/bin/../lib/gcc/arm-none-eabi/4.8.4/armv7e-m/fpu/libgcc.a(_arm_truncdfsf2.o)
                                                  /tmp/cch0qK0Z.ltrans0.ltrans.o
__aeabi_d2iz                                      /usr/bin/../lib/gcc/arm-none-eabi/4.8.4/armv7e-m/fpu/libgcc.a(_arm_fixdfsi.o)
                                                  /tmp/cch0qK0Z.ltrans0.ltrans.o
__aeabi_dadd                                      /usr/bin/../lib/gcc/arm-none-eabi/4.8.4/armv7e-m/fpu/libgcc.a(_arm_addsubdf3.o)
__aeabi_ddiv                                      /usr/bin/../lib/gcc/arm-none-eabi/4.8.4/armv7e-m/fpu/libgcc.a(_arm_muldivdf3.o)
__aeabi_dmul                                      /usr/bin/../lib/gcc/arm-none-eabi/4.8.4/armv7e-m/fpu/libgcc.a(_arm_muldivdf3.o)
                                                  /tmp/cch0qK0Z.ltrans0.ltrans.o
__aeabi_drsub                                     /usr/bin/../lib/gcc/arm-none-eabi/4.8.4/armv7e-m/fpu/libgcc.a(_arm_addsubdf3.o)
__aeabi_dsub                                      /usr/bin/../lib/gcc/arm-none-eabi/4.8.4/armv7e-m/fpu/libgcc.a(_arm_addsubdf3.o)
                                                  /tmp/cch0qK0Z.ltrans0.ltrans.o
__aeabi_f2d                                       /usr/bin/../lib/gcc/arm-none-eabi/4.8.4/armv7e-m/fpu/libgcc.a(_arm_addsubdf3.o)
                                                  /tmp/cch0qK0Z.ltrans1.ltrans.o
                                                  /tmp/cch0qK0Z.ltrans0.ltrans.o
__aeabi_i2d                                       /usr/bin/../lib/gcc/arm-none-eabi/4.8.4/armv7e-m/fpu/libgcc.a(_arm_addsubdf3.o)
                                                  /tmp/cch0qK0Z.ltrans0.ltrans.o
__aeabi_l2d                                       /usr/bin/../lib/gcc/arm-none-eabi/4.8.4/armv7e-m/fpu/libgcc.a(_arm_addsubdf3.o)
__aeabi_ui2d                                      /usr/bin/../lib/gcc/arm-none-eabi/4.8.4/armv7e-m/fpu/libgcc.a(_arm_addsubdf3.o)
                                                  /tmp/cch0qK0Z.ltrans0.ltrans.o
__aeabi_ul2d                                      /usr/bin/../lib/gcc/arm-none-eabi/4.8.4/armv7e-m/fpu/libgcc.a(_arm_addsubdf3.o)
__divdf3                                          /usr/bin/../lib/gcc/arm-none-eabi/4.8.4/armv7e-m/fpu/libgcc.a(_arm_muldivdf3.o)
__extendsfdf2                                     /usr/bin/../lib/gcc/arm-none-eabi/4.8.4/armv7e-m/fpu/libgcc.a(_arm_addsubdf3.o)
__fixdfsi                                         /usr/bin/../lib/gcc/arm-none-eabi/4.8.4/armv7e-m/fpu/libgcc.a(_arm_fixdfsi.o)
__floatdidf                                       /usr/bin/../lib/gcc/arm-none-eabi/4.8.4/armv7e-m/fpu/libgcc.a(_arm_addsubdf3.o)
__floatsidf                                       /usr/bin/../lib/gcc/arm-none-eabi/4.8.4/armv7e-m/fpu/libgcc.a(_arm_addsubdf3.o)
__floatundidf                                     /usr/bin/../lib/gcc/arm-none-eabi/4.8.4/armv7e-m/fpu/libgcc.a(_arm_addsubdf3.o)
__floatunsidf                                     /usr/bin/../lib/gcc/arm-none-eabi/4.8.4/armv7e-m/fpu/libgcc.a(_arm_addsubdf3.o)
__heap_base__                                     /tmp/cch0qK0Z.ltrans1.ltrans.o
__heap_end__                                      /tmp/cch0qK0Z.ltrans1.ltrans.o
__init_array_end                                  /tmp/cch0qK0Z.ltrans6.ltrans.o
__init_array_start                                /tmp/cch0qK0Z.ltrans6.ltrans.o
__main_stack_base__                               /tmp/cch0qK0Z.ltrans6.ltrans.o
__main_stack_end__                                /tmp/cch0qK0Z.ltrans6.ltrans.o
__muldf3                                          /usr/bin/../lib/gcc/arm-none-eabi/4.8.4/armv7e-m/fpu/libgcc.a(_arm_muldivdf3.o)
__process_stack_base__                            /tmp/cch0qK0Z.ltrans6.ltrans.o
__process_stack_end__                             /tmp/cch0qK0Z.ltrans6.ltrans.o
__subdf3                                          /usr/bin/../lib/gcc/arm-none-eabi/4.8.4/armv7e-m/fpu/libgcc.a(_arm_addsubdf3.o)
__truncdfsf2                                      /usr/bin/../lib/gcc/arm-none-eabi/4.8.4/armv7e-m/fpu/libgcc.a(_arm_truncdfsf2.o)
_bss_end                                          /tmp/cch0qK0Z.ltrans6.ltrans.o
_bss_start                                        /tmp/cch0qK0Z.ltrans6.ltrans.o
_data                                             /tmp/cch0qK0Z.ltrans6.ltrans.o
_edata                                            /tmp/cch0qK0Z.ltrans6.ltrans.o
_idle_thread.4338                                 /tmp/cch0qK0Z.ltrans0.ltrans.o
                                                  /tmp/cch0qK0Z.ltrans1.ltrans.o
_pal_lld_setgroupmode                             /tmp/cch0qK0Z.ltrans0.ltrans.o
                                                  /tmp/cch0qK0Z.ltrans1.ltrans.o
_port_exit_from_isr                               build/obj/chcoreasm_v7m.o
                                                  /tmp/cch0qK0Z.ltrans0.ltrans.o
_port_irq_epilogue                                /tmp/cch0qK0Z.ltrans0.ltrans.o
                                                  /tmp/cch0qK0Z.ltrans5.ltrans.o
                                                  /tmp/cch0qK0Z.ltrans4.ltrans.o
_port_switch                                      build/obj/chcoreasm_v7m.o
                                                  /tmp/cch0qK0Z.ltrans5.ltrans.o
                                                  /tmp/cch0qK0Z.ltrans0.ltrans.o
_port_switch_from_isr                             build/obj/chcoreasm_v7m.o
                                                  /tmp/cch0qK0Z.ltrans0.ltrans.o
_port_thread_start                                build/obj/chcoreasm_v7m.o
                                                  /tmp/cch0qK0Z.ltrans1.ltrans.o
_textdata                                         /tmp/cch0qK0Z.ltrans6.ltrans.o
_vectors                                          /tmp/cch0qK0Z.ltrans6.ltrans.o
accCallback.14077                                 /tmp/cch0qK0Z.ltrans5.ltrans.o
                                                  /tmp/cch0qK0Z.ltrans1.ltrans.o
adc_lld_serve_rx_interrupt.10898                  /tmp/cch0qK0Z.ltrans0.ltrans.o
                                                  /tmp/cch0qK0Z.ltrans1.ltrans.o
adc_lld_start_conversion.constprop.33             /tmp/cch0qK0Z.ltrans5.ltrans.o
                                                  /tmp/cch0qK0Z.ltrans1.ltrans.o
anaSensorCallback.14082                           /tmp/cch0qK0Z.ltrans5.ltrans.o
                                                  /tmp/cch0qK0Z.ltrans1.ltrans.o
ch                                                /tmp/cch0qK0Z.ltrans6.ltrans.o
                                                  /tmp/cch0qK0Z.ltrans5.ltrans.o
                                                  /tmp/cch0qK0Z.ltrans4.ltrans.o
                                                  /tmp/cch0qK0Z.ltrans1.ltrans.o
                                                  /tmp/cch0qK0Z.ltrans0.ltrans.o
chCoreAlloc                                       /tmp/cch0qK0Z.ltrans0.ltrans.o
                                                  /tmp/cch0qK0Z.ltrans1.ltrans.o
chEvtBroadcastFlagsI                              /tmp/cch0qK0Z.ltrans0.ltrans.o
                                                  /tmp/cch0qK0Z.ltrans4.ltrans.o
chIQGetTimeout                                    /tmp/cch0qK0Z.ltrans5.ltrans.o
                                                  /tmp/cch0qK0Z.ltrans3.ltrans.o
chMtxLockS                                        /tmp/cch0qK0Z.ltrans0.ltrans.o
                                                  /tmp/cch0qK0Z.ltrans4.ltrans.o
                                                  /tmp/cch0qK0Z.ltrans1.ltrans.o
chMtxUnlock.constprop.29                          /tmp/cch0qK0Z.ltrans5.ltrans.o
                                                  /tmp/cch0qK0Z.ltrans4.ltrans.o
                                                  /tmp/cch0qK0Z.ltrans1.ltrans.o
chSchDoReschedule                                 /tmp/cch0qK0Z.ltrans6.ltrans.o
                                                  build/obj/chcoreasm_v7m.o
chSchDoRescheduleAhead                            /tmp/cch0qK0Z.ltrans0.ltrans.o
                                                  /tmp/cch0qK0Z.ltrans6.ltrans.o
chSchGoSleepS                                     /tmp/cch0qK0Z.ltrans0.ltrans.o
                                                  /tmp/cch0qK0Z.ltrans6.ltrans.o
                                                  /tmp/cch0qK0Z.ltrans5.ltrans.o
                                                  /tmp/cch0qK0Z.ltrans4.ltrans.o
chSchGoSleepTimeoutS                              /tmp/cch0qK0Z.ltrans5.ltrans.o
                                                  /tmp/cch0qK0Z.ltrans3.ltrans.o
chSchReadyI                                       /tmp/cch0qK0Z.ltrans0.ltrans.o
                                                  /tmp/cch0qK0Z.ltrans6.ltrans.o
                                                  /tmp/cch0qK0Z.ltrans5.ltrans.o
                                                  /tmp/cch0qK0Z.ltrans4.ltrans.o
chSchRescheduleS                                  /tmp/cch0qK0Z.ltrans0.ltrans.o
                                                  /tmp/cch0qK0Z.ltrans5.ltrans.o
                                                  /tmp/cch0qK0Z.ltrans4.ltrans.o
chSchWakeupS.constprop.30                         /tmp/cch0qK0Z.ltrans5.ltrans.o
                                                  /tmp/cch0qK0Z.ltrans1.ltrans.o
chTMStartMeasurementX.constprop.17                /tmp/cch0qK0Z.ltrans5.ltrans.o
                                                  /tmp/cch0qK0Z.ltrans1.ltrans.o
chTMStopMeasurementX                              /tmp/cch0qK0Z.ltrans0.ltrans.o
                                                  /tmp/cch0qK0Z.ltrans1.ltrans.o
chThdExit                                         /tmp/cch0qK0Z.ltrans6.ltrans.o
                                                  build/obj/chcoreasm_v7m.o
chThdResumeI                                      /tmp/cch0qK0Z.ltrans0.ltrans.o
                                                  /tmp/cch0qK0Z.ltrans5.ltrans.o
chThdSleep                                        /tmp/cch0qK0Z.ltrans3.ltrans.o
                                                  /tmp/cch0qK0Z.ltrans4.ltrans.o
                                                  /tmp/cch0qK0Z.ltrans1.ltrans.o
chThdSuspendS                                     /tmp/cch0qK0Z.ltrans0.ltrans.o
                                                  /tmp/cch0qK0Z.ltrans5.ltrans.o
                                                  /tmp/cch0qK0Z.ltrans1.ltrans.o
chprintf.13142                                    /tmp/cch0qK0Z.ltrans5.ltrans.o
                                                  /tmp/cch0qK0Z.ltrans1.ltrans.o
chprintf.13502                                    /tmp/cch0qK0Z.ltrans5.ltrans.o
                                                  /tmp/cch0qK0Z.ltrans4.ltrans.o
                                                  /tmp/cch0qK0Z.ltrans1.ltrans.o
chprintf.14087.constprop.39                       /tmp/cch0qK0Z.ltrans5.ltrans.o
                                                  /tmp/cch0qK0Z.ltrans1.ltrans.o
chsnprintf                                        /tmp/cch0qK0Z.ltrans5.ltrans.o
                                                  /tmp/cch0qK0Z.ltrans4.ltrans.o
                                                  /tmp/cch0qK0Z.ltrans1.ltrans.o
chvprintf                                         /tmp/cch0qK0Z.ltrans0.ltrans.o
                                                  /tmp/cch0qK0Z.ltrans5.ltrans.o
dir_sdi.12342.constprop.47                        /tmp/cch0qK0Z.ltrans3.ltrans.o
                                                  /tmp/cch0qK0Z.ltrans2.ltrans.o
disk_read.constprop.49                            /tmp/cch0qK0Z.ltrans3.ltrans.o
                                                  /tmp/cch0qK0Z.ltrans2.ltrans.o
disk_status                                       /tmp/cch0qK0Z.ltrans5.ltrans.o
                                                  /tmp/cch0qK0Z.ltrans3.ltrans.o
disk_write                                        /tmp/cch0qK0Z.ltrans3.ltrans.o
                                                  /tmp/cch0qK0Z.ltrans2.ltrans.o
dmaStreamAllocate                                 /tmp/cch0qK0Z.ltrans0.ltrans.o
                                                  /tmp/cch0qK0Z.ltrans1.ltrans.o
dmaStreamRelease                                  /tmp/cch0qK0Z.ltrans0.ltrans.o
                                                  /tmp/cch0qK0Z.ltrans4.ltrans.o
dma_isr_redir.10640                               /tmp/cch0qK0Z.ltrans1.ltrans.o
                                                  /tmp/cch0qK0Z.ltrans0.ltrans.o
dma_streams_mask.10645                            /tmp/cch0qK0Z.ltrans1.ltrans.o
                                                  /tmp/cch0qK0Z.ltrans0.ltrans.o
dummytx.11275                                     /tmp/cch0qK0Z.ltrans1.ltrans.o
                                                  /tmp/cch0qK0Z.ltrans5.ltrans.o
endmem.6822                                       /tmp/cch0qK0Z.ltrans1.ltrans.o
                                                  /tmp/cch0qK0Z.ltrans0.ltrans.o
f_close                                           /tmp/cch0qK0Z.ltrans2.ltrans.o
                                                  /tmp/cch0qK0Z.ltrans1.ltrans.o
f_mount                                           /tmp/cch0qK0Z.ltrans3.ltrans.o
                                                  /tmp/cch0qK0Z.ltrans1.ltrans.o
f_open                                            /tmp/cch0qK0Z.ltrans2.ltrans.o
                                                  /tmp/cch0qK0Z.ltrans4.ltrans.o
f_write                                           /tmp/cch0qK0Z.ltrans2.ltrans.o
                                                  /tmp/cch0qK0Z.ltrans4.ltrans.o
                                                  /tmp/cch0qK0Z.ltrans1.ltrans.o
find_volume.12333                                 /tmp/cch0qK0Z.ltrans3.ltrans.o
                                                  /tmp/cch0qK0Z.ltrans2.ltrans.o
get.10007                                         /tmp/cch0qK0Z.ltrans3.ltrans.o
                                                  /tmp/cch0qK0Z.ltrans1.ltrans.o
get.12632                                         /tmp/cch0qK0Z.ltrans0.ltrans.o
                                                  /tmp/cch0qK0Z.ltrans5.ltrans.o
get_fat.part.6.12338                              /tmp/cch0qK0Z.ltrans3.ltrans.o
                                                  /tmp/cch0qK0Z.ltrans2.ltrans.o
get_ldnumber.12295                                /tmp/cch0qK0Z.ltrans0.ltrans.o
                                                  /tmp/cch0qK0Z.ltrans3.ltrans.o
gett.10003                                        /tmp/cch0qK0Z.ltrans3.ltrans.o
                                                  /tmp/cch0qK0Z.ltrans1.ltrans.o
gpsRxChar.12860                                   /tmp/cch0qK0Z.ltrans5.ltrans.o
                                                  /tmp/cch0qK0Z.ltrans1.ltrans.o
gpsRxEnd.12848                                    /tmp/cch0qK0Z.ltrans5.ltrans.o
                                                  /tmp/cch0qK0Z.ltrans1.ltrans.o
gpsRxErr.12851                                    /tmp/cch0qK0Z.ltrans5.ltrans.o
                                                  /tmp/cch0qK0Z.ltrans1.ltrans.o
gpsSem                                            /tmp/cch0qK0Z.ltrans4.ltrans.o
                                                  /tmp/cch0qK0Z.ltrans5.ltrans.o
gpsThread                                         /tmp/cch0qK0Z.ltrans4.ltrans.o
                                                  /tmp/cch0qK0Z.ltrans1.ltrans.o
gpsTxC.12845                                      /tmp/cch0qK0Z.ltrans5.ltrans.o
                                                  /tmp/cch0qK0Z.ltrans1.ltrans.o
gpsTxbufEnd.12842                                 /tmp/cch0qK0Z.ltrans5.ltrans.o
                                                  /tmp/cch0qK0Z.ltrans1.ltrans.o
logfileOpenAppend                                 /tmp/cch0qK0Z.ltrans2.ltrans.o
logger.14199                                      /tmp/cch0qK0Z.ltrans1.ltrans.o
                                                  /tmp/cch0qK0Z.ltrans4.ltrans.o
main                                              /tmp/cch0qK0Z.ltrans1.ltrans.o
                                                  /tmp/cch0qK0Z.ltrans6.ltrans.o
memcpy                                            /usr/bin/../lib/gcc/arm-none-eabi/4.8.4/../../../../arm-none-eabi/lib/armv7e-m/fpu/libc.a(lib_a-memcpy.o)
                                                  /tmp/cch0qK0Z.ltrans0.ltrans.o
mmcConnect                                        /tmp/cch0qK0Z.ltrans4.ltrans.o
                                                  /tmp/cch0qK0Z.ltrans1.ltrans.o
mmcDisconnect                                     /tmp/cch0qK0Z.ltrans3.ltrans.o
                                                  /tmp/cch0qK0Z.ltrans1.ltrans.o
mmcGetInfo                                        /tmp/cch0qK0Z.ltrans0.ltrans.o
                                                  /tmp/cch0qK0Z.ltrans1.ltrans.o
mmcSequentialRead                                 /tmp/cch0qK0Z.ltrans5.ltrans.o
                                                  /tmp/cch0qK0Z.ltrans3.ltrans.o
mmcSequentialWrite                                /tmp/cch0qK0Z.ltrans3.ltrans.o
                                                  /tmp/cch0qK0Z.ltrans4.ltrans.o
mmcStartSequentialWrite                           /tmp/cch0qK0Z.ltrans3.ltrans.o
                                                  /tmp/cch0qK0Z.ltrans4.ltrans.o
mmcStopSequentialRead.part.7.9730                 /tmp/cch0qK0Z.ltrans5.ltrans.o
                                                  /tmp/cch0qK0Z.ltrans3.ltrans.o
mmcSync                                           /tmp/cch0qK0Z.ltrans3.ltrans.o
                                                  /tmp/cch0qK0Z.ltrans1.ltrans.o
mmc_lld_is_card_inserted                          /tmp/cch0qK0Z.ltrans0.ltrans.o
                                                  /tmp/cch0qK0Z.ltrans1.ltrans.o
mmc_lld_is_write_protected                        /tmp/cch0qK0Z.ltrans0.ltrans.o
                                                  /tmp/cch0qK0Z.ltrans1.ltrans.o
mmc_read.9768                                     /tmp/cch0qK0Z.ltrans3.ltrans.o
                                                  /tmp/cch0qK0Z.ltrans1.ltrans.o
mmc_write.9785                                    /tmp/cch0qK0Z.ltrans4.ltrans.o
                                                  /tmp/cch0qK0Z.ltrans1.ltrans.o
move_window.12322                                 /tmp/cch0qK0Z.ltrans3.ltrans.o
                                                  /tmp/cch0qK0Z.ltrans2.ltrans.o
nextmem.6820                                      /tmp/cch0qK0Z.ltrans1.ltrans.o
                                                  /tmp/cch0qK0Z.ltrans0.ltrans.o
notify2.11528                                     /tmp/cch0qK0Z.ltrans0.ltrans.o
                                                  /tmp/cch0qK0Z.ltrans1.ltrans.o
openNewLogfile.part.0.14099                       /tmp/cch0qK0Z.ltrans4.ltrans.o
                                                  /tmp/cch0qK0Z.ltrans1.ltrans.o
put.10015                                         /tmp/cch0qK0Z.ltrans5.ltrans.o
                                                  /tmp/cch0qK0Z.ltrans1.ltrans.o
put.12622                                         /tmp/cch0qK0Z.ltrans0.ltrans.o
                                                  /tmp/cch0qK0Z.ltrans5.ltrans.o
put_fat.part.8.12352                              /tmp/cch0qK0Z.ltrans3.ltrans.o
                                                  /tmp/cch0qK0Z.ltrans2.ltrans.o
putt.10010                                        /tmp/cch0qK0Z.ltrans5.ltrans.o
                                                  /tmp/cch0qK0Z.ltrans1.ltrans.o
read.9987                                         /tmp/cch0qK0Z.ltrans5.ltrans.o
                                                  /tmp/cch0qK0Z.ltrans1.ltrans.o
read_CxD.9701                                     /tmp/cch0qK0Z.ltrans3.ltrans.o
                                                  /tmp/cch0qK0Z.ltrans4.ltrans.o
reads.12635                                       /tmp/cch0qK0Z.ltrans0.ltrans.o
                                                  /tmp/cch0qK0Z.ltrans5.ltrans.o
readt.9980                                        /tmp/cch0qK0Z.ltrans5.ltrans.o
                                                  /tmp/cch0qK0Z.ltrans1.ltrans.o
recvr1.isra.0.9675                                /tmp/cch0qK0Z.ltrans5.ltrans.o
                                                  /tmp/cch0qK0Z.ltrans3.ltrans.o
send_command_R1.9696                              /tmp/cch0qK0Z.ltrans3.ltrans.o
                                                  /tmp/cch0qK0Z.ltrans4.ltrans.o
send_command_R3.9690                              /tmp/cch0qK0Z.ltrans3.ltrans.o
                                                  /tmp/cch0qK0Z.ltrans4.ltrans.o
sensorLog.14198                                   /tmp/cch0qK0Z.ltrans1.ltrans.o
                                                  /tmp/cch0qK0Z.ltrans4.ltrans.o
spiIgnore                                         /tmp/cch0qK0Z.ltrans5.ltrans.o
                                                  /tmp/cch0qK0Z.ltrans4.ltrans.o
                                                  /tmp/cch0qK0Z.ltrans3.ltrans.o
spiReceive                                        /tmp/cch0qK0Z.ltrans5.ltrans.o
                                                  /tmp/cch0qK0Z.ltrans3.ltrans.o
spiSelect                                         /tmp/cch0qK0Z.ltrans0.ltrans.o
                                                  /tmp/cch0qK0Z.ltrans3.ltrans.o
spiSend                                           /tmp/cch0qK0Z.ltrans5.ltrans.o
                                                  /tmp/cch0qK0Z.ltrans4.ltrans.o
                                                  /tmp/cch0qK0Z.ltrans3.ltrans.o
spiStart                                          /tmp/cch0qK0Z.ltrans0.ltrans.o
                                                  /tmp/cch0qK0Z.ltrans4.ltrans.o
                                                  /tmp/cch0qK0Z.ltrans3.ltrans.o
spiStop                                           /tmp/cch0qK0Z.ltrans0.ltrans.o
                                                  /tmp/cch0qK0Z.ltrans5.ltrans.o
                                                  /tmp/cch0qK0Z.ltrans4.ltrans.o
                                                  /tmp/cch0qK0Z.ltrans3.ltrans.o
spiUnselect                                       /tmp/cch0qK0Z.ltrans0.ltrans.o
                                                  /tmp/cch0qK0Z.ltrans5.ltrans.o
                                                  /tmp/cch0qK0Z.ltrans4.ltrans.o
                                                  /tmp/cch0qK0Z.ltrans3.ltrans.o
spi_lld_serve_rx_interrupt.11222                  /tmp/cch0qK0Z.ltrans5.ltrans.o
                                                  /tmp/cch0qK0Z.ltrans0.ltrans.o
spi_lld_serve_tx_interrupt.11218                  /tmp/cch0qK0Z.ltrans4.ltrans.o
                                                  /tmp/cch0qK0Z.ltrans0.ltrans.o
stop.7640.9811                                    /tmp/cch0qK0Z.ltrans4.ltrans.o
                                                  /tmp/cch0qK0Z.ltrans3.ltrans.o
strcpy                                            /usr/bin/../lib/gcc/arm-none-eabi/4.8.4/../../../../arm-none-eabi/lib/armv7e-m/fpu/libc.a(lib_a-strcpy.o)
                                                  /tmp/cch0qK0Z.ltrans1.ltrans.o
strncmp                                           /usr/bin/../lib/gcc/arm-none-eabi/4.8.4/../../../../arm-none-eabi/lib/armv7e-m/fpu/libc.a(lib_a-strncmp.o)
                                                  /tmp/cch0qK0Z.ltrans4.ltrans.o
sync_window.part.3.12312                          /tmp/cch0qK0Z.ltrans3.ltrans.o
                                                  /tmp/cch0qK0Z.ltrans2.ltrans.o
uStrCpy                                           /tmp/cch0qK0Z.ltrans5.ltrans.o
                                                  /tmp/cch0qK0Z.ltrans4.ltrans.o
                                                  /tmp/cch0qK0Z.ltrans1.ltrans.o
uart_lld_serve_rx_end_irq.11676                   /tmp/cch0qK0Z.ltrans4.ltrans.o
                                                  /tmp/cch0qK0Z.ltrans1.ltrans.o
uart_lld_serve_tx_end_irq.11672                   /tmp/cch0qK0Z.ltrans4.ltrans.o
                                                  /tmp/cch0qK0Z.ltrans1.ltrans.o
usart_stop.11683                                  /tmp/cch0qK0Z.ltrans0.ltrans.o
                                                  /tmp/cch0qK0Z.ltrans4.ltrans.o
                                                  /tmp/cch0qK0Z.ltrans1.ltrans.o
validate.12298                                    /tmp/cch0qK0Z.ltrans5.ltrans.o
                                                  /tmp/cch0qK0Z.ltrans2.ltrans.o
wakeup.4718                                       /tmp/cch0qK0Z.ltrans0.ltrans.o
                                                  /tmp/cch0qK0Z.ltrans5.ltrans.o
write.9998                                        /tmp/cch0qK0Z.ltrans5.ltrans.o
                                                  /tmp/cch0qK0Z.ltrans1.ltrans.o
writeMSHeader                                     /tmp/cch0qK0Z.ltrans4.ltrans.o
                                                  /tmp/cch0qK0Z.ltrans1.ltrans.o
writes.12641                                      /tmp/cch0qK0Z.ltrans0.ltrans.o
                                                  /tmp/cch0qK0Z.ltrans5.ltrans.o
writet.9992                                       /tmp/cch0qK0Z.ltrans5.ltrans.o
                                                  /tmp/cch0qK0Z.ltrans1.ltrans.o